Oct 23 15:47:34 syslogd started: BusyBox v1.20.2
Oct 23 15:47:34 kernel: klogd started: BusyBox v1.20.2 (Debian 1:1.20.0-7)
Oct 23 15:47:34 kernel: [    0.000000] Initializing cgroup subsys cpuset
Oct 23 15:47:34 kernel: [    0.000000] Initializing cgroup subsys cpu
Oct 23 15:47:34 kernel: [    0.000000] Linux version 3.2.0-4-amd64 (debian-kernel@lists.debian.org) (gcc version 4.6.3 (Debian 4.6.3-14) ) #1 SMP Debian 3.2.57-3
Oct 23 15:47:34 kernel: [    0.000000] Command line: vga=788 initrd=/install.amd/initrd.gz -- quiet  BOOT_IMAGE=/install.amd/vmlinuz 
Oct 23 15:47:34 kernel: [    0.000000] BIOS-provided physical RAM map:
Oct 23 15:47:34 kernel: [    0.000000]  BIOS-e820: 0000000000000000 - 000000000009d800 (usable)
Oct 23 15:47:34 kernel: [    0.000000]  BIOS-e820: 000000000009d800 - 00000000000a0000 (reserved)
Oct 23 15:47:34 kernel: [    0.000000]  BIOS-e820: 00000000000e0000 - 0000000000100000 (reserved)
Oct 23 15:47:34 kernel: [    0.000000]  BIOS-e820: 0000000000100000 - 0000000020000000 (usable)
Oct 23 15:47:34 kernel: [    0.000000]  BIOS-e820: 0000000020000000 - 0000000020200000 (reserved)
Oct 23 15:47:34 kernel: [    0.000000]  BIOS-e820: 0000000020200000 - 0000000040004000 (usable)
Oct 23 15:47:34 kernel: [    0.000000]  BIOS-e820: 0000000040004000 - 0000000040005000 (reserved)
Oct 23 15:47:34 kernel: [    0.000000]  BIOS-e820: 0000000040005000 - 00000000db7e4000 (usable)
Oct 23 15:47:34 kernel: [    0.000000]  BIOS-e820: 00000000db7e4000 - 00000000dba8d000 (reserved)
Oct 23 15:47:34 kernel: [    0.000000]  BIOS-e820: 00000000dba8d000 - 00000000dba99000 (ACPI data)
Oct 23 15:47:34 kernel: [    0.000000]  BIOS-e820: 00000000dba99000 - 00000000dbb05000 (reserved)
Oct 23 15:47:34 kernel: [    0.000000]  BIOS-e820: 00000000dbb05000 - 00000000dbb0a000 (ACPI data)
Oct 23 15:47:34 kernel: [    0.000000]  BIOS-e820: 00000000dbb0a000 - 00000000dbb8f000 (usable)
Oct 23 15:47:34 kernel: [    0.000000]  BIOS-e820: 00000000dbb8f000 - 00000000dbc28000 (ACPI NVS)
Oct 23 15:47:34 kernel: [    0.000000]  BIOS-e820: 00000000dbc28000 - 00000000dc601000 (reserved)
Oct 23 15:47:34 kernel: [    0.000000]  BIOS-e820: 00000000dc601000 - 00000000dc602000 (usable)
Oct 23 15:47:34 kernel: [    0.000000]  BIOS-e820: 00000000dc602000 - 00000000dc645000 (ACPI NVS)
Oct 23 15:47:34 kernel: [    0.000000]  BIOS-e820: 00000000dc645000 - 00000000dcdb1000 (usable)
Oct 23 15:47:34 kernel: [    0.000000]  BIOS-e820: 00000000dcdb1000 - 00000000dcfe0000 (reserved)
Oct 23 15:47:34 kernel: [    0.000000]  BIOS-e820: 00000000dcfe0000 - 00000000dd000000 (usable)
Oct 23 15:47:34 kernel: [    0.000000]  BIOS-e820: 00000000dd800000 - 00000000dfa00000 (reserved)
Oct 23 15:47:34 kernel: [    0.000000]  BIOS-e820: 00000000f8000000 - 00000000fc000000 (reserved)
Oct 23 15:47:34 kernel: [    0.000000]  BIOS-e820: 00000000fec00000 - 00000000fec01000 (reserved)
Oct 23 15:47:34 kernel: [    0.000000]  BIOS-e820: 00000000fed00000 - 00000000fed04000 (reserved)
Oct 23 15:47:34 kernel: [    0.000000]  BIOS-e820: 00000000fed1c000 - 00000000fed20000 (reserved)
Oct 23 15:47:34 kernel: [    0.000000]  BIOS-e820: 00000000fee00000 - 00000000fee01000 (reserved)
Oct 23 15:47:34 kernel: [    0.000000]  BIOS-e820: 00000000ff000000 - 0000000100000000 (reserved)
Oct 23 15:47:34 kernel: [    0.000000]  BIOS-e820: 0000000100000000 - 000000021f600000 (usable)
Oct 23 15:47:34 kernel: [    0.000000] NX (Execute Disable) protection: active
Oct 23 15:47:34 kernel: [    0.000000] SMBIOS 2.7 present.
Oct 23 15:47:34 kernel: [    0.000000] DMI: Gigabyte Technology Co., Ltd. To be filled by O.E.M./C1037UN, BIOS F2 12/03/2013
Oct 23 15:47:34 kernel: [    0.000000] e820 update range: 0000000000000000 - 0000000000010000 (usable) ==> (reserved)
Oct 23 15:47:34 kernel: [    0.000000] e820 remove range: 00000000000a0000 - 0000000000100000 (usable)
Oct 23 15:47:34 kernel: [    0.000000] No AGP bridge found
Oct 23 15:47:34 kernel: [    0.000000] last_pfn = 0x21f600 max_arch_pfn = 0x400000000
Oct 23 15:47:34 kernel: [    0.000000] MTRR default type: uncachable
Oct 23 15:47:34 kernel: [    0.000000] MTRR fixed ranges enabled:
Oct 23 15:47:34 kernel: [    0.000000]   00000-9FFFF write-back
Oct 23 15:47:34 kernel: [    0.000000]   A0000-BFFFF uncachable
Oct 23 15:47:34 kernel: [    0.000000]   C0000-CFFFF write-protect
Oct 23 15:47:34 kernel: [    0.000000]   D0000-E7FFF uncachable
Oct 23 15:47:34 kernel: [    0.000000]   E8000-FFFFF write-protect
Oct 23 15:47:34 kernel: [    0.000000] MTRR variable ranges enabled:
Oct 23 15:47:34 kernel: [    0.000000]   0 base 000000000 mask E00000000 write-back
Oct 23 15:47:34 kernel: [    0.000000]   1 base 200000000 mask FE0000000 write-back
Oct 23 15:47:34 kernel: [    0.000000]   2 base 0E0000000 mask FE0000000 uncachable
Oct 23 15:47:34 kernel: [    0.000000]   3 base 0DE000000 mask FFE000000 uncachable
Oct 23 15:47:34 kernel: [    0.000000]   4 base 0DD800000 mask FFF800000 uncachable
Oct 23 15:47:34 kernel: [    0.000000]   5 base 21F800000 mask FFF800000 uncachable
Oct 23 15:47:34 kernel: [    0.000000]   6 base 21F600000 mask FFFE00000 uncachable
Oct 23 15:47:34 kernel: [    0.000000]   7 disabled
Oct 23 15:47:34 kernel: [    0.000000]   8 disabled
Oct 23 15:47:34 kernel: [    0.000000]   9 disabled
Oct 23 15:47:34 kernel: [    0.000000] x86 PAT enabled: cpu 0, old 0x7040600070406, new 0x7010600070106
Oct 23 15:47:34 kernel: [    0.000000] e820 update range: 00000000dd800000 - 0000000100000000 (usable) ==> (reserved)
Oct 23 15:47:34 kernel: [    0.000000] last_pfn = 0xdd000 max_arch_pfn = 0x400000000
Oct 23 15:47:34 kernel: [    0.000000] found SMP MP-table at [ffff8800000fd790] fd790
Oct 23 15:47:34 kernel: [    0.000000] initial memory mapped : 0 - 20000000
Oct 23 15:47:34 kernel: [    0.000000] Base memory trampoline at [ffff880000098000] 98000 size 20480
Oct 23 15:47:34 kernel: [    0.000000] init_memory_mapping: 0000000000000000-00000000dd000000
Oct 23 15:47:34 kernel: [    0.000000]  0000000000 - 00dd000000 page 2M
Oct 23 15:47:34 kernel: [    0.000000] kernel direct mapping tables up to dd000000 @ 1fffb000-20000000
Oct 23 15:47:34 kernel: [    0.000000] init_memory_mapping: 0000000100000000-000000021f600000
Oct 23 15:47:34 kernel: [    0.000000]  0100000000 - 021f600000 page 2M
Oct 23 15:47:34 kernel: [    0.000000] kernel direct mapping tables up to 21f600000 @ dcffa000-dd000000
Oct 23 15:47:34 kernel: [    0.000000] RAMDISK: 1fb37000 - 1ffdf000
Oct 23 15:47:34 kernel: [    0.000000] ACPI: RSDP 00000000000f0490 00024 (v02 ALASKA)
Oct 23 15:47:34 kernel: [    0.000000] ACPI: XSDT 00000000dba8d070 0005C (v01 ALASKA    A M I 01072009 AMI  00010013)
Oct 23 15:47:34 kernel: [    0.000000] ACPI: FACP 00000000dba976f0 000F4 (v04 ALASKA    A M I 01072009 AMI  00010013)
Oct 23 15:47:34 kernel: [    0.000000] ACPI: DSDT 00000000dba8d158 0A598 (v02 ALASKA    A M I 00000088 INTL 20051117)
Oct 23 15:47:34 kernel: [    0.000000] ACPI: FACS 00000000dbc26f80 00040
Oct 23 15:47:34 kernel: [    0.000000] ACPI: APIC 00000000dba977e8 00062 (v03 ALASKA    A M I 01072009 AMI  00010013)
Oct 23 15:47:34 kernel: [    0.000000] ACPI: MCFG 00000000dba97850 0003C (v01 ALASKA    A M I 01072009 MSFT 00000097)
Oct 23 15:47:34 kernel: [    0.000000] ACPI: HPET 00000000dba97890 00038 (v01 ALASKA    A M I 01072009 AMI. 00000005)
Oct 23 15:47:34 kernel: [    0.000000] ACPI: SSDT 00000000dba978c8 0036D (v01 SataRe SataTabl 00001000 INTL 20091112)
Oct 23 15:47:34 kernel: [    0.000000] ACPI: SSDT 00000000dba97c38 00860 (v01  PmRef  Cpu0Ist 00003000 INTL 20051117)
Oct 23 15:47:34 kernel: [    0.000000] ACPI: SSDT 00000000dba98498 00A92 (v01  PmRef    CpuPm 00003000 INTL 20051117)
Oct 23 15:47:34 kernel: [    0.000000] ACPI: Local APIC address 0xfee00000
Oct 23 15:47:34 kernel: [    0.000000] No NUMA configuration found
Oct 23 15:47:34 kernel: [    0.000000] Faking a node at 0000000000000000-000000021f600000
Oct 23 15:47:34 kernel: [    0.000000] Initmem setup node 0 0000000000000000-000000021f600000
Oct 23 15:47:34 kernel: [    0.000000]   NODE_DATA [000000021f5fb000 - 000000021f5fffff]
Oct 23 15:47:34 kernel: [    0.000000]  [ffffea0000000000-ffffea00077fffff] PMD -> [ffff880216c00000-ffff88021ddfffff] on node 0
Oct 23 15:47:34 kernel: [    0.000000] Zone PFN ranges:
Oct 23 15:47:34 kernel: [    0.000000]   DMA      0x00000010 -> 0x00001000
Oct 23 15:47:34 kernel: [    0.000000]   DMA32    0x00001000 -> 0x00100000
Oct 23 15:47:34 kernel: [    0.000000]   Normal   0x00100000 -> 0x0021f600
Oct 23 15:47:34 kernel: [    0.000000] Movable zone start PFN for each node
Oct 23 15:47:34 kernel: [    0.000000] early_node_map[9] active PFN ranges
Oct 23 15:47:34 kernel: [    0.000000]     0: 0x00000010 -> 0x0000009d
Oct 23 15:47:34 kernel: [    0.000000]     0: 0x00000100 -> 0x00020000
Oct 23 15:47:34 kernel: [    0.000000]     0: 0x00020200 -> 0x00040004
Oct 23 15:47:34 kernel: [    0.000000]     0: 0x00040005 -> 0x000db7e4
Oct 23 15:47:34 kernel: [    0.000000]     0: 0x000dbb0a -> 0x000dbb8f
Oct 23 15:47:34 kernel: [    0.000000]     0: 0x000dc601 -> 0x000dc602
Oct 23 15:47:34 kernel: [    0.000000]     0: 0x000dc645 -> 0x000dcdb1
Oct 23 15:47:34 kernel: [    0.000000]     0: 0x000dcfe0 -> 0x000dd000
Oct 23 15:47:34 kernel: [    0.000000]     0: 0x00100000 -> 0x0021f600
Oct 23 15:47:34 kernel: [    0.000000] On node 0 totalpages: 2077570
Oct 23 15:47:34 kernel: [    0.000000]   DMA zone: 56 pages used for memmap
Oct 23 15:47:34 kernel: [    0.000000]   DMA zone: 5 pages reserved
Oct 23 15:47:34 kernel: [    0.000000]   DMA zone: 3920 pages, LIFO batch:0
Oct 23 15:47:34 kernel: [    0.000000]   DMA32 zone: 14280 pages used for memmap
Oct 23 15:47:34 kernel: [    0.000000]   DMA32 zone: 882221 pages, LIFO batch:31
Oct 23 15:47:34 kernel: [    0.000000]   Normal zone: 16093 pages used for memmap
Oct 23 15:47:34 kernel: [    0.000000]   Normal zone: 1160995 pages, LIFO batch:31
Oct 23 15:47:34 kernel: [    0.000000] ACPI: PM-Timer IO Port: 0x408
Oct 23 15:47:34 kernel: [    0.000000] ACPI: Local APIC address 0xfee00000
Oct 23 15:47:34 kernel: [    0.000000] ACPI: LAPIC (acpi_id[0x01] lapic_id[0x00] enabled)
Oct 23 15:47:34 kernel: [    0.000000] ACPI: LAPIC (acpi_id[0x02] lapic_id[0x02] enabled)
Oct 23 15:47:34 kernel: [    0.000000] ACPI: LAPIC_NMI (acpi_id[0xff] high edge lint[0x1])
Oct 23 15:47:34 kernel: [    0.000000] ACPI: IOAPIC (id[0x02] address[0xfec00000] gsi_base[0])
Oct 23 15:47:34 kernel: [    0.000000] IOAPIC[0]: apic_id 2, version 32, address 0xfec00000, GSI 0-23
Oct 23 15:47:34 kernel: [    0.000000] ACPI: INT_SRC_OVR (bus 0 bus_irq 0 global_irq 2 dfl dfl)
Oct 23 15:47:34 kernel: [    0.000000] ACPI: INT_SRC_OVR (bus 0 bus_irq 9 global_irq 9 high level)
Oct 23 15:47:34 kernel: [    0.000000] ACPI: IRQ0 used by override.
Oct 23 15:47:34 kernel: [    0.000000] ACPI: IRQ2 used by override.
Oct 23 15:47:34 kernel: [    0.000000] ACPI: IRQ9 used by override.
Oct 23 15:47:34 kernel: [    0.000000] Using ACPI (MADT) for SMP configuration information
Oct 23 15:47:34 kernel: [    0.000000] ACPI: HPET id: 0x8086a701 base: 0xfed00000
Oct 23 15:47:34 kernel: [    0.000000] SMP: Allowing 2 CPUs, 0 hotplug CPUs
Oct 23 15:47:34 kernel: [    0.000000] nr_irqs_gsi: 40
Oct 23 15:47:34 kernel: [    0.000000] PM: Registered nosave memory: 000000000009d000 - 000000000009e000
Oct 23 15:47:34 kernel: [    0.000000] PM: Registered nosave memory: 000000000009e000 - 00000000000a0000
Oct 23 15:47:34 kernel: [    0.000000] PM: Registered nosave memory: 00000000000a0000 - 00000000000e0000
Oct 23 15:47:34 kernel: [    0.000000] PM: Registered nosave memory: 00000000000e0000 - 0000000000100000
Oct 23 15:47:34 kernel: [    0.000000] PM: Registered nosave memory: 0000000020000000 - 0000000020200000
Oct 23 15:47:34 kernel: [    0.000000] PM: Registered nosave memory: 0000000040004000 - 0000000040005000
Oct 23 15:47:34 kernel: [    0.000000] PM: Registered nosave memory: 00000000db7e4000 - 00000000dba8d000
Oct 23 15:47:34 kernel: [    0.000000] PM: Registered nosave memory: 00000000dba8d000 - 00000000dba99000
Oct 23 15:47:34 kernel: [    0.000000] PM: Registered nosave memory: 00000000dba99000 - 00000000dbb05000
Oct 23 15:47:34 kernel: [    0.000000] PM: Registered nosave memory: 00000000dbb05000 - 00000000dbb0a000
Oct 23 15:47:34 kernel: [    0.000000] PM: Registered nosave memory: 00000000dbb8f000 - 00000000dbc28000
Oct 23 15:47:34 kernel: [    0.000000] PM: Registered nosave memory: 00000000dbc28000 - 00000000dc601000
Oct 23 15:47:34 kernel: [    0.000000] PM: Registered nosave memory: 00000000dc602000 - 00000000dc645000
Oct 23 15:47:34 kernel: [    0.000000] PM: Registered nosave memory: 00000000dcdb1000 - 00000000dcfe0000
Oct 23 15:47:34 kernel: [    0.000000] PM: Registered nosave memory: 00000000dd000000 - 00000000dd800000
Oct 23 15:47:34 kernel: [    0.000000] PM: Registered nosave memory: 00000000dd800000 - 00000000dfa00000
Oct 23 15:47:34 kernel: [    0.000000] PM: Registered nosave memory: 00000000dfa00000 - 00000000f8000000
Oct 23 15:47:34 kernel: [    0.000000] PM: Registered nosave memory: 00000000f8000000 - 00000000fc000000
Oct 23 15:47:34 kernel: [    0.000000] PM: Registered nosave memory: 00000000fc000000 - 00000000fec00000
Oct 23 15:47:34 kernel: [    0.000000] PM: Registered nosave memory: 00000000fec00000 - 00000000fec01000
Oct 23 15:47:34 kernel: [    0.000000] PM: Registered nosave memory: 00000000fec01000 - 00000000fed00000
Oct 23 15:47:34 kernel: [    0.000000] PM: Registered nosave memory: 00000000fed00000 - 00000000fed04000
Oct 23 15:47:34 kernel: [    0.000000] PM: Registered nosave memory: 00000000fed04000 - 00000000fed1c000
Oct 23 15:47:34 kernel: [    0.000000] PM: Registered nosave memory: 00000000fed1c000 - 00000000fed20000
Oct 23 15:47:34 kernel: [    0.000000] PM: Registered nosave memory: 00000000fed20000 - 00000000fee00000
Oct 23 15:47:34 kernel: [    0.000000] PM: Registered nosave memory: 00000000fee00000 - 00000000fee01000
Oct 23 15:47:34 kernel: [    0.000000] PM: Registered nosave memory: 00000000fee01000 - 00000000ff000000
Oct 23 15:47:34 kernel: [    0.000000] PM: Registered nosave memory: 00000000ff000000 - 0000000100000000
Oct 23 15:47:34 kernel: [    0.000000] Allocating PCI resources starting at dfa00000 (gap: dfa00000:18600000)
Oct 23 15:47:34 kernel: [    0.000000] Booting paravirtualized kernel on bare hardware
Oct 23 15:47:34 kernel: [    0.000000] setup_percpu: NR_CPUS:512 nr_cpumask_bits:512 nr_cpu_ids:2 nr_node_ids:1
Oct 23 15:47:34 kernel: [    0.000000] PERCPU: Embedded 28 pages/cpu @ffff88021f200000 s82944 r8192 d23552 u1048576
Oct 23 15:47:34 kernel: [    0.000000] pcpu-alloc: s82944 r8192 d23552 u1048576 alloc=1*2097152
Oct 23 15:47:34 kernel: [    0.000000] pcpu-alloc: [0] 0 1 
Oct 23 15:47:34 kernel: [    0.000000] Built 1 zonelists in Zone order, mobility grouping on.  Total pages: 2047136
Oct 23 15:47:34 kernel: [    0.000000] Policy zone: Normal
Oct 23 15:47:34 kernel: [    0.000000] Kernel command line: vga=788 initrd=/install.amd/initrd.gz -- quiet  BOOT_IMAGE=/install.amd/vmlinuz 
Oct 23 15:47:34 kernel: [    0.000000] PID hash table entries: 4096 (order: 3, 32768 bytes)
Oct 23 15:47:34 kernel: [    0.000000] xsave/xrstor: enabled xstate_bv 0x3, cntxt size 0x240
Oct 23 15:47:34 kernel: [    0.000000] Checking aperture...
Oct 23 15:47:34 kernel: [    0.000000] No AGP bridge found
Oct 23 15:47:34 kernel: [    0.000000] Calgary: detecting Calgary via BIOS EBDA area
Oct 23 15:47:34 kernel: [    0.000000] Calgary: Unable to locate Rio Grande table in EBDA - bailing!
Oct 23 15:47:34 kernel: [    0.000000] Memory: 8113948k/8902656k available (3428k kernel code, 592376k absent, 196332k reserved, 3310k data, 580k init)
Oct 23 15:47:34 kernel: [    0.000000] Hierarchical RCU implementation.
Oct 23 15:47:34 kernel: [    0.000000] 	RCU dyntick-idle grace-period acceleration is enabled.
Oct 23 15:47:34 kernel: [    0.000000] NR_IRQS:33024 nr_irqs:512 16
Oct 23 15:47:34 kernel: [    0.000000] Extended CMOS year: 2000
Oct 23 15:47:34 kernel: [    0.000000] Console: colour dummy device 80x25
Oct 23 15:47:34 kernel: [    0.000000] console [tty0] enabled
Oct 23 15:47:34 kernel: [    0.000000] hpet clockevent registered
Oct 23 15:47:34 kernel: [    0.000000] Fast TSC calibration using PIT
Oct 23 15:47:34 kernel: [    0.004000] Detected 1795.947 MHz processor.
Oct 23 15:47:34 kernel: [    0.000002] Calibrating delay loop (skipped), value calculated using timer frequency.. 3591.89 BogoMIPS (lpj=7183788)
Oct 23 15:47:34 kernel: [    0.000006] pid_max: default: 32768 minimum: 301
Oct 23 15:47:34 kernel: [    0.000046] Security Framework initialized
Oct 23 15:47:34 kernel: [    0.000050] AppArmor: AppArmor disabled by boot time parameter
Oct 23 15:47:34 kernel: [    0.000647] Dentry cache hash table entries: 1048576 (order: 11, 8388608 bytes)
Oct 23 15:47:34 kernel: [    0.003338] Inode-cache hash table entries: 524288 (order: 10, 4194304 bytes)
Oct 23 15:47:34 kernel: [    0.004569] Mount-cache hash table entries: 256
Oct 23 15:47:34 kernel: [    0.004669] Initializing cgroup subsys cpuacct
Oct 23 15:47:34 kernel: [    0.004674] Initializing cgroup subsys memory
Oct 23 15:47:34 kernel: [    0.004685] Initializing cgroup subsys devices
Oct 23 15:47:34 kernel: [    0.004688] Initializing cgroup subsys freezer
Oct 23 15:47:34 kernel: [    0.004689] Initializing cgroup subsys net_cls
Oct 23 15:47:34 kernel: [    0.004692] Initializing cgroup subsys blkio
Oct 23 15:47:34 kernel: [    0.004698] Initializing cgroup subsys perf_event
Oct 23 15:47:34 kernel: [    0.004728] CPU: Physical Processor ID: 0
Oct 23 15:47:34 kernel: [    0.004729] CPU: Processor Core ID: 0
Oct 23 15:47:34 kernel: [    0.004735] ENERGY_PERF_BIAS: Set to 'normal', was 'performance'
Oct 23 15:47:34 kernel: [    0.004736] ENERGY_PERF_BIAS: View and update with x86_energy_perf_policy(8)
Oct 23 15:47:34 kernel: [    0.004740] mce: CPU supports 7 MCE banks
Oct 23 15:47:34 kernel: [    0.004754] CPU0: Thermal monitoring enabled (TM1)
Oct 23 15:47:34 kernel: [    0.004762] using mwait in idle threads.
Oct 23 15:47:34 kernel: [    0.005273] ACPI: Core revision 20110623
Oct 23 15:47:34 kernel: [    0.012331] x2apic not enabled, IRQ remapping init failed
Oct 23 15:47:34 kernel: [    0.012735] ..TIMER: vector=0x30 apic1=0 pin1=2 apic2=-1 pin2=-1
Oct 23 15:47:34 kernel: [    0.052408] CPU0: Intel(R) Celeron(R) CPU 1037U @ 1.80GHz stepping 09
Oct 23 15:47:34 kernel: [    0.159686] Performance Events: PEBS fmt1+, generic architected perfmon, Intel PMU driver.
Oct 23 15:47:34 kernel: [    0.159693] ... version:                3
Oct 23 15:47:34 kernel: [    0.159695] ... bit width:              48
Oct 23 15:47:34 kernel: [    0.159696] ... generic registers:      8
Oct 23 15:47:34 kernel: [    0.159698] ... value mask:             0000ffffffffffff
Oct 23 15:47:34 kernel: [    0.159700] ... max period:             000000007fffffff
Oct 23 15:47:34 kernel: [    0.159702] ... fixed-purpose events:   3
Oct 23 15:47:34 kernel: [    0.159703] ... event mask:             00000007000000ff
Oct 23 15:47:34 kernel: [    0.159809] NMI watchdog enabled, takes one hw-pmu counter.
Oct 23 15:47:34 kernel: [    0.159915] Booting Node   0, Processors  #1 Ok.
Oct 23 15:47:34 kernel: [    0.159918] smpboot cpu 1: start_ip = 98000
Oct 23 15:47:34 kernel: [    0.267790] NMI watchdog enabled, takes one hw-pmu counter.
Oct 23 15:47:34 kernel: [    0.267817] Brought up 2 CPUs
Oct 23 15:47:34 kernel: [    0.267819] Total of 2 processors activated (7183.58 BogoMIPS).
Oct 23 15:47:34 kernel: [    0.269292] devtmpfs: initialized
Oct 23 15:47:34 kernel: [    0.273061] PM: Registering ACPI NVS region at dbb8f000 (626688 bytes)
Oct 23 15:47:34 kernel: [    0.273081] PM: Registering ACPI NVS region at dc602000 (274432 bytes)
Oct 23 15:47:34 kernel: [    0.273245] print_constraints: dummy: 
Oct 23 15:47:34 kernel: [    0.273301] NET: Registered protocol family 16
Oct 23 15:47:34 kernel: [    0.273390] ACPI FADT declares the system doesn't support PCIe ASPM, so disable it
Oct 23 15:47:34 kernel: [    0.273393] ACPI: bus type pci registered
Oct 23 15:47:34 kernel: [    0.273462] PCI: MMCONFIG for domain 0000 [bus 00-3f] at [mem 0xf8000000-0xfbffffff] (base 0xf8000000)
Oct 23 15:47:34 kernel: [    0.273465] PCI: MMCONFIG at [mem 0xf8000000-0xfbffffff] reserved in E820
Oct 23 15:47:34 kernel: [    0.284843] PCI: Using configuration type 1 for base access
Oct 23 15:47:34 kernel: [    0.285648] bio: create slab <bio-0> at 0
Oct 23 15:47:34 kernel: [    0.285745] ACPI: Added _OSI(Module Device)
Oct 23 15:47:34 kernel: [    0.285747] ACPI: Added _OSI(Processor Device)
Oct 23 15:47:34 kernel: [    0.285749] ACPI: Added _OSI(3.0 _SCP Extensions)
Oct 23 15:47:34 kernel: [    0.285751] ACPI: Added _OSI(Processor Aggregator Device)
Oct 23 15:47:34 kernel: [    0.287502] ACPI: EC: Look up EC in DSDT
Oct 23 15:47:34 kernel: [    0.289778] ACPI: Executed 1 blocks of module-level executable AML code
Oct 23 15:47:34 kernel: [    0.304184] ACPI: SSDT 00000000dba9a018 0083B (v01  PmRef  Cpu0Cst 00003001 INTL 20051117)
Oct 23 15:47:34 kernel: [    0.304650] ACPI: Dynamic OEM Table Load:
Oct 23 15:47:34 kernel: [    0.304653] ACPI: SSDT           (null) 0083B (v01  PmRef  Cpu0Cst 00003001 INTL 20051117)
Oct 23 15:47:34 kernel: [    0.315968] ACPI: SSDT 00000000dba9ba98 00303 (v01  PmRef    ApIst 00003000 INTL 20051117)
Oct 23 15:47:34 kernel: [    0.316474] ACPI: Dynamic OEM Table Load:
Oct 23 15:47:34 kernel: [    0.316477] ACPI: SSDT           (null) 00303 (v01  PmRef    ApIst 00003000 INTL 20051117)
Oct 23 15:47:34 kernel: [    0.327779] ACPI: SSDT 00000000dbab4c18 00119 (v01  PmRef    ApCst 00003000 INTL 20051117)
Oct 23 15:47:34 kernel: [    0.328233] ACPI: Dynamic OEM Table Load:
Oct 23 15:47:34 kernel: [    0.328236] ACPI: SSDT           (null) 00119 (v01  PmRef    ApCst 00003000 INTL 20051117)
Oct 23 15:47:34 kernel: [    0.340246] ACPI: Interpreter enabled
Oct 23 15:47:34 kernel: [    0.340253] ACPI: (supports S0 S3 S4 S5)
Oct 23 15:47:34 kernel: [    0.340280] ACPI: Using IOAPIC for interrupt routing
Oct 23 15:47:34 kernel: [    0.349275] ACPI: Power Resource [FN00] (off)
Oct 23 15:47:34 kernel: [    0.349373] ACPI: Power Resource [FN01] (off)
Oct 23 15:47:34 kernel: [    0.349468] ACPI: Power Resource [FN02] (off)
Oct 23 15:47:34 kernel: [    0.349560] ACPI: Power Resource [FN03] (off)
Oct 23 15:47:34 kernel: [    0.349653] ACPI: Power Resource [FN04] (off)
Oct 23 15:47:34 kernel: [    0.350198] ACPI: No dock devices found.
Oct 23 15:47:34 kernel: [    0.350200] HEST: Table not found.
Oct 23 15:47:34 kernel: [    0.350204] PCI: Using host bridge windows from ACPI; if necessary, use "pci=nocrs" and report a bug
Oct 23 15:47:34 kernel: [    0.350627] ACPI: PCI Root Bridge [PCI0] (domain 0000 [bus 00-3e])
Oct 23 15:47:34 kernel: [    0.351244] pci_root PNP0A08:00: host bridge window [io  0x0000-0x0cf7]
Oct 23 15:47:34 kernel: [    0.351247] pci_root PNP0A08:00: host bridge window [io  0x0d00-0xffff]
Oct 23 15:47:34 kernel: [    0.351249] pci_root PNP0A08:00: host bridge window [mem 0x000a0000-0x000bffff]
Oct 23 15:47:34 kernel: [    0.351252] pci_root PNP0A08:00: host bridge window [mem 0x000d0000-0x000d3fff]
Oct 23 15:47:34 kernel: [    0.351254] pci_root PNP0A08:00: host bridge window [mem 0x000d4000-0x000d7fff]
Oct 23 15:47:34 kernel: [    0.351257] pci_root PNP0A08:00: host bridge window [mem 0x000d8000-0x000dbfff]
Oct 23 15:47:34 kernel: [    0.351259] pci_root PNP0A08:00: host bridge window [mem 0x000dc000-0x000dffff]
Oct 23 15:47:34 kernel: [    0.351262] pci_root PNP0A08:00: host bridge window [mem 0x000e0000-0x000e3fff]
Oct 23 15:47:34 kernel: [    0.351264] pci_root PNP0A08:00: host bridge window [mem 0x000e4000-0x000e7fff]
Oct 23 15:47:34 kernel: [    0.351267] pci_root PNP0A08:00: host bridge window [mem 0xdfa00000-0xfeafffff]
Oct 23 15:47:34 kernel: [    0.351281] pci 0000:00:00.0: [8086:0154] type 0 class 0x000600
Oct 23 15:47:34 kernel: [    0.351325] pci 0000:00:02.0: [8086:0156] type 0 class 0x000300
Oct 23 15:47:34 kernel: [    0.351337] pci 0000:00:02.0: reg 10: [mem 0xf7800000-0xf7bfffff 64bit]
Oct 23 15:47:34 kernel: [    0.351345] pci 0000:00:02.0: reg 18: [mem 0xe0000000-0xefffffff 64bit pref]
Oct 23 15:47:34 kernel: [    0.351351] pci 0000:00:02.0: reg 20: [io  0xf000-0xf03f]
Oct 23 15:47:34 kernel: [    0.351414] pci 0000:00:16.0: [8086:1e3a] type 0 class 0x000780
Oct 23 15:47:34 kernel: [    0.351439] pci 0000:00:16.0: reg 10: [mem 0xf7e0a000-0xf7e0a00f 64bit]
Oct 23 15:47:34 kernel: [    0.351522] pci 0000:00:16.0: PME# supported from D0 D3hot D3cold
Oct 23 15:47:34 kernel: [    0.351560] pci 0000:00:1a.0: [8086:1e2d] type 0 class 0x000c03
Oct 23 15:47:34 kernel: [    0.351583] pci 0000:00:1a.0: reg 10: [mem 0xf7e08000-0xf7e083ff]
Oct 23 15:47:34 kernel: [    0.351688] pci 0000:00:1a.0: PME# supported from D0 D3hot D3cold
Oct 23 15:47:34 kernel: [    0.351718] pci 0000:00:1b.0: [8086:1e20] type 0 class 0x000403
Oct 23 15:47:34 kernel: [    0.351735] pci 0000:00:1b.0: reg 10: [mem 0xf7e00000-0xf7e03fff 64bit]
Oct 23 15:47:34 kernel: [    0.351812] pci 0000:00:1b.0: PME# supported from D0 D3hot D3cold
Oct 23 15:47:34 kernel: [    0.351838] pci 0000:00:1c.0: [8086:1e10] type 1 class 0x000604
Oct 23 15:47:34 kernel: [    0.351926] pci 0000:00:1c.0: PME# supported from D0 D3hot D3cold
Oct 23 15:47:34 kernel: [    0.351955] pci 0000:00:1c.1: [8086:1e12] type 1 class 0x000604
Oct 23 15:47:34 kernel: [    0.352044] pci 0000:00:1c.1: PME# supported from D0 D3hot D3cold
Oct 23 15:47:34 kernel: [    0.352072] pci 0000:00:1c.2: [8086:2448] type 1 class 0x000604
Oct 23 15:47:34 kernel: [    0.352161] pci 0000:00:1c.2: PME# supported from D0 D3hot D3cold
Oct 23 15:47:34 kernel: [    0.352189] pci 0000:00:1c.3: [8086:1e16] type 1 class 0x000604
Oct 23 15:47:34 kernel: [    0.352278] pci 0000:00:1c.3: PME# supported from D0 D3hot D3cold
Oct 23 15:47:34 kernel: [    0.352315] pci 0000:00:1d.0: [8086:1e26] type 0 class 0x000c03
Oct 23 15:47:34 kernel: [    0.352338] pci 0000:00:1d.0: reg 10: [mem 0xf7e07000-0xf7e073ff]
Oct 23 15:47:34 kernel: [    0.352437] pci 0000:00:1d.0: PME# supported from D0 D3hot D3cold
Oct 23 15:47:34 kernel: [    0.352466] pci 0000:00:1f.0: [8086:1e5f] type 0 class 0x000601
Oct 23 15:47:34 kernel: [    0.352601] pci 0000:00:1f.2: [8086:1e03] type 0 class 0x000106
Oct 23 15:47:34 kernel: [    0.352621] pci 0000:00:1f.2: reg 10: [io  0xf0b0-0xf0b7]
Oct 23 15:47:34 kernel: [    0.352630] pci 0000:00:1f.2: reg 14: [io  0xf0a0-0xf0a3]
Oct 23 15:47:34 kernel: [    0.352639] pci 0000:00:1f.2: reg 18: [io  0xf090-0xf097]
Oct 23 15:47:34 kernel: [    0.352648] pci 0000:00:1f.2: reg 1c: [io  0xf080-0xf083]
Oct 23 15:47:34 kernel: [    0.352657] pci 0000:00:1f.2: reg 20: [io  0xf060-0xf07f]
Oct 23 15:47:34 kernel: [    0.352666] pci 0000:00:1f.2: reg 24: [mem 0xf7e06000-0xf7e067ff]
Oct 23 15:47:34 kernel: [    0.352717] pci 0000:00:1f.2: PME# supported from D3hot
Oct 23 15:47:34 kernel: [    0.352737] pci 0000:00:1f.3: [8086:1e22] type 0 class 0x000c05
Oct 23 15:47:34 kernel: [    0.352754] pci 0000:00:1f.3: reg 10: [mem 0xf7e05000-0xf7e050ff 64bit]
Oct 23 15:47:34 kernel: [    0.352778] pci 0000:00:1f.3: reg 20: [io  0xf040-0xf05f]
Oct 23 15:47:34 kernel: [    0.352880] pci 0000:01:00.0: [10ec:8168] type 0 class 0x000200
Oct 23 15:47:34 kernel: [    0.352902] pci 0000:01:00.0: reg 10: [io  0xe000-0xe0ff]
Oct 23 15:47:34 kernel: [    0.352939] pci 0000:01:00.0: reg 18: [mem 0xf7d00000-0xf7d00fff 64bit]
Oct 23 15:47:34 kernel: [    0.352962] pci 0000:01:00.0: reg 20: [mem 0xf0100000-0xf0103fff 64bit pref]
Oct 23 15:47:34 kernel: [    0.353061] pci 0000:01:00.0: supports D1 D2
Oct 23 15:47:34 kernel: [    0.353063] pci 0000:01:00.0: PME# supported from D0 D1 D2 D3hot D3cold
Oct 23 15:47:34 kernel: [    0.359643] pci 0000:00:1c.0: PCI bridge to [bus 01-01]
Oct 23 15:47:34 kernel: [    0.359660] pci 0000:00:1c.0:   bridge window [io  0xe000-0xefff]
Oct 23 15:47:34 kernel: [    0.359664] pci 0000:00:1c.0:   bridge window [mem 0xf7d00000-0xf7dfffff]
Oct 23 15:47:34 kernel: [    0.359671] pci 0000:00:1c.0:   bridge window [mem 0xf0100000-0xf01fffff 64bit pref]
Oct 23 15:47:34 kernel: [    0.359748] pci 0000:02:00.0: [10ec:8168] type 0 class 0x000200
Oct 23 15:47:34 kernel: [    0.359769] pci 0000:02:00.0: reg 10: [io  0xd000-0xd0ff]
Oct 23 15:47:34 kernel: [    0.359806] pci 0000:02:00.0: reg 18: [mem 0xf0004000-0xf0004fff 64bit pref]
Oct 23 15:47:34 kernel: [    0.359830] pci 0000:02:00.0: reg 20: [mem 0xf0000000-0xf0003fff 64bit pref]
Oct 23 15:47:34 kernel: [    0.359929] pci 0000:02:00.0: supports D1 D2
Oct 23 15:47:34 kernel: [    0.359931] pci 0000:02:00.0: PME# supported from D0 D1 D2 D3hot D3cold
Oct 23 15:47:34 kernel: [    0.367635] pci 0000:00:1c.1: PCI bridge to [bus 02-02]
Oct 23 15:47:34 kernel: [    0.367643] pci 0000:00:1c.1:   bridge window [io  0xd000-0xdfff]
Oct 23 15:47:34 kernel: [    0.367663] pci 0000:00:1c.1:   bridge window [mem 0xf0000000-0xf00fffff 64bit pref]
Oct 23 15:47:34 kernel: [    0.367736] pci 0000:03:00.0: [8086:244e] type 1 class 0x000604
Oct 23 15:47:34 kernel: [    0.367898] pci 0000:03:00.0: supports D1 D2
Oct 23 15:47:34 kernel: [    0.367900] pci 0000:03:00.0: PME# supported from D0 D1 D2 D3hot D3cold
Oct 23 15:47:34 kernel: [    0.367930] pci 0000:00:1c.2: PCI bridge to [bus 03-04] (subtractive decode)
Oct 23 15:47:34 kernel: [    0.367942] pci 0000:00:1c.2:   bridge window [io  0x0000-0x0cf7] (subtractive decode)
Oct 23 15:47:34 kernel: [    0.367945] pci 0000:00:1c.2:   bridge window [io  0x0d00-0xffff] (subtractive decode)
Oct 23 15:47:34 kernel: [    0.367948] pci 0000:00:1c.2:   bridge window [mem 0x000a0000-0x000bffff] (subtractive decode)
Oct 23 15:47:34 kernel: [    0.367950] pci 0000:00:1c.2:   bridge window [mem 0x000d0000-0x000d3fff] (subtractive decode)
Oct 23 15:47:34 kernel: [    0.367953] pci 0000:00:1c.2:   bridge window [mem 0x000d4000-0x000d7fff] (subtractive decode)
Oct 23 15:47:34 kernel: [    0.367956] pci 0000:00:1c.2:   bridge window [mem 0x000d8000-0x000dbfff] (subtractive decode)
Oct 23 15:47:34 kernel: [    0.367958] pci 0000:00:1c.2:   bridge window [mem 0x000dc000-0x000dffff] (subtractive decode)
Oct 23 15:47:34 kernel: [    0.367961] pci 0000:00:1c.2:   bridge window [mem 0x000e0000-0x000e3fff] (subtractive decode)
Oct 23 15:47:34 kernel: [    0.367964] pci 0000:00:1c.2:   bridge window [mem 0x000e4000-0x000e7fff] (subtractive decode)
Oct 23 15:47:34 kernel: [    0.367966] pci 0000:00:1c.2:   bridge window [mem 0xdfa00000-0xfeafffff] (subtractive decode)
Oct 23 15:47:34 kernel: [    0.368125] pci 0000:03:00.0: PCI bridge to [bus 04-04] (subtractive decode)
Oct 23 15:47:34 kernel: [    0.368152] pci 0000:03:00.0:   bridge window [??? 0x00000000 flags 0x0] (subtractive decode)
Oct 23 15:47:34 kernel: [    0.368155] pci 0000:03:00.0:   bridge window [??? 0x00000000 flags 0x0] (subtractive decode)
Oct 23 15:47:34 kernel: [    0.368158] pci 0000:03:00.0:   bridge window [??? 0x00000000 flags 0x0] (subtractive decode)
Oct 23 15:47:34 kernel: [    0.368160] pci 0000:03:00.0:   bridge window [??? 0x00000000 flags 0x0] (subtractive decode)
Oct 23 15:47:34 kernel: [    0.368163] pci 0000:03:00.0:   bridge window [io  0x0000-0x0cf7] (subtractive decode)
Oct 23 15:47:34 kernel: [    0.368166] pci 0000:03:00.0:   bridge window [io  0x0d00-0xffff] (subtractive decode)
Oct 23 15:47:34 kernel: [    0.368168] pci 0000:03:00.0:   bridge window [mem 0x000a0000-0x000bffff] (subtractive decode)
Oct 23 15:47:34 kernel: [    0.368171] pci 0000:03:00.0:   bridge window [mem 0x000d0000-0x000d3fff] (subtractive decode)
Oct 23 15:47:34 kernel: [    0.368174] pci 0000:03:00.0:   bridge window [mem 0x000d4000-0x000d7fff] (subtractive decode)
Oct 23 15:47:34 kernel: [    0.368176] pci 0000:03:00.0:   bridge window [mem 0x000d8000-0x000dbfff] (subtractive decode)
Oct 23 15:47:34 kernel: [    0.368179] pci 0000:03:00.0:   bridge window [mem 0x000dc000-0x000dffff] (subtractive decode)
Oct 23 15:47:34 kernel: [    0.368181] pci 0000:03:00.0:   bridge window [mem 0x000e0000-0x000e3fff] (subtractive decode)
Oct 23 15:47:34 kernel: [    0.368184] pci 0000:03:00.0:   bridge window [mem 0x000e4000-0x000e7fff] (subtractive decode)
Oct 23 15:47:34 kernel: [    0.368187] pci 0000:03:00.0:   bridge window [mem 0xdfa00000-0xfeafffff] (subtractive decode)
Oct 23 15:47:34 kernel: [    0.368273] pci 0000:05:00.0: [197b:2368] type 0 class 0x000101
Oct 23 15:47:34 kernel: [    0.368310] pci 0000:05:00.0: reg 10: [io  0xc040-0xc047]
Oct 23 15:47:34 kernel: [    0.368327] pci 0000:05:00.0: reg 14: [io  0xc030-0xc033]
Oct 23 15:47:34 kernel: [    0.368344] pci 0000:05:00.0: reg 18: [io  0xc020-0xc027]
Oct 23 15:47:34 kernel: [    0.368362] pci 0000:05:00.0: reg 1c: [io  0xc010-0xc013]
Oct 23 15:47:34 kernel: [    0.368379] pci 0000:05:00.0: reg 20: [io  0xc000-0xc00f]
Oct 23 15:47:34 kernel: [    0.368411] pci 0000:05:00.0: reg 30: [mem 0xf7c00000-0xf7c0ffff pref]
Oct 23 15:47:34 kernel: [    0.375629] pci 0000:00:1c.3: PCI bridge to [bus 05-05]
Oct 23 15:47:34 kernel: [    0.375638] pci 0000:00:1c.3:   bridge window [io  0xc000-0xcfff]
Oct 23 15:47:34 kernel: [    0.375654] pci 0000:00:1c.3:   bridge window [mem 0xf7c00000-0xf7cfffff]
Oct 23 15:47:34 kernel: [    0.375683] ACPI: PCI Interrupt Routing Table [\_SB_.PCI0._PRT]
Oct 23 15:47:34 kernel: [    0.375900] ACPI: PCI Interrupt Routing Table [\_SB_.PCI0.RP01._PRT]
Oct 23 15:47:34 kernel: [    0.375948] ACPI: PCI Interrupt Routing Table [\_SB_.PCI0.RP02._PRT]
Oct 23 15:47:34 kernel: [    0.375994] ACPI: PCI Interrupt Routing Table [\_SB_.PCI0.RP03._PRT]
Oct 23 15:47:34 kernel: [    0.376040] ACPI: PCI Interrupt Routing Table [\_SB_.PCI0.RP04._PRT]
Oct 23 15:47:34 kernel: [    0.376225]  pci0000:00: Requesting ACPI _OSC control (0x1d)
Oct 23 15:47:34 kernel: [    0.376492]  pci0000:00: ACPI _OSC control (0x18) granted
Oct 23 15:47:34 kernel: [    0.381801] ACPI: PCI Interrupt Link [LNKA] (IRQs 3 4 5 6 10 *11 12 14 15)
Oct 23 15:47:34 kernel: [    0.381858] ACPI: PCI Interrupt Link [LNKB] (IRQs 3 4 5 6 *10 11 12 14 15)
Oct 23 15:47:34 kernel: [    0.381912] ACPI: PCI Interrupt Link [LNKC] (IRQs 3 4 5 6 10 *11 12 14 15)
Oct 23 15:47:34 kernel: [    0.381966] ACPI: PCI Interrupt Link [LNKD] (IRQs 3 4 5 6 *10 11 12 14 15)
Oct 23 15:47:34 kernel: [    0.382019] ACPI: PCI Interrupt Link [LNKE] (IRQs 3 4 5 6 10 11 12 14 15) *0, disabled.
Oct 23 15:47:34 kernel: [    0.382075] ACPI: PCI Interrupt Link [LNKF] (IRQs 3 4 5 6 10 11 12 14 15) *0, disabled.
Oct 23 15:47:34 kernel: [    0.382129] ACPI: PCI Interrupt Link [LNKG] (IRQs 3 4 5 6 10 *11 12 14 15)
Oct 23 15:47:34 kernel: [    0.382183] ACPI: PCI Interrupt Link [LNKH] (IRQs 3 4 5 6 *10 11 12 14 15)
Oct 23 15:47:34 kernel: [    0.382288] vgaarb: device added: PCI:0000:00:02.0,decodes=io+mem,owns=io+mem,locks=none
Oct 23 15:47:34 kernel: [    0.382297] vgaarb: loaded
Oct 23 15:47:34 kernel: [    0.382298] vgaarb: bridge control possible 0000:00:02.0
Oct 23 15:47:34 kernel: [    0.382336] PCI: Using ACPI for IRQ routing
Oct 23 15:47:34 kernel: [    0.384025] PCI: pci_cache_line_size set to 64 bytes
Oct 23 15:47:34 kernel: [    0.384099] reserve RAM buffer: 000000000009d800 - 000000000009ffff 
Oct 23 15:47:34 kernel: [    0.384102] reserve RAM buffer: 0000000040004000 - 0000000043ffffff 
Oct 23 15:47:34 kernel: [    0.384104] reserve RAM buffer: 00000000db7e4000 - 00000000dbffffff 
Oct 23 15:47:34 kernel: [    0.384107] reserve RAM buffer: 00000000dbb8f000 - 00000000dbffffff 
Oct 23 15:47:34 kernel: [    0.384109] reserve RAM buffer: 00000000dc602000 - 00000000dfffffff 
Oct 23 15:47:34 kernel: [    0.384112] reserve RAM buffer: 00000000dcdb1000 - 00000000dfffffff 
Oct 23 15:47:34 kernel: [    0.384115] reserve RAM buffer: 00000000dd000000 - 00000000dfffffff 
Oct 23 15:47:34 kernel: [    0.384118] reserve RAM buffer: 000000021f600000 - 000000021fffffff 
Oct 23 15:47:34 kernel: [    0.384227] hpet0: at MMIO 0xfed00000, IRQs 2, 8, 0, 0, 0, 0, 0, 0
Oct 23 15:47:34 kernel: [    0.384234] hpet0: 8 comparators, 64-bit 14.318180 MHz counter
Oct 23 15:47:34 kernel: [    0.386249] Switching to clocksource hpet
Oct 23 15:47:34 kernel: [    0.387986] pnp: PnP ACPI init
Oct 23 15:47:34 kernel: [    0.387999] ACPI: bus type pnp registered
Oct 23 15:47:34 kernel: [    0.388327] pnp 00:00: [bus 00-3e]
Oct 23 15:47:34 kernel: [    0.388330] pnp 00:00: [io  0x0000-0x0cf7 window]
Oct 23 15:47:34 kernel: [    0.388332] pnp 00:00: [io  0x0cf8-0x0cff]
Oct 23 15:47:34 kernel: [    0.388335] pnp 00:00: [io  0x0d00-0xffff window]
Oct 23 15:47:34 kernel: [    0.388337] pnp 00:00: [mem 0x000a0000-0x000bffff window]
Oct 23 15:47:34 kernel: [    0.388339] pnp 00:00: [mem 0x000c0000-0x000c3fff window]
Oct 23 15:47:34 kernel: [    0.388341] pnp 00:00: [mem 0x000c4000-0x000c7fff window]
Oct 23 15:47:34 kernel: [    0.388343] pnp 00:00: [mem 0x000c8000-0x000cbfff window]
Oct 23 15:47:34 kernel: [    0.388346] pnp 00:00: [mem 0x000cc000-0x000cffff window]
Oct 23 15:47:34 kernel: [    0.388348] pnp 00:00: [mem 0x000d0000-0x000d3fff window]
Oct 23 15:47:34 kernel: [    0.388350] pnp 00:00: [mem 0x000d4000-0x000d7fff window]
Oct 23 15:47:34 kernel: [    0.388352] pnp 00:00: [mem 0x000d8000-0x000dbfff window]
Oct 23 15:47:34 kernel: [    0.388354] pnp 00:00: [mem 0x000dc000-0x000dffff window]
Oct 23 15:47:34 kernel: [    0.388357] pnp 00:00: [mem 0x000e0000-0x000e3fff window]
Oct 23 15:47:34 kernel: [    0.388359] pnp 00:00: [mem 0x000e4000-0x000e7fff window]
Oct 23 15:47:34 kernel: [    0.388362] pnp 00:00: [mem 0x000e8000-0x000ebfff window]
Oct 23 15:47:34 kernel: [    0.388364] pnp 00:00: [mem 0x000ec000-0x000effff window]
Oct 23 15:47:34 kernel: [    0.388367] pnp 00:00: [mem 0x000f0000-0x000fffff window]
Oct 23 15:47:34 kernel: [    0.388369] pnp 00:00: [mem 0xdfa00000-0xfeafffff window]
Oct 23 15:47:34 kernel: [    0.388371] pnp 00:00: [mem 0x00010000-0x0001ffff window]
Oct 23 15:47:34 kernel: [    0.388448] pnp 00:00: Plug and Play ACPI device, IDs PNP0a08 PNP0a03 (active)
Oct 23 15:47:34 kernel: [    0.388479] pnp 00:01: [mem 0xfed40000-0xfed44fff]
Oct 23 15:47:34 kernel: [    0.388521] system 00:01: [mem 0xfed40000-0xfed44fff] has been reserved
Oct 23 15:47:34 kernel: [    0.388525] system 00:01: Plug and Play ACPI device, IDs PNP0c01 (active)
Oct 23 15:47:34 kernel: [    0.388538] pnp 00:02: [io  0x0000-0x001f]
Oct 23 15:47:34 kernel: [    0.388540] pnp 00:02: [io  0x0081-0x0091]
Oct 23 15:47:34 kernel: [    0.388542] pnp 00:02: [io  0x0093-0x009f]
Oct 23 15:47:34 kernel: [    0.388544] pnp 00:02: [io  0x00c0-0x00df]
Oct 23 15:47:34 kernel: [    0.388546] pnp 00:02: [dma 4]
Oct 23 15:47:34 kernel: [    0.388570] pnp 00:02: Plug and Play ACPI device, IDs PNP0200 (active)
Oct 23 15:47:34 kernel: [    0.388580] pnp 00:03: [mem 0xff000000-0xffffffff]
Oct 23 15:47:34 kernel: [    0.388604] pnp 00:03: Plug and Play ACPI device, IDs INT0800 (active)
Oct 23 15:47:34 kernel: [    0.388689] pnp 00:04: [mem 0xfed00000-0xfed003ff]
Oct 23 15:47:34 kernel: [    0.388714] pnp 00:04: Plug and Play ACPI device, IDs PNP0103 (active)
Oct 23 15:47:34 kernel: [    0.388727] pnp 00:05: [io  0x002e-0x002f]
Oct 23 15:47:34 kernel: [    0.388729] pnp 00:05: [io  0x004e-0x004f]
Oct 23 15:47:34 kernel: [    0.388731] pnp 00:05: [io  0x0061]
Oct 23 15:47:34 kernel: [    0.388733] pnp 00:05: [io  0x0063]
Oct 23 15:47:34 kernel: [    0.388734] pnp 00:05: [io  0x0065]
Oct 23 15:47:34 kernel: [    0.388736] pnp 00:05: [io  0x0067]
Oct 23 15:47:34 kernel: [    0.388738] pnp 00:05: [io  0x0070]
Oct 23 15:47:34 kernel: [    0.388740] pnp 00:05: [io  0x0080]
Oct 23 15:47:34 kernel: [    0.388741] pnp 00:05: [io  0x0092]
Oct 23 15:47:34 kernel: [    0.388743] pnp 00:05: [io  0x00b2-0x00b3]
Oct 23 15:47:34 kernel: [    0.388745] pnp 00:05: [io  0x0680-0x069f]
Oct 23 15:47:34 kernel: [    0.388747] pnp 00:05: [io  0x0200-0x020f]
Oct 23 15:47:34 kernel: [    0.388749] pnp 00:05: [io  0xffff]
Oct 23 15:47:34 kernel: [    0.388750] pnp 00:05: [io  0xffff]
Oct 23 15:47:34 kernel: [    0.388752] pnp 00:05: [io  0x0400-0x0453]
Oct 23 15:47:34 kernel: [    0.388754] pnp 00:05: [io  0x0458-0x047f]
Oct 23 15:47:34 kernel: [    0.388756] pnp 00:05: [io  0x0500-0x057f]
Oct 23 15:47:34 kernel: [    0.388803] system 00:05: [io  0x0680-0x069f] has been reserved
Oct 23 15:47:34 kernel: [    0.388806] system 00:05: [io  0x0200-0x020f] has been reserved
Oct 23 15:47:34 kernel: [    0.388809] system 00:05: [io  0xffff] has been reserved
Oct 23 15:47:34 kernel: [    0.388812] system 00:05: [io  0xffff] has been reserved
Oct 23 15:47:34 kernel: [    0.388814] system 00:05: [io  0x0400-0x0453] has been reserved
Oct 23 15:47:34 kernel: [    0.388817] system 00:05: [io  0x0458-0x047f] has been reserved
Oct 23 15:47:34 kernel: [    0.388819] system 00:05: [io  0x0500-0x057f] has been reserved
Oct 23 15:47:34 kernel: [    0.388822] system 00:05: Plug and Play ACPI device, IDs PNP0c02 (active)
Oct 23 15:47:34 kernel: [    0.388832] pnp 00:06: [io  0x0070-0x0077]
Oct 23 15:47:34 kernel: [    0.388841] pnp 00:06: [irq 8]
Oct 23 15:47:34 kernel: [    0.388866] pnp 00:06: Plug and Play ACPI device, IDs PNP0b00 (active)
Oct 23 15:47:34 kernel: [    0.388898] pnp 00:07: [io  0x0454-0x0457]
Oct 23 15:47:34 kernel: [    0.388937] system 00:07: [io  0x0454-0x0457] has been reserved
Oct 23 15:47:34 kernel: [    0.388940] system 00:07: Plug and Play ACPI device, IDs INT3f0d PNP0c02 (active)
Oct 23 15:47:34 kernel: [    0.389069] pnp 00:08: [io  0x0000-0xffffffffffffffff disabled]
Oct 23 15:47:34 kernel: [    0.389071] pnp 00:08: [io  0x0a00-0x0a0f]
Oct 23 15:47:34 kernel: [    0.389073] pnp 00:08: [io  0x0a30-0x0a3f]
Oct 23 15:47:34 kernel: [    0.389075] pnp 00:08: [io  0x0a20-0x0a2f]
Oct 23 15:47:34 kernel: [    0.389115] system 00:08: [io  0x0a00-0x0a0f] has been reserved
Oct 23 15:47:34 kernel: [    0.389118] system 00:08: [io  0x0a30-0x0a3f] has been reserved
Oct 23 15:47:34 kernel: [    0.389121] system 00:08: [io  0x0a20-0x0a2f] has been reserved
Oct 23 15:47:34 kernel: [    0.389124] system 00:08: Plug and Play ACPI device, IDs PNP0c02 (active)
Oct 23 15:47:34 kernel: [    0.389453] pnp 00:09: [io  0x03f8-0x03ff]
Oct 23 15:47:34 kernel: [    0.389459] pnp 00:09: [irq 4]
Oct 23 15:47:34 kernel: [    0.389461] pnp 00:09: [dma 0 disabled]
Oct 23 15:47:34 kernel: [    0.389527] pnp 00:09: Plug and Play ACPI device, IDs PNP0501 (active)
Oct 23 15:47:34 kernel: [    0.389815] pnp 00:0a: [io  0x02f8-0x02ff]
Oct 23 15:47:34 kernel: [    0.389820] pnp 00:0a: [irq 3]
Oct 23 15:47:34 kernel: [    0.389822] pnp 00:0a: [dma 0 disabled]
Oct 23 15:47:34 kernel: [    0.389884] pnp 00:0a: Plug and Play ACPI device, IDs PNP0501 (active)
Oct 23 15:47:34 kernel: [    0.390277] pnp 00:0b: [io  0x0378-0x037f]
Oct 23 15:47:34 kernel: [    0.390283] pnp 00:0b: [irq 5]
Oct 23 15:47:34 kernel: [    0.390284] pnp 00:0b: [dma 0 disabled]
Oct 23 15:47:34 kernel: [    0.390447] pnp 00:0b: Plug and Play ACPI device, IDs PNP0400 (active)
Oct 23 15:47:34 kernel: [    0.390473] pnp 00:0c: [io  0x0010-0x001f]
Oct 23 15:47:34 kernel: [    0.390475] pnp 00:0c: [io  0x0022-0x003f]
Oct 23 15:47:34 kernel: [    0.390477] pnp 00:0c: [io  0x0044-0x005f]
Oct 23 15:47:34 kernel: [    0.390479] pnp 00:0c: [io  0x0062-0x0063]
Oct 23 15:47:34 kernel: [    0.390480] pnp 00:0c: [io  0x0065-0x006f]
Oct 23 15:47:34 kernel: [    0.390482] pnp 00:0c: [io  0x0072-0x007f]
Oct 23 15:47:34 kernel: [    0.390484] pnp 00:0c: [io  0x0080]
Oct 23 15:47:34 kernel: [    0.390486] pnp 00:0c: [io  0x0084-0x0086]
Oct 23 15:47:34 kernel: [    0.390488] pnp 00:0c: [io  0x0088]
Oct 23 15:47:34 kernel: [    0.390489] pnp 00:0c: [io  0x008c-0x008e]
Oct 23 15:47:34 kernel: [    0.390491] pnp 00:0c: [io  0x0090-0x009f]
Oct 23 15:47:34 kernel: [    0.390493] pnp 00:0c: [io  0x00a2-0x00bf]
Oct 23 15:47:34 kernel: [    0.390495] pnp 00:0c: [io  0x00e0-0x00ef]
Oct 23 15:47:34 kernel: [    0.390497] pnp 00:0c: [io  0x04d0-0x04d1]
Oct 23 15:47:34 kernel: [    0.390544] system 00:0c: [io  0x04d0-0x04d1] has been reserved
Oct 23 15:47:34 kernel: [    0.390547] system 00:0c: Plug and Play ACPI device, IDs PNP0c02 (active)
Oct 23 15:47:34 kernel: [    0.390557] pnp 00:0d: [io  0x00f0-0x00ff]
Oct 23 15:47:34 kernel: [    0.390562] pnp 00:0d: [irq 13]
Oct 23 15:47:34 kernel: [    0.390591] pnp 00:0d: Plug and Play ACPI device, IDs PNP0c04 (active)
Oct 23 15:47:34 kernel: [    0.390867] pnp 00:0e: [mem 0xfed1c000-0xfed1ffff]
Oct 23 15:47:34 kernel: [    0.390869] pnp 00:0e: [mem 0xfed10000-0xfed17fff]
Oct 23 15:47:34 kernel: [    0.390871] pnp 00:0e: [mem 0xfed18000-0xfed18fff]
Oct 23 15:47:34 kernel: [    0.390873] pnp 00:0e: [mem 0xfed19000-0xfed19fff]
Oct 23 15:47:34 kernel: [    0.390875] pnp 00:0e: [mem 0xf8000000-0xfbffffff]
Oct 23 15:47:34 kernel: [    0.390877] pnp 00:0e: [mem 0xfed20000-0xfed3ffff]
Oct 23 15:47:34 kernel: [    0.390879] pnp 00:0e: [mem 0xfed90000-0xfed93fff]
Oct 23 15:47:34 kernel: [    0.390881] pnp 00:0e: [mem 0xfed45000-0xfed8ffff]
Oct 23 15:47:34 kernel: [    0.390883] pnp 00:0e: [mem 0xff000000-0xffffffff]
Oct 23 15:47:34 kernel: [    0.390885] pnp 00:0e: [mem 0xfee00000-0xfeefffff]
Oct 23 15:47:34 kernel: [    0.390887] pnp 00:0e: [mem 0xdfa00000-0xdfa00fff]
Oct 23 15:47:34 kernel: [    0.390958] system 00:0e: [mem 0xfed1c000-0xfed1ffff] has been reserved
Oct 23 15:47:34 kernel: [    0.390961] system 00:0e: [mem 0xfed10000-0xfed17fff] has been reserved
Oct 23 15:47:34 kernel: [    0.390964] system 00:0e: [mem 0xfed18000-0xfed18fff] has been reserved
Oct 23 15:47:34 kernel: [    0.390967] system 00:0e: [mem 0xfed19000-0xfed19fff] has been reserved
Oct 23 15:47:34 kernel: [    0.390970] system 00:0e: [mem 0xf8000000-0xfbffffff] has been reserved
Oct 23 15:47:34 kernel: [    0.390973] system 00:0e: [mem 0xfed20000-0xfed3ffff] has been reserved
Oct 23 15:47:34 kernel: [    0.390975] system 00:0e: [mem 0xfed90000-0xfed93fff] has been reserved
Oct 23 15:47:34 kernel: [    0.390978] system 00:0e: [mem 0xfed45000-0xfed8ffff] has been reserved
Oct 23 15:47:34 kernel: [    0.390981] system 00:0e: [mem 0xff000000-0xffffffff] has been reserved
Oct 23 15:47:34 kernel: [    0.390984] system 00:0e: [mem 0xfee00000-0xfeefffff] could not be reserved
Oct 23 15:47:34 kernel: [    0.390987] system 00:0e: [mem 0xdfa00000-0xdfa00fff] has been reserved
Oct 23 15:47:34 kernel: [    0.390990] system 00:0e: Plug and Play ACPI device, IDs PNP0c02 (active)
Oct 23 15:47:34 kernel: [    0.391148] pnp 00:0f: [mem 0x20000000-0x201fffff]
Oct 23 15:47:34 kernel: [    0.391151] pnp 00:0f: [mem 0x40004000-0x40004fff]
Oct 23 15:47:34 kernel: [    0.391219] system 00:0f: [mem 0x20000000-0x201fffff] has been reserved
Oct 23 15:47:34 kernel: [    0.391222] system 00:0f: [mem 0x40004000-0x40004fff] has been reserved
Oct 23 15:47:34 kernel: [    0.391225] system 00:0f: Plug and Play ACPI device, IDs PNP0c01 (active)
Oct 23 15:47:34 kernel: [    0.391251] pnp: PnP ACPI: found 16 devices
Oct 23 15:47:34 kernel: [    0.391253] ACPI: ACPI bus type pnp unregistered
Oct 23 15:47:34 kernel: [    0.397821] PCI: max bus depth: 2 pci_try_num: 3
Oct 23 15:47:34 kernel: [    0.397873] pci 0000:00:1c.0: PCI bridge to [bus 01-01]
Oct 23 15:47:34 kernel: [    0.397877] pci 0000:00:1c.0:   bridge window [io  0xe000-0xefff]
Oct 23 15:47:34 kernel: [    0.397883] pci 0000:00:1c.0:   bridge window [mem 0xf7d00000-0xf7dfffff]
Oct 23 15:47:34 kernel: [    0.397888] pci 0000:00:1c.0:   bridge window [mem 0xf0100000-0xf01fffff 64bit pref]
Oct 23 15:47:34 kernel: [    0.397895] pci 0000:00:1c.1: PCI bridge to [bus 02-02]
Oct 23 15:47:34 kernel: [    0.397898] pci 0000:00:1c.1:   bridge window [io  0xd000-0xdfff]
Oct 23 15:47:34 kernel: [    0.397906] pci 0000:00:1c.1:   bridge window [mem 0xf0000000-0xf00fffff 64bit pref]
Oct 23 15:47:34 kernel: [    0.397913] pci 0000:03:00.0: PCI bridge to [bus 04-04]
Oct 23 15:47:34 kernel: [    0.397937] pci 0000:00:1c.2: PCI bridge to [bus 03-04]
Oct 23 15:47:34 kernel: [    0.397950] pci 0000:00:1c.3: PCI bridge to [bus 05-05]
Oct 23 15:47:34 kernel: [    0.397953] pci 0000:00:1c.3:   bridge window [io  0xc000-0xcfff]
Oct 23 15:47:34 kernel: [    0.397959] pci 0000:00:1c.3:   bridge window [mem 0xf7c00000-0xf7cfffff]
Oct 23 15:47:34 kernel: [    0.397985] pci 0000:00:1c.0: setting latency timer to 64
Oct 23 15:47:34 kernel: [    0.397999] pci 0000:00:1c.1: setting latency timer to 64
Oct 23 15:47:34 kernel: [    0.398013] pci 0000:00:1c.2: setting latency timer to 64
Oct 23 15:47:34 kernel: [    0.398032] pci 0000:03:00.0: setting latency timer to 64
Oct 23 15:47:34 kernel: [    0.398047] pci 0000:00:1c.3: setting latency timer to 64
Oct 23 15:47:34 kernel: [    0.398051] pci_bus 0000:00: resource 4 [io  0x0000-0x0cf7]
Oct 23 15:47:34 kernel: [    0.398053] pci_bus 0000:00: resource 5 [io  0x0d00-0xffff]
Oct 23 15:47:34 kernel: [    0.398056] pci_bus 0000:00: resource 6 [mem 0x000a0000-0x000bffff]
Oct 23 15:47:34 kernel: [    0.398058] pci_bus 0000:00: resource 7 [mem 0x000d0000-0x000d3fff]
Oct 23 15:47:34 kernel: [    0.398060] pci_bus 0000:00: resource 8 [mem 0x000d4000-0x000d7fff]
Oct 23 15:47:34 kernel: [    0.398062] pci_bus 0000:00: resource 9 [mem 0x000d8000-0x000dbfff]
Oct 23 15:47:34 kernel: [    0.398065] pci_bus 0000:00: resource 10 [mem 0x000dc000-0x000dffff]
Oct 23 15:47:34 kernel: [    0.398067] pci_bus 0000:00: resource 11 [mem 0x000e0000-0x000e3fff]
Oct 23 15:47:34 kernel: [    0.398069] pci_bus 0000:00: resource 12 [mem 0x000e4000-0x000e7fff]
Oct 23 15:47:34 kernel: [    0.398072] pci_bus 0000:00: resource 13 [mem 0xdfa00000-0xfeafffff]
Oct 23 15:47:34 kernel: [    0.398074] pci_bus 0000:01: resource 0 [io  0xe000-0xefff]
Oct 23 15:47:34 kernel: [    0.398077] pci_bus 0000:01: resource 1 [mem 0xf7d00000-0xf7dfffff]
Oct 23 15:47:34 kernel: [    0.398079] pci_bus 0000:01: resource 2 [mem 0xf0100000-0xf01fffff 64bit pref]
Oct 23 15:47:34 kernel: [    0.398082] pci_bus 0000:02: resource 0 [io  0xd000-0xdfff]
Oct 23 15:47:34 kernel: [    0.398084] pci_bus 0000:02: resource 2 [mem 0xf0000000-0xf00fffff 64bit pref]
Oct 23 15:47:34 kernel: [    0.398086] pci_bus 0000:03: resource 4 [io  0x0000-0x0cf7]
Oct 23 15:47:34 kernel: [    0.398089] pci_bus 0000:03: resource 5 [io  0x0d00-0xffff]
Oct 23 15:47:34 kernel: [    0.398091] pci_bus 0000:03: resource 6 [mem 0x000a0000-0x000bffff]
Oct 23 15:47:34 kernel: [    0.398093] pci_bus 0000:03: resource 7 [mem 0x000d0000-0x000d3fff]
Oct 23 15:47:34 kernel: [    0.398095] pci_bus 0000:03: resource 8 [mem 0x000d4000-0x000d7fff]
Oct 23 15:47:34 kernel: [    0.398097] pci_bus 0000:03: resource 9 [mem 0x000d8000-0x000dbfff]
Oct 23 15:47:34 kernel: [    0.398100] pci_bus 0000:03: resource 10 [mem 0x000dc000-0x000dffff]
Oct 23 15:47:34 kernel: [    0.398102] pci_bus 0000:03: resource 11 [mem 0x000e0000-0x000e3fff]
Oct 23 15:47:34 kernel: [    0.398104] pci_bus 0000:03: resource 12 [mem 0x000e4000-0x000e7fff]
Oct 23 15:47:34 kernel: [    0.398107] pci_bus 0000:03: resource 13 [mem 0xdfa00000-0xfeafffff]
Oct 23 15:47:34 kernel: [    0.398109] pci_bus 0000:04: resource 8 [io  0x0000-0x0cf7]
Oct 23 15:47:34 kernel: [    0.398112] pci_bus 0000:04: resource 9 [io  0x0d00-0xffff]
Oct 23 15:47:34 kernel: [    0.398114] pci_bus 0000:04: resource 10 [mem 0x000a0000-0x000bffff]
Oct 23 15:47:34 kernel: [    0.398116] pci_bus 0000:04: resource 11 [mem 0x000d0000-0x000d3fff]
Oct 23 15:47:34 kernel: [    0.398118] pci_bus 0000:04: resource 12 [mem 0x000d4000-0x000d7fff]
Oct 23 15:47:34 kernel: [    0.398121] pci_bus 0000:04: resource 13 [mem 0x000d8000-0x000dbfff]
Oct 23 15:47:34 kernel: [    0.398123] pci_bus 0000:04: resource 14 [mem 0x000dc000-0x000dffff]
Oct 23 15:47:34 kernel: [    0.398125] pci_bus 0000:04: resource 15 [mem 0x000e0000-0x000e3fff]
Oct 23 15:47:34 kernel: [    0.398127] pci_bus 0000:04: resource 16 [mem 0x000e4000-0x000e7fff]
Oct 23 15:47:34 kernel: [    0.398130] pci_bus 0000:04: resource 17 [mem 0xdfa00000-0xfeafffff]
Oct 23 15:47:34 kernel: [    0.398132] pci_bus 0000:05: resource 0 [io  0xc000-0xcfff]
Oct 23 15:47:34 kernel: [    0.398134] pci_bus 0000:05: resource 1 [mem 0xf7c00000-0xf7cfffff]
Oct 23 15:47:34 kernel: [    0.398193] NET: Registered protocol family 2
Oct 23 15:47:34 kernel: [    0.398408] IP route cache hash table entries: 262144 (order: 9, 2097152 bytes)
Oct 23 15:47:34 kernel: [    0.399367] TCP established hash table entries: 524288 (order: 11, 8388608 bytes)
Oct 23 15:47:34 kernel: [    0.400680] TCP bind hash table entries: 65536 (order: 8, 1048576 bytes)
Oct 23 15:47:34 kernel: [    0.400810] TCP: Hash tables configured (established 524288 bind 65536)
Oct 23 15:47:34 kernel: [    0.400812] TCP reno registered
Oct 23 15:47:34 kernel: [    0.400827] UDP hash table entries: 4096 (order: 5, 131072 bytes)
Oct 23 15:47:34 kernel: [    0.400863] UDP-Lite hash table entries: 4096 (order: 5, 131072 bytes)
Oct 23 15:47:34 kernel: [    0.400971] NET: Registered protocol family 1
Oct 23 15:47:34 kernel: [    0.400985] pci 0000:00:02.0: Boot video device
Oct 23 15:47:34 kernel: [    0.438289] PCI: CLS 64 bytes, default 64
Oct 23 15:47:34 kernel: [    0.438334] Unpacking initramfs...
Oct 23 15:47:34 kernel: [    0.559935] Freeing initrd memory: 4768k freed
Oct 23 15:47:34 kernel: [    0.560621] PCI-DMA: Using software bounce buffering for IO (SWIOTLB)
Oct 23 15:47:34 kernel: [    0.560626] Placing 64MB software IO TLB between ffff8800d77e4000 - ffff8800db7e4000
Oct 23 15:47:34 kernel: [    0.560628] software IO TLB at phys 0xd77e4000 - 0xdb7e4000
Oct 23 15:47:34 kernel: [    0.561013] audit: initializing netlink socket (disabled)
Oct 23 15:47:34 kernel: [    0.561023] type=2000 audit(1414079253.432:1): initialized
Oct 23 15:47:34 kernel: [    0.578869] HugeTLB registered 2 MB page size, pre-allocated 0 pages
Oct 23 15:47:34 kernel: [    0.579582] VFS: Disk quotas dquot_6.5.2
Oct 23 15:47:34 kernel: [    0.579611] Dquot-cache hash table entries: 512 (order 0, 4096 bytes)
Oct 23 15:47:34 kernel: [    0.579681] msgmni has been set to 15856
Oct 23 15:47:34 kernel: [    0.579826] alg: No test for stdrng (krng)
Oct 23 15:47:34 kernel: [    0.579852] Block layer SCSI generic (bsg) driver version 0.4 loaded (major 253)
Oct 23 15:47:34 kernel: [    0.579856] io scheduler noop registered
Oct 23 15:47:34 kernel: [    0.579858] io scheduler deadline registered
Oct 23 15:47:34 kernel: [    0.579875] io scheduler cfq registered (default)
Oct 23 15:47:34 kernel: [    0.580108] pci_hotplug: PCI Hot Plug PCI Core version: 0.5
Oct 23 15:47:34 kernel: [    0.580128] pciehp: PCI Express Hot Plug Controller Driver version: 0.4
Oct 23 15:47:34 kernel: [    0.580130] acpiphp: ACPI Hot Plug PCI Controller Driver version: 0.5
Oct 23 15:47:34 kernel: [    0.580530] vesafb: mode is 800x600x16, linelength=1600, pages=33
Oct 23 15:47:34 kernel: [    0.580532] vesafb: scrolling: redraw
Oct 23 15:47:34 kernel: [    0.580535] vesafb: Truecolor: size=0:5:6:5, shift=0:11:5:0
Oct 23 15:47:34 kernel: [    0.580945] vesafb: framebuffer at 0xe0000000, mapped to 0xffffc90005800000, using 1875k, total 32704k
Oct 23 15:47:34 kernel: [    0.601731] Console: switching to colour frame buffer device 100x37
Oct 23 15:47:34 kernel: [    0.622310] fb0: VESA VGA frame buffer device
Oct 23 15:47:34 kernel: [    0.622327] intel_idle: MWAIT substates: 0x21120
Oct 23 15:47:34 kernel: [    0.622329] intel_idle: v0.4 model 0x3A
Oct 23 15:47:34 kernel: [    0.622330] intel_idle: lapic_timer_reliable_states 0xffffffff
Oct 23 15:47:34 kernel: [    0.622363] ERST: Table is not found!
Oct 23 15:47:34 kernel: [    0.622365] GHES: HEST is not enabled!
Oct 23 15:47:34 kernel: [    0.622414] Serial: 8250/16550 driver, 4 ports, IRQ sharing enabled
Oct 23 15:47:34 kernel: [    0.642837] serial8250: ttyS0 at I/O 0x3f8 (irq = 4) is a 16550A
Oct 23 15:47:34 kernel: [    0.682580] serial8250: ttyS1 at I/O 0x2f8 (irq = 3) is a 16550A
Oct 23 15:47:34 kernel: [    0.706752] 00:09: ttyS0 at I/O 0x3f8 (irq = 4) is a 16550A
Oct 23 15:47:34 kernel: [    0.727265] 00:0a: ttyS1 at I/O 0x2f8 (irq = 3) is a 16550A
Oct 23 15:47:34 kernel: [    0.727581] Linux agpgart interface v0.103
Oct 23 15:47:34 kernel: [    0.727669] agpgart-intel 0000:00:00.0: Intel Ivybridge Chipset
Oct 23 15:47:34 kernel: [    0.727798] agpgart-intel 0000:00:00.0: detected gtt size: 2097152K total, 262144K mappable
Oct 23 15:47:34 kernel: [    0.728642] agpgart-intel 0000:00:00.0: detected 32768K stolen memory
Oct 23 15:47:34 kernel: [    0.728748] agpgart-intel 0000:00:00.0: AGP aperture is 256M @ 0xe0000000
Oct 23 15:47:34 kernel: [    0.728872] i8042: PNP: No PS/2 controller found. Probing ports directly.
Oct 23 15:47:34 kernel: [    0.729272] serio: i8042 KBD port at 0x60,0x64 irq 1
Oct 23 15:47:34 kernel: [    0.729278] serio: i8042 AUX port at 0x60,0x64 irq 12
Oct 23 15:47:34 kernel: [    0.729401] mousedev: PS/2 mouse device common for all mice
Oct 23 15:47:34 kernel: [    0.729435] rtc_cmos 00:06: RTC can wake from S4
Oct 23 15:47:34 kernel: [    0.729552] rtc_cmos 00:06: rtc core: registered rtc_cmos as rtc0
Oct 23 15:47:34 kernel: [    0.729580] rtc0: alarms up to one month, y3k, 242 bytes nvram, hpet irqs
Oct 23 15:47:34 kernel: [    0.729634] cpuidle: using governor ladder
Oct 23 15:47:34 kernel: [    0.729691] cpuidle: using governor menu
Oct 23 15:47:34 kernel: [    0.729863] TCP cubic registered
Oct 23 15:47:34 kernel: [    0.729948] NET: Registered protocol family 10
Oct 23 15:47:34 kernel: [    0.730473] Mobile IPv6
Oct 23 15:47:34 kernel: [    0.730475] NET: Registered protocol family 17
Oct 23 15:47:34 kernel: [    0.730479] Registering the dns_resolver key type
Oct 23 15:47:34 kernel: [    0.730769] PM: Hibernation image not present or could not be loaded.
Oct 23 15:47:34 kernel: [    0.730782] registered taskstats version 1
Oct 23 15:47:34 kernel: [    0.731388] rtc_cmos 00:06: setting system clock to 2014-10-23 15:47:33 UTC (1414079253)
Oct 23 15:47:34 kernel: [    0.731471] Initializing network drop monitor service
Oct 23 15:47:34 kernel: [    0.732617] Freeing unused kernel memory: 580k freed
Oct 23 15:47:34 kernel: [    0.732690] Write protecting the kernel read-only data: 6144k
Oct 23 15:47:34 kernel: [    0.735231] Freeing unused kernel memory: 652k freed
Oct 23 15:47:34 kernel: [    0.737861] Freeing unused kernel memory: 688k freed
Oct 23 15:47:34 kernel: [    0.787693] SCSI subsystem initialized
Oct 23 15:47:34 kernel: [    0.788947] usbcore: registered new interface driver usbfs
Oct 23 15:47:34 kernel: [    0.788969] usbcore: registered new interface driver hub
Oct 23 15:47:34 kernel: [    0.797197] usbcore: registered new device driver usb
Oct 23 15:47:34 kernel: [    0.797573] ehci_hcd: USB 2.0 'Enhanced' Host Controller (EHCI) Driver
Oct 23 15:47:34 kernel: [    0.797617] ehci_hcd 0000:00:1a.0: setting latency timer to 64
Oct 23 15:47:34 kernel: [    0.797621] ehci_hcd 0000:00:1a.0: EHCI Host Controller
Oct 23 15:47:34 kernel: [    0.797642] ehci_hcd 0000:00:1a.0: new USB bus registered, assigned bus number 1
Oct 23 15:47:34 kernel: [    0.797669] ehci_hcd 0000:00:1a.0: debug port 2
Oct 23 15:47:34 kernel: [    0.801567] ehci_hcd 0000:00:1a.0: cache line size of 64 is not supported
Oct 23 15:47:34 kernel: [    0.801587] ehci_hcd 0000:00:1a.0: irq 16, io mem 0xf7e08000
Oct 23 15:47:34 kernel: [    0.801607] libata version 3.00 loaded.
Oct 23 15:47:34 kernel: [    0.801845] pata_jmicron 0000:05:00.0: setting latency timer to 64
Oct 23 15:47:34 kernel: [    0.802136] scsi0 : pata_jmicron
Oct 23 15:47:34 kernel: [    0.802218] scsi1 : pata_jmicron
Oct 23 15:47:34 kernel: [    0.802260] ata1: PATA max UDMA/100 cmd 0xc040 ctl 0xc030 bmdma 0xc000 irq 19
Oct 23 15:47:34 kernel: [    0.802263] ata2: PATA max UDMA/100 cmd 0xc020 ctl 0xc010 bmdma 0xc008 irq 19
Oct 23 15:47:34 kernel: [    0.822647] thermal LNXTHERM:00: registered as thermal_zone0
Oct 23 15:47:34 kernel: [    0.822651] ACPI: Thermal Zone [TZ00] (28 C)
Oct 23 15:47:34 kernel: [    0.822843] thermal LNXTHERM:01: registered as thermal_zone1
Oct 23 15:47:34 kernel: [    0.822846] ACPI: Thermal Zone [TZ01] (30 C)
Oct 23 15:47:34 kernel: [    0.823025] ACPI: Fan [FAN0] (off)
Oct 23 15:47:34 kernel: [    0.823068] ACPI: Fan [FAN1] (off)
Oct 23 15:47:34 kernel: [    0.823104] ACPI: Fan [FAN2] (off)
Oct 23 15:47:34 kernel: [    0.823138] ACPI: Fan [FAN3] (off)
Oct 23 15:47:34 kernel: [    0.823173] ACPI: Fan [FAN4] (off)
Oct 23 15:47:34 kernel: [    0.830121] ehci_hcd 0000:00:1a.0: USB 2.0 started, EHCI 1.00
Oct 23 15:47:34 kernel: [    0.830160] usb usb1: New USB device found, idVendor=1d6b, idProduct=0002
Oct 23 15:47:34 kernel: [    0.830163] usb usb1: New USB device strings: Mfr=3, Product=2, SerialNumber=1
Oct 23 15:47:34 kernel: [    0.830165] usb usb1: Product: EHCI Host Controller
Oct 23 15:47:34 kernel: [    0.830167] usb usb1: Manufacturer: Linux 3.2.0-4-amd64 ehci_hcd
Oct 23 15:47:34 kernel: [    0.830170] usb usb1: SerialNumber: 0000:00:1a.0
Oct 23 15:47:34 kernel: [    0.830290] hub 1-0:1.0: USB hub found
Oct 23 15:47:34 kernel: [    0.830295] hub 1-0:1.0: 2 ports detected
Oct 23 15:47:34 kernel: [    0.830399] ehci_hcd 0000:00:1d.0: setting latency timer to 64
Oct 23 15:47:34 kernel: [    0.830403] ehci_hcd 0000:00:1d.0: EHCI Host Controller
Oct 23 15:47:34 kernel: [    0.830412] ehci_hcd 0000:00:1d.0: new USB bus registered, assigned bus number 2
Oct 23 15:47:34 kernel: [    0.830437] ehci_hcd 0000:00:1d.0: debug port 2
Oct 23 15:47:34 kernel: [    0.834332] ehci_hcd 0000:00:1d.0: cache line size of 64 is not supported
Oct 23 15:47:34 kernel: [    0.839127] ehci_hcd 0000:00:1d.0: irq 23, io mem 0xf7e07000
Oct 23 15:47:34 kernel: [    0.854246] ehci_hcd 0000:00:1d.0: USB 2.0 started, EHCI 1.00
Oct 23 15:47:34 kernel: [    0.854288] usb usb2: New USB device found, idVendor=1d6b, idProduct=0002
Oct 23 15:47:34 kernel: [    0.854291] usb usb2: New USB device strings: Mfr=3, Product=2, SerialNumber=1
Oct 23 15:47:34 kernel: [    0.854294] usb usb2: Product: EHCI Host Controller
Oct 23 15:47:34 kernel: [    0.854296] usb usb2: Manufacturer: Linux 3.2.0-4-amd64 ehci_hcd
Oct 23 15:47:34 kernel: [    0.854298] usb usb2: SerialNumber: 0000:00:1d.0
Oct 23 15:47:34 kernel: [    0.854545] hub 2-0:1.0: USB hub found
Oct 23 15:47:34 kernel: [    0.854553] hub 2-0:1.0: 2 ports detected
Oct 23 15:47:34 kernel: [    1.114731] parport_pc 00:0b: reported by Plug and Play ACPI
Oct 23 15:47:34 kernel: [    1.114783] parport0: PC-style at 0x378, irq 5 [PCSPP,TRISTATE]
Oct 23 15:47:34 kernel: [    1.116611] ahci 0000:00:1f.2: version 3.0
Oct 23 15:47:34 kernel: [    1.116670] ahci 0000:00:1f.2: irq 40 for MSI/MSI-X
Oct 23 15:47:34 kernel: [    1.116723] ahci 0000:00:1f.2: AHCI 0001.0300 32 slots 4 ports 6 Gbps 0x1 impl SATA mode
Oct 23 15:47:34 kernel: [    1.116726] ahci 0000:00:1f.2: flags: 64bit ncq led clo pio slum part ems apst 
Oct 23 15:47:34 kernel: [    1.116731] ahci 0000:00:1f.2: setting latency timer to 64
Oct 23 15:47:34 kernel: [    1.118069] scsi2 : ahci
Oct 23 15:47:34 kernel: [    1.118156] scsi3 : ahci
Oct 23 15:47:34 kernel: [    1.118220] scsi4 : ahci
Oct 23 15:47:34 kernel: [    1.118280] scsi5 : ahci
Oct 23 15:47:34 kernel: [    1.118549] ata3: SATA max UDMA/133 abar m2048@0xf7e06000 port 0xf7e06100 irq 40
Oct 23 15:47:34 kernel: [    1.118552] ata4: DUMMY
Oct 23 15:47:34 kernel: [    1.118553] ata5: DUMMY
Oct 23 15:47:34 kernel: [    1.118555] ata6: DUMMY
Oct 23 15:47:34 kernel: [    1.142102] usb 1-1: new high-speed USB device number 2 using ehci_hcd
Oct 23 15:47:34 kernel: [    1.274415] usb 1-1: New USB device found, idVendor=8087, idProduct=0024
Oct 23 15:47:34 kernel: [    1.274419] usb 1-1: New USB device strings: Mfr=0, Product=0, SerialNumber=0
Oct 23 15:47:34 kernel: [    1.275163] hub 1-1:1.0: USB hub found
Oct 23 15:47:34 kernel: [    1.275303] hub 1-1:1.0: 4 ports detected
Oct 23 15:47:34 kernel: [    1.386033] usb 2-1: new high-speed USB device number 2 using ehci_hcd
Oct 23 15:47:34 kernel: [    1.438015] ata3: SATA link up 6.0 Gbps (SStatus 133 SControl 300)
Oct 23 15:47:34 kernel: [    1.438212] ACPI Error: [DSSP] Namespace lookup failure, AE_NOT_FOUND (20110623/psargs-359)
Oct 23 15:47:34 kernel: [    1.438221] ACPI Error: Method parse/execution failed [\_SB_.PCI0.SAT0.SPT0._GTF] (Node ffff88021648b1a0), AE_NOT_FOUND (20110623/psparse-536)
Oct 23 15:47:34 kernel: [    1.438292] ata3.00: ATA-9: ADATA SP600, 2.9, max UDMA/100
Oct 23 15:47:34 kernel: [    1.438295] ata3.00: 125045424 sectors, multi 16: LBA48 NCQ (depth 31/32), AA
Oct 23 15:47:34 kernel: [    1.438506] ACPI Error: [DSSP] Namespace lookup failure, AE_NOT_FOUND (20110623/psargs-359)
Oct 23 15:47:34 kernel: [    1.438516] ACPI Error: Method parse/execution failed [\_SB_.PCI0.SAT0.SPT0._GTF] (Node ffff88021648b1a0), AE_NOT_FOUND (20110623/psparse-536)
Oct 23 15:47:34 kernel: [    1.438588] ata3.00: configured for UDMA/100
Oct 23 15:47:34 kernel: [    1.438849] scsi 2:0:0:0: Direct-Access     ATA      ADATA SP600      2.9  PQ: 0 ANSI: 5
Oct 23 15:47:34 kernel: [    1.442886] sd 2:0:0:0: [sda] 125045424 512-byte logical blocks: (64.0 GB/59.6 GiB)
Oct 23 15:47:34 kernel: [    1.442969] sd 2:0:0:0: [sda] Write Protect is off
Oct 23 15:47:34 kernel: [    1.442972] sd 2:0:0:0: [sda] Mode Sense: 00 3a 00 00
Oct 23 15:47:34 kernel: [    1.442991] sd 2:0:0:0: [sda] Write cache: enabled, read cache: enabled, doesn't support DPO or FUA
Oct 23 15:47:34 kernel: [    1.443807]  sda: unknown partition table
Oct 23 15:47:34 kernel: [    1.444172] sd 2:0:0:0: [sda] Attached SCSI disk
Oct 23 15:47:34 kernel: [    1.445665] sd 2:0:0:0: Attached scsi generic sg0 type 0
Oct 23 15:47:34 kernel: [    1.518310] usb 2-1: New USB device found, idVendor=8087, idProduct=0024
Oct 23 15:47:34 kernel: [    1.518315] usb 2-1: New USB device strings: Mfr=0, Product=0, SerialNumber=0
Oct 23 15:47:34 kernel: [    1.518607] hub 2-1:1.0: USB hub found
Oct 23 15:47:34 kernel: [    1.518654] hub 2-1:1.0: 4 ports detected
Oct 23 15:47:34 kernel: [    1.557967] Refined TSC clocksource calibration: 1795.920 MHz.
Oct 23 15:47:34 kernel: [    1.557973] Switching to clocksource tsc
Oct 23 15:47:34 kernel: [    1.590030] usb 1-1.4: new low-speed USB device number 3 using ehci_hcd
Oct 23 15:47:34 kernel: [    1.688496] usb 1-1.4: New USB device found, idVendor=046d, idProduct=c312
Oct 23 15:47:34 kernel: [    1.688501] usb 1-1.4: New USB device strings: Mfr=1, Product=2, SerialNumber=0
Oct 23 15:47:34 kernel: [    1.688504] usb 1-1.4: Product: USB Multimedia Keyboard
Oct 23 15:47:34 kernel: [    1.688506] usb 1-1.4: Manufacturer: LITEON Technology
Oct 23 15:47:34 kernel: [    1.694215] input: LITEON Technology USB Multimedia Keyboard as /devices/pci0000:00/0000:00:1a.0/usb1/1-1/1-1.4/1-1.4:1.0/input/input0
Oct 23 15:47:34 kernel: [    1.694302] generic-usb 0003:046D:C312.0001: input,hidraw0: USB HID v1.10 Keyboard [LITEON Technology USB Multimedia Keyboard] on usb-0000:00:1a.0-1.4/input0
Oct 23 15:47:34 kernel: [    1.694360] usbcore: registered new interface driver usbhid
Oct 23 15:47:34 kernel: [    1.694363] usbhid: USB HID core driver
Oct 23 15:47:34 kernel: [    1.789945] usb 2-1.2: new high-speed USB device number 3 using ehci_hcd
Oct 23 15:47:34 kernel: [    1.883057] usb 2-1.2: New USB device found, idVendor=18a5, idProduct=0302
Oct 23 15:47:34 kernel: [    1.883061] usb 2-1.2: New USB device strings: Mfr=1, Product=2, SerialNumber=3
Oct 23 15:47:34 kernel: [    1.883064] usb 2-1.2: Product: STORE N GO                    
Oct 23 15:47:34 kernel: [    1.883066] usb 2-1.2: Manufacturer: Verbatim                      
Oct 23 15:47:34 kernel: [    1.883068] usb 2-1.2: SerialNumber: 27000000000016EA
Oct 23 15:47:34 kernel: [    1.885443] Initializing USB Mass Storage driver...
Oct 23 15:47:34 kernel: [    1.889933] scsi6 : usb-storage 2-1.2:1.0
Oct 23 15:47:34 kernel: [    1.890021] usbcore: registered new interface driver usb-storage
Oct 23 15:47:34 kernel: [    1.890023] USB Mass Storage support registered.
Oct 23 15:47:34 init: starting pid 270, tty '': '/sbin/reopen-console /sbin/debian-installer'
Oct 23 15:47:34 init: starting pid 273, tty '/dev/tty4': '/usr/bin/tail -f /var/log/syslog'
Oct 23 15:47:34 debconf: Setting debconf/language to en
Oct 23 15:47:34 main-menu[290]: DEBUG: resolver (libc6-udeb): package doesn't exist (ignored)
Oct 23 15:47:34 main-menu[290]: INFO: Menu item 'localechooser' selected
Oct 23 15:47:35 debconf: Setting debconf/language to en
Oct 23 15:47:35 kernel: [    2.892455] scsi 6:0:0:0: Direct-Access     Verbatim STORE N GO       2.68 PQ: 0 ANSI: 2
Oct 23 15:47:35 kernel: [    2.893541] sd 6:0:0:0: Attached scsi generic sg1 type 0
Oct 23 15:47:35 kernel: [    2.894210] sd 6:0:0:0: [sdb] 3913728 512-byte logical blocks: (2.00 GB/1.86 GiB)
Oct 23 15:47:35 kernel: [    2.895001] sd 6:0:0:0: [sdb] Write Protect is off
Oct 23 15:47:35 kernel: [    2.895005] sd 6:0:0:0: [sdb] Mode Sense: 0b 00 00 08
Oct 23 15:47:35 kernel: [    2.895475] sd 6:0:0:0: [sdb] No Caching mode page found
Oct 23 15:47:35 kernel: [    2.895489] sd 6:0:0:0: [sdb] Assuming drive cache: write through
Oct 23 15:47:35 kernel: [    2.897720] sd 6:0:0:0: [sdb] No Caching mode page found
Oct 23 15:47:35 kernel: [    2.897726] sd 6:0:0:0: [sdb] Assuming drive cache: write through
Oct 23 15:47:35 kernel: [    2.898393]  sdb: sdb1 sdb2
Oct 23 15:47:35 kernel: [    2.901217] sd 6:0:0:0: [sdb] No Caching mode page found
Oct 23 15:47:35 kernel: [    2.901225] sd 6:0:0:0: [sdb] Assuming drive cache: write through
Oct 23 15:47:35 kernel: [    2.901238] sd 6:0:0:0: [sdb] Attached SCSI removable disk
Oct 23 15:47:37 localechooser: info: Language = 'en'
Oct 23 15:47:37 localechooser: info: line=en;0;US;en_US.UTF-8;;console-setup
Oct 23 15:47:37 localechooser: info: Set debian-installer/language = 'en'
Oct 23 15:47:37 localechooser: info: Default country = 'US'
Oct 23 15:47:37 localechooser: info: Default locale = 'en_US.UTF-8'
Oct 23 15:47:37 localechooser: info: Set debian-installer/consoledisplay = 'console-setup'
Oct 23 15:47:37 debconf: Setting debconf/language to en
Oct 23 15:47:39 localechooser: info: Set debian-installer/country = 'US'
Oct 23 15:47:39 localechooser: info: Set debian-installer/locale = 'en_US.UTF-8'
Oct 23 15:47:39 localechooser: info: System locale (debian-installer/locale) = 'en_US.UTF-8'
Oct 23 15:47:39 main-menu[290]: DEBUG: resolver (libc6-udeb): package doesn't exist (ignored)
Oct 23 15:47:39 main-menu[290]: INFO: Menu item 'console-setup-udeb' selected
Oct 23 15:47:41 main-menu[290]: INFO: Menu item 'console-setup-udeb' succeeded but requested to be left unconfigured.
Oct 23 15:47:41 main-menu[290]: DEBUG: resolver (libc6-udeb): package doesn't exist (ignored)
Oct 23 15:47:47 main-menu[290]: INFO: Menu item 'console-setup-udeb' selected
Oct 23 15:48:15 main-menu[290]: (process:1259): /etc/console-setup is not writable. No files will be saved there.
Oct 23 15:48:15 main-menu[290]: (process:1259): gzip is not accessible. Will not save cached keyboard map.
Oct 23 15:48:15 main-menu[290]: DEBUG: resolver (libc6-udeb): package doesn't exist (ignored)
Oct 23 15:48:16 main-menu[290]: INFO: Menu item 'cdrom-detect' selected
Oct 23 15:48:16 net/hw-detect.hotplug: Detected hotpluggable network interface lo
Oct 23 15:48:16 apt-install: Queueing package udev for later installation
Oct 23 15:48:16 apt-install: Queueing package pciutils for later installation
Oct 23 15:48:16 apt-install: Queueing package usbutils for later installation
Oct 23 15:48:16 apt-install: Queueing package acpi for later installation
Oct 23 15:48:16 apt-install: Queueing package acpid for later installation
Oct 23 15:48:16 apt-install: Queueing package acpi-support-base for later installation
Oct 23 15:48:17 check-missing-firmware: /dev/.udev/firmware-missing does not exist, skipping
Oct 23 15:48:17 check-missing-firmware: /run/udev/firmware-missing does not exist, skipping
Oct 23 15:48:17 check-missing-firmware: no missing firmware in /dev/.udev/firmware-missing /run/udev/firmware-missing
Oct 23 15:48:17 cdrom-detect: Searching for Debian installation media...
Oct 23 15:48:17 cdrom-detect: Devices: ''
Oct 23 15:48:18 cdrom-detect: Devices: ''
Oct 23 15:48:19 cdrom-detect: Devices: ''
Oct 23 15:48:20 cdrom-detect: Devices: ''
Oct 23 15:48:21 cdrom-detect: Devices: ''
Oct 23 15:48:22 cdrom-detect: Devices: ''
Oct 23 15:48:23 cdrom-detect: Devices: ''
Oct 23 15:48:24 cdrom-detect: Devices: ''
Oct 23 15:48:25 cdrom-detect: Devices: ''
Oct 23 15:48:26 kernel: [   53.960534] ISO 9660 Extensions: Microsoft Joliet Level 3
Oct 23 15:48:26 cdrom-detect: CD-ROM mount succeeded: device=/dev/sdb1 fstype=iso9660
Oct 23 15:48:26 kernel: [   53.962749] ISO 9660 Extensions: RRIP_1991A
Oct 23 15:48:26 cdrom-detect: Detected CD 'Debian GNU/Linux 7.6.0 "Wheezy" - Official amd64 NETINST Binary-1 20140712-14:09'
Oct 23 15:48:27 cdrom-detect: Detected CD with 'stable' (wheezy) distribution
Oct 23 15:48:27 anna-install: Queueing udeb eject-udeb for later installation
Oct 23 15:48:27 anna-install: Queueing udeb apt-mirror-setup for later installation
Oct 23 15:48:27 anna-install: Queueing udeb apt-cdrom-setup for later installation
Oct 23 15:48:27 anna-install: Queueing udeb wheezy-support for later installation
Oct 23 15:48:27 main-menu[290]: DEBUG: resolver (libc6-udeb): package doesn't exist (ignored)
Oct 23 15:48:27 main-menu[290]: INFO: Menu item 'load-cdrom' selected
Oct 23 15:48:27 cdrom-retriever: warning: Unable to find contrib/debian-installer/binary-amd64/Packages in /cdrom/dists/wheezy/Release.
Oct 23 15:48:27 cdrom-retriever: warning: Unable to find contrib/debian-installer/binary-amd64/Packages.gz in /cdrom/dists/wheezy/Release.
Oct 23 15:48:27 anna[2372]: DEBUG: resolver (fat-modules): package doesn't exist (ignored)
Oct 23 15:48:27 anna[2372]: DEBUG: resolver (ufsutils-udeb): package doesn't exist (ignored)
Oct 23 15:48:27 anna[2372]: DEBUG: resolver (fat-modules): package doesn't exist (ignored)
Oct 23 15:48:27 anna[2372]: DEBUG: resolver (ufsutils-udeb): package doesn't exist (ignored)
Oct 23 15:48:27 anna[2372]: DEBUG: retrieving apt-cdrom-setup 1:0.79
Oct 23 15:48:27 anna[2372]: DEBUG: retrieving apt-mirror-setup 1:0.79
Oct 23 15:48:27 anna[2372]: DEBUG: retrieving apt-setup-udeb 1:0.79
Oct 23 15:48:27 anna[2372]: DEBUG: retrieving base-installer 1.130
Oct 23 15:48:27 anna[2372]: DEBUG: retrieving bootstrap-base 1.130
Oct 23 15:48:28 anna[2372]: DEBUG: retrieving btrfs-tools-udeb 0.19+20120328-7.1
Oct 23 15:48:28 anna[2372]: DEBUG: retrieving choose-mirror-bin 2.45
Oct 23 15:48:28 anna[2372]: DEBUG: retrieving clock-setup 0.114
Oct 23 15:48:28 anna[2372]: DEBUG: retrieving debian-archive-keyring-udeb 2012.4
Oct 23 15:48:28 anna[2372]: DEBUG: retrieving di-utils-mapdevfs 1.92+deb7u1
Oct 23 15:48:28 anna[2372]: DEBUG: retrieving debootstrap-udeb 1.0.48+deb7u1
Oct 23 15:48:28 anna[2372]: DEBUG: retrieving e2fsprogs-udeb 1.42.5-1.1
Oct 23 15:48:28 anna[2372]: DEBUG: retrieving libc6-udeb 2.13-38+deb7u2
Oct 23 15:48:29 anna[2372]: DEBUG: retrieving libnss-files-udeb 2.13-38+deb7u2
Oct 23 15:48:29 anna[2372]: DEBUG: retrieving eject-udeb 2.1.5+deb1+cvs20081104-13
Oct 23 15:48:29 anna[2372]: DEBUG: retrieving finish-install 2.41wheezy1
Oct 23 15:48:29 anna[2372]: DEBUG: retrieving libfuse2-udeb 2.9.0-2+deb7u1
Oct 23 15:48:29 anna[2372]: DEBUG: retrieving gpgv-udeb 1.4.12-7+deb7u4
Oct 23 15:48:29 anna[2372]: DEBUG: retrieving grub-installer 1.85
Oct 23 15:48:29 anna[2372]: DEBUG: retrieving grub-mount-udeb 1.99-27+deb7u2
Oct 23 15:48:30 anna[2372]: DEBUG: retrieving disk-detect 1.92
Oct 23 15:48:30 anna[2372]: DEBUG: retrieving ethdetect 1.92
Oct 23 15:48:30 anna[2372]: DEBUG: retrieving jfsutils-udeb 1.1.15-2
Oct 23 15:48:30 anna[2372]: DEBUG: retrieving kickseed-common 0.58
Oct 23 15:48:30 anna[2372]: DEBUG: retrieving libbsd0-udeb 0.4.2-1
Oct 23 15:48:30 anna[2372]: DEBUG: retrieving libnl-3-200-udeb 3.2.7-4
Oct 23 15:48:30 anna[2372]: DEBUG: retrieving libnl-genl-3-200-udeb 3.2.7-4
Oct 23 15:48:30 anna[2372]: DEBUG: retrieving lilo-installer 1.41
Oct 23 15:48:31 anna[2372]: DEBUG: retrieving btrfs-modules-3.2.0-4-amd64-di 3.2.57-3
Oct 23 15:48:31 anna[2372]: DEBUG: retrieving crypto-modules-3.2.0-4-amd64-di 3.2.57-3
Oct 23 15:48:31 anna[2372]: DEBUG: retrieving efi-modules-3.2.0-4-amd64-di 3.2.57-3
Oct 23 15:48:31 anna[2372]: DEBUG: retrieving ext2-modules-3.2.0-4-amd64-di 3.2.57-3
Oct 23 15:48:31 anna[2372]: DEBUG: retrieving ext3-modules-3.2.0-4-amd64-di 3.2.57-3
Oct 23 15:48:31 anna[2372]: DEBUG: retrieving ext4-modules-3.2.0-4-amd64-di 3.2.57-3
Oct 23 15:48:31 anna[2372]: DEBUG: retrieving i2c-modules-3.2.0-4-amd64-di 3.2.57-3
Oct 23 15:48:31 anna[2372]: DEBUG: retrieving jfs-modules-3.2.0-4-amd64-di 3.2.57-3
Oct 23 15:48:31 anna[2372]: DEBUG: retrieving loop-modules-3.2.0-4-amd64-di 3.2.57-3
Oct 23 15:48:31 anna[2372]: DEBUG: retrieving md-modules-3.2.0-4-amd64-di 3.2.57-3
Oct 23 15:48:31 anna[2372]: DEBUG: retrieving nic-extra-modules-3.2.0-4-amd64-di 3.2.57-3
Oct 23 15:48:31 anna[2372]: DEBUG: retrieving nic-modules-3.2.0-4-amd64-di 3.2.57-3
Oct 23 15:48:31 anna[2372]: DEBUG: retrieving nic-pcmcia-modules-3.2.0-4-amd64-di 3.2.57-3
Oct 23 15:48:31 anna[2372]: DEBUG: retrieving nic-shared-modules-3.2.0-4-amd64-di 3.2.57-3
Oct 23 15:48:31 anna[2372]: DEBUG: retrieving nic-usb-modules-3.2.0-4-amd64-di 3.2.57-3
Oct 23 15:48:32 anna[2372]: DEBUG: retrieving nic-wireless-modules-3.2.0-4-amd64-di 3.2.57-3
Oct 23 15:48:32 anna[2372]: DEBUG: retrieving scsi-extra-modules-3.2.0-4-amd64-di 3.2.57-3
Oct 23 15:48:32 anna[2372]: DEBUG: retrieving ufs-modules-3.2.0-4-amd64-di 3.2.57-3
Oct 23 15:48:32 anna[2372]: DEBUG: retrieving xfs-modules-3.2.0-4-amd64-di 3.2.57-3
Oct 23 15:48:32 anna[2372]: DEBUG: retrieving zlib-modules-3.2.0-4-amd64-di 3.2.57-3
Oct 23 15:48:32 anna[2372]: DEBUG: retrieving ntfsprogs-udeb 2.0.0-1+b1
Oct 23 15:48:32 anna[2372]: DEBUG: retrieving libdevmapper1.02.1-udeb 2:1.02.74-8
Oct 23 15:48:32 anna[2372]: DEBUG: retrieving mdadm-udeb 3.2.5-5
Oct 23 15:48:32 anna[2372]: DEBUG: retrieving ndisc6-udeb 1.0.1-1+b1
Oct 23 15:48:32 anna[2372]: DEBUG: retrieving rdnssd-udeb 1.0.1-1+b1
Oct 23 15:48:32 anna[2372]: DEBUG: retrieving netcfg 1.108+deb7u1
Oct 23 15:48:33 anna[2372]: DEBUG: retrieving nobootloader 1.38
Oct 23 15:48:33 anna[2372]: DEBUG: retrieving libcrypto1.0.0-udeb 1.0.1e-2+deb7u11
Oct 23 15:48:33 anna[2372]: DEBUG: retrieving os-prober-udeb 1.58
Oct 23 15:48:34 anna[2372]: DEBUG: retrieving libparted0-udeb 2.3-12
Oct 23 15:48:34 anna[2372]: DEBUG: retrieving partman-auto 106
Oct 23 15:48:34 anna[2372]: DEBUG: retrieving partman-auto-raid 21
Oct 23 15:48:34 anna[2372]: DEBUG: retrieving partman-base 165
Oct 23 15:48:35 anna[2372]: DEBUG: retrieving partman-utils 165
Oct 23 15:48:35 anna[2372]: DEBUG: retrieving partman-basicfilesystems 77
Oct 23 15:48:35 anna[2372]: DEBUG: retrieving partman-basicmethods 52
Oct 23 15:48:36 anna[2372]: DEBUG: retrieving partman-btrfs 10
Oct 23 15:48:36 anna[2372]: DEBUG: retrieving partman-efi 36
Oct 23 15:48:37 anna[2372]: DEBUG: retrieving partman-ext3 74
Oct 23 15:48:37 anna[2372]: DEBUG: retrieving partman-jfs 38
Oct 23 15:48:38 anna[2372]: DEBUG: retrieving partman-md 64
Oct 23 15:48:39 anna[2372]: DEBUG: retrieving partman-partitioning 91
Oct 23 15:48:39 anna[2372]: DEBUG: retrieving partman-target 82
Oct 23 15:48:40 anna[2372]: DEBUG: retrieving partman-ufs 14
Oct 23 15:48:40 anna[2372]: DEBUG: retrieving partman-xfs 50
Oct 23 15:48:41 anna[2372]: DEBUG: retrieving pkgsel 0.37
Oct 23 15:48:42 anna[2372]: DEBUG: retrieving network-preseed 1.58
Oct 23 15:48:42 anna[2372]: DEBUG: retrieving rdate-udeb 1:1.2-5
Oct 23 15:48:42 anna[2372]: DEBUG: retrieving tzsetup-udeb 1:0.42
Oct 23 15:48:43 anna[2372]: DEBUG: retrieving user-setup-udeb 1.48
Oct 23 15:48:44 anna[2372]: DEBUG: retrieving fdisk-udeb 2.20.1-5.3
Oct 23 15:48:44 anna[2372]: DEBUG: retrieving wide-dhcpv6-client-udeb 20080615-11.1
Oct 23 15:48:44 anna[2372]: DEBUG: retrieving libiw30-udeb 30~pre9-8
Oct 23 15:48:44 anna[2372]: DEBUG: retrieving wpasupplicant-udeb 1.0-3+b2
Oct 23 15:48:44 anna[2372]: DEBUG: retrieving xfsprogs-udeb 3.1.7+b1
Oct 23 15:48:45 main-menu[290]: INFO: Menu item 'ethdetect' selected
Oct 23 15:48:45 kernel: [   72.853319] r8169 Gigabit Ethernet driver 2.3LK-NAPI loaded
Oct 23 15:48:45 kernel: [   72.853382] r8169 0000:01:00.0: setting latency timer to 64
Oct 23 15:48:45 kernel: [   72.853475] r8169 0000:01:00.0: irq 41 for MSI/MSI-X
Oct 23 15:48:45 kernel: [   72.853899] r8169 0000:01:00.0: eth0: RTL8168evl/8111evl at 0xffffc90000c74000, 74:d4:35:84:02:0f, XID 0c900880 IRQ 41
Oct 23 15:48:45 kernel: [   72.853902] r8169 0000:01:00.0: eth0: jumbo features [frames: 9200 bytes, tx checksumming: ko]
Oct 23 15:48:45 kernel: [   72.854711] r8169 Gigabit Ethernet driver 2.3LK-NAPI loaded
Oct 23 15:48:45 kernel: [   72.854781] r8169 0000:02:00.0: setting latency timer to 64
Oct 23 15:48:45 kernel: [   72.854874] r8169 0000:02:00.0: irq 42 for MSI/MSI-X
Oct 23 15:48:45 kernel: [   72.855587] r8169 0000:02:00.0: eth1: RTL8168evl/8111evl at 0xffffc90000c76000, 74:d4:35:84:02:0d, XID 0c900880 IRQ 42
Oct 23 15:48:45 kernel: [   72.855591] r8169 0000:02:00.0: eth1: jumbo features [frames: 9200 bytes, tx checksumming: ko]
Oct 23 15:48:45 net/hw-detect.hotplug: Detected hotpluggable network interface lo
Oct 23 15:48:45 net/hw-detect.hotplug: Detected hotpluggable network interface eth0
Oct 23 15:48:46 net/hw-detect.hotplug: Detected hotpluggable network interface eth1
Oct 23 15:48:47 check-missing-firmware: /dev/.udev/firmware-missing does not exist, skipping
Oct 23 15:48:47 check-missing-firmware: /run/udev/firmware-missing does not exist, skipping
Oct 23 15:48:47 check-missing-firmware: no missing firmware in /dev/.udev/firmware-missing /run/udev/firmware-missing
Oct 23 15:48:47 kernel: [   75.189994] r8169 0000:02:00.0: firmware: agent aborted loading rtl_nic/rtl8168e-3.fw (not found?)
Oct 23 15:48:47 kernel: [   75.190034] r8169 0000:02:00.0: eth1: unable to load firmware patch rtl_nic/rtl8168e-3.fw (-2)
Oct 23 15:48:47 kernel: [   75.199496] r8169 0000:02:00.0: eth1: link down
Oct 23 15:48:47 kernel: [   75.200819] ADDRCONF(NETDEV_UP): eth1: link is not ready
Oct 23 15:48:48 kernel: [   75.225628] r8169 0000:01:00.0: firmware: agent aborted loading rtl_nic/rtl8168e-3.fw (not found?)
Oct 23 15:48:48 kernel: [   75.225841] r8169 0000:01:00.0: eth0: unable to load firmware patch rtl_nic/rtl8168e-3.fw (-2)
Oct 23 15:48:48 kernel: [   75.235496] r8169 0000:01:00.0: eth0: link down
Oct 23 15:48:48 kernel: [   75.235505] r8169 0000:01:00.0: eth0: link down
Oct 23 15:48:48 kernel: [   75.236640] ADDRCONF(NETDEV_UP): eth0: link is not ready
Oct 23 15:48:49 check-missing-firmware: /dev/.udev/firmware-missing does not exist, skipping
Oct 23 15:48:49 check-missing-firmware: missing firmware files (rtl_nic/rtl8168e-3.fw) for r8169
Oct 23 15:48:49 kernel: [   76.362226] FAT-fs (sda): utf8 is not a recommended IO charset for FAT filesystems, filesystem will be case sensitive!
Oct 23 15:48:49 kernel: [   76.402275] FAT-fs (sda): utf8 is not a recommended IO charset for FAT filesystems, filesystem will be case sensitive!
Oct 23 15:48:49 kernel: [   76.482184] FAT-fs (sda): utf8 is not a recommended IO charset for FAT filesystems, filesystem will be case sensitive!
Oct 23 15:48:49 kernel: [   76.530164] FAT-fs (sda): utf8 is not a recommended IO charset for FAT filesystems, filesystem will be case sensitive!
Oct 23 15:48:49 kernel: [   76.648271] r8169 Gigabit Ethernet driver 2.3LK-NAPI loaded
Oct 23 15:48:49 kernel: [   76.648407] r8169 0000:01:00.0: setting latency timer to 64
Oct 23 15:48:49 kernel: [   76.648491] r8169 0000:01:00.0: irq 41 for MSI/MSI-X
Oct 23 15:48:49 kernel: [   76.649181] r8169 0000:01:00.0: eth0: RTL8168evl/8111evl at 0xffffc90000c74000, 74:d4:35:84:02:0f, XID 0c900880 IRQ 41
Oct 23 15:48:49 kernel: [   76.649185] r8169 0000:01:00.0: eth0: jumbo features [frames: 9200 bytes, tx checksumming: ko]
Oct 23 15:48:49 net/hw-detect.hotplug: Detected hotpluggable network interface eth0
Oct 23 15:48:49 net/hw-detect.hotplug: Detected hotpluggable network interface eth1
Oct 23 15:48:49 kernel: [   76.662120] r8169 Gigabit Ethernet driver 2.3LK-NAPI loaded
Oct 23 15:48:49 kernel: [   76.662199] r8169 0000:02:00.0: setting latency timer to 64
Oct 23 15:48:49 kernel: [   76.662285] r8169 0000:02:00.0: irq 42 for MSI/MSI-X
Oct 23 15:48:49 kernel: [   76.662795] r8169 0000:02:00.0: eth1: RTL8168evl/8111evl at 0xffffc90000c76000, 74:d4:35:84:02:0d, XID 0c900880 IRQ 42
Oct 23 15:48:49 kernel: [   76.662799] r8169 0000:02:00.0: eth1: jumbo features [frames: 9200 bytes, tx checksumming: ko]
Oct 23 15:48:49 kernel: [   76.677358] r8169 0000:02:00.0: firmware: agent aborted loading rtl_nic/rtl8168e-3.fw (not found?)
Oct 23 15:48:49 kernel: [   76.677416] r8169 0000:02:00.0: eth1: unable to load firmware patch rtl_nic/rtl8168e-3.fw (-2)
Oct 23 15:48:49 kernel: [   76.687034] r8169 0000:02:00.0: eth1: link down
Oct 23 15:48:49 kernel: [   76.688336] ADDRCONF(NETDEV_UP): eth1: link is not ready
Oct 23 15:48:49 kernel: [   76.705251] r8169 0000:01:00.0: firmware: agent aborted loading rtl_nic/rtl8168e-3.fw (not found?)
Oct 23 15:48:49 kernel: [   76.705293] r8169 0000:01:00.0: eth0: unable to load firmware patch rtl_nic/rtl8168e-3.fw (-2)
Oct 23 15:48:49 kernel: [   76.715034] r8169 0000:01:00.0: eth0: link down
Oct 23 15:48:49 kernel: [   76.715983] ADDRCONF(NETDEV_UP): eth0: link is not ready
Oct 23 15:48:50 check-missing-firmware: /dev/.udev/firmware-missing does not exist, skipping
Oct 23 15:48:50 check-missing-firmware: missing firmware files (rtl_nic/rtl8168e-3.fw) for r8169
Oct 23 15:50:24 kernel: [  171.703966] FAT-fs (sda): utf8 is not a recommended IO charset for FAT filesystems, filesystem will be case sensitive!
Oct 23 15:50:24 kernel: [  171.743950] FAT-fs (sda): utf8 is not a recommended IO charset for FAT filesystems, filesystem will be case sensitive!
Oct 23 15:50:24 kernel: [  171.843880] FAT-fs (sda): utf8 is not a recommended IO charset for FAT filesystems, filesystem will be case sensitive!
Oct 23 15:50:24 kernel: [  171.899863] FAT-fs (sda): utf8 is not a recommended IO charset for FAT filesystems, filesystem will be case sensitive!
Oct 23 15:50:24 kernel: [  172.041849] r8169 Gigabit Ethernet driver 2.3LK-NAPI loaded
Oct 23 15:50:24 kernel: [  172.041913] r8169 0000:01:00.0: setting latency timer to 64
Oct 23 15:50:24 kernel: [  172.042005] r8169 0000:01:00.0: irq 41 for MSI/MSI-X
Oct 23 15:50:24 kernel: [  172.042423] r8169 0000:01:00.0: eth0: RTL8168evl/8111evl at 0xffffc90000c74000, 74:d4:35:84:02:0f, XID 0c900880 IRQ 41
Oct 23 15:50:24 kernel: [  172.042427] r8169 0000:01:00.0: eth0: jumbo features [frames: 9200 bytes, tx checksumming: ko]
Oct 23 15:50:24 net/hw-detect.hotplug: Detected hotpluggable network interface eth0
Oct 23 15:50:24 net/hw-detect.hotplug: Detected hotpluggable network interface eth1
Oct 23 15:50:24 kernel: [  172.055778] r8169 Gigabit Ethernet driver 2.3LK-NAPI loaded
Oct 23 15:50:24 kernel: [  172.055859] r8169 0000:02:00.0: setting latency timer to 64
Oct 23 15:50:24 kernel: [  172.055953] r8169 0000:02:00.0: irq 42 for MSI/MSI-X
Oct 23 15:50:24 kernel: [  172.056463] r8169 0000:02:00.0: eth1: RTL8168evl/8111evl at 0xffffc90000c76000, 74:d4:35:84:02:0d, XID 0c900880 IRQ 42
Oct 23 15:50:24 kernel: [  172.056467] r8169 0000:02:00.0: eth1: jumbo features [frames: 9200 bytes, tx checksumming: ko]
Oct 23 15:50:24 kernel: [  172.071071] r8169 0000:02:00.0: firmware: agent aborted loading rtl_nic/rtl8168e-3.fw (not found?)
Oct 23 15:50:24 kernel: [  172.071130] r8169 0000:02:00.0: eth1: unable to load firmware patch rtl_nic/rtl8168e-3.fw (-2)
Oct 23 15:50:24 kernel: [  172.080704] r8169 0000:02:00.0: eth1: link down
Oct 23 15:50:24 kernel: [  172.082046] ADDRCONF(NETDEV_UP): eth1: link is not ready
Oct 23 15:50:24 kernel: [  172.098887] r8169 0000:01:00.0: firmware: agent aborted loading rtl_nic/rtl8168e-3.fw (not found?)
Oct 23 15:50:24 kernel: [  172.098929] r8169 0000:01:00.0: eth0: unable to load firmware patch rtl_nic/rtl8168e-3.fw (-2)
Oct 23 15:50:24 kernel: [  172.108699] r8169 0000:01:00.0: eth0: link down
Oct 23 15:50:24 kernel: [  172.108709] r8169 0000:01:00.0: eth0: link down
Oct 23 15:50:24 kernel: [  172.110011] ADDRCONF(NETDEV_UP): eth0: link is not ready
Oct 23 15:50:25 check-missing-firmware: /dev/.udev/firmware-missing does not exist, skipping
Oct 23 15:50:25 check-missing-firmware: missing firmware files (rtl_nic/rtl8168e-3.fw) for r8169
Oct 23 15:51:11 main-menu[290]: (process:4505): mount: mounting /dev/sda on /media failed: Invalid argument
Oct 23 15:51:11 main-menu[290]: (process:4505): umount: can't umount /media: Invalid argument
Oct 23 15:51:11 main-menu[290]: (process:4505): mount: mounting /dev/sda on /media failed: Invalid argument
Oct 23 15:51:11 main-menu[290]: (process:4505): mount: mounting /dev/sdb on /media failed: Device or resource busy
Oct 23 15:51:11 main-menu[290]: (process:4505): umount: can't umount /media: Invalid argument
Oct 23 15:51:11 main-menu[290]: (process:4505): mount: mounting /dev/sdb on /media failed: Device or resource busy
Oct 23 15:51:11 main-menu[290]: (process:4505): mount: mounting /dev/sda on /media failed: Invalid argument
Oct 23 15:51:11 main-menu[290]: (process:4505): umount: can't umount /media: Invalid argument
Oct 23 15:51:11 main-menu[290]: (process:4505): mount: mounting /dev/sda on /media failed: Invalid argument
Oct 23 15:51:11 main-menu[290]: (process:4505): mount: mounting /dev/sdb on /media failed: Device or resource busy
Oct 23 15:51:11 main-menu[290]: (process:4505): umount: can't umount /media: Invalid argument
Oct 23 15:51:11 main-menu[290]: (process:4505): mount: mounting /dev/sdb on /media failed: Device or resource busy
Oct 23 15:51:11 main-menu[290]: (process:4505): mount: mounting /dev/sda on /media failed: Invalid argument
Oct 23 15:51:11 main-menu[290]: (process:4505): umount: can't umount /media: Invalid argument
Oct 23 15:51:11 main-menu[290]: (process:4505): mount: mounting /dev/sda on /media failed: Invalid argument
Oct 23 15:51:11 main-menu[290]: (process:4505): mount: mounting /dev/sdb on /media failed: Device or resource busy
Oct 23 15:51:11 main-menu[290]: (process:4505): umount: can't umount /media: Invalid argument
Oct 23 15:51:11 main-menu[290]: (process:4505): mount: mounting /dev/sdb on /media failed: Device or resource busy
Oct 23 15:51:11 main-menu[290]: (process:4505): mount: mounting /dev/sda on /media failed: Invalid argument
Oct 23 15:51:11 main-menu[290]: (process:4505): umount: can't umount /media: Invalid argument
Oct 23 15:51:11 main-menu[290]: (process:4505): mount: mounting /dev/sda on /media failed: Invalid argument
Oct 23 15:51:11 main-menu[290]: (process:4505): mount: mounting /dev/sdb on /media failed: Device or resource busy
Oct 23 15:51:11 main-menu[290]: (process:4505): umount: can't umount /media: Invalid argument
Oct 23 15:51:11 main-menu[290]: (process:4505): mount: mounting /dev/sdb on /media failed: Device or resource busy
Oct 23 15:51:12 main-menu[290]: INFO: Menu item 'netcfg' selected
Oct 23 15:51:12 netcfg[5484]: INFO: Starting netcfg v.1.108+deb7u1 (built 20131008-1932)
Oct 23 15:51:12 netcfg[5484]: WARNING **: Couldn't read Wpasupplicant pid file, not trying to kill.
Oct 23 15:51:12 netcfg[5484]: INFO: Activating interface eth0
Oct 23 15:51:12 netcfg[5484]: INFO: Waiting time set to 3
Oct 23 15:51:12 kernel: [  219.617520] r8169 0000:01:00.0: eth0: link down
Oct 23 15:51:12 kernel: [  219.617529] r8169 0000:01:00.0: eth0: link down
Oct 23 15:51:12 kernel: [  219.618838] ADDRCONF(NETDEV_UP): eth0: link is not ready
Oct 23 15:51:12 netcfg[5484]: INFO: ethtool-lite: eth0 is disconnected.
Oct 23 15:51:12 netcfg[5484]: INFO: ethtool-lite: eth0 is disconnected.
Oct 23 15:51:13 netcfg[5484]: INFO: ethtool-lite: eth0 is disconnected.
Oct 23 15:51:13 netcfg[5484]: INFO: ethtool-lite: eth0 is disconnected.
Oct 23 15:51:13 netcfg[5484]: INFO: ethtool-lite: eth0 is disconnected.
Oct 23 15:51:13 netcfg[5484]: INFO: ethtool-lite: eth0 is disconnected.
Oct 23 15:51:14 netcfg[5484]: INFO: ethtool-lite: eth0 is disconnected.
Oct 23 15:51:14 netcfg[5484]: INFO: ethtool-lite: eth0 is disconnected.
Oct 23 15:51:14 netcfg[5484]: INFO: ethtool-lite: eth0 is disconnected.
Oct 23 15:51:14 netcfg[5484]: INFO: ethtool-lite: eth0 is disconnected.
Oct 23 15:51:15 netcfg[5484]: INFO: ethtool-lite: eth0 is disconnected.
Oct 23 15:51:15 netcfg[5484]: INFO: ethtool-lite: eth0 is disconnected.
Oct 23 15:51:15 netcfg[5484]: INFO: Reached timeout for link detection on eth0
Oct 23 15:51:15 netcfg[5484]: INFO: found no link on interface eth0.
Oct 23 15:51:15 netcfg[5484]: INFO: eth0 is not a wireless interface. Continuing.
Oct 23 15:51:15 netcfg[5484]: INFO: Taking down interface eth0
Oct 23 15:51:15 netcfg[5484]: INFO: Taking down interface eth0
Oct 23 15:51:15 netcfg[5484]: INFO: Activating interface eth1
Oct 23 15:51:15 netcfg[5484]: INFO: Waiting time set to 3
Oct 23 15:51:15 kernel: [  222.648601] r8169 0000:02:00.0: eth1: link down
Oct 23 15:51:15 kernel: [  222.649916] ADDRCONF(NETDEV_UP): eth1: link is not ready
Oct 23 15:51:15 netcfg[5484]: INFO: ethtool-lite: eth1 is disconnected.
Oct 23 15:51:15 netcfg[5484]: INFO: ethtool-lite: eth1 is disconnected.
Oct 23 15:51:16 netcfg[5484]: INFO: ethtool-lite: eth1 is disconnected.
Oct 23 15:51:16 netcfg[5484]: INFO: ethtool-lite: eth1 is disconnected.
Oct 23 15:51:16 netcfg[5484]: INFO: ethtool-lite: eth1 is disconnected.
Oct 23 15:51:16 netcfg[5484]: INFO: ethtool-lite: eth1 is disconnected.
Oct 23 15:51:17 netcfg[5484]: INFO: ethtool-lite: eth1 is disconnected.
Oct 23 15:51:17 netcfg[5484]: INFO: ethtool-lite: eth1 is disconnected.
Oct 23 15:51:17 netcfg[5484]: INFO: ethtool-lite: eth1 is disconnected.
Oct 23 15:51:17 netcfg[5484]: INFO: ethtool-lite: eth1 is disconnected.
Oct 23 15:51:18 netcfg[5484]: INFO: ethtool-lite: eth1 is disconnected.
Oct 23 15:51:18 netcfg[5484]: INFO: ethtool-lite: eth1 is disconnected.
Oct 23 15:51:18 netcfg[5484]: INFO: Reached timeout for link detection on eth1
Oct 23 15:51:18 netcfg[5484]: INFO: found no link on interface eth1.
Oct 23 15:51:18 netcfg[5484]: INFO: eth1 is not a wireless interface. Continuing.
Oct 23 15:51:18 netcfg[5484]: INFO: Taking down interface eth1
Oct 23 15:51:18 netcfg[5484]: INFO: Taking down interface eth1
Oct 23 15:51:18 netcfg[5484]: INFO: Could not find valid BOOTIF= entry in /proc/cmdline
Oct 23 15:51:18 netcfg[5484]: INFO: Taking down interface eth0
Oct 23 15:51:18 netcfg[5484]: INFO: Taking down interface eth1
Oct 23 15:52:07 netcfg[5484]: INFO: Taking down interface lo
Oct 23 15:52:07 netcfg[5484]: INFO: Activating interface eth0
Oct 23 15:52:07 netcfg[5484]: DEBUG: State is now 0
Oct 23 15:52:07 netcfg[5484]: DEBUG: Want link on eth0
Oct 23 15:52:07 netcfg[5484]: INFO: Waiting time set to 3
Oct 23 15:52:07 kernel: [  274.604068] r8169 0000:01:00.0: eth0: link down
Oct 23 15:52:07 kernel: [  274.604078] r8169 0000:01:00.0: eth0: link down
Oct 23 15:52:07 kernel: [  274.605409] ADDRCONF(NETDEV_UP): eth0: link is not ready
Oct 23 15:52:07 netcfg[5484]: INFO: ethtool-lite: eth0 is disconnected.
Oct 23 15:52:07 netcfg[5484]: INFO: ethtool-lite: eth0 is disconnected.
Oct 23 15:52:08 netcfg[5484]: INFO: ethtool-lite: eth0 is disconnected.
Oct 23 15:52:08 netcfg[5484]: INFO: ethtool-lite: eth0 is disconnected.
Oct 23 15:52:08 netcfg[5484]: INFO: ethtool-lite: eth0 is disconnected.
Oct 23 15:52:08 netcfg[5484]: INFO: ethtool-lite: eth0 is disconnected.
Oct 23 15:52:09 netcfg[5484]: INFO: ethtool-lite: eth0 is disconnected.
Oct 23 15:52:09 netcfg[5484]: INFO: ethtool-lite: eth0 is disconnected.
Oct 23 15:52:09 netcfg[5484]: INFO: ethtool-lite: eth0 is disconnected.
Oct 23 15:52:09 netcfg[5484]: INFO: ethtool-lite: eth0 is disconnected.
Oct 23 15:52:10 kernel: [  277.313734] r8169 0000:01:00.0: eth0: link up
Oct 23 15:52:10 kernel: [  277.315064] ADDRCONF(NETDEV_CHANGE): eth0: link becomes ready
Oct 23 15:52:10 netcfg[5484]: INFO: ethtool-lite: eth0 is connected.
Oct 23 15:52:10 netcfg[5484]: INFO: Found link on eth0
Oct 23 15:52:10 netcfg[5484]: DEBUG: Commencing network autoconfiguration on eth0
Oct 23 15:52:10 netcfg[5484]: DEBUG: rdnssd started; PID: 5499
Oct 23 15:52:10 netcfg[5484]: DEBUG: nc_v6_interface_configured(eth0, scope local)
Oct 23 15:52:10 netcfg[5484]: DEBUG: Running ip addr show eth0 to look for address
Oct 23 15:52:10 netcfg[5484]: DEBUG: ip line: 6: eth0: <BROADCAST,MULTICAST,UP,LOWER_UP> mtu 1500 qdisc pfifo_fast qlen 1000
Oct 23 15:52:10 netcfg[5484]: DEBUG: ip line:     link/ether 74:d4:35:84:02:0f brd ff:ff:ff:ff:ff:ff
Oct 23 15:52:10 netcfg[5484]: DEBUG: ip line:     inet6 fe80::76d4:35ff:fe84:20f/64 scope link tentative 
Oct 23 15:52:10 netcfg[5484]: DEBUG: ip line:        valid_lft forever preferred_lft forever
Oct 23 15:52:10 netcfg[5484]: DEBUG: nc_v6_interface_configured(eth0, scope local)
Oct 23 15:52:10 netcfg[5484]: DEBUG: Running ip addr show eth0 to look for address
Oct 23 15:52:10 netcfg[5484]: DEBUG: ip line: 6: eth0: <BROADCAST,MULTICAST,UP,LOWER_UP> mtu 1500 qdisc pfifo_fast qlen 1000
Oct 23 15:52:10 netcfg[5484]: DEBUG: ip line:     link/ether 74:d4:35:84:02:0f brd ff:ff:ff:ff:ff:ff
Oct 23 15:52:10 netcfg[5484]: DEBUG: ip line:     inet6 fe80::76d4:35ff:fe84:20f/64 scope link tentative 
Oct 23 15:52:10 netcfg[5484]: DEBUG: ip line:        valid_lft forever preferred_lft forever
Oct 23 15:52:10 netcfg[5484]: DEBUG: nc_v6_interface_configured(eth0, scope local)
Oct 23 15:52:10 netcfg[5484]: DEBUG: Running ip addr show eth0 to look for address
Oct 23 15:52:10 netcfg[5484]: DEBUG: ip line: 6: eth0: <BROADCAST,MULTICAST,UP,LOWER_UP> mtu 1500 qdisc pfifo_fast qlen 1000
Oct 23 15:52:10 netcfg[5484]: DEBUG: ip line:     link/ether 74:d4:35:84:02:0f brd ff:ff:ff:ff:ff:ff
Oct 23 15:52:10 netcfg[5484]: DEBUG: ip line:     inet6 fe80::76d4:35ff:fe84:20f/64 scope link tentative 
Oct 23 15:52:10 netcfg[5484]: DEBUG: ip line:        valid_lft forever preferred_lft forever
Oct 23 15:52:11 netcfg[5484]: DEBUG: nc_v6_interface_configured(eth0, scope local)
Oct 23 15:52:11 netcfg[5484]: DEBUG: Running ip addr show eth0 to look for address
Oct 23 15:52:11 netcfg[5484]: DEBUG: ip line: 6: eth0: <BROADCAST,MULTICAST,UP,LOWER_UP> mtu 1500 qdisc pfifo_fast qlen 1000
Oct 23 15:52:11 netcfg[5484]: DEBUG: ip line:     link/ether 74:d4:35:84:02:0f brd ff:ff:ff:ff:ff:ff
Oct 23 15:52:11 netcfg[5484]: DEBUG: ip line:     inet6 fe80::76d4:35ff:fe84:20f/64 scope link tentative 
Oct 23 15:52:11 netcfg[5484]: DEBUG: ip line:        valid_lft forever preferred_lft forever
Oct 23 15:52:11 netcfg[5484]: DEBUG: nc_v6_interface_configured(eth0, scope local)
Oct 23 15:52:11 netcfg[5484]: DEBUG: Running ip addr show eth0 to look for address
Oct 23 15:52:11 netcfg[5484]: DEBUG: ip line: 6: eth0: <BROADCAST,MULTICAST,UP,LOWER_UP> mtu 1500 qdisc pfifo_fast qlen 1000
Oct 23 15:52:11 netcfg[5484]: DEBUG: ip line:     link/ether 74:d4:35:84:02:0f brd ff:ff:ff:ff:ff:ff
Oct 23 15:52:11 netcfg[5484]: DEBUG: ip line:     inet6 fe80::76d4:35ff:fe84:20f/64 scope link 
Oct 23 15:52:11 netcfg[5484]: DEBUG: Configured address found
Oct 23 15:52:11 netcfg[5484]: DEBUG: ip line:        valid_lft forever preferred_lft forever
Oct 23 15:52:11 netcfg[5484]: DEBUG: Running rdisc6 -1 -r 1 -w 500 -n eth0 to get IPv6 config flags
Oct 23 15:52:11 netcfg[5484]: DEBUG: rdisc6 line: Soliciting ff02::2 (ff02::2) on eth0...
Oct 23 15:52:11 netcfg[5484]: DEBUG: rdisc6 line: Timed out.
Oct 23 15:52:11 netcfg[5484]: DEBUG: rdisc6 line: No response.
Oct 23 15:52:11 netcfg[5484]: DEBUG: rdisc6 parsing finished
Oct 23 15:52:12 netcfg[5484]: DEBUG: rdisc6 line: Soliciting ff02::2 (ff02::2) on eth0...
Oct 23 15:52:12 netcfg[5484]: DEBUG: rdisc6 line: Timed out.
Oct 23 15:52:12 netcfg[5484]: DEBUG: rdisc6 line: No response.
