[    0.000000] Initializing cgroup subsys cpuset
[    0.000000] Initializing cgroup subsys cpu
[    0.000000] Linux version 3.2.0-4-amd64 (debian-kernel@lists.debian.org) (gcc version 4.6.3 (Debian 4.6.3-14) ) #1 SMP Debian 3.2.63-2
[    0.000000] Command line: BOOT_IMAGE=/boot/vmlinuz-3.2.0-4-amd64 root=UUID=5433e205-494c-4e86-8984-fc8af8f1d419 ro quiet
[    0.000000] BIOS-provided physical RAM map:
[    0.000000]  BIOS-e820: 0000000000000000 - 000000000009d800 (usable)
[    0.000000]  BIOS-e820: 000000000009d800 - 00000000000a0000 (reserved)
[    0.000000]  BIOS-e820: 00000000000e0000 - 0000000000100000 (reserved)
[    0.000000]  BIOS-e820: 0000000000100000 - 0000000020000000 (usable)
[    0.000000]  BIOS-e820: 0000000020000000 - 0000000020200000 (reserved)
[    0.000000]  BIOS-e820: 0000000020200000 - 0000000040004000 (usable)
[    0.000000]  BIOS-e820: 0000000040004000 - 0000000040005000 (reserved)
[    0.000000]  BIOS-e820: 0000000040005000 - 00000000db7e4000 (usable)
[    0.000000]  BIOS-e820: 00000000db7e4000 - 00000000dba8d000 (reserved)
[    0.000000]  BIOS-e820: 00000000dba8d000 - 00000000dba99000 (ACPI data)
[    0.000000]  BIOS-e820: 00000000dba99000 - 00000000dbb05000 (reserved)
[    0.000000]  BIOS-e820: 00000000dbb05000 - 00000000dbb0a000 (ACPI data)
[    0.000000]  BIOS-e820: 00000000dbb0a000 - 00000000dbb8f000 (usable)
[    0.000000]  BIOS-e820: 00000000dbb8f000 - 00000000dbc28000 (ACPI NVS)
[    0.000000]  BIOS-e820: 00000000dbc28000 - 00000000dc601000 (reserved)
[    0.000000]  BIOS-e820: 00000000dc601000 - 00000000dc602000 (usable)
[    0.000000]  BIOS-e820: 00000000dc602000 - 00000000dc645000 (ACPI NVS)
[    0.000000]  BIOS-e820: 00000000dc645000 - 00000000dcdb1000 (usable)
[    0.000000]  BIOS-e820: 00000000dcdb1000 - 00000000dcfe0000 (reserved)
[    0.000000]  BIOS-e820: 00000000dcfe0000 - 00000000dd000000 (usable)
[    0.000000]  BIOS-e820: 00000000dd800000 - 00000000dfa00000 (reserved)
[    0.000000]  BIOS-e820: 00000000f8000000 - 00000000fc000000 (reserved)
[    0.000000]  BIOS-e820: 00000000fec00000 - 00000000fec01000 (reserved)
[    0.000000]  BIOS-e820: 00000000fed00000 - 00000000fed04000 (reserved)
[    0.000000]  BIOS-e820: 00000000fed1c000 - 00000000fed20000 (reserved)
[    0.000000]  BIOS-e820: 00000000fee00000 - 00000000fee01000 (reserved)
[    0.000000]  BIOS-e820: 00000000ff000000 - 0000000100000000 (reserved)
[    0.000000]  BIOS-e820: 0000000100000000 - 000000021f600000 (usable)
[    0.000000] NX (Execute Disable) protection: active
[    0.000000] SMBIOS 2.7 present.
[    0.000000] DMI: Gigabyte Technology Co., Ltd. To be filled by O.E.M./C1037UN, BIOS F2 12/03/2013
[    0.000000] e820 update range: 0000000000000000 - 0000000000010000 (usable) ==> (reserved)
[    0.000000] e820 remove range: 00000000000a0000 - 0000000000100000 (usable)
[    0.000000] No AGP bridge found
[    0.000000] last_pfn = 0x21f600 max_arch_pfn = 0x400000000
[    0.000000] MTRR default type: uncachable
[    0.000000] MTRR fixed ranges enabled:
[    0.000000]   00000-9FFFF write-back
[    0.000000]   A0000-BFFFF uncachable
[    0.000000]   C0000-CFFFF write-protect
[    0.000000]   D0000-E7FFF uncachable
[    0.000000]   E8000-FFFFF write-protect
[    0.000000] MTRR variable ranges enabled:
[    0.000000]   0 base 000000000 mask E00000000 write-back
[    0.000000]   1 base 200000000 mask FE0000000 write-back
[    0.000000]   2 base 0E0000000 mask FE0000000 uncachable
[    0.000000]   3 base 0DE000000 mask FFE000000 uncachable
[    0.000000]   4 base 0DD800000 mask FFF800000 uncachable
[    0.000000]   5 base 21F800000 mask FFF800000 uncachable
[    0.000000]   6 base 21F600000 mask FFFE00000 uncachable
[    0.000000]   7 disabled
[    0.000000]   8 disabled
[    0.000000]   9 disabled
[    0.000000] x86 PAT enabled: cpu 0, old 0x7040600070406, new 0x7010600070106
[    0.000000] e820 update range: 00000000dd800000 - 0000000100000000 (usable) ==> (reserved)
[    0.000000] last_pfn = 0xdd000 max_arch_pfn = 0x400000000
[    0.000000] found SMP MP-table at [ffff8800000fd790] fd790
[    0.000000] initial memory mapped : 0 - 20000000
[    0.000000] Base memory trampoline at [ffff880000098000] 98000 size 20480
[    0.000000] init_memory_mapping: 0000000000000000-00000000dd000000
[    0.000000]  0000000000 - 00dd000000 page 2M
[    0.000000] kernel direct mapping tables up to dd000000 @ 1fffb000-20000000
[    0.000000] init_memory_mapping: 0000000100000000-000000021f600000
[    0.000000]  0100000000 - 021f600000 page 2M
[    0.000000] kernel direct mapping tables up to 21f600000 @ dcffa000-dd000000
[    0.000000] RAMDISK: 36c6a000 - 3762d000
[    0.000000] ACPI: RSDP 00000000000f0490 00024 (v02 ALASKA)
[    0.000000] ACPI: XSDT 00000000dba8d070 0005C (v01 ALASKA    A M I 01072009 AMI  00010013)
[    0.000000] ACPI: FACP 00000000dba976f0 000F4 (v04 ALASKA    A M I 01072009 AMI  00010013)
[    0.000000] ACPI: DSDT 00000000dba8d158 0A598 (v02 ALASKA    A M I 00000088 INTL 20051117)
[    0.000000] ACPI: FACS 00000000dbc26f80 00040
[    0.000000] ACPI: APIC 00000000dba977e8 00062 (v03 ALASKA    A M I 01072009 AMI  00010013)
[    0.000000] ACPI: MCFG 00000000dba97850 0003C (v01 ALASKA    A M I 01072009 MSFT 00000097)
[    0.000000] ACPI: HPET 00000000dba97890 00038 (v01 ALASKA    A M I 01072009 AMI. 00000005)
[    0.000000] ACPI: SSDT 00000000dba978c8 0036D (v01 SataRe SataTabl 00001000 INTL 20091112)
[    0.000000] ACPI: SSDT 00000000dba97c38 00860 (v01  PmRef  Cpu0Ist 00003000 INTL 20051117)
[    0.000000] ACPI: SSDT 00000000dba98498 00A92 (v01  PmRef    CpuPm 00003000 INTL 20051117)
[    0.000000] ACPI: Local APIC address 0xfee00000
[    0.000000] No NUMA configuration found
[    0.000000] Faking a node at 0000000000000000-000000021f600000
[    0.000000] Initmem setup node 0 0000000000000000-000000021f600000
[    0.000000]   NODE_DATA [000000021f5fb000 - 000000021f5fffff]
[    0.000000]  [ffffea0000000000-ffffea00077fffff] PMD -> [ffff880216c00000-ffff88021ddfffff] on node 0
[    0.000000] Zone PFN ranges:
[    0.000000]   DMA      0x00000010 -> 0x00001000
[    0.000000]   DMA32    0x00001000 -> 0x00100000
[    0.000000]   Normal   0x00100000 -> 0x0021f600
[    0.000000] Movable zone start PFN for each node
[    0.000000] early_node_map[9] active PFN ranges
[    0.000000]     0: 0x00000010 -> 0x0000009d
[    0.000000]     0: 0x00000100 -> 0x00020000
[    0.000000]     0: 0x00020200 -> 0x00040004
[    0.000000]     0: 0x00040005 -> 0x000db7e4
[    0.000000]     0: 0x000dbb0a -> 0x000dbb8f
[    0.000000]     0: 0x000dc601 -> 0x000dc602
[    0.000000]     0: 0x000dc645 -> 0x000dcdb1
[    0.000000]     0: 0x000dcfe0 -> 0x000dd000
[    0.000000]     0: 0x00100000 -> 0x0021f600
[    0.000000] On node 0 totalpages: 2077570
[    0.000000]   DMA zone: 56 pages used for memmap
[    0.000000]   DMA zone: 5 pages reserved
[    0.000000]   DMA zone: 3920 pages, LIFO batch:0
[    0.000000]   DMA32 zone: 14280 pages used for memmap
[    0.000000]   DMA32 zone: 882221 pages, LIFO batch:31
[    0.000000]   Normal zone: 16093 pages used for memmap
[    0.000000]   Normal zone: 1160995 pages, LIFO batch:31
[    0.000000] ACPI: PM-Timer IO Port: 0x408
[    0.000000] ACPI: Local APIC address 0xfee00000
[    0.000000] ACPI: LAPIC (acpi_id[0x01] lapic_id[0x00] enabled)
[    0.000000] ACPI: LAPIC (acpi_id[0x02] lapic_id[0x02] enabled)
[    0.000000] ACPI: LAPIC_NMI (acpi_id[0xff] high edge lint[0x1])
[    0.000000] ACPI: IOAPIC (id[0x02] address[0xfec00000] gsi_base[0])
[    0.000000] IOAPIC[0]: apic_id 2, version 32, address 0xfec00000, GSI 0-23
[    0.000000] ACPI: INT_SRC_OVR (bus 0 bus_irq 0 global_irq 2 dfl dfl)
[    0.000000] ACPI: INT_SRC_OVR (bus 0 bus_irq 9 global_irq 9 high level)
[    0.000000] ACPI: IRQ0 used by override.
[    0.000000] ACPI: IRQ2 used by override.
[    0.000000] ACPI: IRQ9 used by override.
[    0.000000] Using ACPI (MADT) for SMP configuration information
[    0.000000] ACPI: HPET id: 0x8086a701 base: 0xfed00000
[    0.000000] SMP: Allowing 2 CPUs, 0 hotplug CPUs
[    0.000000] nr_irqs_gsi: 40
[    0.000000] PM: Registered nosave memory: 000000000009d000 - 000000000009e000
[    0.000000] PM: Registered nosave memory: 000000000009e000 - 00000000000a0000
[    0.000000] PM: Registered nosave memory: 00000000000a0000 - 00000000000e0000
[    0.000000] PM: Registered nosave memory: 00000000000e0000 - 0000000000100000
[    0.000000] PM: Registered nosave memory: 0000000020000000 - 0000000020200000
[    0.000000] PM: Registered nosave memory: 0000000040004000 - 0000000040005000
[    0.000000] PM: Registered nosave memory: 00000000db7e4000 - 00000000dba8d000
[    0.000000] PM: Registered nosave memory: 00000000dba8d000 - 00000000dba99000
[    0.000000] PM: Registered nosave memory: 00000000dba99000 - 00000000dbb05000
[    0.000000] PM: Registered nosave memory: 00000000dbb05000 - 00000000dbb0a000
[    0.000000] PM: Registered nosave memory: 00000000dbb8f000 - 00000000dbc28000
[    0.000000] PM: Registered nosave memory: 00000000dbc28000 - 00000000dc601000
[    0.000000] PM: Registered nosave memory: 00000000dc602000 - 00000000dc645000
[    0.000000] PM: Registered nosave memory: 00000000dcdb1000 - 00000000dcfe0000
[    0.000000] PM: Registered nosave memory: 00000000dd000000 - 00000000dd800000
[    0.000000] PM: Registered nosave memory: 00000000dd800000 - 00000000dfa00000
[    0.000000] PM: Registered nosave memory: 00000000dfa00000 - 00000000f8000000
[    0.000000] PM: Registered nosave memory: 00000000f8000000 - 00000000fc000000
[    0.000000] PM: Registered nosave memory: 00000000fc000000 - 00000000fec00000
[    0.000000] PM: Registered nosave memory: 00000000fec00000 - 00000000fec01000
[    0.000000] PM: Registered nosave memory: 00000000fec01000 - 00000000fed00000
[    0.000000] PM: Registered nosave memory: 00000000fed00000 - 00000000fed04000
[    0.000000] PM: Registered nosave memory: 00000000fed04000 - 00000000fed1c000
[    0.000000] PM: Registered nosave memory: 00000000fed1c000 - 00000000fed20000
[    0.000000] PM: Registered nosave memory: 00000000fed20000 - 00000000fee00000
[    0.000000] PM: Registered nosave memory: 00000000fee00000 - 00000000fee01000
[    0.000000] PM: Registered nosave memory: 00000000fee01000 - 00000000ff000000
[    0.000000] PM: Registered nosave memory: 00000000ff000000 - 0000000100000000
[    0.000000] Allocating PCI resources starting at dfa00000 (gap: dfa00000:18600000)
[    0.000000] Booting paravirtualized kernel on bare hardware
[    0.000000] setup_percpu: NR_CPUS:512 nr_cpumask_bits:512 nr_cpu_ids:2 nr_node_ids:1
[    0.000000] PERCPU: Embedded 28 pages/cpu @ffff88021f200000 s82944 r8192 d23552 u1048576
[    0.000000] pcpu-alloc: s82944 r8192 d23552 u1048576 alloc=1*2097152
[    0.000000] pcpu-alloc: [0] 0 1 
[    0.000000] Built 1 zonelists in Zone order, mobility grouping on.  Total pages: 2047136
[    0.000000] Policy zone: Normal
[    0.000000] Kernel command line: BOOT_IMAGE=/boot/vmlinuz-3.2.0-4-amd64 root=UUID=5433e205-494c-4e86-8984-fc8af8f1d419 ro quiet
[    0.000000] PID hash table entries: 4096 (order: 3, 32768 bytes)
[    0.000000] xsave/xrstor: enabled xstate_bv 0x3, cntxt size 0x240
[    0.000000] Checking aperture...
[    0.000000] No AGP bridge found
[    0.000000] Calgary: detecting Calgary via BIOS EBDA area
[    0.000000] Calgary: Unable to locate Rio Grande table in EBDA - bailing!
[    0.000000] Memory: 8108716k/8902656k available (3432k kernel code, 592376k absent, 201564k reserved, 3307k data, 580k init)
[    0.000000] Hierarchical RCU implementation.
[    0.000000] 	RCU dyntick-idle grace-period acceleration is enabled.
[    0.000000] NR_IRQS:33024 nr_irqs:512 16
[    0.000000] Extended CMOS year: 2000
[    0.000000] Console: colour VGA+ 80x25
[    0.000000] console [tty0] enabled
[    0.000000] hpet clockevent registered
[    0.000000] Fast TSC calibration using PIT
[    0.004000] Detected 1795.983 MHz processor.
[    0.000002] Calibrating delay loop (skipped), value calculated using timer frequency.. 3591.96 BogoMIPS (lpj=7183932)
[    0.000006] pid_max: default: 32768 minimum: 301
[    0.000050] Security Framework initialized
[    0.000054] AppArmor: AppArmor disabled by boot time parameter
[    0.000652] Dentry cache hash table entries: 1048576 (order: 11, 8388608 bytes)
[    0.003337] Inode-cache hash table entries: 524288 (order: 10, 4194304 bytes)
[    0.004557] Mount-cache hash table entries: 256
[    0.004660] Initializing cgroup subsys cpuacct
[    0.004664] Initializing cgroup subsys memory
[    0.004673] Initializing cgroup subsys devices
[    0.004676] Initializing cgroup subsys freezer
[    0.004678] Initializing cgroup subsys net_cls
[    0.004680] Initializing cgroup subsys blkio
[    0.004686] Initializing cgroup subsys perf_event
[    0.004717] CPU: Physical Processor ID: 0
[    0.004718] CPU: Processor Core ID: 0
[    0.004724] ENERGY_PERF_BIAS: Set to 'normal', was 'performance'
[    0.004725] ENERGY_PERF_BIAS: View and update with x86_energy_perf_policy(8)
[    0.004728] mce: CPU supports 7 MCE banks
[    0.004742] CPU0: Thermal monitoring enabled (TM1)
[    0.004751] using mwait in idle threads.
[    0.005274] ACPI: Core revision 20110623
[    0.012354] x2apic not enabled, IRQ remapping init failed
[    0.012759] ..TIMER: vector=0x30 apic1=0 pin1=2 apic2=-1 pin2=-1
[    0.052433] CPU0: Intel(R) Celeron(R) CPU 1037U @ 1.80GHz stepping 09
[    0.159688] Performance Events: PEBS fmt1+, generic architected perfmon, Intel PMU driver.
[    0.159696] ... version:                3
[    0.159697] ... bit width:              48
[    0.159699] ... generic registers:      8
[    0.159700] ... value mask:             0000ffffffffffff
[    0.159702] ... max period:             000000007fffffff
[    0.159704] ... fixed-purpose events:   3
[    0.159705] ... event mask:             00000007000000ff
[    0.159814] NMI watchdog enabled, takes one hw-pmu counter.
[    0.159924] Booting Node   0, Processors  #1 Ok.
[    0.159927] smpboot cpu 1: start_ip = 98000
[    0.267803] NMI watchdog enabled, takes one hw-pmu counter.
[    0.267828] Brought up 2 CPUs
[    0.267831] Total of 2 processors activated (7183.65 BogoMIPS).
[    0.269315] devtmpfs: initialized
[    0.272807] PM: Registering ACPI NVS region at dbb8f000 (626688 bytes)
[    0.272831] PM: Registering ACPI NVS region at dc602000 (274432 bytes)
[    0.272994] print_constraints: dummy: 
[    0.273051] NET: Registered protocol family 16
[    0.273143] ACPI FADT declares the system doesn't support PCIe ASPM, so disable it
[    0.273145] ACPI: bus type pci registered
[    0.273215] PCI: MMCONFIG for domain 0000 [bus 00-3f] at [mem 0xf8000000-0xfbffffff] (base 0xf8000000)
[    0.273218] PCI: MMCONFIG at [mem 0xf8000000-0xfbffffff] reserved in E820
[    0.279294] PCI: Using configuration type 1 for base access
[    0.280114] bio: create slab <bio-0> at 0
[    0.280212] ACPI: Added _OSI(Module Device)
[    0.280215] ACPI: Added _OSI(Processor Device)
[    0.280217] ACPI: Added _OSI(3.0 _SCP Extensions)
[    0.280219] ACPI: Added _OSI(Processor Aggregator Device)
[    0.281967] ACPI: EC: Look up EC in DSDT
[    0.284244] ACPI: Executed 1 blocks of module-level executable AML code
[    0.300195] ACPI: SSDT 00000000dba9a018 0083B (v01  PmRef  Cpu0Cst 00003001 INTL 20051117)
[    0.300656] ACPI: Dynamic OEM Table Load:
[    0.300659] ACPI: SSDT           (null) 0083B (v01  PmRef  Cpu0Cst 00003001 INTL 20051117)
[    0.311975] ACPI: SSDT 00000000dba9ba98 00303 (v01  PmRef    ApIst 00003000 INTL 20051117)
[    0.312476] ACPI: Dynamic OEM Table Load:
[    0.312478] ACPI: SSDT           (null) 00303 (v01  PmRef    ApIst 00003000 INTL 20051117)
[    0.323785] ACPI: SSDT 00000000dbab4c18 00119 (v01  PmRef    ApCst 00003000 INTL 20051117)
[    0.324231] ACPI: Dynamic OEM Table Load:
[    0.324233] ACPI: SSDT           (null) 00119 (v01  PmRef    ApCst 00003000 INTL 20051117)
[    0.336255] ACPI: Interpreter enabled
[    0.336261] ACPI: (supports S0 S3 S4 S5)
[    0.336288] ACPI: Using IOAPIC for interrupt routing
[    0.345429] ACPI: Power Resource [FN00] (off)
[    0.345527] ACPI: Power Resource [FN01] (off)
[    0.345622] ACPI: Power Resource [FN02] (off)
[    0.345716] ACPI: Power Resource [FN03] (off)
[    0.345810] ACPI: Power Resource [FN04] (off)
[    0.346356] ACPI: No dock devices found.
[    0.346358] HEST: Table not found.
[    0.346362] PCI: Using host bridge windows from ACPI; if necessary, use "pci=nocrs" and report a bug
[    0.346784] ACPI: PCI Root Bridge [PCI0] (domain 0000 [bus 00-3e])
[    0.347400] pci_root PNP0A08:00: host bridge window [io  0x0000-0x0cf7]
[    0.347403] pci_root PNP0A08:00: host bridge window [io  0x0d00-0xffff]
[    0.347405] pci_root PNP0A08:00: host bridge window [mem 0x000a0000-0x000bffff]
[    0.347408] pci_root PNP0A08:00: host bridge window [mem 0x000d0000-0x000d3fff]
[    0.347410] pci_root PNP0A08:00: host bridge window [mem 0x000d4000-0x000d7fff]
[    0.347413] pci_root PNP0A08:00: host bridge window [mem 0x000d8000-0x000dbfff]
[    0.347415] pci_root PNP0A08:00: host bridge window [mem 0x000dc000-0x000dffff]
[    0.347417] pci_root PNP0A08:00: host bridge window [mem 0x000e0000-0x000e3fff]
[    0.347420] pci_root PNP0A08:00: host bridge window [mem 0x000e4000-0x000e7fff]
[    0.347422] pci_root PNP0A08:00: host bridge window [mem 0xdfa00000-0xfeafffff]
[    0.347437] pci 0000:00:00.0: [8086:0154] type 0 class 0x000600
[    0.347480] pci 0000:00:02.0: [8086:0156] type 0 class 0x000300
[    0.347493] pci 0000:00:02.0: reg 10: [mem 0xf7800000-0xf7bfffff 64bit]
[    0.347501] pci 0000:00:02.0: reg 18: [mem 0xe0000000-0xefffffff 64bit pref]
[    0.347507] pci 0000:00:02.0: reg 20: [io  0xf000-0xf03f]
[    0.347570] pci 0000:00:16.0: [8086:1e3a] type 0 class 0x000780
[    0.347595] pci 0000:00:16.0: reg 10: [mem 0xf7e0a000-0xf7e0a00f 64bit]
[    0.347684] pci 0000:00:16.0: PME# supported from D0 D3hot D3cold
[    0.347722] pci 0000:00:1a.0: [8086:1e2d] type 0 class 0x000c03
[    0.347745] pci 0000:00:1a.0: reg 10: [mem 0xf7e08000-0xf7e083ff]
[    0.347845] pci 0000:00:1a.0: PME# supported from D0 D3hot D3cold
[    0.347875] pci 0000:00:1b.0: [8086:1e20] type 0 class 0x000403
[    0.347891] pci 0000:00:1b.0: reg 10: [mem 0xf7e00000-0xf7e03fff 64bit]
[    0.347968] pci 0000:00:1b.0: PME# supported from D0 D3hot D3cold
[    0.347994] pci 0000:00:1c.0: [8086:1e10] type 1 class 0x000604
[    0.348083] pci 0000:00:1c.0: PME# supported from D0 D3hot D3cold
[    0.348112] pci 0000:00:1c.1: [8086:1e12] type 1 class 0x000604
[    0.348200] pci 0000:00:1c.1: PME# supported from D0 D3hot D3cold
[    0.348228] pci 0000:00:1c.2: [8086:2448] type 1 class 0x000604
[    0.348317] pci 0000:00:1c.2: PME# supported from D0 D3hot D3cold
[    0.348345] pci 0000:00:1c.3: [8086:1e16] type 1 class 0x000604
[    0.348434] pci 0000:00:1c.3: PME# supported from D0 D3hot D3cold
[    0.348471] pci 0000:00:1d.0: [8086:1e26] type 0 class 0x000c03
[    0.348494] pci 0000:00:1d.0: reg 10: [mem 0xf7e07000-0xf7e073ff]
[    0.348594] pci 0000:00:1d.0: PME# supported from D0 D3hot D3cold
[    0.348622] pci 0000:00:1f.0: [8086:1e5f] type 0 class 0x000601
[    0.348757] pci 0000:00:1f.2: [8086:1e03] type 0 class 0x000106
[    0.348778] pci 0000:00:1f.2: reg 10: [io  0xf0b0-0xf0b7]
[    0.348786] pci 0000:00:1f.2: reg 14: [io  0xf0a0-0xf0a3]
[    0.348795] pci 0000:00:1f.2: reg 18: [io  0xf090-0xf097]
[    0.348804] pci 0000:00:1f.2: reg 1c: [io  0xf080-0xf083]
[    0.348813] pci 0000:00:1f.2: reg 20: [io  0xf060-0xf07f]
[    0.348821] pci 0000:00:1f.2: reg 24: [mem 0xf7e06000-0xf7e067ff]
[    0.348872] pci 0000:00:1f.2: PME# supported from D3hot
[    0.348895] pci 0000:00:1f.3: [8086:1e22] type 0 class 0x000c05
[    0.348912] pci 0000:00:1f.3: reg 10: [mem 0xf7e05000-0xf7e050ff 64bit]
[    0.348935] pci 0000:00:1f.3: reg 20: [io  0xf040-0xf05f]
[    0.349037] pci 0000:01:00.0: [10ec:8168] type 0 class 0x000200
[    0.349059] pci 0000:01:00.0: reg 10: [io  0xe000-0xe0ff]
[    0.349095] pci 0000:01:00.0: reg 18: [mem 0xf7d00000-0xf7d00fff 64bit]
[    0.349119] pci 0000:01:00.0: reg 20: [mem 0xf0100000-0xf0103fff 64bit pref]
[    0.349217] pci 0000:01:00.0: supports D1 D2
[    0.349219] pci 0000:01:00.0: PME# supported from D0 D1 D2 D3hot D3cold
[    0.355648] pci 0000:00:1c.0: PCI bridge to [bus 01-01]
[    0.355665] pci 0000:00:1c.0:   bridge window [io  0xe000-0xefff]
[    0.355669] pci 0000:00:1c.0:   bridge window [mem 0xf7d00000-0xf7dfffff]
[    0.355676] pci 0000:00:1c.0:   bridge window [mem 0xf0100000-0xf01fffff 64bit pref]
[    0.355751] pci 0000:02:00.0: [10ec:8168] type 0 class 0x000200
[    0.355772] pci 0000:02:00.0: reg 10: [io  0xd000-0xd0ff]
[    0.355808] pci 0000:02:00.0: reg 18: [mem 0xf0004000-0xf0004fff 64bit pref]
[    0.355832] pci 0000:02:00.0: reg 20: [mem 0xf0000000-0xf0003fff 64bit pref]
[    0.355929] pci 0000:02:00.0: supports D1 D2
[    0.355931] pci 0000:02:00.0: PME# supported from D0 D1 D2 D3hot D3cold
[    0.363638] pci 0000:00:1c.1: PCI bridge to [bus 02-02]
[    0.363646] pci 0000:00:1c.1:   bridge window [io  0xd000-0xdfff]
[    0.363667] pci 0000:00:1c.1:   bridge window [mem 0xf0000000-0xf00fffff 64bit pref]
[    0.363740] pci 0000:03:00.0: [8086:244e] type 1 class 0x000604
[    0.363901] pci 0000:03:00.0: supports D1 D2
[    0.363903] pci 0000:03:00.0: PME# supported from D0 D1 D2 D3hot D3cold
[    0.363934] pci 0000:00:1c.2: PCI bridge to [bus 03-04] (subtractive decode)
[    0.363946] pci 0000:00:1c.2:   bridge window [io  0x0000-0x0cf7] (subtractive decode)
[    0.363948] pci 0000:00:1c.2:   bridge window [io  0x0d00-0xffff] (subtractive decode)
[    0.363951] pci 0000:00:1c.2:   bridge window [mem 0x000a0000-0x000bffff] (subtractive decode)
[    0.363954] pci 0000:00:1c.2:   bridge window [mem 0x000d0000-0x000d3fff] (subtractive decode)
[    0.363956] pci 0000:00:1c.2:   bridge window [mem 0x000d4000-0x000d7fff] (subtractive decode)
[    0.363959] pci 0000:00:1c.2:   bridge window [mem 0x000d8000-0x000dbfff] (subtractive decode)
[    0.363962] pci 0000:00:1c.2:   bridge window [mem 0x000dc000-0x000dffff] (subtractive decode)
[    0.363964] pci 0000:00:1c.2:   bridge window [mem 0x000e0000-0x000e3fff] (subtractive decode)
[    0.363967] pci 0000:00:1c.2:   bridge window [mem 0x000e4000-0x000e7fff] (subtractive decode)
[    0.363969] pci 0000:00:1c.2:   bridge window [mem 0xdfa00000-0xfeafffff] (subtractive decode)
[    0.364128] pci 0000:03:00.0: PCI bridge to [bus 04-04] (subtractive decode)
[    0.364155] pci 0000:03:00.0:   bridge window [??? 0x00000000 flags 0x0] (subtractive decode)
[    0.364158] pci 0000:03:00.0:   bridge window [??? 0x00000000 flags 0x0] (subtractive decode)
[    0.364160] pci 0000:03:00.0:   bridge window [??? 0x00000000 flags 0x0] (subtractive decode)
[    0.364163] pci 0000:03:00.0:   bridge window [??? 0x00000000 flags 0x0] (subtractive decode)
[    0.364165] pci 0000:03:00.0:   bridge window [io  0x0000-0x0cf7] (subtractive decode)
[    0.364168] pci 0000:03:00.0:   bridge window [io  0x0d00-0xffff] (subtractive decode)
[    0.364170] pci 0000:03:00.0:   bridge window [mem 0x000a0000-0x000bffff] (subtractive decode)
[    0.364173] pci 0000:03:00.0:   bridge window [mem 0x000d0000-0x000d3fff] (subtractive decode)
[    0.364176] pci 0000:03:00.0:   bridge window [mem 0x000d4000-0x000d7fff] (subtractive decode)
[    0.364178] pci 0000:03:00.0:   bridge window [mem 0x000d8000-0x000dbfff] (subtractive decode)
[    0.364181] pci 0000:03:00.0:   bridge window [mem 0x000dc000-0x000dffff] (subtractive decode)
[    0.364183] pci 0000:03:00.0:   bridge window [mem 0x000e0000-0x000e3fff] (subtractive decode)
[    0.364186] pci 0000:03:00.0:   bridge window [mem 0x000e4000-0x000e7fff] (subtractive decode)
[    0.364189] pci 0000:03:00.0:   bridge window [mem 0xdfa00000-0xfeafffff] (subtractive decode)
[    0.364274] pci 0000:05:00.0: [197b:2368] type 0 class 0x000101
[    0.364311] pci 0000:05:00.0: reg 10: [io  0xc040-0xc047]
[    0.364328] pci 0000:05:00.0: reg 14: [io  0xc030-0xc033]
[    0.364345] pci 0000:05:00.0: reg 18: [io  0xc020-0xc027]
[    0.364362] pci 0000:05:00.0: reg 1c: [io  0xc010-0xc013]
[    0.364380] pci 0000:05:00.0: reg 20: [io  0xc000-0xc00f]
[    0.364412] pci 0000:05:00.0: reg 30: [mem 0xf7c00000-0xf7c0ffff pref]
[    0.371633] pci 0000:00:1c.3: PCI bridge to [bus 05-05]
[    0.371641] pci 0000:00:1c.3:   bridge window [io  0xc000-0xcfff]
[    0.371659] pci 0000:00:1c.3:   bridge window [mem 0xf7c00000-0xf7cfffff]
[    0.371687] ACPI: PCI Interrupt Routing Table [\_SB_.PCI0._PRT]
[    0.371910] ACPI: PCI Interrupt Routing Table [\_SB_.PCI0.RP01._PRT]
[    0.371959] ACPI: PCI Interrupt Routing Table [\_SB_.PCI0.RP02._PRT]
[    0.372005] ACPI: PCI Interrupt Routing Table [\_SB_.PCI0.RP03._PRT]
[    0.372052] ACPI: PCI Interrupt Routing Table [\_SB_.PCI0.RP04._PRT]
[    0.372237]  pci0000:00: Requesting ACPI _OSC control (0x1d)
[    0.372503]  pci0000:00: ACPI _OSC control (0x18) granted
[    0.377899] ACPI: PCI Interrupt Link [LNKA] (IRQs 3 4 5 6 10 *11 12 14 15)
[    0.377957] ACPI: PCI Interrupt Link [LNKB] (IRQs 3 4 5 6 *10 11 12 14 15)
[    0.378011] ACPI: PCI Interrupt Link [LNKC] (IRQs 3 4 5 6 10 *11 12 14 15)
[    0.378066] ACPI: PCI Interrupt Link [LNKD] (IRQs 3 4 5 6 *10 11 12 14 15)
[    0.378119] ACPI: PCI Interrupt Link [LNKE] (IRQs 3 4 5 6 10 11 12 14 15) *0, disabled.
[    0.378175] ACPI: PCI Interrupt Link [LNKF] (IRQs 3 4 5 6 10 11 12 14 15) *0, disabled.
[    0.378229] ACPI: PCI Interrupt Link [LNKG] (IRQs 3 4 5 6 10 *11 12 14 15)
[    0.378284] ACPI: PCI Interrupt Link [LNKH] (IRQs 3 4 5 6 *10 11 12 14 15)
[    0.378390] vgaarb: device added: PCI:0000:00:02.0,decodes=io+mem,owns=io+mem,locks=none
[    0.378399] vgaarb: loaded
[    0.378400] vgaarb: bridge control possible 0000:00:02.0
[    0.378440] PCI: Using ACPI for IRQ routing
[    0.380129] PCI: pci_cache_line_size set to 64 bytes
[    0.380205] reserve RAM buffer: 000000000009d800 - 000000000009ffff 
[    0.380207] reserve RAM buffer: 0000000040004000 - 0000000043ffffff 
[    0.380210] reserve RAM buffer: 00000000db7e4000 - 00000000dbffffff 
[    0.380213] reserve RAM buffer: 00000000dbb8f000 - 00000000dbffffff 
[    0.380215] reserve RAM buffer: 00000000dc602000 - 00000000dfffffff 
[    0.380218] reserve RAM buffer: 00000000dcdb1000 - 00000000dfffffff 
[    0.380221] reserve RAM buffer: 00000000dd000000 - 00000000dfffffff 
[    0.380223] reserve RAM buffer: 000000021f600000 - 000000021fffffff 
[    0.380334] hpet0: at MMIO 0xfed00000, IRQs 2, 8, 0, 0, 0, 0, 0, 0
[    0.380341] hpet0: 8 comparators, 64-bit 14.318180 MHz counter
[    0.382356] Switching to clocksource hpet
[    0.384129] pnp: PnP ACPI init
[    0.384142] ACPI: bus type pnp registered
[    0.384467] pnp 00:00: [bus 00-3e]
[    0.384470] pnp 00:00: [io  0x0000-0x0cf7 window]
[    0.384472] pnp 00:00: [io  0x0cf8-0x0cff]
[    0.384474] pnp 00:00: [io  0x0d00-0xffff window]
[    0.384476] pnp 00:00: [mem 0x000a0000-0x000bffff window]
[    0.384479] pnp 00:00: [mem 0x000c0000-0x000c3fff window]
[    0.384481] pnp 00:00: [mem 0x000c4000-0x000c7fff window]
[    0.384483] pnp 00:00: [mem 0x000c8000-0x000cbfff window]
[    0.384485] pnp 00:00: [mem 0x000cc000-0x000cffff window]
[    0.384487] pnp 00:00: [mem 0x000d0000-0x000d3fff window]
[    0.384489] pnp 00:00: [mem 0x000d4000-0x000d7fff window]
[    0.384491] pnp 00:00: [mem 0x000d8000-0x000dbfff window]
[    0.384493] pnp 00:00: [mem 0x000dc000-0x000dffff window]
[    0.384495] pnp 00:00: [mem 0x000e0000-0x000e3fff window]
[    0.384498] pnp 00:00: [mem 0x000e4000-0x000e7fff window]
[    0.384501] pnp 00:00: [mem 0x000e8000-0x000ebfff window]
[    0.384503] pnp 00:00: [mem 0x000ec000-0x000effff window]
[    0.384505] pnp 00:00: [mem 0x000f0000-0x000fffff window]
[    0.384507] pnp 00:00: [mem 0xdfa00000-0xfeafffff window]
[    0.384510] pnp 00:00: [mem 0x00010000-0x0001ffff window]
[    0.384582] pnp 00:00: Plug and Play ACPI device, IDs PNP0a08 PNP0a03 (active)
[    0.384615] pnp 00:01: [mem 0xfed40000-0xfed44fff]
[    0.384657] system 00:01: [mem 0xfed40000-0xfed44fff] has been reserved
[    0.384660] system 00:01: Plug and Play ACPI device, IDs PNP0c01 (active)
[    0.384675] pnp 00:02: [io  0x0000-0x001f]
[    0.384677] pnp 00:02: [io  0x0081-0x0091]
[    0.384679] pnp 00:02: [io  0x0093-0x009f]
[    0.384681] pnp 00:02: [io  0x00c0-0x00df]
[    0.384683] pnp 00:02: [dma 4]
[    0.384707] pnp 00:02: Plug and Play ACPI device, IDs PNP0200 (active)
[    0.384717] pnp 00:03: [mem 0xff000000-0xffffffff]
[    0.384740] pnp 00:03: Plug and Play ACPI device, IDs INT0800 (active)
[    0.384825] pnp 00:04: [mem 0xfed00000-0xfed003ff]
[    0.384850] pnp 00:04: Plug and Play ACPI device, IDs PNP0103 (active)
[    0.384863] pnp 00:05: [io  0x002e-0x002f]
[    0.384865] pnp 00:05: [io  0x004e-0x004f]
[    0.384867] pnp 00:05: [io  0x0061]
[    0.384869] pnp 00:05: [io  0x0063]
[    0.384870] pnp 00:05: [io  0x0065]
[    0.384872] pnp 00:05: [io  0x0067]
[    0.384874] pnp 00:05: [io  0x0070]
[    0.384875] pnp 00:05: [io  0x0080]
[    0.384877] pnp 00:05: [io  0x0092]
[    0.384879] pnp 00:05: [io  0x00b2-0x00b3]
[    0.384881] pnp 00:05: [io  0x0680-0x069f]
[    0.384882] pnp 00:05: [io  0x0200-0x020f]
[    0.384884] pnp 00:05: [io  0xffff]
[    0.384886] pnp 00:05: [io  0xffff]
[    0.384888] pnp 00:05: [io  0x0400-0x0453]
[    0.384890] pnp 00:05: [io  0x0458-0x047f]
[    0.384892] pnp 00:05: [io  0x0500-0x057f]
[    0.384940] system 00:05: [io  0x0680-0x069f] has been reserved
[    0.384942] system 00:05: [io  0x0200-0x020f] has been reserved
[    0.384945] system 00:05: [io  0xffff] has been reserved
[    0.384948] system 00:05: [io  0xffff] has been reserved
[    0.384950] system 00:05: [io  0x0400-0x0453] has been reserved
[    0.384953] system 00:05: [io  0x0458-0x047f] has been reserved
[    0.384955] system 00:05: [io  0x0500-0x057f] has been reserved
[    0.384958] system 00:05: Plug and Play ACPI device, IDs PNP0c02 (active)
[    0.384969] pnp 00:06: [io  0x0070-0x0077]
[    0.384977] pnp 00:06: [irq 8]
[    0.385002] pnp 00:06: Plug and Play ACPI device, IDs PNP0b00 (active)
[    0.385034] pnp 00:07: [io  0x0454-0x0457]
[    0.385074] system 00:07: [io  0x0454-0x0457] has been reserved
[    0.385078] system 00:07: Plug and Play ACPI device, IDs INT3f0d PNP0c02 (active)
[    0.385207] pnp 00:08: [io  0x0000-0xffffffffffffffff disabled]
[    0.385209] pnp 00:08: [io  0x0a00-0x0a0f]
[    0.385211] pnp 00:08: [io  0x0a30-0x0a3f]
[    0.385213] pnp 00:08: [io  0x0a20-0x0a2f]
[    0.385253] system 00:08: [io  0x0a00-0x0a0f] has been reserved
[    0.385256] system 00:08: [io  0x0a30-0x0a3f] has been reserved
[    0.385258] system 00:08: [io  0x0a20-0x0a2f] has been reserved
[    0.385261] system 00:08: Plug and Play ACPI device, IDs PNP0c02 (active)
[    0.385595] pnp 00:09: [io  0x03f8-0x03ff]
[    0.385601] pnp 00:09: [irq 4]
[    0.385603] pnp 00:09: [dma 0 disabled]
[    0.385669] pnp 00:09: Plug and Play ACPI device, IDs PNP0501 (active)
[    0.385959] pnp 00:0a: [io  0x02f8-0x02ff]
[    0.385964] pnp 00:0a: [irq 3]
[    0.385966] pnp 00:0a: [dma 0 disabled]
[    0.386030] pnp 00:0a: Plug and Play ACPI device, IDs PNP0501 (active)
[    0.386426] pnp 00:0b: [io  0x0378-0x037f]
[    0.386431] pnp 00:0b: [irq 5]
[    0.386433] pnp 00:0b: [dma 0 disabled]
[    0.386596] pnp 00:0b: Plug and Play ACPI device, IDs PNP0400 (active)
[    0.386623] pnp 00:0c: [io  0x0010-0x001f]
[    0.386625] pnp 00:0c: [io  0x0022-0x003f]
[    0.386627] pnp 00:0c: [io  0x0044-0x005f]
[    0.386628] pnp 00:0c: [io  0x0062-0x0063]
[    0.386630] pnp 00:0c: [io  0x0065-0x006f]
[    0.386632] pnp 00:0c: [io  0x0072-0x007f]
[    0.386634] pnp 00:0c: [io  0x0080]
[    0.386636] pnp 00:0c: [io  0x0084-0x0086]
[    0.386638] pnp 00:0c: [io  0x0088]
[    0.386639] pnp 00:0c: [io  0x008c-0x008e]
[    0.386641] pnp 00:0c: [io  0x0090-0x009f]
[    0.386643] pnp 00:0c: [io  0x00a2-0x00bf]
[    0.386645] pnp 00:0c: [io  0x00e0-0x00ef]
[    0.386647] pnp 00:0c: [io  0x04d0-0x04d1]
[    0.386694] system 00:0c: [io  0x04d0-0x04d1] has been reserved
[    0.386697] system 00:0c: Plug and Play ACPI device, IDs PNP0c02 (active)
[    0.386707] pnp 00:0d: [io  0x00f0-0x00ff]
[    0.386712] pnp 00:0d: [irq 13]
[    0.386741] pnp 00:0d: Plug and Play ACPI device, IDs PNP0c04 (active)
[    0.387019] pnp 00:0e: [mem 0xfed1c000-0xfed1ffff]
[    0.387021] pnp 00:0e: [mem 0xfed10000-0xfed17fff]
[    0.387023] pnp 00:0e: [mem 0xfed18000-0xfed18fff]
[    0.387025] pnp 00:0e: [mem 0xfed19000-0xfed19fff]
[    0.387027] pnp 00:0e: [mem 0xf8000000-0xfbffffff]
[    0.387029] pnp 00:0e: [mem 0xfed20000-0xfed3ffff]
[    0.387031] pnp 00:0e: [mem 0xfed90000-0xfed93fff]
[    0.387033] pnp 00:0e: [mem 0xfed45000-0xfed8ffff]
[    0.387035] pnp 00:0e: [mem 0xff000000-0xffffffff]
[    0.387037] pnp 00:0e: [mem 0xfee00000-0xfeefffff]
[    0.387039] pnp 00:0e: [mem 0xdfa00000-0xdfa00fff]
[    0.387112] system 00:0e: [mem 0xfed1c000-0xfed1ffff] has been reserved
[    0.387115] system 00:0e: [mem 0xfed10000-0xfed17fff] has been reserved
[    0.387117] system 00:0e: [mem 0xfed18000-0xfed18fff] has been reserved
[    0.387120] system 00:0e: [mem 0xfed19000-0xfed19fff] has been reserved
[    0.387123] system 00:0e: [mem 0xf8000000-0xfbffffff] has been reserved
[    0.387126] system 00:0e: [mem 0xfed20000-0xfed3ffff] has been reserved
[    0.387128] system 00:0e: [mem 0xfed90000-0xfed93fff] has been reserved
[    0.387131] system 00:0e: [mem 0xfed45000-0xfed8ffff] has been reserved
[    0.387135] system 00:0e: [mem 0xff000000-0xffffffff] has been reserved
[    0.387138] system 00:0e: [mem 0xfee00000-0xfeefffff] could not be reserved
[    0.387141] system 00:0e: [mem 0xdfa00000-0xdfa00fff] has been reserved
[    0.387144] system 00:0e: Plug and Play ACPI device, IDs PNP0c02 (active)
[    0.387304] pnp 00:0f: [mem 0x20000000-0x201fffff]
[    0.387307] pnp 00:0f: [mem 0x40004000-0x40004fff]
[    0.387376] system 00:0f: [mem 0x20000000-0x201fffff] has been reserved
[    0.387379] system 00:0f: [mem 0x40004000-0x40004fff] has been reserved
[    0.387382] system 00:0f: Plug and Play ACPI device, IDs PNP0c01 (active)
[    0.387408] pnp: PnP ACPI: found 16 devices
[    0.387409] ACPI: ACPI bus type pnp unregistered
[    0.394012] PCI: max bus depth: 2 pci_try_num: 3
[    0.394064] pci 0000:00:1c.0: PCI bridge to [bus 01-01]
[    0.394067] pci 0000:00:1c.0:   bridge window [io  0xe000-0xefff]
[    0.394073] pci 0000:00:1c.0:   bridge window [mem 0xf7d00000-0xf7dfffff]
[    0.394078] pci 0000:00:1c.0:   bridge window [mem 0xf0100000-0xf01fffff 64bit pref]
[    0.394085] pci 0000:00:1c.1: PCI bridge to [bus 02-02]
[    0.394088] pci 0000:00:1c.1:   bridge window [io  0xd000-0xdfff]
[    0.394096] pci 0000:00:1c.1:   bridge window [mem 0xf0000000-0xf00fffff 64bit pref]
[    0.394103] pci 0000:03:00.0: PCI bridge to [bus 04-04]
[    0.394128] pci 0000:00:1c.2: PCI bridge to [bus 03-04]
[    0.394140] pci 0000:00:1c.3: PCI bridge to [bus 05-05]
[    0.394143] pci 0000:00:1c.3:   bridge window [io  0xc000-0xcfff]
[    0.394149] pci 0000:00:1c.3:   bridge window [mem 0xf7c00000-0xf7cfffff]
[    0.394174] pci 0000:00:1c.0: setting latency timer to 64
[    0.394188] pci 0000:00:1c.1: setting latency timer to 64
[    0.394202] pci 0000:00:1c.2: setting latency timer to 64
[    0.394221] pci 0000:03:00.0: setting latency timer to 64
[    0.394235] pci 0000:00:1c.3: setting latency timer to 64
[    0.394240] pci_bus 0000:00: resource 4 [io  0x0000-0x0cf7]
[    0.394242] pci_bus 0000:00: resource 5 [io  0x0d00-0xffff]
[    0.394244] pci_bus 0000:00: resource 6 [mem 0x000a0000-0x000bffff]
[    0.394246] pci_bus 0000:00: resource 7 [mem 0x000d0000-0x000d3fff]
[    0.394249] pci_bus 0000:00: resource 8 [mem 0x000d4000-0x000d7fff]
[    0.394251] pci_bus 0000:00: resource 9 [mem 0x000d8000-0x000dbfff]
[    0.394253] pci_bus 0000:00: resource 10 [mem 0x000dc000-0x000dffff]
[    0.394255] pci_bus 0000:00: resource 11 [mem 0x000e0000-0x000e3fff]
[    0.394258] pci_bus 0000:00: resource 12 [mem 0x000e4000-0x000e7fff]
[    0.394260] pci_bus 0000:00: resource 13 [mem 0xdfa00000-0xfeafffff]
[    0.394262] pci_bus 0000:01: resource 0 [io  0xe000-0xefff]
[    0.394265] pci_bus 0000:01: resource 1 [mem 0xf7d00000-0xf7dfffff]
[    0.394267] pci_bus 0000:01: resource 2 [mem 0xf0100000-0xf01fffff 64bit pref]
[    0.394269] pci_bus 0000:02: resource 0 [io  0xd000-0xdfff]
[    0.394272] pci_bus 0000:02: resource 2 [mem 0xf0000000-0xf00fffff 64bit pref]
[    0.394274] pci_bus 0000:03: resource 4 [io  0x0000-0x0cf7]
[    0.394277] pci_bus 0000:03: resource 5 [io  0x0d00-0xffff]
[    0.394279] pci_bus 0000:03: resource 6 [mem 0x000a0000-0x000bffff]
[    0.394281] pci_bus 0000:03: resource 7 [mem 0x000d0000-0x000d3fff]
[    0.394283] pci_bus 0000:03: resource 8 [mem 0x000d4000-0x000d7fff]
[    0.394285] pci_bus 0000:03: resource 9 [mem 0x000d8000-0x000dbfff]
[    0.394288] pci_bus 0000:03: resource 10 [mem 0x000dc000-0x000dffff]
[    0.394290] pci_bus 0000:03: resource 11 [mem 0x000e0000-0x000e3fff]
[    0.394292] pci_bus 0000:03: resource 12 [mem 0x000e4000-0x000e7fff]
[    0.394294] pci_bus 0000:03: resource 13 [mem 0xdfa00000-0xfeafffff]
[    0.394297] pci_bus 0000:04: resource 8 [io  0x0000-0x0cf7]
[    0.394299] pci_bus 0000:04: resource 9 [io  0x0d00-0xffff]
[    0.394301] pci_bus 0000:04: resource 10 [mem 0x000a0000-0x000bffff]
[    0.394303] pci_bus 0000:04: resource 11 [mem 0x000d0000-0x000d3fff]
[    0.394306] pci_bus 0000:04: resource 12 [mem 0x000d4000-0x000d7fff]
[    0.394308] pci_bus 0000:04: resource 13 [mem 0x000d8000-0x000dbfff]
[    0.394310] pci_bus 0000:04: resource 14 [mem 0x000dc000-0x000dffff]
[    0.394312] pci_bus 0000:04: resource 15 [mem 0x000e0000-0x000e3fff]
[    0.394315] pci_bus 0000:04: resource 16 [mem 0x000e4000-0x000e7fff]
[    0.394317] pci_bus 0000:04: resource 17 [mem 0xdfa00000-0xfeafffff]
[    0.394319] pci_bus 0000:05: resource 0 [io  0xc000-0xcfff]
[    0.394321] pci_bus 0000:05: resource 1 [mem 0xf7c00000-0xf7cfffff]
[    0.394389] NET: Registered protocol family 2
[    0.396423] IP route cache hash table entries: 262144 (order: 9, 2097152 bytes)
[    0.397328] TCP established hash table entries: 524288 (order: 11, 8388608 bytes)
[    0.398651] TCP bind hash table entries: 65536 (order: 8, 1048576 bytes)
[    0.398781] TCP: Hash tables configured (established 524288 bind 65536)
[    0.398784] TCP reno registered
[    0.398800] UDP hash table entries: 4096 (order: 5, 131072 bytes)
[    0.398835] UDP-Lite hash table entries: 4096 (order: 5, 131072 bytes)
[    0.398944] NET: Registered protocol family 1
[    0.398957] pci 0000:00:02.0: Boot video device
[    0.438395] PCI: CLS 64 bytes, default 64
[    0.438440] Unpacking initramfs...
[    0.687844] Freeing initrd memory: 9996k freed
[    0.689128] PCI-DMA: Using software bounce buffering for IO (SWIOTLB)
[    0.689132] Placing 64MB software IO TLB between ffff8800d77e4000 - ffff8800db7e4000
[    0.689134] software IO TLB at phys 0xd77e4000 - 0xdb7e4000
[    0.689515] audit: initializing netlink socket (disabled)
[    0.689526] type=2000 audit(1414426770.560:1): initialized
[    0.708745] HugeTLB registered 2 MB page size, pre-allocated 0 pages
[    0.709474] VFS: Disk quotas dquot_6.5.2
[    0.709502] Dquot-cache hash table entries: 512 (order 0, 4096 bytes)
[    0.709573] msgmni has been set to 15856
[    0.709712] alg: No test for stdrng (krng)
[    0.709739] Block layer SCSI generic (bsg) driver version 0.4 loaded (major 253)
[    0.709742] io scheduler noop registered
[    0.709744] io scheduler deadline registered
[    0.709763] io scheduler cfq registered (default)
[    0.709999] pci_hotplug: PCI Hot Plug PCI Core version: 0.5
[    0.710020] pciehp: PCI Express Hot Plug Controller Driver version: 0.4
[    0.710022] acpiphp: ACPI Hot Plug PCI Controller Driver version: 0.5
[    0.710471] intel_idle: MWAIT substates: 0x21120
[    0.710473] intel_idle: v0.4 model 0x3A
[    0.710474] intel_idle: lapic_timer_reliable_states 0xffffffff
[    0.710513] ERST: Table is not found!
[    0.710514] GHES: HEST is not enabled!
[    0.710563] Serial: 8250/16550 driver, 4 ports, IRQ sharing enabled
[    0.730993] serial8250: ttyS0 at I/O 0x3f8 (irq = 4) is a 16550A
[    0.770661] serial8250: ttyS1 at I/O 0x2f8 (irq = 3) is a 16550A
[    0.810960] 00:09: ttyS0 at I/O 0x3f8 (irq = 4) is a 16550A
[    0.831473] 00:0a: ttyS1 at I/O 0x2f8 (irq = 3) is a 16550A
[    0.831797] Linux agpgart interface v0.103
[    0.831885] agpgart-intel 0000:00:00.0: Intel Ivybridge Chipset
[    0.831955] agpgart-intel 0000:00:00.0: detected gtt size: 2097152K total, 262144K mappable
[    0.832575] agpgart-intel 0000:00:00.0: detected 32768K stolen memory
[    0.832680] agpgart-intel 0000:00:00.0: AGP aperture is 256M @ 0xe0000000
[    0.832803] i8042: PNP: No PS/2 controller found. Probing ports directly.
[    0.833201] serio: i8042 KBD port at 0x60,0x64 irq 1
[    0.833208] serio: i8042 AUX port at 0x60,0x64 irq 12
[    0.833332] mousedev: PS/2 mouse device common for all mice
[    0.833367] rtc_cmos 00:06: RTC can wake from S4
[    0.833482] rtc_cmos 00:06: rtc core: registered rtc_cmos as rtc0
[    0.833510] rtc0: alarms up to one month, y3k, 242 bytes nvram, hpet irqs
[    0.833571] cpuidle: using governor ladder
[    0.833632] cpuidle: using governor menu
[    0.833812] TCP cubic registered
[    0.833896] NET: Registered protocol family 10
[    0.834424] Mobile IPv6
[    0.834427] NET: Registered protocol family 17
[    0.834431] Registering the dns_resolver key type
[    0.834729] PM: Hibernation image not present or could not be loaded.
[    0.834743] registered taskstats version 1
[    0.835351] rtc_cmos 00:06: setting system clock to 2014-10-27 16:19:30 UTC (1414426770)
[    0.835436] Initializing network drop monitor service
[    0.836625] Freeing unused kernel memory: 580k freed
[    0.836695] Write protecting the kernel read-only data: 6144k
[    0.839501] Freeing unused kernel memory: 648k freed
[    0.842424] Freeing unused kernel memory: 688k freed
[    0.854256] udevd[49]: starting version 175
[    0.880697] r8169 Gigabit Ethernet driver 2.3LK-NAPI loaded
[    0.880759] r8169 0000:01:00.0: setting latency timer to 64
[    0.880852] r8169 0000:01:00.0: irq 40 for MSI/MSI-X
[    0.881295] r8169 0000:01:00.0: eth0: RTL8168evl/8111evl at 0xffffc90000c24000, 74:d4:35:84:02:0f, XID 0c900880 IRQ 40
[    0.881298] r8169 0000:01:00.0: eth0: jumbo features [frames: 9200 bytes, tx checksumming: ko]
[    0.881417] r8169 Gigabit Ethernet driver 2.3LK-NAPI loaded
[    0.881476] r8169 0000:02:00.0: setting latency timer to 64
[    0.881557] r8169 0000:02:00.0: irq 41 for MSI/MSI-X
[    0.881995] r8169 0000:02:00.0: eth1: RTL8168evl/8111evl at 0xffffc90000c74000, 74:d4:35:84:02:0d, XID 0c900880 IRQ 41
[    0.881998] r8169 0000:02:00.0: eth1: jumbo features [frames: 9200 bytes, tx checksumming: ko]
[    0.891694] SCSI subsystem initialized
[    0.894214] usbcore: registered new interface driver usbfs
[    0.894235] usbcore: registered new interface driver hub
[    0.905346] libata version 3.00 loaded.
[    0.906112] ahci 0000:00:1f.2: version 3.0
[    0.906169] ahci 0000:00:1f.2: irq 42 for MSI/MSI-X
[    0.907188] usbcore: registered new device driver usb
[    0.907562] ehci_hcd: USB 2.0 'Enhanced' Host Controller (EHCI) Driver
[    0.907608] ahci 0000:00:1f.2: AHCI 0001.0300 32 slots 4 ports 6 Gbps 0x1 impl SATA mode
[    0.907612] ahci 0000:00:1f.2: flags: 64bit ncq led clo pio slum part ems apst 
[    0.907617] ahci 0000:00:1f.2: setting latency timer to 64
[    0.908012] scsi0 : ahci
[    0.908108] scsi1 : ahci
[    0.909335] scsi2 : ahci
[    0.909413] scsi3 : ahci
[    0.909678] ata1: SATA max UDMA/133 abar m2048@0xf7e06000 port 0xf7e06100 irq 42
[    0.909681] ata2: DUMMY
[    0.909682] ata3: DUMMY
[    0.909684] ata4: DUMMY
[    0.909760] ehci_hcd 0000:00:1a.0: setting latency timer to 64
[    0.909764] ehci_hcd 0000:00:1a.0: EHCI Host Controller
[    0.909788] ehci_hcd 0000:00:1a.0: new USB bus registered, assigned bus number 1
[    0.909814] ehci_hcd 0000:00:1a.0: debug port 2
[    0.913714] ehci_hcd 0000:00:1a.0: cache line size of 64 is not supported
[    0.914838] pata_jmicron 0000:05:00.0: setting latency timer to 64
[    0.915135] ehci_hcd 0000:00:1a.0: irq 16, io mem 0xf7e08000
[    0.924491] ACPI: Fan [FAN0] (off)
[    0.924531] ACPI: Fan [FAN1] (off)
[    0.924565] ACPI: Fan [FAN2] (off)
[    0.924598] ACPI: Fan [FAN3] (off)
[    0.924631] ACPI: Fan [FAN4] (off)
[    0.929851] scsi4 : pata_jmicron
[    0.930256] ehci_hcd 0000:00:1a.0: USB 2.0 started, EHCI 1.00
[    0.930290] usb usb1: New USB device found, idVendor=1d6b, idProduct=0002
[    0.930293] usb usb1: New USB device strings: Mfr=3, Product=2, SerialNumber=1
[    0.930296] usb usb1: Product: EHCI Host Controller
[    0.930298] usb usb1: Manufacturer: Linux 3.2.0-4-amd64 ehci_hcd
[    0.930300] usb usb1: SerialNumber: 0000:00:1a.0
[    0.930423] hub 1-0:1.0: USB hub found
[    0.930428] hub 1-0:1.0: 2 ports detected
[    0.930535] ehci_hcd 0000:00:1d.0: setting latency timer to 64
[    0.930539] ehci_hcd 0000:00:1d.0: EHCI Host Controller
[    0.930547] ehci_hcd 0000:00:1d.0: new USB bus registered, assigned bus number 2
[    0.930571] ehci_hcd 0000:00:1d.0: debug port 2
[    0.934459] ehci_hcd 0000:00:1d.0: cache line size of 64 is not supported
[    0.939651] scsi5 : pata_jmicron
[    0.939720] ata5: PATA max UDMA/100 cmd 0xc040 ctl 0xc030 bmdma 0xc000 irq 19
[    0.939723] ata6: PATA max UDMA/100 cmd 0xc020 ctl 0xc010 bmdma 0xc008 irq 19
[    0.939765] ehci_hcd 0000:00:1d.0: irq 23, io mem 0xf7e07000
[    0.950526] thermal LNXTHERM:00: registered as thermal_zone0
[    0.950529] ACPI: Thermal Zone [TZ00] (28 C)
[    0.950719] thermal LNXTHERM:01: registered as thermal_zone1
[    0.950721] ACPI: Thermal Zone [TZ01] (30 C)
[    0.954198] ehci_hcd 0000:00:1d.0: USB 2.0 started, EHCI 1.00
[    0.954247] usb usb2: New USB device found, idVendor=1d6b, idProduct=0002
[    0.954250] usb usb2: New USB device strings: Mfr=3, Product=2, SerialNumber=1
[    0.954252] usb usb2: Product: EHCI Host Controller
[    0.954254] usb usb2: Manufacturer: Linux 3.2.0-4-amd64 ehci_hcd
[    0.954256] usb usb2: SerialNumber: 0000:00:1d.0
[    0.954372] hub 2-0:1.0: USB hub found
[    0.954377] hub 2-0:1.0: 2 ports detected
[    1.242178] usb 1-1: new high-speed USB device number 2 using ehci_hcd
[    1.246180] ata1: SATA link up 6.0 Gbps (SStatus 133 SControl 300)
[    1.246379] ACPI Error: [DSSP] Namespace lookup failure, AE_NOT_FOUND (20110623/psargs-359)
[    1.246390] ACPI Error: Method parse/execution failed [\_SB_.PCI0.SAT0.SPT0._GTF] (Node ffff88021648e1a0), AE_NOT_FOUND (20110623/psparse-536)
[    1.246457] ata1.00: ATA-9: ADATA SP600, 2.9, max UDMA/100
[    1.246460] ata1.00: 125045424 sectors, multi 16: LBA48 NCQ (depth 31/32), AA
[    1.246687] ACPI Error: [DSSP] Namespace lookup failure, AE_NOT_FOUND (20110623/psargs-359)
[    1.246697] ACPI Error: Method parse/execution failed [\_SB_.PCI0.SAT0.SPT0._GTF] (Node ffff88021648e1a0), AE_NOT_FOUND (20110623/psparse-536)
[    1.246764] ata1.00: configured for UDMA/100
[    1.247030] scsi 0:0:0:0: Direct-Access     ATA      ADATA SP600      2.9  PQ: 0 ANSI: 5
[    1.374875] usb 1-1: New USB device found, idVendor=8087, idProduct=0024
[    1.374879] usb 1-1: New USB device strings: Mfr=0, Product=0, SerialNumber=0
[    1.375251] hub 1-1:1.0: USB hub found
[    1.375447] hub 1-1:1.0: 4 ports detected
[    1.406928] sd 0:0:0:0: [sda] 125045424 512-byte logical blocks: (64.0 GB/59.6 GiB)
[    1.407063] sd 0:0:0:0: [sda] Write Protect is off
[    1.407067] sd 0:0:0:0: [sda] Mode Sense: 00 3a 00 00
[    1.407137] sd 0:0:0:0: [sda] Write cache: enabled, read cache: enabled, doesn't support DPO or FUA
[    1.407833]  sda: sda1 sda2
[    1.408365] sd 0:0:0:0: [sda] Attached SCSI disk
[    1.410047] sd 0:0:0:0: Attached scsi generic sg0 type 0
[    1.486110] usb 2-1: new high-speed USB device number 2 using ehci_hcd
[    1.618615] usb 2-1: New USB device found, idVendor=8087, idProduct=0024
[    1.618620] usb 2-1: New USB device strings: Mfr=0, Product=0, SerialNumber=0
[    1.618931] hub 2-1:1.0: USB hub found
[    1.619171] hub 2-1:1.0: 4 ports detected
[    1.686030] Refined TSC clocksource calibration: 1795.920 MHz.
[    1.686036] Switching to clocksource tsc
[    1.831515] PM: Starting manual resume from disk
[    1.831520] PM: Hibernation image partition 8:2 present
[    1.831521] PM: Looking for hibernation image.
[    1.831720] PM: Image not found (code -22)
[    1.831722] PM: Hibernation image not present or could not be loaded.
[    1.843517] EXT4-fs (sda1): mounted filesystem with ordered data mode. Opts: (null)
[    2.063530] udevd[339]: starting version 175
[    2.126259] iTCO_vendor_support: vendor-support=0
[    2.126787] iTCO_wdt: Intel TCO WatchDog Timer Driver v1.07
[    2.126862] iTCO_wdt: unable to reset NO_REBOOT flag, device disabled by hardware/BIOS
[    2.131316] ACPI: resource 0000:00:1f.3 [io  0xf040-0xf05f] conflicts with ACPI region SMBI [io 0xf040-0xf04f]
[    2.131320] ACPI: If an ACPI driver is available for this device, you should use it instead of the native driver
[    2.133980] input: PC Speaker as /devices/platform/pcspkr/input/input0
[    2.135913] Error: Driver 'pcspkr' is already registered, aborting...
[    2.137417] snd_hda_intel 0000:00:1b.0: irq 43 for MSI/MSI-X
[    2.137448] snd_hda_intel 0000:00:1b.0: setting latency timer to 64
[    2.141288] [drm] Initialized drm 1.1.0 20060810
[    2.141659] ACPI: Requesting acpi_cpufreq
[    2.150354] input: Power Button as /devices/LNXSYSTM:00/LNXSYBUS:00/PNP0C0C:00/input/input1
[    2.150361] ACPI: Power Button [PWRB]
[    2.150411] input: Power Button as /devices/LNXSYSTM:00/LNXPWRBN:00/input/input2
[    2.150415] ACPI: Power Button [PWRF]
[    2.196645] parport_pc 00:0b: reported by Plug and Play ACPI
[    2.196697] parport0: PC-style at 0x378, irq 5 [PCSPP,TRISTATE]
[    2.708074] HDMI status: Codec=3 Pin=6 Presence_Detect=0 ELD_Valid=0
[    2.708328] input: HDA Intel PCH HDMI/DP,pcm=3 as /devices/pci0000:00/0000:00:1b.0/sound/card0/input3
[    2.710229] i915 0000:00:02.0: setting latency timer to 64
[    2.772603] mtrr: type mismatch for e0000000,10000000 old: write-back new: write-combining
[    2.772607] [drm] MTRR allocation failed.  Graphics performance may suffer.
[    2.772811] i915 0000:00:02.0: irq 44 for MSI/MSI-X
[    2.772819] [drm] Supports vblank timestamp caching Rev 1 (10.10.2010).
[    2.772820] [drm] Driver supports precise vblank timestamp query.
[    2.773185] vgaarb: device changed decodes: PCI:0000:00:02.0,olddecodes=io+mem,decodes=io+mem:owns=io+mem
[    2.812328] [drm] Enabling RC6 states: RC6 on, RC6p on, RC6pp off
[    3.053641] No connectors reported connected with modes
[    3.053656] [drm] Cannot find any crtc or sizes - going 1024x768
[    3.059863] fbcon: inteldrmfb (fb0) is primary device
[    3.069482] Console: switching to colour frame buffer device 128x48
[    3.073207] fb0: inteldrmfb frame buffer device
[    3.073209] drm: registered panic notifier
[    3.084181] fixme: max PWM is zero.
[    3.084662] acpi device:58: registered as cooling_device7
[    3.085848] input: Video Bus as /devices/LNXSYSTM:00/LNXSYBUS:00/PNP0A08:00/LNXVIDEO:00/input/input4
[    3.085966] ACPI: Video Device [GFX0] (multi-head: yes  rom: no  post: no)
[    3.086011] [drm] Initialized i915 1.6.0 20080730 for 0000:00:02.0 on minor 0
[    3.465948] Adding 3906556k swap on /dev/sda2.  Priority:-1 extents:1 across:3906556k SS
[    3.494578] EXT4-fs (sda1): re-mounted. Opts: (null)
[    3.573745] EXT4-fs (sda1): re-mounted. Opts: errors=remount-ro
[    3.609809] loop: module loaded
[    4.563342] r8169 0000:01:00.0: firmware: agent aborted loading rtl_nic/rtl8168e-3.fw (not found?)
[    4.563539] r8169 0000:01:00.0: eth0: unable to load firmware patch rtl_nic/rtl8168e-3.fw (-2)
[    4.574043] r8169 0000:01:00.0: eth0: link down
[    4.574059] r8169 0000:01:00.0: eth0: link down
[    4.575563] ADDRCONF(NETDEV_UP): eth0: link is not ready
[    5.230896] r8169 0000:02:00.0: firmware: agent aborted loading rtl_nic/rtl8168e-3.fw (not found?)
[    5.231156] r8169 0000:02:00.0: eth1: unable to load firmware patch rtl_nic/rtl8168e-3.fw (-2)
[    5.241798] r8169 0000:02:00.0: eth1: link down
[    5.241814] r8169 0000:02:00.0: eth1: link down
[    5.243479] ADDRCONF(NETDEV_UP): eth1: link is not ready
[    7.706075] r8169 0000:01:00.0: eth0: link up
[    7.707557] ADDRCONF(NETDEV_CHANGE): eth0: link becomes ready
[    8.583208] r8169 0000:02:00.0: eth1: link up
[    8.584768] ADDRCONF(NETDEV_CHANGE): eth1: link becomes ready
[   17.780875] eth0: no IPv6 routers present
[   19.388377] eth1: no IPv6 routers present
