[    0.000000] Initializing cgroup subsys cpuset
[    0.000000] Initializing cgroup subsys cpu
[    0.000000] Linux version 3.2.0-4-amd64 (debian-kernel@lists.debian.org) (gcc version 4.6.3 (Debian 4.6.3-14) ) #1 SMP Debian 3.2.63-2
[    0.000000] Command line: BOOT_IMAGE=/boot/vmlinuz-3.2.0-4-amd64 root=UUID=5433e205-494c-4e86-8984-fc8af8f1d419 ro quiet
[    0.000000] BIOS-provided physical RAM map:
[    0.000000]  BIOS-e820: 0000000000000000 - 000000000009d800 (usable)
[    0.000000]  BIOS-e820: 000000000009d800 - 00000000000a0000 (reserved)
[    0.000000]  BIOS-e820: 00000000000e0000 - 0000000000100000 (reserved)
[    0.000000]  BIOS-e820: 0000000000100000 - 0000000020000000 (usable)
[    0.000000]  BIOS-e820: 0000000020000000 - 0000000020200000 (reserved)
[    0.000000]  BIOS-e820: 0000000020200000 - 0000000040004000 (usable)
[    0.000000]  BIOS-e820: 0000000040004000 - 0000000040005000 (reserved)
[    0.000000]  BIOS-e820: 0000000040005000 - 00000000db7e4000 (usable)
[    0.000000]  BIOS-e820: 00000000db7e4000 - 00000000dba8d000 (reserved)
[    0.000000]  BIOS-e820: 00000000dba8d000 - 00000000dba99000 (ACPI data)
[    0.000000]  BIOS-e820: 00000000dba99000 - 00000000dbb05000 (reserved)
[    0.000000]  BIOS-e820: 00000000dbb05000 - 00000000dbb0a000 (ACPI data)
[    0.000000]  BIOS-e820: 00000000dbb0a000 - 00000000dbb8f000 (usable)
[    0.000000]  BIOS-e820: 00000000dbb8f000 - 00000000dbc28000 (ACPI NVS)
[    0.000000]  BIOS-e820: 00000000dbc28000 - 00000000dc601000 (reserved)
[    0.000000]  BIOS-e820: 00000000dc601000 - 00000000dc602000 (usable)
[    0.000000]  BIOS-e820: 00000000dc602000 - 00000000dc645000 (ACPI NVS)
[    0.000000]  BIOS-e820: 00000000dc645000 - 00000000dcdb1000 (usable)
[    0.000000]  BIOS-e820: 00000000dcdb1000 - 00000000dcfe0000 (reserved)
[    0.000000]  BIOS-e820: 00000000dcfe0000 - 00000000dd000000 (usable)
[    0.000000]  BIOS-e820: 00000000dd800000 - 00000000dfa00000 (reserved)
[    0.000000]  BIOS-e820: 00000000f8000000 - 00000000fc000000 (reserved)
[    0.000000]  BIOS-e820: 00000000fec00000 - 00000000fec01000 (reserved)
[    0.000000]  BIOS-e820: 00000000fed00000 - 00000000fed04000 (reserved)
[    0.000000]  BIOS-e820: 00000000fed1c000 - 00000000fed20000 (reserved)
[    0.000000]  BIOS-e820: 00000000fee00000 - 00000000fee01000 (reserved)
[    0.000000]  BIOS-e820: 00000000ff000000 - 0000000100000000 (reserved)
[    0.000000]  BIOS-e820: 0000000100000000 - 000000021f600000 (usable)
[    0.000000] NX (Execute Disable) protection: active
[    0.000000] SMBIOS 2.7 present.
[    0.000000] DMI: Gigabyte Technology Co., Ltd. To be filled by O.E.M./C1037UN, BIOS F2 12/03/2013
[    0.000000] e820 update range: 0000000000000000 - 0000000000010000 (usable) ==> (reserved)
[    0.000000] e820 remove range: 00000000000a0000 - 0000000000100000 (usable)
[    0.000000] No AGP bridge found
[    0.000000] last_pfn = 0x21f600 max_arch_pfn = 0x400000000
[    0.000000] MTRR default type: uncachable
[    0.000000] MTRR fixed ranges enabled:
[    0.000000]   00000-9FFFF write-back
[    0.000000]   A0000-BFFFF uncachable
[    0.000000]   C0000-CFFFF write-protect
[    0.000000]   D0000-E7FFF uncachable
[    0.000000]   E8000-FFFFF write-protect
[    0.000000] MTRR variable ranges enabled:
[    0.000000]   0 base 000000000 mask E00000000 write-back
[    0.000000]   1 base 200000000 mask FE0000000 write-back
[    0.000000]   2 base 0E0000000 mask FE0000000 uncachable
[    0.000000]   3 base 0DE000000 mask FFE000000 uncachable
[    0.000000]   4 base 0DD800000 mask FFF800000 uncachable
[    0.000000]   5 base 21F800000 mask FFF800000 uncachable
[    0.000000]   6 base 21F600000 mask FFFE00000 uncachable
[    0.000000]   7 disabled
[    0.000000]   8 disabled
[    0.000000]   9 disabled
[    0.000000] x86 PAT enabled: cpu 0, old 0x7040600070406, new 0x7010600070106
[    0.000000] e820 update range: 00000000dd800000 - 0000000100000000 (usable) ==> (reserved)
[    0.000000] last_pfn = 0xdd000 max_arch_pfn = 0x400000000
[    0.000000] found SMP MP-table at [ffff8800000fd790] fd790
[    0.000000] initial memory mapped : 0 - 20000000
[    0.000000] Base memory trampoline at [ffff880000098000] 98000 size 20480
[    0.000000] init_memory_mapping: 0000000000000000-00000000dd000000
[    0.000000]  0000000000 - 00dd000000 page 2M
[    0.000000] kernel direct mapping tables up to dd000000 @ 1fffb000-20000000
[    0.000000] init_memory_mapping: 0000000100000000-000000021f600000
[    0.000000]  0100000000 - 021f600000 page 2M
[    0.000000] kernel direct mapping tables up to 21f600000 @ dcffa000-dd000000
[    0.000000] RAMDISK: 36c6a000 - 3762d000
[    0.000000] ACPI: RSDP 00000000000f0490 00024 (v02 ALASKA)
[    0.000000] ACPI: XSDT 00000000dba8d070 0005C (v01 ALASKA    A M I 01072009 AMI  00010013)
[    0.000000] ACPI: FACP 00000000dba976f0 000F4 (v04 ALASKA    A M I 01072009 AMI  00010013)
[    0.000000] ACPI: DSDT 00000000dba8d158 0A598 (v02 ALASKA    A M I 00000088 INTL 20051117)
[    0.000000] ACPI: FACS 00000000dbc26f80 00040
[    0.000000] ACPI: APIC 00000000dba977e8 00062 (v03 ALASKA    A M I 01072009 AMI  00010013)
[    0.000000] ACPI: MCFG 00000000dba97850 0003C (v01 ALASKA    A M I 01072009 MSFT 00000097)
[    0.000000] ACPI: HPET 00000000dba97890 00038 (v01 ALASKA    A M I 01072009 AMI. 00000005)
[    0.000000] ACPI: SSDT 00000000dba978c8 0036D (v01 SataRe SataTabl 00001000 INTL 20091112)
[    0.000000] ACPI: SSDT 00000000dba97c38 00860 (v01  PmRef  Cpu0Ist 00003000 INTL 20051117)
[    0.000000] ACPI: SSDT 00000000dba98498 00A92 (v01  PmRef    CpuPm 00003000 INTL 20051117)
[    0.000000] ACPI: Local APIC address 0xfee00000
[    0.000000] No NUMA configuration found
[    0.000000] Faking a node at 0000000000000000-000000021f600000
[    0.000000] Initmem setup node 0 0000000000000000-000000021f600000
[    0.000000]   NODE_DATA [000000021f5fb000 - 000000021f5fffff]
[    0.000000]  [ffffea0000000000-ffffea00077fffff] PMD -> [ffff880216c00000-ffff88021ddfffff] on node 0
[    0.000000] Zone PFN ranges:
[    0.000000]   DMA      0x00000010 -> 0x00001000
[    0.000000]   DMA32    0x00001000 -> 0x00100000
[    0.000000]   Normal   0x00100000 -> 0x0021f600
[    0.000000] Movable zone start PFN for each node
[    0.000000] early_node_map[9] active PFN ranges
[    0.000000]     0: 0x00000010 -> 0x0000009d
[    0.000000]     0: 0x00000100 -> 0x00020000
[    0.000000]     0: 0x00020200 -> 0x00040004
[    0.000000]     0: 0x00040005 -> 0x000db7e4
[    0.000000]     0: 0x000dbb0a -> 0x000dbb8f
[    0.000000]     0: 0x000dc601 -> 0x000dc602
[    0.000000]     0: 0x000dc645 -> 0x000dcdb1
[    0.000000]     0: 0x000dcfe0 -> 0x000dd000
[    0.000000]     0: 0x00100000 -> 0x0021f600
[    0.000000] On node 0 totalpages: 2077570
[    0.000000]   DMA zone: 56 pages used for memmap
[    0.000000]   DMA zone: 5 pages reserved
[    0.000000]   DMA zone: 3920 pages, LIFO batch:0
[    0.000000]   DMA32 zone: 14280 pages used for memmap
[    0.000000]   DMA32 zone: 882221 pages, LIFO batch:31
[    0.000000]   Normal zone: 16093 pages used for memmap
[    0.000000]   Normal zone: 1160995 pages, LIFO batch:31
[    0.000000] ACPI: PM-Timer IO Port: 0x408
[    0.000000] ACPI: Local APIC address 0xfee00000
[    0.000000] ACPI: LAPIC (acpi_id[0x01] lapic_id[0x00] enabled)
[    0.000000] ACPI: LAPIC (acpi_id[0x02] lapic_id[0x02] enabled)
[    0.000000] ACPI: LAPIC_NMI (acpi_id[0xff] high edge lint[0x1])
[    0.000000] ACPI: IOAPIC (id[0x02] address[0xfec00000] gsi_base[0])
[    0.000000] IOAPIC[0]: apic_id 2, version 32, address 0xfec00000, GSI 0-23
[    0.000000] ACPI: INT_SRC_OVR (bus 0 bus_irq 0 global_irq 2 dfl dfl)
[    0.000000] ACPI: INT_SRC_OVR (bus 0 bus_irq 9 global_irq 9 high level)
[    0.000000] ACPI: IRQ0 used by override.
[    0.000000] ACPI: IRQ2 used by override.
[    0.000000] ACPI: IRQ9 used by override.
[    0.000000] Using ACPI (MADT) for SMP configuration information
[    0.000000] ACPI: HPET id: 0x8086a701 base: 0xfed00000
[    0.000000] SMP: Allowing 2 CPUs, 0 hotplug CPUs
[    0.000000] nr_irqs_gsi: 40
[    0.000000] PM: Registered nosave memory: 000000000009d000 - 000000000009e000
[    0.000000] PM: Registered nosave memory: 000000000009e000 - 00000000000a0000
[    0.000000] PM: Registered nosave memory: 00000000000a0000 - 00000000000e0000
[    0.000000] PM: Registered nosave memory: 00000000000e0000 - 0000000000100000
[    0.000000] PM: Registered nosave memory: 0000000020000000 - 0000000020200000
[    0.000000] PM: Registered nosave memory: 0000000040004000 - 0000000040005000
[    0.000000] PM: Registered nosave memory: 00000000db7e4000 - 00000000dba8d000
[    0.000000] PM: Registered nosave memory: 00000000dba8d000 - 00000000dba99000
[    0.000000] PM: Registered nosave memory: 00000000dba99000 - 00000000dbb05000
[    0.000000] PM: Registered nosave memory: 00000000dbb05000 - 00000000dbb0a000
[    0.000000] PM: Registered nosave memory: 00000000dbb8f000 - 00000000dbc28000
[    0.000000] PM: Registered nosave memory: 00000000dbc28000 - 00000000dc601000
[    0.000000] PM: Registered nosave memory: 00000000dc602000 - 00000000dc645000
[    0.000000] PM: Registered nosave memory: 00000000dcdb1000 - 00000000dcfe0000
[    0.000000] PM: Registered nosave memory: 00000000dd000000 - 00000000dd800000
[    0.000000] PM: Registered nosave memory: 00000000dd800000 - 00000000dfa00000
[    0.000000] PM: Registered nosave memory: 00000000dfa00000 - 00000000f8000000
[    0.000000] PM: Registered nosave memory: 00000000f8000000 - 00000000fc000000
[    0.000000] PM: Registered nosave memory: 00000000fc000000 - 00000000fec00000
[    0.000000] PM: Registered nosave memory: 00000000fec00000 - 00000000fec01000
[    0.000000] PM: Registered nosave memory: 00000000fec01000 - 00000000fed00000
[    0.000000] PM: Registered nosave memory: 00000000fed00000 - 00000000fed04000
[    0.000000] PM: Registered nosave memory: 00000000fed04000 - 00000000fed1c000
[    0.000000] PM: Registered nosave memory: 00000000fed1c000 - 00000000fed20000
[    0.000000] PM: Registered nosave memory: 00000000fed20000 - 00000000fee00000
[    0.000000] PM: Registered nosave memory: 00000000fee00000 - 00000000fee01000
[    0.000000] PM: Registered nosave memory: 00000000fee01000 - 00000000ff000000
[    0.000000] PM: Registered nosave memory: 00000000ff000000 - 0000000100000000
[    0.000000] Allocating PCI resources starting at dfa00000 (gap: dfa00000:18600000)
[    0.000000] Booting paravirtualized kernel on bare hardware
[    0.000000] setup_percpu: NR_CPUS:512 nr_cpumask_bits:512 nr_cpu_ids:2 nr_node_ids:1
[    0.000000] PERCPU: Embedded 28 pages/cpu @ffff88021f200000 s82944 r8192 d23552 u1048576
[    0.000000] pcpu-alloc: s82944 r8192 d23552 u1048576 alloc=1*2097152
[    0.000000] pcpu-alloc: [0] 0 1 
[    0.000000] Built 1 zonelists in Zone order, mobility grouping on.  Total pages: 2047136
[    0.000000] Policy zone: Normal
[    0.000000] Kernel command line: BOOT_IMAGE=/boot/vmlinuz-3.2.0-4-amd64 root=UUID=5433e205-494c-4e86-8984-fc8af8f1d419 ro quiet
[    0.000000] PID hash table entries: 4096 (order: 3, 32768 bytes)
[    0.000000] xsave/xrstor: enabled xstate_bv 0x3, cntxt size 0x240
[    0.000000] Checking aperture...
[    0.000000] No AGP bridge found
[    0.000000] Calgary: detecting Calgary via BIOS EBDA area
[    0.000000] Calgary: Unable to locate Rio Grande table in EBDA - bailing!
[    0.000000] Memory: 8108716k/8902656k available (3432k kernel code, 592376k absent, 201564k reserved, 3307k data, 580k init)
[    0.000000] Hierarchical RCU implementation.
[    0.000000] 	RCU dyntick-idle grace-period acceleration is enabled.
[    0.000000] NR_IRQS:33024 nr_irqs:512 16
[    0.000000] Extended CMOS year: 2000
[    0.000000] Console: colour VGA+ 80x25
[    0.000000] console [tty0] enabled
[    0.000000] hpet clockevent registered
[    0.000000] Fast TSC calibration using PIT
[    0.004000] Detected 1795.965 MHz processor.
[    0.000002] Calibrating delay loop (skipped), value calculated using timer frequency.. 3591.93 BogoMIPS (lpj=7183860)
[    0.000007] pid_max: default: 32768 minimum: 301
[    0.000051] Security Framework initialized
[    0.000055] AppArmor: AppArmor disabled by boot time parameter
[    0.000654] Dentry cache hash table entries: 1048576 (order: 11, 8388608 bytes)
[    0.003334] Inode-cache hash table entries: 524288 (order: 10, 4194304 bytes)
[    0.004556] Mount-cache hash table entries: 256
[    0.004661] Initializing cgroup subsys cpuacct
[    0.004665] Initializing cgroup subsys memory
[    0.004674] Initializing cgroup subsys devices
[    0.004677] Initializing cgroup subsys freezer
[    0.004679] Initializing cgroup subsys net_cls
[    0.004681] Initializing cgroup subsys blkio
[    0.004687] Initializing cgroup subsys perf_event
[    0.004719] CPU: Physical Processor ID: 0
[    0.004720] CPU: Processor Core ID: 0
[    0.004726] ENERGY_PERF_BIAS: Set to 'normal', was 'performance'
[    0.004727] ENERGY_PERF_BIAS: View and update with x86_energy_perf_policy(8)
[    0.004731] mce: CPU supports 7 MCE banks
[    0.004745] CPU0: Thermal monitoring enabled (TM1)
[    0.004753] using mwait in idle threads.
[    0.005274] ACPI: Core revision 20110623
[    0.012354] x2apic not enabled, IRQ remapping init failed
[    0.012759] ..TIMER: vector=0x30 apic1=0 pin1=2 apic2=-1 pin2=-1
[    0.052432] CPU0: Intel(R) Celeron(R) CPU 1037U @ 1.80GHz stepping 09
[    0.159685] Performance Events: PEBS fmt1+, generic architected perfmon, Intel PMU driver.
[    0.159693] ... version:                3
[    0.159695] ... bit width:              48
[    0.159696] ... generic registers:      8
[    0.159698] ... value mask:             0000ffffffffffff
[    0.159700] ... max period:             000000007fffffff
[    0.159701] ... fixed-purpose events:   3
[    0.159703] ... event mask:             00000007000000ff
[    0.159812] NMI watchdog enabled, takes one hw-pmu counter.
[    0.159924] Booting Node   0, Processors  #1 Ok.
[    0.159926] smpboot cpu 1: start_ip = 98000
[    0.267802] NMI watchdog enabled, takes one hw-pmu counter.
[    0.267830] Brought up 2 CPUs
[    0.267832] Total of 2 processors activated (7183.75 BogoMIPS).
[    0.269312] devtmpfs: initialized
[    0.272802] PM: Registering ACPI NVS region at dbb8f000 (626688 bytes)
[    0.272826] PM: Registering ACPI NVS region at dc602000 (274432 bytes)
[    0.272990] print_constraints: dummy: 
[    0.273047] NET: Registered protocol family 16
[    0.273138] ACPI FADT declares the system doesn't support PCIe ASPM, so disable it
[    0.273141] ACPI: bus type pci registered
[    0.273210] PCI: MMCONFIG for domain 0000 [bus 00-3f] at [mem 0xf8000000-0xfbffffff] (base 0xf8000000)
[    0.273214] PCI: MMCONFIG at [mem 0xf8000000-0xfbffffff] reserved in E820
[    0.279280] PCI: Using configuration type 1 for base access
[    0.280100] bio: create slab <bio-0> at 0
[    0.280198] ACPI: Added _OSI(Module Device)
[    0.280201] ACPI: Added _OSI(Processor Device)
[    0.280203] ACPI: Added _OSI(3.0 _SCP Extensions)
[    0.280205] ACPI: Added _OSI(Processor Aggregator Device)
[    0.281951] ACPI: EC: Look up EC in DSDT
[    0.284228] ACPI: Executed 1 blocks of module-level executable AML code
[    0.300194] ACPI: SSDT 00000000dba9a018 0083B (v01  PmRef  Cpu0Cst 00003001 INTL 20051117)
[    0.300650] ACPI: Dynamic OEM Table Load:
[    0.300653] ACPI: SSDT           (null) 0083B (v01  PmRef  Cpu0Cst 00003001 INTL 20051117)
[    0.311977] ACPI: SSDT 00000000dba9ba98 00303 (v01  PmRef    ApIst 00003000 INTL 20051117)
[    0.312478] ACPI: Dynamic OEM Table Load:
[    0.312480] ACPI: SSDT           (null) 00303 (v01  PmRef    ApIst 00003000 INTL 20051117)
[    0.323787] ACPI: SSDT 00000000dbab4c18 00119 (v01  PmRef    ApCst 00003000 INTL 20051117)
[    0.324234] ACPI: Dynamic OEM Table Load:
[    0.324236] ACPI: SSDT           (null) 00119 (v01  PmRef    ApCst 00003000 INTL 20051117)
[    0.336259] ACPI: Interpreter enabled
[    0.336265] ACPI: (supports S0 S3 S4 S5)
[    0.336292] ACPI: Using IOAPIC for interrupt routing
[    0.345445] ACPI: Power Resource [FN00] (off)
[    0.345543] ACPI: Power Resource [FN01] (off)
[    0.345638] ACPI: Power Resource [FN02] (off)
[    0.345732] ACPI: Power Resource [FN03] (off)
[    0.345825] ACPI: Power Resource [FN04] (off)
[    0.346371] ACPI: No dock devices found.
[    0.346373] HEST: Table not found.
[    0.346377] PCI: Using host bridge windows from ACPI; if necessary, use "pci=nocrs" and report a bug
[    0.346799] ACPI: PCI Root Bridge [PCI0] (domain 0000 [bus 00-3e])
[    0.347414] pci_root PNP0A08:00: host bridge window [io  0x0000-0x0cf7]
[    0.347416] pci_root PNP0A08:00: host bridge window [io  0x0d00-0xffff]
[    0.347419] pci_root PNP0A08:00: host bridge window [mem 0x000a0000-0x000bffff]
[    0.347422] pci_root PNP0A08:00: host bridge window [mem 0x000d0000-0x000d3fff]
[    0.347424] pci_root PNP0A08:00: host bridge window [mem 0x000d4000-0x000d7fff]
[    0.347426] pci_root PNP0A08:00: host bridge window [mem 0x000d8000-0x000dbfff]
[    0.347429] pci_root PNP0A08:00: host bridge window [mem 0x000dc000-0x000dffff]
[    0.347431] pci_root PNP0A08:00: host bridge window [mem 0x000e0000-0x000e3fff]
[    0.347433] pci_root PNP0A08:00: host bridge window [mem 0x000e4000-0x000e7fff]
[    0.347436] pci_root PNP0A08:00: host bridge window [mem 0xdfa00000-0xfeafffff]
[    0.347450] pci 0000:00:00.0: [8086:0154] type 0 class 0x000600
[    0.347494] pci 0000:00:02.0: [8086:0156] type 0 class 0x000300
[    0.347507] pci 0000:00:02.0: reg 10: [mem 0xf7800000-0xf7bfffff 64bit]
[    0.347515] pci 0000:00:02.0: reg 18: [mem 0xe0000000-0xefffffff 64bit pref]
[    0.347520] pci 0000:00:02.0: reg 20: [io  0xf000-0xf03f]
[    0.347584] pci 0000:00:16.0: [8086:1e3a] type 0 class 0x000780
[    0.347609] pci 0000:00:16.0: reg 10: [mem 0xf7e0a000-0xf7e0a00f 64bit]
[    0.347698] pci 0000:00:16.0: PME# supported from D0 D3hot D3cold
[    0.347737] pci 0000:00:1a.0: [8086:1e2d] type 0 class 0x000c03
[    0.347760] pci 0000:00:1a.0: reg 10: [mem 0xf7e08000-0xf7e083ff]
[    0.347860] pci 0000:00:1a.0: PME# supported from D0 D3hot D3cold
[    0.347889] pci 0000:00:1b.0: [8086:1e20] type 0 class 0x000403
[    0.347906] pci 0000:00:1b.0: reg 10: [mem 0xf7e00000-0xf7e03fff 64bit]
[    0.347983] pci 0000:00:1b.0: PME# supported from D0 D3hot D3cold
[    0.348009] pci 0000:00:1c.0: [8086:1e10] type 1 class 0x000604
[    0.348098] pci 0000:00:1c.0: PME# supported from D0 D3hot D3cold
[    0.348126] pci 0000:00:1c.1: [8086:1e12] type 1 class 0x000604
[    0.348215] pci 0000:00:1c.1: PME# supported from D0 D3hot D3cold
[    0.348244] pci 0000:00:1c.2: [8086:2448] type 1 class 0x000604
[    0.348332] pci 0000:00:1c.2: PME# supported from D0 D3hot D3cold
[    0.348361] pci 0000:00:1c.3: [8086:1e16] type 1 class 0x000604
[    0.348450] pci 0000:00:1c.3: PME# supported from D0 D3hot D3cold
[    0.348486] pci 0000:00:1d.0: [8086:1e26] type 0 class 0x000c03
[    0.348509] pci 0000:00:1d.0: reg 10: [mem 0xf7e07000-0xf7e073ff]
[    0.348609] pci 0000:00:1d.0: PME# supported from D0 D3hot D3cold
[    0.348637] pci 0000:00:1f.0: [8086:1e5f] type 0 class 0x000601
[    0.348773] pci 0000:00:1f.2: [8086:1e03] type 0 class 0x000106
[    0.348794] pci 0000:00:1f.2: reg 10: [io  0xf0b0-0xf0b7]
[    0.348803] pci 0000:00:1f.2: reg 14: [io  0xf0a0-0xf0a3]
[    0.348812] pci 0000:00:1f.2: reg 18: [io  0xf090-0xf097]
[    0.348820] pci 0000:00:1f.2: reg 1c: [io  0xf080-0xf083]
[    0.348829] pci 0000:00:1f.2: reg 20: [io  0xf060-0xf07f]
[    0.348838] pci 0000:00:1f.2: reg 24: [mem 0xf7e06000-0xf7e067ff]
[    0.348889] pci 0000:00:1f.2: PME# supported from D3hot
[    0.348911] pci 0000:00:1f.3: [8086:1e22] type 0 class 0x000c05
[    0.348928] pci 0000:00:1f.3: reg 10: [mem 0xf7e05000-0xf7e050ff 64bit]
[    0.348951] pci 0000:00:1f.3: reg 20: [io  0xf040-0xf05f]
[    0.349054] pci 0000:01:00.0: [10ec:8168] type 0 class 0x000200
[    0.349075] pci 0000:01:00.0: reg 10: [io  0xe000-0xe0ff]
[    0.349112] pci 0000:01:00.0: reg 18: [mem 0xf7d00000-0xf7d00fff 64bit]
[    0.349135] pci 0000:01:00.0: reg 20: [mem 0xf0100000-0xf0103fff 64bit pref]
[    0.349235] pci 0000:01:00.0: supports D1 D2
[    0.349237] pci 0000:01:00.0: PME# supported from D0 D1 D2 D3hot D3cold
[    0.355652] pci 0000:00:1c.0: PCI bridge to [bus 01-01]
[    0.355669] pci 0000:00:1c.0:   bridge window [io  0xe000-0xefff]
[    0.355674] pci 0000:00:1c.0:   bridge window [mem 0xf7d00000-0xf7dfffff]
[    0.355681] pci 0000:00:1c.0:   bridge window [mem 0xf0100000-0xf01fffff 64bit pref]
[    0.355756] pci 0000:02:00.0: [10ec:8168] type 0 class 0x000200
[    0.355777] pci 0000:02:00.0: reg 10: [io  0xd000-0xd0ff]
[    0.355814] pci 0000:02:00.0: reg 18: [mem 0xf0004000-0xf0004fff 64bit pref]
[    0.355838] pci 0000:02:00.0: reg 20: [mem 0xf0000000-0xf0003fff 64bit pref]
[    0.355937] pci 0000:02:00.0: supports D1 D2
[    0.355939] pci 0000:02:00.0: PME# supported from D0 D1 D2 D3hot D3cold
[    0.363643] pci 0000:00:1c.1: PCI bridge to [bus 02-02]
[    0.363651] pci 0000:00:1c.1:   bridge window [io  0xd000-0xdfff]
[    0.363672] pci 0000:00:1c.1:   bridge window [mem 0xf0000000-0xf00fffff 64bit pref]
[    0.363745] pci 0000:03:00.0: [8086:244e] type 1 class 0x000604
[    0.363906] pci 0000:03:00.0: supports D1 D2
[    0.363908] pci 0000:03:00.0: PME# supported from D0 D1 D2 D3hot D3cold
[    0.363938] pci 0000:00:1c.2: PCI bridge to [bus 03-04] (subtractive decode)
[    0.363950] pci 0000:00:1c.2:   bridge window [io  0x0000-0x0cf7] (subtractive decode)
[    0.363953] pci 0000:00:1c.2:   bridge window [io  0x0d00-0xffff] (subtractive decode)
[    0.363955] pci 0000:00:1c.2:   bridge window [mem 0x000a0000-0x000bffff] (subtractive decode)
[    0.363958] pci 0000:00:1c.2:   bridge window [mem 0x000d0000-0x000d3fff] (subtractive decode)
[    0.363961] pci 0000:00:1c.2:   bridge window [mem 0x000d4000-0x000d7fff] (subtractive decode)
[    0.363963] pci 0000:00:1c.2:   bridge window [mem 0x000d8000-0x000dbfff] (subtractive decode)
[    0.363966] pci 0000:00:1c.2:   bridge window [mem 0x000dc000-0x000dffff] (subtractive decode)
[    0.363969] pci 0000:00:1c.2:   bridge window [mem 0x000e0000-0x000e3fff] (subtractive decode)
[    0.363971] pci 0000:00:1c.2:   bridge window [mem 0x000e4000-0x000e7fff] (subtractive decode)
[    0.363974] pci 0000:00:1c.2:   bridge window [mem 0xdfa00000-0xfeafffff] (subtractive decode)
[    0.364131] pci 0000:03:00.0: PCI bridge to [bus 04-04] (subtractive decode)
[    0.364159] pci 0000:03:00.0:   bridge window [??? 0x00000000 flags 0x0] (subtractive decode)
[    0.364161] pci 0000:03:00.0:   bridge window [??? 0x00000000 flags 0x0] (subtractive decode)
[    0.364164] pci 0000:03:00.0:   bridge window [??? 0x00000000 flags 0x0] (subtractive decode)
[    0.364166] pci 0000:03:00.0:   bridge window [??? 0x00000000 flags 0x0] (subtractive decode)
[    0.364169] pci 0000:03:00.0:   bridge window [io  0x0000-0x0cf7] (subtractive decode)
[    0.364171] pci 0000:03:00.0:   bridge window [io  0x0d00-0xffff] (subtractive decode)
[    0.364174] pci 0000:03:00.0:   bridge window [mem 0x000a0000-0x000bffff] (subtractive decode)
[    0.364177] pci 0000:03:00.0:   bridge window [mem 0x000d0000-0x000d3fff] (subtractive decode)
[    0.364179] pci 0000:03:00.0:   bridge window [mem 0x000d4000-0x000d7fff] (subtractive decode)
[    0.364182] pci 0000:03:00.0:   bridge window [mem 0x000d8000-0x000dbfff] (subtractive decode)
[    0.364184] pci 0000:03:00.0:   bridge window [mem 0x000dc000-0x000dffff] (subtractive decode)
[    0.364187] pci 0000:03:00.0:   bridge window [mem 0x000e0000-0x000e3fff] (subtractive decode)
[    0.364190] pci 0000:03:00.0:   bridge window [mem 0x000e4000-0x000e7fff] (subtractive decode)
[    0.364192] pci 0000:03:00.0:   bridge window [mem 0xdfa00000-0xfeafffff] (subtractive decode)
[    0.364278] pci 0000:05:00.0: [197b:2368] type 0 class 0x000101
[    0.364315] pci 0000:05:00.0: reg 10: [io  0xc040-0xc047]
[    0.364332] pci 0000:05:00.0: reg 14: [io  0xc030-0xc033]
[    0.364349] pci 0000:05:00.0: reg 18: [io  0xc020-0xc027]
[    0.364366] pci 0000:05:00.0: reg 1c: [io  0xc010-0xc013]
[    0.364384] pci 0000:05:00.0: reg 20: [io  0xc000-0xc00f]
[    0.364416] pci 0000:05:00.0: reg 30: [mem 0xf7c00000-0xf7c0ffff pref]
[    0.371639] pci 0000:00:1c.3: PCI bridge to [bus 05-05]
[    0.371647] pci 0000:00:1c.3:   bridge window [io  0xc000-0xcfff]
[    0.371664] pci 0000:00:1c.3:   bridge window [mem 0xf7c00000-0xf7cfffff]
[    0.371692] ACPI: PCI Interrupt Routing Table [\_SB_.PCI0._PRT]
[    0.371914] ACPI: PCI Interrupt Routing Table [\_SB_.PCI0.RP01._PRT]
[    0.371963] ACPI: PCI Interrupt Routing Table [\_SB_.PCI0.RP02._PRT]
[    0.372009] ACPI: PCI Interrupt Routing Table [\_SB_.PCI0.RP03._PRT]
[    0.372055] ACPI: PCI Interrupt Routing Table [\_SB_.PCI0.RP04._PRT]
[    0.372240]  pci0000:00: Requesting ACPI _OSC control (0x1d)
[    0.372506]  pci0000:00: ACPI _OSC control (0x18) granted
[    0.377901] ACPI: PCI Interrupt Link [LNKA] (IRQs 3 4 5 6 10 *11 12 14 15)
[    0.377958] ACPI: PCI Interrupt Link [LNKB] (IRQs 3 4 5 6 *10 11 12 14 15)
[    0.378012] ACPI: PCI Interrupt Link [LNKC] (IRQs 3 4 5 6 10 *11 12 14 15)
[    0.378067] ACPI: PCI Interrupt Link [LNKD] (IRQs 3 4 5 6 *10 11 12 14 15)
[    0.378120] ACPI: PCI Interrupt Link [LNKE] (IRQs 3 4 5 6 10 11 12 14 15) *0, disabled.
[    0.378175] ACPI: PCI Interrupt Link [LNKF] (IRQs 3 4 5 6 10 11 12 14 15) *0, disabled.
[    0.378230] ACPI: PCI Interrupt Link [LNKG] (IRQs 3 4 5 6 10 *11 12 14 15)
[    0.378285] ACPI: PCI Interrupt Link [LNKH] (IRQs 3 4 5 6 *10 11 12 14 15)
[    0.378391] vgaarb: device added: PCI:0000:00:02.0,decodes=io+mem,owns=io+mem,locks=none
[    0.378399] vgaarb: loaded
[    0.378401] vgaarb: bridge control possible 0000:00:02.0
[    0.378440] PCI: Using ACPI for IRQ routing
[    0.380128] PCI: pci_cache_line_size set to 64 bytes
[    0.380203] reserve RAM buffer: 000000000009d800 - 000000000009ffff 
[    0.380206] reserve RAM buffer: 0000000040004000 - 0000000043ffffff 
[    0.380208] reserve RAM buffer: 00000000db7e4000 - 00000000dbffffff 
[    0.380211] reserve RAM buffer: 00000000dbb8f000 - 00000000dbffffff 
[    0.380214] reserve RAM buffer: 00000000dc602000 - 00000000dfffffff 
[    0.380217] reserve RAM buffer: 00000000dcdb1000 - 00000000dfffffff 
[    0.380220] reserve RAM buffer: 00000000dd000000 - 00000000dfffffff 
[    0.380222] reserve RAM buffer: 000000021f600000 - 000000021fffffff 
[    0.380334] hpet0: at MMIO 0xfed00000, IRQs 2, 8, 0, 0, 0, 0, 0, 0
[    0.380341] hpet0: 8 comparators, 64-bit 14.318180 MHz counter
[    0.382356] Switching to clocksource hpet
[    0.384126] pnp: PnP ACPI init
[    0.384139] ACPI: bus type pnp registered
[    0.384463] pnp 00:00: [bus 00-3e]
[    0.384466] pnp 00:00: [io  0x0000-0x0cf7 window]
[    0.384468] pnp 00:00: [io  0x0cf8-0x0cff]
[    0.384470] pnp 00:00: [io  0x0d00-0xffff window]
[    0.384473] pnp 00:00: [mem 0x000a0000-0x000bffff window]
[    0.384475] pnp 00:00: [mem 0x000c0000-0x000c3fff window]
[    0.384477] pnp 00:00: [mem 0x000c4000-0x000c7fff window]
[    0.384479] pnp 00:00: [mem 0x000c8000-0x000cbfff window]
[    0.384481] pnp 00:00: [mem 0x000cc000-0x000cffff window]
[    0.384483] pnp 00:00: [mem 0x000d0000-0x000d3fff window]
[    0.384486] pnp 00:00: [mem 0x000d4000-0x000d7fff window]
[    0.384488] pnp 00:00: [mem 0x000d8000-0x000dbfff window]
[    0.384490] pnp 00:00: [mem 0x000dc000-0x000dffff window]
[    0.384492] pnp 00:00: [mem 0x000e0000-0x000e3fff window]
[    0.384494] pnp 00:00: [mem 0x000e4000-0x000e7fff window]
[    0.384498] pnp 00:00: [mem 0x000e8000-0x000ebfff window]
[    0.384500] pnp 00:00: [mem 0x000ec000-0x000effff window]
[    0.384502] pnp 00:00: [mem 0x000f0000-0x000fffff window]
[    0.384504] pnp 00:00: [mem 0xdfa00000-0xfeafffff window]
[    0.384506] pnp 00:00: [mem 0x00010000-0x0001ffff window]
[    0.384579] pnp 00:00: Plug and Play ACPI device, IDs PNP0a08 PNP0a03 (active)
[    0.384612] pnp 00:01: [mem 0xfed40000-0xfed44fff]
[    0.384653] system 00:01: [mem 0xfed40000-0xfed44fff] has been reserved
[    0.384657] system 00:01: Plug and Play ACPI device, IDs PNP0c01 (active)
[    0.384672] pnp 00:02: [io  0x0000-0x001f]
[    0.384674] pnp 00:02: [io  0x0081-0x0091]
[    0.384676] pnp 00:02: [io  0x0093-0x009f]
[    0.384678] pnp 00:02: [io  0x00c0-0x00df]
[    0.384680] pnp 00:02: [dma 4]
[    0.384704] pnp 00:02: Plug and Play ACPI device, IDs PNP0200 (active)
[    0.384714] pnp 00:03: [mem 0xff000000-0xffffffff]
[    0.384737] pnp 00:03: Plug and Play ACPI device, IDs INT0800 (active)
[    0.384823] pnp 00:04: [mem 0xfed00000-0xfed003ff]
[    0.384847] pnp 00:04: Plug and Play ACPI device, IDs PNP0103 (active)
[    0.384860] pnp 00:05: [io  0x002e-0x002f]
[    0.384862] pnp 00:05: [io  0x004e-0x004f]
[    0.384864] pnp 00:05: [io  0x0061]
[    0.384866] pnp 00:05: [io  0x0063]
[    0.384868] pnp 00:05: [io  0x0065]
[    0.384869] pnp 00:05: [io  0x0067]
[    0.384871] pnp 00:05: [io  0x0070]
[    0.384873] pnp 00:05: [io  0x0080]
[    0.384874] pnp 00:05: [io  0x0092]
[    0.384876] pnp 00:05: [io  0x00b2-0x00b3]
[    0.384878] pnp 00:05: [io  0x0680-0x069f]
[    0.384880] pnp 00:05: [io  0x0200-0x020f]
[    0.384882] pnp 00:05: [io  0xffff]
[    0.384884] pnp 00:05: [io  0xffff]
[    0.384885] pnp 00:05: [io  0x0400-0x0453]
[    0.384887] pnp 00:05: [io  0x0458-0x047f]
[    0.384889] pnp 00:05: [io  0x0500-0x057f]
[    0.384937] system 00:05: [io  0x0680-0x069f] has been reserved
[    0.384940] system 00:05: [io  0x0200-0x020f] has been reserved
[    0.384943] system 00:05: [io  0xffff] has been reserved
[    0.384946] system 00:05: [io  0xffff] has been reserved
[    0.384948] system 00:05: [io  0x0400-0x0453] has been reserved
[    0.384951] system 00:05: [io  0x0458-0x047f] has been reserved
[    0.384953] system 00:05: [io  0x0500-0x057f] has been reserved
[    0.384956] system 00:05: Plug and Play ACPI device, IDs PNP0c02 (active)
[    0.384967] pnp 00:06: [io  0x0070-0x0077]
[    0.384975] pnp 00:06: [irq 8]
[    0.385000] pnp 00:06: Plug and Play ACPI device, IDs PNP0b00 (active)
[    0.385032] pnp 00:07: [io  0x0454-0x0457]
[    0.385073] system 00:07: [io  0x0454-0x0457] has been reserved
[    0.385076] system 00:07: Plug and Play ACPI device, IDs INT3f0d PNP0c02 (active)
[    0.385204] pnp 00:08: [io  0x0000-0xffffffffffffffff disabled]
[    0.385207] pnp 00:08: [io  0x0a00-0x0a0f]
[    0.385208] pnp 00:08: [io  0x0a30-0x0a3f]
[    0.385210] pnp 00:08: [io  0x0a20-0x0a2f]
[    0.385251] system 00:08: [io  0x0a00-0x0a0f] has been reserved
[    0.385254] system 00:08: [io  0x0a30-0x0a3f] has been reserved
[    0.385256] system 00:08: [io  0x0a20-0x0a2f] has been reserved
[    0.385259] system 00:08: Plug and Play ACPI device, IDs PNP0c02 (active)
[    0.385592] pnp 00:09: [io  0x03f8-0x03ff]
[    0.385598] pnp 00:09: [irq 4]
[    0.385600] pnp 00:09: [dma 0 disabled]
[    0.385666] pnp 00:09: Plug and Play ACPI device, IDs PNP0501 (active)
[    0.385955] pnp 00:0a: [io  0x02f8-0x02ff]
[    0.385961] pnp 00:0a: [irq 3]
[    0.385963] pnp 00:0a: [dma 0 disabled]
[    0.386027] pnp 00:0a: Plug and Play ACPI device, IDs PNP0501 (active)
[    0.386422] pnp 00:0b: [io  0x0378-0x037f]
[    0.386428] pnp 00:0b: [irq 5]
[    0.386430] pnp 00:0b: [dma 0 disabled]
[    0.386593] pnp 00:0b: Plug and Play ACPI device, IDs PNP0400 (active)
[    0.386619] pnp 00:0c: [io  0x0010-0x001f]
[    0.386621] pnp 00:0c: [io  0x0022-0x003f]
[    0.386623] pnp 00:0c: [io  0x0044-0x005f]
[    0.386625] pnp 00:0c: [io  0x0062-0x0063]
[    0.386627] pnp 00:0c: [io  0x0065-0x006f]
[    0.386629] pnp 00:0c: [io  0x0072-0x007f]
[    0.386631] pnp 00:0c: [io  0x0080]
[    0.386632] pnp 00:0c: [io  0x0084-0x0086]
[    0.386634] pnp 00:0c: [io  0x0088]
[    0.386636] pnp 00:0c: [io  0x008c-0x008e]
[    0.386638] pnp 00:0c: [io  0x0090-0x009f]
[    0.386640] pnp 00:0c: [io  0x00a2-0x00bf]
[    0.386641] pnp 00:0c: [io  0x00e0-0x00ef]
[    0.386643] pnp 00:0c: [io  0x04d0-0x04d1]
[    0.386691] system 00:0c: [io  0x04d0-0x04d1] has been reserved
[    0.386694] system 00:0c: Plug and Play ACPI device, IDs PNP0c02 (active)
[    0.386704] pnp 00:0d: [io  0x00f0-0x00ff]
[    0.386709] pnp 00:0d: [irq 13]
[    0.386738] pnp 00:0d: Plug and Play ACPI device, IDs PNP0c04 (active)
[    0.387016] pnp 00:0e: [mem 0xfed1c000-0xfed1ffff]
[    0.387018] pnp 00:0e: [mem 0xfed10000-0xfed17fff]
[    0.387020] pnp 00:0e: [mem 0xfed18000-0xfed18fff]
[    0.387022] pnp 00:0e: [mem 0xfed19000-0xfed19fff]
[    0.387024] pnp 00:0e: [mem 0xf8000000-0xfbffffff]
[    0.387026] pnp 00:0e: [mem 0xfed20000-0xfed3ffff]
[    0.387028] pnp 00:0e: [mem 0xfed90000-0xfed93fff]
[    0.387030] pnp 00:0e: [mem 0xfed45000-0xfed8ffff]
[    0.387032] pnp 00:0e: [mem 0xff000000-0xffffffff]
[    0.387034] pnp 00:0e: [mem 0xfee00000-0xfeefffff]
[    0.387036] pnp 00:0e: [mem 0xdfa00000-0xdfa00fff]
[    0.387107] system 00:0e: [mem 0xfed1c000-0xfed1ffff] has been reserved
[    0.387110] system 00:0e: [mem 0xfed10000-0xfed17fff] has been reserved
[    0.387113] system 00:0e: [mem 0xfed18000-0xfed18fff] has been reserved
[    0.387116] system 00:0e: [mem 0xfed19000-0xfed19fff] has been reserved
[    0.387119] system 00:0e: [mem 0xf8000000-0xfbffffff] has been reserved
[    0.387121] system 00:0e: [mem 0xfed20000-0xfed3ffff] has been reserved
[    0.387124] system 00:0e: [mem 0xfed90000-0xfed93fff] has been reserved
[    0.387127] system 00:0e: [mem 0xfed45000-0xfed8ffff] has been reserved
[    0.387131] system 00:0e: [mem 0xff000000-0xffffffff] has been reserved
[    0.387134] system 00:0e: [mem 0xfee00000-0xfeefffff] could not be reserved
[    0.387137] system 00:0e: [mem 0xdfa00000-0xdfa00fff] has been reserved
[    0.387140] system 00:0e: Plug and Play ACPI device, IDs PNP0c02 (active)
[    0.387299] pnp 00:0f: [mem 0x20000000-0x201fffff]
[    0.387302] pnp 00:0f: [mem 0x40004000-0x40004fff]
[    0.387371] system 00:0f: [mem 0x20000000-0x201fffff] has been reserved
[    0.387374] system 00:0f: [mem 0x40004000-0x40004fff] has been reserved
[    0.387377] system 00:0f: Plug and Play ACPI device, IDs PNP0c01 (active)
[    0.387403] pnp: PnP ACPI: found 16 devices
[    0.387404] ACPI: ACPI bus type pnp unregistered
[    0.394010] PCI: max bus depth: 2 pci_try_num: 3
[    0.394062] pci 0000:00:1c.0: PCI bridge to [bus 01-01]
[    0.394066] pci 0000:00:1c.0:   bridge window [io  0xe000-0xefff]
[    0.394072] pci 0000:00:1c.0:   bridge window [mem 0xf7d00000-0xf7dfffff]
[    0.394077] pci 0000:00:1c.0:   bridge window [mem 0xf0100000-0xf01fffff 64bit pref]
[    0.394084] pci 0000:00:1c.1: PCI bridge to [bus 02-02]
[    0.394087] pci 0000:00:1c.1:   bridge window [io  0xd000-0xdfff]
[    0.394095] pci 0000:00:1c.1:   bridge window [mem 0xf0000000-0xf00fffff 64bit pref]
[    0.394102] pci 0000:03:00.0: PCI bridge to [bus 04-04]
[    0.394126] pci 0000:00:1c.2: PCI bridge to [bus 03-04]
[    0.394139] pci 0000:00:1c.3: PCI bridge to [bus 05-05]
[    0.394142] pci 0000:00:1c.3:   bridge window [io  0xc000-0xcfff]
[    0.394147] pci 0000:00:1c.3:   bridge window [mem 0xf7c00000-0xf7cfffff]
[    0.394173] pci 0000:00:1c.0: setting latency timer to 64
[    0.394187] pci 0000:00:1c.1: setting latency timer to 64
[    0.394201] pci 0000:00:1c.2: setting latency timer to 64
[    0.394220] pci 0000:03:00.0: setting latency timer to 64
[    0.394234] pci 0000:00:1c.3: setting latency timer to 64
[    0.394239] pci_bus 0000:00: resource 4 [io  0x0000-0x0cf7]
[    0.394241] pci_bus 0000:00: resource 5 [io  0x0d00-0xffff]
[    0.394243] pci_bus 0000:00: resource 6 [mem 0x000a0000-0x000bffff]
[    0.394245] pci_bus 0000:00: resource 7 [mem 0x000d0000-0x000d3fff]
[    0.394248] pci_bus 0000:00: resource 8 [mem 0x000d4000-0x000d7fff]
[    0.394250] pci_bus 0000:00: resource 9 [mem 0x000d8000-0x000dbfff]
[    0.394252] pci_bus 0000:00: resource 10 [mem 0x000dc000-0x000dffff]
[    0.394254] pci_bus 0000:00: resource 11 [mem 0x000e0000-0x000e3fff]
[    0.394257] pci_bus 0000:00: resource 12 [mem 0x000e4000-0x000e7fff]
[    0.394259] pci_bus 0000:00: resource 13 [mem 0xdfa00000-0xfeafffff]
[    0.394261] pci_bus 0000:01: resource 0 [io  0xe000-0xefff]
[    0.394263] pci_bus 0000:01: resource 1 [mem 0xf7d00000-0xf7dfffff]
[    0.394266] pci_bus 0000:01: resource 2 [mem 0xf0100000-0xf01fffff 64bit pref]
[    0.394268] pci_bus 0000:02: resource 0 [io  0xd000-0xdfff]
[    0.394271] pci_bus 0000:02: resource 2 [mem 0xf0000000-0xf00fffff 64bit pref]
[    0.394273] pci_bus 0000:03: resource 4 [io  0x0000-0x0cf7]
[    0.394275] pci_bus 0000:03: resource 5 [io  0x0d00-0xffff]
[    0.394277] pci_bus 0000:03: resource 6 [mem 0x000a0000-0x000bffff]
[    0.394280] pci_bus 0000:03: resource 7 [mem 0x000d0000-0x000d3fff]
[    0.394282] pci_bus 0000:03: resource 8 [mem 0x000d4000-0x000d7fff]
[    0.394284] pci_bus 0000:03: resource 9 [mem 0x000d8000-0x000dbfff]
[    0.394286] pci_bus 0000:03: resource 10 [mem 0x000dc000-0x000dffff]
[    0.394289] pci_bus 0000:03: resource 11 [mem 0x000e0000-0x000e3fff]
[    0.394291] pci_bus 0000:03: resource 12 [mem 0x000e4000-0x000e7fff]
[    0.394293] pci_bus 0000:03: resource 13 [mem 0xdfa00000-0xfeafffff]
[    0.394296] pci_bus 0000:04: resource 8 [io  0x0000-0x0cf7]
[    0.394298] pci_bus 0000:04: resource 9 [io  0x0d00-0xffff]
[    0.394300] pci_bus 0000:04: resource 10 [mem 0x000a0000-0x000bffff]
[    0.394302] pci_bus 0000:04: resource 11 [mem 0x000d0000-0x000d3fff]
[    0.394304] pci_bus 0000:04: resource 12 [mem 0x000d4000-0x000d7fff]
[    0.394307] pci_bus 0000:04: resource 13 [mem 0x000d8000-0x000dbfff]
[    0.394309] pci_bus 0000:04: resource 14 [mem 0x000dc000-0x000dffff]
[    0.394311] pci_bus 0000:04: resource 15 [mem 0x000e0000-0x000e3fff]
[    0.394313] pci_bus 0000:04: resource 16 [mem 0x000e4000-0x000e7fff]
[    0.394316] pci_bus 0000:04: resource 17 [mem 0xdfa00000-0xfeafffff]
[    0.394318] pci_bus 0000:05: resource 0 [io  0xc000-0xcfff]
[    0.394320] pci_bus 0000:05: resource 1 [mem 0xf7c00000-0xf7cfffff]
[    0.394388] NET: Registered protocol family 2
[    0.396423] IP route cache hash table entries: 262144 (order: 9, 2097152 bytes)
[    0.397327] TCP established hash table entries: 524288 (order: 11, 8388608 bytes)
[    0.398650] TCP bind hash table entries: 65536 (order: 8, 1048576 bytes)
[    0.398779] TCP: Hash tables configured (established 524288 bind 65536)
[    0.398781] TCP reno registered
[    0.398798] UDP hash table entries: 4096 (order: 5, 131072 bytes)
[    0.398835] UDP-Lite hash table entries: 4096 (order: 5, 131072 bytes)
[    0.398947] NET: Registered protocol family 1
[    0.398961] pci 0000:00:02.0: Boot video device
[    0.438394] PCI: CLS 64 bytes, default 64
[    0.438439] Unpacking initramfs...
[    0.687870] Freeing initrd memory: 9996k freed
[    0.689156] PCI-DMA: Using software bounce buffering for IO (SWIOTLB)
[    0.689160] Placing 64MB software IO TLB between ffff8800d77e4000 - ffff8800db7e4000
[    0.689162] software IO TLB at phys 0xd77e4000 - 0xdb7e4000
[    0.689537] audit: initializing netlink socket (disabled)
[    0.689547] type=2000 audit(1414678724.560:1): initialized
[    0.708608] HugeTLB registered 2 MB page size, pre-allocated 0 pages
[    0.709329] VFS: Disk quotas dquot_6.5.2
[    0.709357] Dquot-cache hash table entries: 512 (order 0, 4096 bytes)
[    0.709427] msgmni has been set to 15856
[    0.709563] alg: No test for stdrng (krng)
[    0.709590] Block layer SCSI generic (bsg) driver version 0.4 loaded (major 253)
[    0.709593] io scheduler noop registered
[    0.709595] io scheduler deadline registered
[    0.709614] io scheduler cfq registered (default)
[    0.709848] pci_hotplug: PCI Hot Plug PCI Core version: 0.5
[    0.709869] pciehp: PCI Express Hot Plug Controller Driver version: 0.4
[    0.709871] acpiphp: ACPI Hot Plug PCI Controller Driver version: 0.5
[    0.710316] intel_idle: MWAIT substates: 0x21120
[    0.710318] intel_idle: v0.4 model 0x3A
[    0.710320] intel_idle: lapic_timer_reliable_states 0xffffffff
[    0.710357] ERST: Table is not found!
[    0.710358] GHES: HEST is not enabled!
[    0.710408] Serial: 8250/16550 driver, 4 ports, IRQ sharing enabled
[    0.730837] serial8250: ttyS0 at I/O 0x3f8 (irq = 4) is a 16550A
[    0.770659] serial8250: ttyS1 at I/O 0x2f8 (irq = 3) is a 16550A
[    0.810957] 00:09: ttyS0 at I/O 0x3f8 (irq = 4) is a 16550A
[    0.831470] 00:0a: ttyS1 at I/O 0x2f8 (irq = 3) is a 16550A
[    0.842513] Linux agpgart interface v0.103
[    0.842599] agpgart-intel 0000:00:00.0: Intel Ivybridge Chipset
[    0.842670] agpgart-intel 0000:00:00.0: detected gtt size: 2097152K total, 262144K mappable
[    0.843289] agpgart-intel 0000:00:00.0: detected 32768K stolen memory
[    0.843392] agpgart-intel 0000:00:00.0: AGP aperture is 256M @ 0xe0000000
[    0.843516] i8042: PNP: No PS/2 controller found. Probing ports directly.
[    0.843918] serio: i8042 KBD port at 0x60,0x64 irq 1
[    0.843925] serio: i8042 AUX port at 0x60,0x64 irq 12
[    0.844044] mousedev: PS/2 mouse device common for all mice
[    0.844088] rtc_cmos 00:06: RTC can wake from S4
[    0.844199] rtc_cmos 00:06: rtc core: registered rtc_cmos as rtc0
[    0.844227] rtc0: alarms up to one month, y3k, 242 bytes nvram, hpet irqs
[    0.844286] cpuidle: using governor ladder
[    0.844346] cpuidle: using governor menu
[    0.844523] TCP cubic registered
[    0.844613] NET: Registered protocol family 10
[    0.845156] Mobile IPv6
[    0.845158] NET: Registered protocol family 17
[    0.845162] Registering the dns_resolver key type
[    0.845587] PM: Hibernation image not present or could not be loaded.
[    0.845604] registered taskstats version 1
[    0.846217] rtc_cmos 00:06: setting system clock to 2014-10-30 14:18:45 UTC (1414678725)
[    0.846301] Initializing network drop monitor service
[    0.847491] Freeing unused kernel memory: 580k freed
[    0.847576] Write protecting the kernel read-only data: 6144k
[    0.850369] Freeing unused kernel memory: 648k freed
[    0.853270] Freeing unused kernel memory: 688k freed
[    0.865272] udevd[48]: starting version 175
[    0.892316] r8169 Gigabit Ethernet driver 2.3LK-NAPI loaded
[    0.892378] r8169 0000:01:00.0: setting latency timer to 64
[    0.892470] r8169 0000:01:00.0: irq 40 for MSI/MSI-X
[    0.892911] r8169 0000:01:00.0: eth0: RTL8168evl/8111evl at 0xffffc90000c24000, 74:d4:35:84:02:0f, XID 0c900880 IRQ 40
[    0.892914] r8169 0000:01:00.0: eth0: jumbo features [frames: 9200 bytes, tx checksumming: ko]
[    0.892954] r8169 Gigabit Ethernet driver 2.3LK-NAPI loaded
[    0.893008] r8169 0000:02:00.0: setting latency timer to 64
[    0.893087] r8169 0000:02:00.0: irq 41 for MSI/MSI-X
[    0.893525] r8169 0000:02:00.0: eth1: RTL8168evl/8111evl at 0xffffc90000c74000, 74:d4:35:84:02:0d, XID 0c900880 IRQ 41
[    0.893528] r8169 0000:02:00.0: eth1: jumbo features [frames: 9200 bytes, tx checksumming: ko]
[    0.895538] SCSI subsystem initialized
[    0.897738] usbcore: registered new interface driver usbfs
[    0.897760] usbcore: registered new interface driver hub
[    0.906639] usbcore: registered new device driver usb
[    0.907155] ehci_hcd: USB 2.0 'Enhanced' Host Controller (EHCI) Driver
[    0.907197] ehci_hcd 0000:00:1a.0: setting latency timer to 64
[    0.907201] ehci_hcd 0000:00:1a.0: EHCI Host Controller
[    0.907223] ehci_hcd 0000:00:1a.0: new USB bus registered, assigned bus number 1
[    0.907251] ehci_hcd 0000:00:1a.0: debug port 2
[    0.911124] ehci_hcd 0000:00:1a.0: cache line size of 64 is not supported
[    0.911738] ehci_hcd 0000:00:1a.0: irq 16, io mem 0xf7e08000
[    0.926275] ehci_hcd 0000:00:1a.0: USB 2.0 started, EHCI 1.00
[    0.926392] usb usb1: New USB device found, idVendor=1d6b, idProduct=0002
[    0.926395] usb usb1: New USB device strings: Mfr=3, Product=2, SerialNumber=1
[    0.926398] usb usb1: Product: EHCI Host Controller
[    0.926400] usb usb1: Manufacturer: Linux 3.2.0-4-amd64 ehci_hcd
[    0.926402] usb usb1: SerialNumber: 0000:00:1a.0
[    0.926522] hub 1-0:1.0: USB hub found
[    0.926526] hub 1-0:1.0: 2 ports detected
[    0.926625] ehci_hcd 0000:00:1d.0: setting latency timer to 64
[    0.926629] ehci_hcd 0000:00:1d.0: EHCI Host Controller
[    0.926637] ehci_hcd 0000:00:1d.0: new USB bus registered, assigned bus number 2
[    0.926664] ehci_hcd 0000:00:1d.0: debug port 2
[    0.930560] ehci_hcd 0000:00:1d.0: cache line size of 64 is not supported
[    0.930966] ehci_hcd 0000:00:1d.0: irq 23, io mem 0xf7e07000
[    0.937303] libata version 3.00 loaded.
[    0.937712] pata_jmicron 0000:05:00.0: setting latency timer to 64
[    0.946191] ehci_hcd 0000:00:1d.0: USB 2.0 started, EHCI 1.00
[    0.946217] usb usb2: New USB device found, idVendor=1d6b, idProduct=0002
[    0.946220] usb usb2: New USB device strings: Mfr=3, Product=2, SerialNumber=1
[    0.946222] usb usb2: Product: EHCI Host Controller
[    0.946224] usb usb2: Manufacturer: Linux 3.2.0-4-amd64 ehci_hcd
[    0.946226] usb usb2: SerialNumber: 0000:00:1d.0
[    0.946349] hub 2-0:1.0: USB hub found
[    0.946354] hub 2-0:1.0: 2 ports detected
[    0.946426] ahci 0000:00:1f.2: version 3.0
[    0.946497] ahci 0000:00:1f.2: irq 42 for MSI/MSI-X
[    0.946547] ahci 0000:00:1f.2: AHCI 0001.0300 32 slots 4 ports 6 Gbps 0x1 impl SATA mode
[    0.946551] ahci 0000:00:1f.2: flags: 64bit ncq led clo pio slum part ems apst 
[    0.946556] ahci 0000:00:1f.2: setting latency timer to 64
[    0.951424] scsi0 : pata_jmicron
[    0.952282] scsi1 : ahci
[    0.954852] ACPI: Fan [FAN0] (off)
[    0.954892] ACPI: Fan [FAN1] (off)
[    0.954928] ACPI: Fan [FAN2] (off)
[    0.954961] ACPI: Fan [FAN3] (off)
[    0.954995] ACPI: Fan [FAN4] (off)
[    0.956672] scsi3 : ahci
[    0.956833] scsi4 : ahci
[    0.956901] scsi5 : ahci
[    0.956962] scsi2 : pata_jmicron
[    0.957007] ata1: PATA max UDMA/100 cmd 0xc040 ctl 0xc030 bmdma 0xc000 irq 19
[    0.957010] ata2: PATA max UDMA/100 cmd 0xc020 ctl 0xc010 bmdma 0xc008 irq 19
[    0.971812] thermal LNXTHERM:00: registered as thermal_zone0
[    0.971816] ACPI: Thermal Zone [TZ00] (28 C)
[    0.971883] ata3: SATA max UDMA/133 abar m2048@0xf7e06000 port 0xf7e06100 irq 42
[    0.971887] ata4: DUMMY
[    0.971888] ata5: DUMMY
[    0.971890] ata6: DUMMY
[    0.972041] thermal LNXTHERM:01: registered as thermal_zone1
[    0.972043] ACPI: Thermal Zone [TZ01] (30 C)
[    1.238182] usb 1-1: new high-speed USB device number 2 using ehci_hcd
[    1.290166] ata3: SATA link up 6.0 Gbps (SStatus 133 SControl 300)
[    1.290371] ACPI Error: [DSSP] Namespace lookup failure, AE_NOT_FOUND (20110623/psargs-359)
[    1.290381] ACPI Error: Method parse/execution failed [\_SB_.PCI0.SAT0.SPT0._GTF] (Node ffff88021648e1a0), AE_NOT_FOUND (20110623/psparse-536)
[    1.290454] ata3.00: ATA-9: ADATA SP600, 2.9, max UDMA/100
[    1.290457] ata3.00: 125045424 sectors, multi 16: LBA48 NCQ (depth 31/32), AA
[    1.290668] ACPI Error: [DSSP] Namespace lookup failure, AE_NOT_FOUND (20110623/psargs-359)
[    1.290677] ACPI Error: Method parse/execution failed [\_SB_.PCI0.SAT0.SPT0._GTF] (Node ffff88021648e1a0), AE_NOT_FOUND (20110623/psparse-536)
[    1.290744] ata3.00: configured for UDMA/100
[    1.291030] scsi 1:0:0:0: Direct-Access     ATA      ADATA SP600      2.9  PQ: 0 ANSI: 5
[    1.296705] sd 1:0:0:0: [sda] 125045424 512-byte logical blocks: (64.0 GB/59.6 GiB)
[    1.296760] sd 1:0:0:0: [sda] Write Protect is off
[    1.296763] sd 1:0:0:0: [sda] Mode Sense: 00 3a 00 00
[    1.296801] sd 1:0:0:0: [sda] Write cache: enabled, read cache: enabled, doesn't support DPO or FUA
[    1.297318]  sda: sda1 sda2
[    1.297641] sd 1:0:0:0: [sda] Attached SCSI disk
[    1.299326] sd 1:0:0:0: Attached scsi generic sg0 type 0
[    1.370569] usb 1-1: New USB device found, idVendor=8087, idProduct=0024
[    1.370574] usb 1-1: New USB device strings: Mfr=0, Product=0, SerialNumber=0
[    1.370953] hub 1-1:1.0: USB hub found
[    1.371378] hub 1-1:1.0: 4 ports detected
[    1.482088] usb 2-1: new high-speed USB device number 2 using ehci_hcd
[    1.531589] PM: Starting manual resume from disk
[    1.531593] PM: Hibernation image partition 8:2 present
[    1.531595] PM: Looking for hibernation image.
[    1.531797] PM: Image not found (code -22)
[    1.531799] PM: Hibernation image not present or could not be loaded.
[    1.543537] EXT4-fs (sda1): mounted filesystem with ordered data mode. Opts: (null)
[    1.614320] usb 2-1: New USB device found, idVendor=8087, idProduct=0024
[    1.614324] usb 2-1: New USB device strings: Mfr=0, Product=0, SerialNumber=0
[    1.622234] hub 2-1:1.0: USB hub found
[    1.622313] hub 2-1:1.0: 4 ports detected
[    1.685960] Refined TSC clocksource calibration: 1795.920 MHz.
[    1.685965] Switching to clocksource tsc
[    1.762093] udevd[344]: starting version 175
[    1.827849] iTCO_vendor_support: vendor-support=0
[    1.828241] input: PC Speaker as /devices/platform/pcspkr/input/input0
[    1.828690] iTCO_wdt: Intel TCO WatchDog Timer Driver v1.07
[    1.828768] iTCO_wdt: unable to reset NO_REBOOT flag, device disabled by hardware/BIOS
[    1.831089] ACPI: resource 0000:00:1f.3 [io  0xf040-0xf05f] conflicts with ACPI region SMBI [io 0xf040-0xf04f]
[    1.831092] ACPI: If an ACPI driver is available for this device, you should use it instead of the native driver
[    1.831945] Error: Driver 'pcspkr' is already registered, aborting...
[    1.838962] [drm] Initialized drm 1.1.0 20060810
[    1.846389] snd_hda_intel 0000:00:1b.0: irq 43 for MSI/MSI-X
[    1.846418] snd_hda_intel 0000:00:1b.0: setting latency timer to 64
[    1.849990] input: Power Button as /devices/LNXSYSTM:00/LNXSYBUS:00/PNP0C0C:00/input/input1
[    1.849997] ACPI: Power Button [PWRB]
[    1.850206] input: Power Button as /devices/LNXSYSTM:00/LNXPWRBN:00/input/input2
[    1.850211] ACPI: Power Button [PWRF]
[    1.853659] ACPI: Requesting acpi_cpufreq
[    1.903918] parport_pc 00:0b: reported by Plug and Play ACPI
[    1.904002] parport0: PC-style at 0x378, irq 5 [PCSPP,TRISTATE]
[    2.420291] HDMI status: Codec=3 Pin=6 Presence_Detect=0 ELD_Valid=0
[    2.420545] input: HDA Intel PCH HDMI/DP,pcm=3 as /devices/pci0000:00/0000:00:1b.0/sound/card0/input3
[    2.421956] i915 0000:00:02.0: setting latency timer to 64
[    2.479968] mtrr: type mismatch for e0000000,10000000 old: write-back new: write-combining
[    2.479971] [drm] MTRR allocation failed.  Graphics performance may suffer.
[    2.480177] i915 0000:00:02.0: irq 44 for MSI/MSI-X
[    2.480185] [drm] Supports vblank timestamp caching Rev 1 (10.10.2010).
[    2.480187] [drm] Driver supports precise vblank timestamp query.
[    2.480562] vgaarb: device changed decodes: PCI:0000:00:02.0,olddecodes=io+mem,decodes=io+mem:owns=io+mem
[    2.512386] [drm] Enabling RC6 states: RC6 on, RC6p on, RC6pp off
[    2.757738] No connectors reported connected with modes
[    2.757754] [drm] Cannot find any crtc or sizes - going 1024x768
[    2.763856] fbcon: inteldrmfb (fb0) is primary device
[    2.773495] Console: switching to colour frame buffer device 128x48
[    2.777199] fb0: inteldrmfb frame buffer device
[    2.777201] drm: registered panic notifier
[    2.779631] fixme: max PWM is zero.
[    2.780013] acpi device:58: registered as cooling_device7
[    2.780659] input: Video Bus as /devices/LNXSYSTM:00/LNXSYBUS:00/PNP0A08:00/LNXVIDEO:00/input/input4
[    2.780741] ACPI: Video Device [GFX0] (multi-head: yes  rom: no  post: no)
[    2.780758] [drm] Initialized i915 1.6.0 20080730 for 0000:00:02.0 on minor 0
[    3.177447] Adding 3906556k swap on /dev/sda2.  Priority:-1 extents:1 across:3906556k SS
[    3.206351] EXT4-fs (sda1): re-mounted. Opts: (null)
[    3.272207] EXT4-fs (sda1): re-mounted. Opts: errors=remount-ro
[    3.306855] loop: module loaded
[    4.260370] r8169 0000:01:00.0: firmware: agent aborted loading rtl_nic/rtl8168e-3.fw (not found?)
[    4.260617] r8169 0000:01:00.0: eth0: unable to load firmware patch rtl_nic/rtl8168e-3.fw (-2)
[    4.270177] r8169 0000:01:00.0: eth0: link down
[    4.270194] r8169 0000:01:00.0: eth0: link down
[    4.271710] ADDRCONF(NETDEV_UP): eth0: link is not ready
[    4.954547] r8169 0000:02:00.0: firmware: agent aborted loading rtl_nic/rtl8168e-3.fw (not found?)
[    4.954807] r8169 0000:02:00.0: eth1: unable to load firmware patch rtl_nic/rtl8168e-3.fw (-2)
[    4.965894] r8169 0000:02:00.0: eth1: link down
[    4.967484] ADDRCONF(NETDEV_UP): eth1: link is not ready
[    7.398869] r8169 0000:01:00.0: eth0: link up
[    7.400418] ADDRCONF(NETDEV_CHANGE): eth0: link becomes ready
[   18.324703] eth0: no IPv6 routers present
