Oct 23 16:14:02 headnode kernel: imklog 5.8.11, log source = /proc/kmsg started.
Oct 23 16:14:02 headnode kernel: [    0.000000] Initializing cgroup subsys cpuset
Oct 23 16:14:02 headnode kernel: [    0.000000] Initializing cgroup subsys cpu
Oct 23 16:14:02 headnode kernel: [    0.000000] Linux version 3.2.0-4-amd64 (debian-kernel@lists.debian.org) (gcc version 4.6.3 (Debian 4.6.3-14) ) #1 SMP Debian 3.2.63-2
Oct 23 16:14:02 headnode kernel: [    0.000000] Command line: BOOT_IMAGE=/boot/vmlinuz-3.2.0-4-amd64 root=UUID=5433e205-494c-4e86-8984-fc8af8f1d419 ro quiet
Oct 23 16:14:02 headnode kernel: [    0.000000] BIOS-provided physical RAM map:
Oct 23 16:14:02 headnode kernel: [    0.000000]  BIOS-e820: 0000000000000000 - 000000000009d800 (usable)
Oct 23 16:14:02 headnode kernel: [    0.000000]  BIOS-e820: 000000000009d800 - 00000000000a0000 (reserved)
Oct 23 16:14:02 headnode kernel: [    0.000000]  BIOS-e820: 00000000000e0000 - 0000000000100000 (reserved)
Oct 23 16:14:02 headnode kernel: [    0.000000]  BIOS-e820: 0000000000100000 - 0000000020000000 (usable)
Oct 23 16:14:02 headnode kernel: [    0.000000]  BIOS-e820: 0000000020000000 - 0000000020200000 (reserved)
Oct 23 16:14:02 headnode kernel: [    0.000000]  BIOS-e820: 0000000020200000 - 0000000040004000 (usable)
Oct 23 16:14:02 headnode kernel: [    0.000000]  BIOS-e820: 0000000040004000 - 0000000040005000 (reserved)
Oct 23 16:14:02 headnode kernel: [    0.000000]  BIOS-e820: 0000000040005000 - 00000000db7e1000 (usable)
Oct 23 16:14:02 headnode kernel: [    0.000000]  BIOS-e820: 00000000db7e1000 - 00000000dba8a000 (reserved)
Oct 23 16:14:02 headnode kernel: [    0.000000]  BIOS-e820: 00000000dba8a000 - 00000000dba96000 (ACPI data)
Oct 23 16:14:02 headnode kernel: [    0.000000]  BIOS-e820: 00000000dba96000 - 00000000dbb02000 (reserved)
Oct 23 16:14:02 headnode kernel: [    0.000000]  BIOS-e820: 00000000dbb02000 - 00000000dbb07000 (ACPI data)
Oct 23 16:14:02 headnode kernel: [    0.000000]  BIOS-e820: 00000000dbb07000 - 00000000dbb8c000 (usable)
Oct 23 16:14:02 headnode kernel: [    0.000000]  BIOS-e820: 00000000dbb8c000 - 00000000dbc25000 (ACPI NVS)
Oct 23 16:14:02 headnode kernel: [    0.000000]  BIOS-e820: 00000000dbc25000 - 00000000dc601000 (reserved)
Oct 23 16:14:02 headnode kernel: [    0.000000]  BIOS-e820: 00000000dc601000 - 00000000dc602000 (usable)
Oct 23 16:14:02 headnode kernel: [    0.000000]  BIOS-e820: 00000000dc602000 - 00000000dc645000 (ACPI NVS)
Oct 23 16:14:02 headnode kernel: [    0.000000]  BIOS-e820: 00000000dc645000 - 00000000dcdb1000 (usable)
Oct 23 16:14:02 headnode kernel: [    0.000000]  BIOS-e820: 00000000dcdb1000 - 00000000dcfe0000 (reserved)
Oct 23 16:14:02 headnode kernel: [    0.000000]  BIOS-e820: 00000000dcfe0000 - 00000000dd000000 (usable)
Oct 23 16:14:02 headnode kernel: [    0.000000]  BIOS-e820: 00000000dd800000 - 00000000dfa00000 (reserved)
Oct 23 16:14:02 headnode kernel: [    0.000000]  BIOS-e820: 00000000f8000000 - 00000000fc000000 (reserved)
Oct 23 16:14:02 headnode kernel: [    0.000000]  BIOS-e820: 00000000fec00000 - 00000000fec01000 (reserved)
Oct 23 16:14:02 headnode kernel: [    0.000000]  BIOS-e820: 00000000fed00000 - 00000000fed04000 (reserved)
Oct 23 16:14:02 headnode kernel: [    0.000000]  BIOS-e820: 00000000fed1c000 - 00000000fed20000 (reserved)
Oct 23 16:14:02 headnode kernel: [    0.000000]  BIOS-e820: 00000000fee00000 - 00000000fee01000 (reserved)
Oct 23 16:14:02 headnode kernel: [    0.000000]  BIOS-e820: 00000000ff000000 - 0000000100000000 (reserved)
Oct 23 16:14:02 headnode kernel: [    0.000000]  BIOS-e820: 0000000100000000 - 000000021f600000 (usable)
Oct 23 16:14:02 headnode kernel: [    0.000000] NX (Execute Disable) protection: active
Oct 23 16:14:02 headnode kernel: [    0.000000] SMBIOS 2.7 present.
Oct 23 16:14:02 headnode kernel: [    0.000000] DMI: Gigabyte Technology Co., Ltd. To be filled by O.E.M./C1037UN, BIOS F2 12/03/2013
Oct 23 16:14:02 headnode kernel: [    0.000000] e820 update range: 0000000000000000 - 0000000000010000 (usable) ==> (reserved)
Oct 23 16:14:02 headnode kernel: [    0.000000] e820 remove range: 00000000000a0000 - 0000000000100000 (usable)
Oct 23 16:14:02 headnode kernel: [    0.000000] No AGP bridge found
Oct 23 16:14:02 headnode kernel: [    0.000000] last_pfn = 0x21f600 max_arch_pfn = 0x400000000
Oct 23 16:14:02 headnode kernel: [    0.000000] MTRR default type: uncachable
Oct 23 16:14:02 headnode kernel: [    0.000000] MTRR fixed ranges enabled:
Oct 23 16:14:02 headnode kernel: [    0.000000]   00000-9FFFF write-back
Oct 23 16:14:02 headnode kernel: [    0.000000]   A0000-BFFFF uncachable
Oct 23 16:14:02 headnode kernel: [    0.000000]   C0000-CFFFF write-protect
Oct 23 16:14:02 headnode kernel: [    0.000000]   D0000-E7FFF uncachable
Oct 23 16:14:02 headnode kernel: [    0.000000]   E8000-FFFFF write-protect
Oct 23 16:14:02 headnode kernel: [    0.000000] MTRR variable ranges enabled:
Oct 23 16:14:02 headnode kernel: [    0.000000]   0 base 000000000 mask E00000000 write-back
Oct 23 16:14:02 headnode kernel: [    0.000000]   1 base 200000000 mask FE0000000 write-back
Oct 23 16:14:02 headnode kernel: [    0.000000]   2 base 0E0000000 mask FE0000000 uncachable
Oct 23 16:14:02 headnode kernel: [    0.000000]   3 base 0DE000000 mask FFE000000 uncachable
Oct 23 16:14:02 headnode kernel: [    0.000000]   4 base 0DD800000 mask FFF800000 uncachable
Oct 23 16:14:02 headnode kernel: [    0.000000]   5 base 21F800000 mask FFF800000 uncachable
Oct 23 16:14:02 headnode kernel: [    0.000000]   6 base 21F600000 mask FFFE00000 uncachable
Oct 23 16:14:02 headnode kernel: [    0.000000]   7 disabled
Oct 23 16:14:02 headnode kernel: [    0.000000]   8 disabled
Oct 23 16:14:02 headnode kernel: [    0.000000]   9 disabled
Oct 23 16:14:02 headnode kernel: [    0.000000] x86 PAT enabled: cpu 0, old 0x7040600070406, new 0x7010600070106
Oct 23 16:14:02 headnode kernel: [    0.000000] e820 update range: 00000000dd800000 - 0000000100000000 (usable) ==> (reserved)
Oct 23 16:14:02 headnode kernel: [    0.000000] last_pfn = 0xdd000 max_arch_pfn = 0x400000000
Oct 23 16:14:02 headnode kernel: [    0.000000] found SMP MP-table at [ffff8800000fd790] fd790
Oct 23 16:14:02 headnode kernel: [    0.000000] initial memory mapped : 0 - 20000000
Oct 23 16:14:02 headnode kernel: [    0.000000] Base memory trampoline at [ffff880000098000] 98000 size 20480
Oct 23 16:14:02 headnode kernel: [    0.000000] init_memory_mapping: 0000000000000000-00000000dd000000
Oct 23 16:14:02 headnode kernel: [    0.000000]  0000000000 - 00dd000000 page 2M
Oct 23 16:14:02 headnode kernel: [    0.000000] kernel direct mapping tables up to dd000000 @ 1fffb000-20000000
Oct 23 16:14:02 headnode kernel: [    0.000000] init_memory_mapping: 0000000100000000-000000021f600000
Oct 23 16:14:02 headnode kernel: [    0.000000]  0100000000 - 021f600000 page 2M
Oct 23 16:14:02 headnode kernel: [    0.000000] kernel direct mapping tables up to 21f600000 @ dcffa000-dd000000
Oct 23 16:14:02 headnode kernel: [    0.000000] RAMDISK: 36c6a000 - 3762d000
Oct 23 16:14:02 headnode kernel: [    0.000000] ACPI: RSDP 00000000000f0490 00024 (v02 ALASKA)
Oct 23 16:14:02 headnode kernel: [    0.000000] ACPI: XSDT 00000000dba8a070 0005C (v01 ALASKA    A M I 01072009 AMI  00010013)
Oct 23 16:14:02 headnode kernel: [    0.000000] ACPI: FACP 00000000dba946f0 000F4 (v04 ALASKA    A M I 01072009 AMI  00010013)
Oct 23 16:14:02 headnode kernel: [    0.000000] ACPI: DSDT 00000000dba8a158 0A598 (v02 ALASKA    A M I 00000088 INTL 20051117)
Oct 23 16:14:02 headnode kernel: [    0.000000] ACPI: FACS 00000000dbc23f80 00040
Oct 23 16:14:02 headnode kernel: [    0.000000] ACPI: APIC 00000000dba947e8 00062 (v03 ALASKA    A M I 01072009 AMI  00010013)
Oct 23 16:14:02 headnode kernel: [    0.000000] ACPI: MCFG 00000000dba94850 0003C (v01 ALASKA    A M I 01072009 MSFT 00000097)
Oct 23 16:14:02 headnode kernel: [    0.000000] ACPI: HPET 00000000dba94890 00038 (v01 ALASKA    A M I 01072009 AMI. 00000005)
Oct 23 16:14:02 headnode kernel: [    0.000000] ACPI: SSDT 00000000dba948c8 0036D (v01 SataRe SataTabl 00001000 INTL 20091112)
Oct 23 16:14:02 headnode kernel: [    0.000000] ACPI: SSDT 00000000dba94c38 00860 (v01  PmRef  Cpu0Ist 00003000 INTL 20051117)
Oct 23 16:14:02 headnode kernel: [    0.000000] ACPI: SSDT 00000000dba95498 00A92 (v01  PmRef    CpuPm 00003000 INTL 20051117)
Oct 23 16:14:02 headnode kernel: [    0.000000] ACPI: Local APIC address 0xfee00000
Oct 23 16:14:02 headnode kernel: [    0.000000] No NUMA configuration found
Oct 23 16:14:02 headnode kernel: [    0.000000] Faking a node at 0000000000000000-000000021f600000
Oct 23 16:14:02 headnode kernel: [    0.000000] Initmem setup node 0 0000000000000000-000000021f600000
Oct 23 16:14:02 headnode kernel: [    0.000000]   NODE_DATA [000000021f5fb000 - 000000021f5fffff]
Oct 23 16:14:02 headnode kernel: [    0.000000]  [ffffea0000000000-ffffea00077fffff] PMD -> [ffff880216c00000-ffff88021ddfffff] on node 0
Oct 23 16:14:02 headnode kernel: [    0.000000] Zone PFN ranges:
Oct 23 16:14:02 headnode kernel: [    0.000000]   DMA      0x00000010 -> 0x00001000
Oct 23 16:14:02 headnode kernel: [    0.000000]   DMA32    0x00001000 -> 0x00100000
Oct 23 16:14:02 headnode kernel: [    0.000000]   Normal   0x00100000 -> 0x0021f600
Oct 23 16:14:02 headnode kernel: [    0.000000] Movable zone start PFN for each node
Oct 23 16:14:02 headnode kernel: [    0.000000] early_node_map[9] active PFN ranges
Oct 23 16:14:02 headnode kernel: [    0.000000]     0: 0x00000010 -> 0x0000009d
Oct 23 16:14:02 headnode kernel: [    0.000000]     0: 0x00000100 -> 0x00020000
Oct 23 16:14:02 headnode kernel: [    0.000000]     0: 0x00020200 -> 0x00040004
Oct 23 16:14:02 headnode kernel: [    0.000000]     0: 0x00040005 -> 0x000db7e1
Oct 23 16:14:02 headnode kernel: [    0.000000]     0: 0x000dbb07 -> 0x000dbb8c
Oct 23 16:14:02 headnode kernel: [    0.000000]     0: 0x000dc601 -> 0x000dc602
Oct 23 16:14:02 headnode kernel: [    0.000000]     0: 0x000dc645 -> 0x000dcdb1
Oct 23 16:14:02 headnode kernel: [    0.000000]     0: 0x000dcfe0 -> 0x000dd000
Oct 23 16:14:02 headnode kernel: [    0.000000]     0: 0x00100000 -> 0x0021f600
Oct 23 16:14:02 headnode kernel: [    0.000000] On node 0 totalpages: 2077567
Oct 23 16:14:02 headnode kernel: [    0.000000]   DMA zone: 56 pages used for memmap
Oct 23 16:14:02 headnode kernel: [    0.000000]   DMA zone: 5 pages reserved
Oct 23 16:14:02 headnode kernel: [    0.000000]   DMA zone: 3920 pages, LIFO batch:0
Oct 23 16:14:02 headnode kernel: [    0.000000]   DMA32 zone: 14280 pages used for memmap
Oct 23 16:14:02 headnode kernel: [    0.000000]   DMA32 zone: 882218 pages, LIFO batch:31
Oct 23 16:14:02 headnode kernel: [    0.000000]   Normal zone: 16093 pages used for memmap
Oct 23 16:14:02 headnode kernel: [    0.000000]   Normal zone: 1160995 pages, LIFO batch:31
Oct 23 16:14:02 headnode kernel: [    0.000000] ACPI: PM-Timer IO Port: 0x408
Oct 23 16:14:02 headnode kernel: [    0.000000] ACPI: Local APIC address 0xfee00000
Oct 23 16:14:02 headnode kernel: [    0.000000] ACPI: LAPIC (acpi_id[0x01] lapic_id[0x00] enabled)
Oct 23 16:14:02 headnode kernel: [    0.000000] ACPI: LAPIC (acpi_id[0x02] lapic_id[0x02] enabled)
Oct 23 16:14:02 headnode kernel: [    0.000000] ACPI: LAPIC_NMI (acpi_id[0xff] high edge lint[0x1])
Oct 23 16:14:02 headnode kernel: [    0.000000] ACPI: IOAPIC (id[0x02] address[0xfec00000] gsi_base[0])
Oct 23 16:14:02 headnode kernel: [    0.000000] IOAPIC[0]: apic_id 2, version 32, address 0xfec00000, GSI 0-23
Oct 23 16:14:02 headnode kernel: [    0.000000] ACPI: INT_SRC_OVR (bus 0 bus_irq 0 global_irq 2 dfl dfl)
Oct 23 16:14:02 headnode kernel: [    0.000000] ACPI: INT_SRC_OVR (bus 0 bus_irq 9 global_irq 9 high level)
Oct 23 16:14:02 headnode kernel: [    0.000000] ACPI: IRQ0 used by override.
Oct 23 16:14:02 headnode kernel: [    0.000000] ACPI: IRQ2 used by override.
Oct 23 16:14:02 headnode kernel: [    0.000000] ACPI: IRQ9 used by override.
Oct 23 16:14:02 headnode kernel: [    0.000000] Using ACPI (MADT) for SMP configuration information
Oct 23 16:14:02 headnode kernel: [    0.000000] ACPI: HPET id: 0x8086a701 base: 0xfed00000
Oct 23 16:14:02 headnode kernel: [    0.000000] SMP: Allowing 2 CPUs, 0 hotplug CPUs
Oct 23 16:14:02 headnode kernel: [    0.000000] nr_irqs_gsi: 40
Oct 23 16:14:02 headnode kernel: [    0.000000] PM: Registered nosave memory: 000000000009d000 - 000000000009e000
Oct 23 16:14:02 headnode kernel: [    0.000000] PM: Registered nosave memory: 000000000009e000 - 00000000000a0000
Oct 23 16:14:02 headnode kernel: [    0.000000] PM: Registered nosave memory: 00000000000a0000 - 00000000000e0000
Oct 23 16:14:02 headnode kernel: [    0.000000] PM: Registered nosave memory: 00000000000e0000 - 0000000000100000
Oct 23 16:14:02 headnode kernel: [    0.000000] PM: Registered nosave memory: 0000000020000000 - 0000000020200000
Oct 23 16:14:02 headnode kernel: [    0.000000] PM: Registered nosave memory: 0000000040004000 - 0000000040005000
Oct 23 16:14:02 headnode kernel: [    0.000000] PM: Registered nosave memory: 00000000db7e1000 - 00000000dba8a000
Oct 23 16:14:02 headnode kernel: [    0.000000] PM: Registered nosave memory: 00000000dba8a000 - 00000000dba96000
Oct 23 16:14:02 headnode kernel: [    0.000000] PM: Registered nosave memory: 00000000dba96000 - 00000000dbb02000
Oct 23 16:14:02 headnode kernel: [    0.000000] PM: Registered nosave memory: 00000000dbb02000 - 00000000dbb07000
Oct 23 16:14:02 headnode kernel: [    0.000000] PM: Registered nosave memory: 00000000dbb8c000 - 00000000dbc25000
Oct 23 16:14:02 headnode kernel: [    0.000000] PM: Registered nosave memory: 00000000dbc25000 - 00000000dc601000
Oct 23 16:14:02 headnode kernel: [    0.000000] PM: Registered nosave memory: 00000000dc602000 - 00000000dc645000
Oct 23 16:14:02 headnode kernel: [    0.000000] PM: Registered nosave memory: 00000000dcdb1000 - 00000000dcfe0000
Oct 23 16:14:02 headnode kernel: [    0.000000] PM: Registered nosave memory: 00000000dd000000 - 00000000dd800000
Oct 23 16:14:02 headnode kernel: [    0.000000] PM: Registered nosave memory: 00000000dd800000 - 00000000dfa00000
Oct 23 16:14:02 headnode kernel: [    0.000000] PM: Registered nosave memory: 00000000dfa00000 - 00000000f8000000
Oct 23 16:14:02 headnode kernel: [    0.000000] PM: Registered nosave memory: 00000000f8000000 - 00000000fc000000
Oct 23 16:14:02 headnode kernel: [    0.000000] PM: Registered nosave memory: 00000000fc000000 - 00000000fec00000
Oct 23 16:14:02 headnode kernel: [    0.000000] PM: Registered nosave memory: 00000000fec00000 - 00000000fec01000
Oct 23 16:14:02 headnode kernel: [    0.000000] PM: Registered nosave memory: 00000000fec01000 - 00000000fed00000
Oct 23 16:14:02 headnode kernel: [    0.000000] PM: Registered nosave memory: 00000000fed00000 - 00000000fed04000
Oct 23 16:14:02 headnode kernel: [    0.000000] PM: Registered nosave memory: 00000000fed04000 - 00000000fed1c000
Oct 23 16:14:02 headnode kernel: [    0.000000] PM: Registered nosave memory: 00000000fed1c000 - 00000000fed20000
Oct 23 16:14:02 headnode kernel: [    0.000000] PM: Registered nosave memory: 00000000fed20000 - 00000000fee00000
Oct 23 16:14:02 headnode kernel: [    0.000000] PM: Registered nosave memory: 00000000fee00000 - 00000000fee01000
Oct 23 16:14:02 headnode kernel: [    0.000000] PM: Registered nosave memory: 00000000fee01000 - 00000000ff000000
Oct 23 16:14:02 headnode kernel: [    0.000000] PM: Registered nosave memory: 00000000ff000000 - 0000000100000000
Oct 23 16:14:02 headnode kernel: [    0.000000] Allocating PCI resources starting at dfa00000 (gap: dfa00000:18600000)
Oct 23 16:14:02 headnode kernel: [    0.000000] Booting paravirtualized kernel on bare hardware
Oct 23 16:14:02 headnode kernel: [    0.000000] setup_percpu: NR_CPUS:512 nr_cpumask_bits:512 nr_cpu_ids:2 nr_node_ids:1
Oct 23 16:14:02 headnode kernel: [    0.000000] PERCPU: Embedded 28 pages/cpu @ffff88021f200000 s82944 r8192 d23552 u1048576
Oct 23 16:14:02 headnode kernel: [    0.000000] pcpu-alloc: s82944 r8192 d23552 u1048576 alloc=1*2097152
Oct 23 16:14:02 headnode kernel: [    0.000000] pcpu-alloc: [0] 0 1 
Oct 23 16:14:02 headnode kernel: [    0.000000] Built 1 zonelists in Zone order, mobility grouping on.  Total pages: 2047133
Oct 23 16:14:02 headnode kernel: [    0.000000] Policy zone: Normal
Oct 23 16:14:02 headnode kernel: [    0.000000] Kernel command line: BOOT_IMAGE=/boot/vmlinuz-3.2.0-4-amd64 root=UUID=5433e205-494c-4e86-8984-fc8af8f1d419 ro quiet
Oct 23 16:14:02 headnode kernel: [    0.000000] PID hash table entries: 4096 (order: 3, 32768 bytes)
Oct 23 16:14:02 headnode kernel: [    0.000000] xsave/xrstor: enabled xstate_bv 0x3, cntxt size 0x240
Oct 23 16:14:02 headnode kernel: [    0.000000] Checking aperture...
Oct 23 16:14:02 headnode kernel: [    0.000000] No AGP bridge found
Oct 23 16:14:02 headnode kernel: [    0.000000] Calgary: detecting Calgary via BIOS EBDA area
Oct 23 16:14:02 headnode kernel: [    0.000000] Calgary: Unable to locate Rio Grande table in EBDA - bailing!
Oct 23 16:14:02 headnode kernel: [    0.000000] Memory: 8108704k/8902656k available (3432k kernel code, 592388k absent, 201564k reserved, 3307k data, 580k init)
Oct 23 16:14:02 headnode kernel: [    0.000000] Hierarchical RCU implementation.
Oct 23 16:14:02 headnode kernel: [    0.000000] 	RCU dyntick-idle grace-period acceleration is enabled.
Oct 23 16:14:02 headnode kernel: [    0.000000] NR_IRQS:33024 nr_irqs:512 16
Oct 23 16:14:02 headnode kernel: [    0.000000] Extended CMOS year: 2000
Oct 23 16:14:02 headnode kernel: [    0.000000] Console: colour VGA+ 80x25
Oct 23 16:14:02 headnode kernel: [    0.000000] console [tty0] enabled
Oct 23 16:14:02 headnode kernel: [    0.000000] hpet clockevent registered
Oct 23 16:14:02 headnode kernel: [    0.000000] Fast TSC calibration using PIT
Oct 23 16:14:02 headnode kernel: [    0.004000] Detected 1795.933 MHz processor.
Oct 23 16:14:02 headnode kernel: [    0.000002] Calibrating delay loop (skipped), value calculated using timer frequency.. 3591.86 BogoMIPS (lpj=7183732)
Oct 23 16:14:02 headnode kernel: [    0.000006] pid_max: default: 32768 minimum: 301
Oct 23 16:14:02 headnode kernel: [    0.000050] Security Framework initialized
Oct 23 16:14:02 headnode kernel: [    0.000055] AppArmor: AppArmor disabled by boot time parameter
Oct 23 16:14:02 headnode kernel: [    0.000653] Dentry cache hash table entries: 1048576 (order: 11, 8388608 bytes)
Oct 23 16:14:02 headnode kernel: [    0.003333] Inode-cache hash table entries: 524288 (order: 10, 4194304 bytes)
Oct 23 16:14:02 headnode kernel: [    0.004553] Mount-cache hash table entries: 256
Oct 23 16:14:02 headnode kernel: [    0.004657] Initializing cgroup subsys cpuacct
Oct 23 16:14:02 headnode kernel: [    0.004661] Initializing cgroup subsys memory
Oct 23 16:14:02 headnode kernel: [    0.004671] Initializing cgroup subsys devices
Oct 23 16:14:02 headnode kernel: [    0.004674] Initializing cgroup subsys freezer
Oct 23 16:14:02 headnode kernel: [    0.004676] Initializing cgroup subsys net_cls
Oct 23 16:14:02 headnode kernel: [    0.004678] Initializing cgroup subsys blkio
Oct 23 16:14:02 headnode kernel: [    0.004684] Initializing cgroup subsys perf_event
Oct 23 16:14:02 headnode kernel: [    0.004715] CPU: Physical Processor ID: 0
Oct 23 16:14:02 headnode kernel: [    0.004716] CPU: Processor Core ID: 0
Oct 23 16:14:02 headnode kernel: [    0.004722] ENERGY_PERF_BIAS: Set to 'normal', was 'performance'
Oct 23 16:14:02 headnode kernel: [    0.004723] ENERGY_PERF_BIAS: View and update with x86_energy_perf_policy(8)
Oct 23 16:14:02 headnode kernel: [    0.004727] mce: CPU supports 7 MCE banks
Oct 23 16:14:02 headnode kernel: [    0.004740] CPU0: Thermal monitoring enabled (TM1)
Oct 23 16:14:02 headnode kernel: [    0.004749] using mwait in idle threads.
Oct 23 16:14:02 headnode kernel: [    0.005270] ACPI: Core revision 20110623
Oct 23 16:14:02 headnode kernel: [    0.012350] x2apic not enabled, IRQ remapping init failed
Oct 23 16:14:02 headnode kernel: [    0.012751] ..TIMER: vector=0x30 apic1=0 pin1=2 apic2=-1 pin2=-1
Oct 23 16:14:02 headnode kernel: [    0.052424] CPU0: Intel(R) Celeron(R) CPU 1037U @ 1.80GHz stepping 09
Oct 23 16:14:02 headnode kernel: [    0.159688] Performance Events: PEBS fmt1+, generic architected perfmon, Intel PMU driver.
Oct 23 16:14:02 headnode kernel: [    0.159696] ... version:                3
Oct 23 16:14:02 headnode kernel: [    0.159698] ... bit width:              48
Oct 23 16:14:02 headnode kernel: [    0.159699] ... generic registers:      8
Oct 23 16:14:02 headnode kernel: [    0.159701] ... value mask:             0000ffffffffffff
Oct 23 16:14:02 headnode kernel: [    0.159703] ... max period:             000000007fffffff
Oct 23 16:14:02 headnode kernel: [    0.159704] ... fixed-purpose events:   3
Oct 23 16:14:02 headnode kernel: [    0.159706] ... event mask:             00000007000000ff
Oct 23 16:14:02 headnode kernel: [    0.159815] NMI watchdog enabled, takes one hw-pmu counter.
Oct 23 16:14:02 headnode kernel: [    0.159927] Booting Node   0, Processors  #1 Ok.
Oct 23 16:14:02 headnode kernel: [    0.159930] smpboot cpu 1: start_ip = 98000
Oct 23 16:14:02 headnode kernel: [    0.267807] NMI watchdog enabled, takes one hw-pmu counter.
Oct 23 16:14:02 headnode kernel: [    0.267835] Brought up 2 CPUs
Oct 23 16:14:02 headnode kernel: [    0.267838] Total of 2 processors activated (7183.55 BogoMIPS).
Oct 23 16:14:02 headnode kernel: [    0.269318] devtmpfs: initialized
Oct 23 16:14:02 headnode kernel: [    0.272804] PM: Registering ACPI NVS region at dbb8c000 (626688 bytes)
Oct 23 16:14:02 headnode kernel: [    0.272828] PM: Registering ACPI NVS region at dc602000 (274432 bytes)
Oct 23 16:14:02 headnode kernel: [    0.272992] print_constraints: dummy: 
Oct 23 16:14:02 headnode kernel: [    0.273048] NET: Registered protocol family 16
Oct 23 16:14:02 headnode kernel: [    0.273141] ACPI FADT declares the system doesn't support PCIe ASPM, so disable it
Oct 23 16:14:02 headnode kernel: [    0.273143] ACPI: bus type pci registered
Oct 23 16:14:02 headnode kernel: [    0.273214] PCI: MMCONFIG for domain 0000 [bus 00-3f] at [mem 0xf8000000-0xfbffffff] (base 0xf8000000)
Oct 23 16:14:02 headnode kernel: [    0.273217] PCI: MMCONFIG at [mem 0xf8000000-0xfbffffff] reserved in E820
Oct 23 16:14:02 headnode kernel: [    0.279292] PCI: Using configuration type 1 for base access
Oct 23 16:14:02 headnode kernel: [    0.280111] bio: create slab <bio-0> at 0
Oct 23 16:14:02 headnode kernel: [    0.280209] ACPI: Added _OSI(Module Device)
Oct 23 16:14:02 headnode kernel: [    0.280212] ACPI: Added _OSI(Processor Device)
Oct 23 16:14:02 headnode kernel: [    0.280214] ACPI: Added _OSI(3.0 _SCP Extensions)
Oct 23 16:14:02 headnode kernel: [    0.280216] ACPI: Added _OSI(Processor Aggregator Device)
Oct 23 16:14:02 headnode kernel: [    0.281963] ACPI: EC: Look up EC in DSDT
Oct 23 16:14:02 headnode kernel: [    0.284238] ACPI: Executed 1 blocks of module-level executable AML code
Oct 23 16:14:02 headnode kernel: [    0.300194] ACPI: SSDT 00000000dba97018 0083B (v01  PmRef  Cpu0Cst 00003001 INTL 20051117)
Oct 23 16:14:02 headnode kernel: [    0.300654] ACPI: Dynamic OEM Table Load:
Oct 23 16:14:02 headnode kernel: [    0.300657] ACPI: SSDT           (null) 0083B (v01  PmRef  Cpu0Cst 00003001 INTL 20051117)
Oct 23 16:14:02 headnode kernel: [    0.311977] ACPI: SSDT 00000000dba98a98 00303 (v01  PmRef    ApIst 00003000 INTL 20051117)
Oct 23 16:14:02 headnode kernel: [    0.312477] ACPI: Dynamic OEM Table Load:
Oct 23 16:14:02 headnode kernel: [    0.312480] ACPI: SSDT           (null) 00303 (v01  PmRef    ApIst 00003000 INTL 20051117)
Oct 23 16:14:02 headnode kernel: [    0.323784] ACPI: SSDT 00000000dbab1c18 00119 (v01  PmRef    ApCst 00003000 INTL 20051117)
Oct 23 16:14:02 headnode kernel: [    0.324228] ACPI: Dynamic OEM Table Load:
Oct 23 16:14:02 headnode kernel: [    0.324231] ACPI: SSDT           (null) 00119 (v01  PmRef    ApCst 00003000 INTL 20051117)
Oct 23 16:14:02 headnode kernel: [    0.336256] ACPI: Interpreter enabled
Oct 23 16:14:02 headnode kernel: [    0.336262] ACPI: (supports S0 S3 S4 S5)
Oct 23 16:14:02 headnode kernel: [    0.336289] ACPI: Using IOAPIC for interrupt routing
Oct 23 16:14:02 headnode kernel: [    0.345433] ACPI: Power Resource [FN00] (off)
Oct 23 16:14:02 headnode kernel: [    0.345531] ACPI: Power Resource [FN01] (off)
Oct 23 16:14:02 headnode kernel: [    0.345626] ACPI: Power Resource [FN02] (off)
Oct 23 16:14:02 headnode kernel: [    0.345720] ACPI: Power Resource [FN03] (off)
Oct 23 16:14:02 headnode kernel: [    0.345815] ACPI: Power Resource [FN04] (off)
Oct 23 16:14:02 headnode kernel: [    0.346361] ACPI: No dock devices found.
Oct 23 16:14:02 headnode kernel: [    0.346363] HEST: Table not found.
Oct 23 16:14:02 headnode kernel: [    0.346367] PCI: Using host bridge windows from ACPI; if necessary, use "pci=nocrs" and report a bug
Oct 23 16:14:02 headnode kernel: [    0.346787] ACPI: PCI Root Bridge [PCI0] (domain 0000 [bus 00-3e])
Oct 23 16:14:02 headnode kernel: [    0.347402] pci_root PNP0A08:00: host bridge window [io  0x0000-0x0cf7]
Oct 23 16:14:02 headnode kernel: [    0.347405] pci_root PNP0A08:00: host bridge window [io  0x0d00-0xffff]
Oct 23 16:14:02 headnode kernel: [    0.347407] pci_root PNP0A08:00: host bridge window [mem 0x000a0000-0x000bffff]
Oct 23 16:14:02 headnode kernel: [    0.347410] pci_root PNP0A08:00: host bridge window [mem 0x000d0000-0x000d3fff]
Oct 23 16:14:02 headnode kernel: [    0.347412] pci_root PNP0A08:00: host bridge window [mem 0x000d4000-0x000d7fff]
Oct 23 16:14:02 headnode kernel: [    0.347415] pci_root PNP0A08:00: host bridge window [mem 0x000d8000-0x000dbfff]
Oct 23 16:14:02 headnode kernel: [    0.347417] pci_root PNP0A08:00: host bridge window [mem 0x000dc000-0x000dffff]
Oct 23 16:14:02 headnode kernel: [    0.347419] pci_root PNP0A08:00: host bridge window [mem 0x000e0000-0x000e3fff]
Oct 23 16:14:02 headnode kernel: [    0.347422] pci_root PNP0A08:00: host bridge window [mem 0x000e4000-0x000e7fff]
Oct 23 16:14:02 headnode kernel: [    0.347424] pci_root PNP0A08:00: host bridge window [mem 0xdfa00000-0xfeafffff]
Oct 23 16:14:02 headnode kernel: [    0.347439] pci 0000:00:00.0: [8086:0154] type 0 class 0x000600
Oct 23 16:14:02 headnode kernel: [    0.347482] pci 0000:00:02.0: [8086:0156] type 0 class 0x000300
Oct 23 16:14:02 headnode kernel: [    0.347495] pci 0000:00:02.0: reg 10: [mem 0xf7800000-0xf7bfffff 64bit]
Oct 23 16:14:02 headnode kernel: [    0.347502] pci 0000:00:02.0: reg 18: [mem 0xe0000000-0xefffffff 64bit pref]
Oct 23 16:14:02 headnode kernel: [    0.347508] pci 0000:00:02.0: reg 20: [io  0xf000-0xf03f]
Oct 23 16:14:02 headnode kernel: [    0.347571] pci 0000:00:16.0: [8086:1e3a] type 0 class 0x000780
Oct 23 16:14:02 headnode kernel: [    0.347596] pci 0000:00:16.0: reg 10: [mem 0xf7e0a000-0xf7e0a00f 64bit]
Oct 23 16:14:02 headnode kernel: [    0.347685] pci 0000:00:16.0: PME# supported from D0 D3hot D3cold
Oct 23 16:14:02 headnode kernel: [    0.347724] pci 0000:00:1a.0: [8086:1e2d] type 0 class 0x000c03
Oct 23 16:14:02 headnode kernel: [    0.347747] pci 0000:00:1a.0: reg 10: [mem 0xf7e08000-0xf7e083ff]
Oct 23 16:14:02 headnode kernel: [    0.347847] pci 0000:00:1a.0: PME# supported from D0 D3hot D3cold
Oct 23 16:14:02 headnode kernel: [    0.347876] pci 0000:00:1b.0: [8086:1e20] type 0 class 0x000403
Oct 23 16:14:02 headnode kernel: [    0.347893] pci 0000:00:1b.0: reg 10: [mem 0xf7e00000-0xf7e03fff 64bit]
Oct 23 16:14:02 headnode kernel: [    0.347970] pci 0000:00:1b.0: PME# supported from D0 D3hot D3cold
Oct 23 16:14:02 headnode kernel: [    0.347996] pci 0000:00:1c.0: [8086:1e10] type 1 class 0x000604
Oct 23 16:14:02 headnode kernel: [    0.348085] pci 0000:00:1c.0: PME# supported from D0 D3hot D3cold
Oct 23 16:14:02 headnode kernel: [    0.348114] pci 0000:00:1c.1: [8086:1e12] type 1 class 0x000604
Oct 23 16:14:02 headnode kernel: [    0.348201] pci 0000:00:1c.1: PME# supported from D0 D3hot D3cold
Oct 23 16:14:02 headnode kernel: [    0.348229] pci 0000:00:1c.2: [8086:2448] type 1 class 0x000604
Oct 23 16:14:02 headnode kernel: [    0.348317] pci 0000:00:1c.2: PME# supported from D0 D3hot D3cold
Oct 23 16:14:02 headnode kernel: [    0.348346] pci 0000:00:1c.3: [8086:1e16] type 1 class 0x000604
Oct 23 16:14:02 headnode kernel: [    0.348434] pci 0000:00:1c.3: PME# supported from D0 D3hot D3cold
Oct 23 16:14:02 headnode kernel: [    0.348471] pci 0000:00:1d.0: [8086:1e26] type 0 class 0x000c03
Oct 23 16:14:02 headnode kernel: [    0.348494] pci 0000:00:1d.0: reg 10: [mem 0xf7e07000-0xf7e073ff]
Oct 23 16:14:02 headnode kernel: [    0.348594] pci 0000:00:1d.0: PME# supported from D0 D3hot D3cold
Oct 23 16:14:02 headnode kernel: [    0.348623] pci 0000:00:1f.0: [8086:1e5f] type 0 class 0x000601
Oct 23 16:14:02 headnode kernel: [    0.348758] pci 0000:00:1f.2: [8086:1e03] type 0 class 0x000106
Oct 23 16:14:02 headnode kernel: [    0.348779] pci 0000:00:1f.2: reg 10: [io  0xf0b0-0xf0b7]
Oct 23 16:14:02 headnode kernel: [    0.348788] pci 0000:00:1f.2: reg 14: [io  0xf0a0-0xf0a3]
Oct 23 16:14:02 headnode kernel: [    0.348797] pci 0000:00:1f.2: reg 18: [io  0xf090-0xf097]
Oct 23 16:14:02 headnode kernel: [    0.348805] pci 0000:00:1f.2: reg 1c: [io  0xf080-0xf083]
Oct 23 16:14:02 headnode kernel: [    0.348814] pci 0000:00:1f.2: reg 20: [io  0xf060-0xf07f]
Oct 23 16:14:02 headnode kernel: [    0.348823] pci 0000:00:1f.2: reg 24: [mem 0xf7e06000-0xf7e067ff]
Oct 23 16:14:02 headnode kernel: [    0.348874] pci 0000:00:1f.2: PME# supported from D3hot
Oct 23 16:14:02 headnode kernel: [    0.348896] pci 0000:00:1f.3: [8086:1e22] type 0 class 0x000c05
Oct 23 16:14:02 headnode kernel: [    0.348913] pci 0000:00:1f.3: reg 10: [mem 0xf7e05000-0xf7e050ff 64bit]
Oct 23 16:14:02 headnode kernel: [    0.348936] pci 0000:00:1f.3: reg 20: [io  0xf040-0xf05f]
Oct 23 16:14:02 headnode kernel: [    0.349038] pci 0000:01:00.0: [10ec:8168] type 0 class 0x000200
Oct 23 16:14:02 headnode kernel: [    0.349060] pci 0000:01:00.0: reg 10: [io  0xe000-0xe0ff]
Oct 23 16:14:02 headnode kernel: [    0.349096] pci 0000:01:00.0: reg 18: [mem 0xf7d00000-0xf7d00fff 64bit]
Oct 23 16:14:02 headnode kernel: [    0.349120] pci 0000:01:00.0: reg 20: [mem 0xf0100000-0xf0103fff 64bit pref]
Oct 23 16:14:02 headnode kernel: [    0.349219] pci 0000:01:00.0: supports D1 D2
Oct 23 16:14:02 headnode kernel: [    0.349221] pci 0000:01:00.0: PME# supported from D0 D1 D2 D3hot D3cold
Oct 23 16:14:02 headnode kernel: [    0.355649] pci 0000:00:1c.0: PCI bridge to [bus 01-01]
Oct 23 16:14:02 headnode kernel: [    0.355666] pci 0000:00:1c.0:   bridge window [io  0xe000-0xefff]
Oct 23 16:14:02 headnode kernel: [    0.355670] pci 0000:00:1c.0:   bridge window [mem 0xf7d00000-0xf7dfffff]
Oct 23 16:14:02 headnode kernel: [    0.355677] pci 0000:00:1c.0:   bridge window [mem 0xf0100000-0xf01fffff 64bit pref]
Oct 23 16:14:02 headnode kernel: [    0.355752] pci 0000:02:00.0: [10ec:8168] type 0 class 0x000200
Oct 23 16:14:02 headnode kernel: [    0.355773] pci 0000:02:00.0: reg 10: [io  0xd000-0xd0ff]
Oct 23 16:14:02 headnode kernel: [    0.355810] pci 0000:02:00.0: reg 18: [mem 0xf0004000-0xf0004fff 64bit pref]
Oct 23 16:14:02 headnode kernel: [    0.355833] pci 0000:02:00.0: reg 20: [mem 0xf0000000-0xf0003fff 64bit pref]
Oct 23 16:14:02 headnode kernel: [    0.355932] pci 0000:02:00.0: supports D1 D2
Oct 23 16:14:02 headnode kernel: [    0.355934] pci 0000:02:00.0: PME# supported from D0 D1 D2 D3hot D3cold
Oct 23 16:14:02 headnode kernel: [    0.363639] pci 0000:00:1c.1: PCI bridge to [bus 02-02]
Oct 23 16:14:02 headnode kernel: [    0.363647] pci 0000:00:1c.1:   bridge window [io  0xd000-0xdfff]
Oct 23 16:14:02 headnode kernel: [    0.363668] pci 0000:00:1c.1:   bridge window [mem 0xf0000000-0xf00fffff 64bit pref]
Oct 23 16:14:02 headnode kernel: [    0.363741] pci 0000:03:00.0: [8086:244e] type 1 class 0x000604
Oct 23 16:14:02 headnode kernel: [    0.363903] pci 0000:03:00.0: supports D1 D2
Oct 23 16:14:02 headnode kernel: [    0.363904] pci 0000:03:00.0: PME# supported from D0 D1 D2 D3hot D3cold
Oct 23 16:14:02 headnode kernel: [    0.363935] pci 0000:00:1c.2: PCI bridge to [bus 03-04] (subtractive decode)
Oct 23 16:14:02 headnode kernel: [    0.363947] pci 0000:00:1c.2:   bridge window [io  0x0000-0x0cf7] (subtractive decode)
Oct 23 16:14:02 headnode kernel: [    0.363949] pci 0000:00:1c.2:   bridge window [io  0x0d00-0xffff] (subtractive decode)
Oct 23 16:14:02 headnode kernel: [    0.363952] pci 0000:00:1c.2:   bridge window [mem 0x000a0000-0x000bffff] (subtractive decode)
Oct 23 16:14:02 headnode kernel: [    0.363955] pci 0000:00:1c.2:   bridge window [mem 0x000d0000-0x000d3fff] (subtractive decode)
Oct 23 16:14:02 headnode kernel: [    0.363957] pci 0000:00:1c.2:   bridge window [mem 0x000d4000-0x000d7fff] (subtractive decode)
Oct 23 16:14:02 headnode kernel: [    0.363960] pci 0000:00:1c.2:   bridge window [mem 0x000d8000-0x000dbfff] (subtractive decode)
Oct 23 16:14:02 headnode kernel: [    0.363962] pci 0000:00:1c.2:   bridge window [mem 0x000dc000-0x000dffff] (subtractive decode)
Oct 23 16:14:02 headnode kernel: [    0.363965] pci 0000:00:1c.2:   bridge window [mem 0x000e0000-0x000e3fff] (subtractive decode)
Oct 23 16:14:02 headnode kernel: [    0.363968] pci 0000:00:1c.2:   bridge window [mem 0x000e4000-0x000e7fff] (subtractive decode)
Oct 23 16:14:02 headnode kernel: [    0.363970] pci 0000:00:1c.2:   bridge window [mem 0xdfa00000-0xfeafffff] (subtractive decode)
Oct 23 16:14:02 headnode kernel: [    0.364128] pci 0000:03:00.0: PCI bridge to [bus 04-04] (subtractive decode)
Oct 23 16:14:02 headnode kernel: [    0.364156] pci 0000:03:00.0:   bridge window [??? 0x00000000 flags 0x0] (subtractive decode)
Oct 23 16:14:02 headnode kernel: [    0.364158] pci 0000:03:00.0:   bridge window [??? 0x00000000 flags 0x0] (subtractive decode)
Oct 23 16:14:02 headnode kernel: [    0.364161] pci 0000:03:00.0:   bridge window [??? 0x00000000 flags 0x0] (subtractive decode)
Oct 23 16:14:02 headnode kernel: [    0.364164] pci 0000:03:00.0:   bridge window [??? 0x00000000 flags 0x0] (subtractive decode)
Oct 23 16:14:02 headnode kernel: [    0.364166] pci 0000:03:00.0:   bridge window [io  0x0000-0x0cf7] (subtractive decode)
Oct 23 16:14:02 headnode kernel: [    0.364169] pci 0000:03:00.0:   bridge window [io  0x0d00-0xffff] (subtractive decode)
Oct 23 16:14:02 headnode kernel: [    0.364171] pci 0000:03:00.0:   bridge window [mem 0x000a0000-0x000bffff] (subtractive decode)
Oct 23 16:14:02 headnode kernel: [    0.364174] pci 0000:03:00.0:   bridge window [mem 0x000d0000-0x000d3fff] (subtractive decode)
Oct 23 16:14:02 headnode kernel: [    0.364176] pci 0000:03:00.0:   bridge window [mem 0x000d4000-0x000d7fff] (subtractive decode)
Oct 23 16:14:02 headnode kernel: [    0.364179] pci 0000:03:00.0:   bridge window [mem 0x000d8000-0x000dbfff] (subtractive decode)
Oct 23 16:14:02 headnode kernel: [    0.364182] pci 0000:03:00.0:   bridge window [mem 0x000dc000-0x000dffff] (subtractive decode)
Oct 23 16:14:02 headnode kernel: [    0.364184] pci 0000:03:00.0:   bridge window [mem 0x000e0000-0x000e3fff] (subtractive decode)
Oct 23 16:14:02 headnode kernel: [    0.364187] pci 0000:03:00.0:   bridge window [mem 0x000e4000-0x000e7fff] (subtractive decode)
Oct 23 16:14:02 headnode kernel: [    0.364189] pci 0000:03:00.0:   bridge window [mem 0xdfa00000-0xfeafffff] (subtractive decode)
Oct 23 16:14:02 headnode kernel: [    0.364275] pci 0000:05:00.0: [197b:2368] type 0 class 0x000101
Oct 23 16:14:02 headnode kernel: [    0.364313] pci 0000:05:00.0: reg 10: [io  0xc040-0xc047]
Oct 23 16:14:02 headnode kernel: [    0.364330] pci 0000:05:00.0: reg 14: [io  0xc030-0xc033]
Oct 23 16:14:02 headnode kernel: [    0.364347] pci 0000:05:00.0: reg 18: [io  0xc020-0xc027]
Oct 23 16:14:02 headnode kernel: [    0.364364] pci 0000:05:00.0: reg 1c: [io  0xc010-0xc013]
Oct 23 16:14:02 headnode kernel: [    0.364381] pci 0000:05:00.0: reg 20: [io  0xc000-0xc00f]
Oct 23 16:14:02 headnode kernel: [    0.364414] pci 0000:05:00.0: reg 30: [mem 0xf7c00000-0xf7c0ffff pref]
Oct 23 16:14:02 headnode kernel: [    0.371634] pci 0000:00:1c.3: PCI bridge to [bus 05-05]
Oct 23 16:14:02 headnode kernel: [    0.371642] pci 0000:00:1c.3:   bridge window [io  0xc000-0xcfff]
Oct 23 16:14:02 headnode kernel: [    0.371659] pci 0000:00:1c.3:   bridge window [mem 0xf7c00000-0xf7cfffff]
Oct 23 16:14:02 headnode kernel: [    0.371688] ACPI: PCI Interrupt Routing Table [\_SB_.PCI0._PRT]
Oct 23 16:14:02 headnode kernel: [    0.371911] ACPI: PCI Interrupt Routing Table [\_SB_.PCI0.RP01._PRT]
Oct 23 16:14:02 headnode kernel: [    0.371960] ACPI: PCI Interrupt Routing Table [\_SB_.PCI0.RP02._PRT]
Oct 23 16:14:02 headnode kernel: [    0.372006] ACPI: PCI Interrupt Routing Table [\_SB_.PCI0.RP03._PRT]
Oct 23 16:14:02 headnode kernel: [    0.372052] ACPI: PCI Interrupt Routing Table [\_SB_.PCI0.RP04._PRT]
Oct 23 16:14:02 headnode kernel: [    0.372239]  pci0000:00: Requesting ACPI _OSC control (0x1d)
Oct 23 16:14:02 headnode kernel: [    0.372505]  pci0000:00: ACPI _OSC control (0x18) granted
Oct 23 16:14:02 headnode kernel: [    0.377899] ACPI: PCI Interrupt Link [LNKA] (IRQs 3 4 5 6 10 *11 12 14 15)
Oct 23 16:14:02 headnode kernel: [    0.377957] ACPI: PCI Interrupt Link [LNKB] (IRQs 3 4 5 6 *10 11 12 14 15)
Oct 23 16:14:02 headnode kernel: [    0.378011] ACPI: PCI Interrupt Link [LNKC] (IRQs 3 4 5 6 10 *11 12 14 15)
Oct 23 16:14:02 headnode kernel: [    0.378066] ACPI: PCI Interrupt Link [LNKD] (IRQs 3 4 5 6 *10 11 12 14 15)
Oct 23 16:14:02 headnode kernel: [    0.378119] ACPI: PCI Interrupt Link [LNKE] (IRQs 3 4 5 6 10 11 12 14 15) *0, disabled.
Oct 23 16:14:02 headnode kernel: [    0.378175] ACPI: PCI Interrupt Link [LNKF] (IRQs 3 4 5 6 10 11 12 14 15) *0, disabled.
Oct 23 16:14:02 headnode kernel: [    0.378229] ACPI: PCI Interrupt Link [LNKG] (IRQs 3 4 5 6 10 *11 12 14 15)
Oct 23 16:14:02 headnode kernel: [    0.378283] ACPI: PCI Interrupt Link [LNKH] (IRQs 3 4 5 6 *10 11 12 14 15)
Oct 23 16:14:02 headnode kernel: [    0.378390] vgaarb: device added: PCI:0000:00:02.0,decodes=io+mem,owns=io+mem,locks=none
Oct 23 16:14:02 headnode kernel: [    0.378398] vgaarb: loaded
Oct 23 16:14:02 headnode kernel: [    0.378400] vgaarb: bridge control possible 0000:00:02.0
Oct 23 16:14:02 headnode kernel: [    0.378440] PCI: Using ACPI for IRQ routing
Oct 23 16:14:02 headnode kernel: [    0.380128] PCI: pci_cache_line_size set to 64 bytes
Oct 23 16:14:02 headnode kernel: [    0.380203] reserve RAM buffer: 000000000009d800 - 000000000009ffff 
Oct 23 16:14:02 headnode kernel: [    0.380206] reserve RAM buffer: 0000000040004000 - 0000000043ffffff 
Oct 23 16:14:02 headnode kernel: [    0.380208] reserve RAM buffer: 00000000db7e1000 - 00000000dbffffff 
Oct 23 16:14:02 headnode kernel: [    0.380211] reserve RAM buffer: 00000000dbb8c000 - 00000000dbffffff 
Oct 23 16:14:02 headnode kernel: [    0.380213] reserve RAM buffer: 00000000dc602000 - 00000000dfffffff 
Oct 23 16:14:02 headnode kernel: [    0.380216] reserve RAM buffer: 00000000dcdb1000 - 00000000dfffffff 
Oct 23 16:14:02 headnode kernel: [    0.380219] reserve RAM buffer: 00000000dd000000 - 00000000dfffffff 
Oct 23 16:14:02 headnode kernel: [    0.380222] reserve RAM buffer: 000000021f600000 - 000000021fffffff 
Oct 23 16:14:02 headnode kernel: [    0.380331] hpet0: at MMIO 0xfed00000, IRQs 2, 8, 0, 0, 0, 0, 0, 0
Oct 23 16:14:02 headnode kernel: [    0.380338] hpet0: 8 comparators, 64-bit 14.318180 MHz counter
Oct 23 16:14:02 headnode kernel: [    0.382353] Switching to clocksource hpet
Oct 23 16:14:02 headnode kernel: [    0.384129] pnp: PnP ACPI init
Oct 23 16:14:02 headnode kernel: [    0.384142] ACPI: bus type pnp registered
Oct 23 16:14:02 headnode kernel: [    0.384466] pnp 00:00: [bus 00-3e]
Oct 23 16:14:02 headnode kernel: [    0.384469] pnp 00:00: [io  0x0000-0x0cf7 window]
Oct 23 16:14:02 headnode kernel: [    0.384471] pnp 00:00: [io  0x0cf8-0x0cff]
Oct 23 16:14:02 headnode kernel: [    0.384474] pnp 00:00: [io  0x0d00-0xffff window]
Oct 23 16:14:02 headnode kernel: [    0.384476] pnp 00:00: [mem 0x000a0000-0x000bffff window]
Oct 23 16:14:02 headnode kernel: [    0.384478] pnp 00:00: [mem 0x000c0000-0x000c3fff window]
Oct 23 16:14:02 headnode kernel: [    0.384480] pnp 00:00: [mem 0x000c4000-0x000c7fff window]
Oct 23 16:14:02 headnode kernel: [    0.384482] pnp 00:00: [mem 0x000c8000-0x000cbfff window]
Oct 23 16:14:02 headnode kernel: [    0.384484] pnp 00:00: [mem 0x000cc000-0x000cffff window]
Oct 23 16:14:02 headnode kernel: [    0.384486] pnp 00:00: [mem 0x000d0000-0x000d3fff window]
Oct 23 16:14:02 headnode kernel: [    0.384489] pnp 00:00: [mem 0x000d4000-0x000d7fff window]
Oct 23 16:14:02 headnode kernel: [    0.384491] pnp 00:00: [mem 0x000d8000-0x000dbfff window]
Oct 23 16:14:02 headnode kernel: [    0.384493] pnp 00:00: [mem 0x000dc000-0x000dffff window]
Oct 23 16:14:02 headnode kernel: [    0.384495] pnp 00:00: [mem 0x000e0000-0x000e3fff window]
Oct 23 16:14:02 headnode kernel: [    0.384497] pnp 00:00: [mem 0x000e4000-0x000e7fff window]
Oct 23 16:14:02 headnode kernel: [    0.384500] pnp 00:00: [mem 0x000e8000-0x000ebfff window]
Oct 23 16:14:02 headnode kernel: [    0.384503] pnp 00:00: [mem 0x000ec000-0x000effff window]
Oct 23 16:14:02 headnode kernel: [    0.384505] pnp 00:00: [mem 0x000f0000-0x000fffff window]
Oct 23 16:14:02 headnode kernel: [    0.384507] pnp 00:00: [mem 0xdfa00000-0xfeafffff window]
Oct 23 16:14:02 headnode kernel: [    0.384509] pnp 00:00: [mem 0x00010000-0x0001ffff window]
Oct 23 16:14:02 headnode kernel: [    0.384582] pnp 00:00: Plug and Play ACPI device, IDs PNP0a08 PNP0a03 (active)
Oct 23 16:14:02 headnode kernel: [    0.384614] pnp 00:01: [mem 0xfed40000-0xfed44fff]
Oct 23 16:14:02 headnode kernel: [    0.384657] system 00:01: [mem 0xfed40000-0xfed44fff] has been reserved
Oct 23 16:14:02 headnode kernel: [    0.384660] system 00:01: Plug and Play ACPI device, IDs PNP0c01 (active)
Oct 23 16:14:02 headnode kernel: [    0.384675] pnp 00:02: [io  0x0000-0x001f]
Oct 23 16:14:02 headnode kernel: [    0.384677] pnp 00:02: [io  0x0081-0x0091]
Oct 23 16:14:02 headnode kernel: [    0.384679] pnp 00:02: [io  0x0093-0x009f]
Oct 23 16:14:02 headnode kernel: [    0.384681] pnp 00:02: [io  0x00c0-0x00df]
Oct 23 16:14:02 headnode kernel: [    0.384683] pnp 00:02: [dma 4]
Oct 23 16:14:02 headnode kernel: [    0.384707] pnp 00:02: Plug and Play ACPI device, IDs PNP0200 (active)
Oct 23 16:14:02 headnode kernel: [    0.384717] pnp 00:03: [mem 0xff000000-0xffffffff]
Oct 23 16:14:02 headnode kernel: [    0.384740] pnp 00:03: Plug and Play ACPI device, IDs INT0800 (active)
Oct 23 16:14:02 headnode kernel: [    0.384825] pnp 00:04: [mem 0xfed00000-0xfed003ff]
Oct 23 16:14:02 headnode kernel: [    0.384850] pnp 00:04: Plug and Play ACPI device, IDs PNP0103 (active)
Oct 23 16:14:02 headnode kernel: [    0.384863] pnp 00:05: [io  0x002e-0x002f]
Oct 23 16:14:02 headnode kernel: [    0.384865] pnp 00:05: [io  0x004e-0x004f]
Oct 23 16:14:02 headnode kernel: [    0.384867] pnp 00:05: [io  0x0061]
Oct 23 16:14:02 headnode kernel: [    0.384868] pnp 00:05: [io  0x0063]
Oct 23 16:14:02 headnode kernel: [    0.384870] pnp 00:05: [io  0x0065]
Oct 23 16:14:02 headnode kernel: [    0.384872] pnp 00:05: [io  0x0067]
Oct 23 16:14:02 headnode kernel: [    0.384873] pnp 00:05: [io  0x0070]
Oct 23 16:14:02 headnode kernel: [    0.384875] pnp 00:05: [io  0x0080]
Oct 23 16:14:02 headnode kernel: [    0.384877] pnp 00:05: [io  0x0092]
Oct 23 16:14:02 headnode kernel: [    0.384879] pnp 00:05: [io  0x00b2-0x00b3]
Oct 23 16:14:02 headnode kernel: [    0.384881] pnp 00:05: [io  0x0680-0x069f]
Oct 23 16:14:02 headnode kernel: [    0.384882] pnp 00:05: [io  0x0200-0x020f]
Oct 23 16:14:02 headnode kernel: [    0.384884] pnp 00:05: [io  0xffff]
Oct 23 16:14:02 headnode kernel: [    0.384886] pnp 00:05: [io  0xffff]
Oct 23 16:14:02 headnode kernel: [    0.384888] pnp 00:05: [io  0x0400-0x0453]
Oct 23 16:14:02 headnode kernel: [    0.384890] pnp 00:05: [io  0x0458-0x047f]
Oct 23 16:14:02 headnode kernel: [    0.384892] pnp 00:05: [io  0x0500-0x057f]
Oct 23 16:14:02 headnode kernel: [    0.384940] system 00:05: [io  0x0680-0x069f] has been reserved
Oct 23 16:14:02 headnode kernel: [    0.384943] system 00:05: [io  0x0200-0x020f] has been reserved
Oct 23 16:14:02 headnode kernel: [    0.384945] system 00:05: [io  0xffff] has been reserved
Oct 23 16:14:02 headnode kernel: [    0.384948] system 00:05: [io  0xffff] has been reserved
Oct 23 16:14:02 headnode kernel: [    0.384950] system 00:05: [io  0x0400-0x0453] has been reserved
Oct 23 16:14:02 headnode kernel: [    0.384953] system 00:05: [io  0x0458-0x047f] has been reserved
Oct 23 16:14:02 headnode kernel: [    0.384956] system 00:05: [io  0x0500-0x057f] has been reserved
Oct 23 16:14:02 headnode kernel: [    0.384958] system 00:05: Plug and Play ACPI device, IDs PNP0c02 (active)
Oct 23 16:14:02 headnode kernel: [    0.384969] pnp 00:06: [io  0x0070-0x0077]
Oct 23 16:14:02 headnode kernel: [    0.384977] pnp 00:06: [irq 8]
Oct 23 16:14:02 headnode kernel: [    0.385002] pnp 00:06: Plug and Play ACPI device, IDs PNP0b00 (active)
Oct 23 16:14:02 headnode kernel: [    0.385033] pnp 00:07: [io  0x0454-0x0457]
Oct 23 16:14:02 headnode kernel: [    0.385074] system 00:07: [io  0x0454-0x0457] has been reserved
Oct 23 16:14:02 headnode kernel: [    0.385077] system 00:07: Plug and Play ACPI device, IDs INT3f0d PNP0c02 (active)
Oct 23 16:14:02 headnode kernel: [    0.385206] pnp 00:08: [io  0x0000-0xffffffffffffffff disabled]
Oct 23 16:14:02 headnode kernel: [    0.385209] pnp 00:08: [io  0x0a00-0x0a0f]
Oct 23 16:14:02 headnode kernel: [    0.385211] pnp 00:08: [io  0x0a30-0x0a3f]
Oct 23 16:14:02 headnode kernel: [    0.385212] pnp 00:08: [io  0x0a20-0x0a2f]
Oct 23 16:14:02 headnode kernel: [    0.385253] system 00:08: [io  0x0a00-0x0a0f] has been reserved
Oct 23 16:14:02 headnode kernel: [    0.385255] system 00:08: [io  0x0a30-0x0a3f] has been reserved
Oct 23 16:14:02 headnode kernel: [    0.385258] system 00:08: [io  0x0a20-0x0a2f] has been reserved
Oct 23 16:14:02 headnode kernel: [    0.385261] system 00:08: Plug and Play ACPI device, IDs PNP0c02 (active)
Oct 23 16:14:02 headnode kernel: [    0.385594] pnp 00:09: [io  0x03f8-0x03ff]
Oct 23 16:14:02 headnode kernel: [    0.385600] pnp 00:09: [irq 4]
Oct 23 16:14:02 headnode kernel: [    0.385602] pnp 00:09: [dma 0 disabled]
Oct 23 16:14:02 headnode kernel: [    0.385668] pnp 00:09: Plug and Play ACPI device, IDs PNP0501 (active)
Oct 23 16:14:02 headnode kernel: [    0.385959] pnp 00:0a: [io  0x02f8-0x02ff]
Oct 23 16:14:02 headnode kernel: [    0.385965] pnp 00:0a: [irq 3]
Oct 23 16:14:02 headnode kernel: [    0.385967] pnp 00:0a: [dma 0 disabled]
Oct 23 16:14:02 headnode kernel: [    0.386030] pnp 00:0a: Plug and Play ACPI device, IDs PNP0501 (active)
Oct 23 16:14:02 headnode kernel: [    0.386427] pnp 00:0b: [io  0x0378-0x037f]
Oct 23 16:14:02 headnode kernel: [    0.386432] pnp 00:0b: [irq 5]
Oct 23 16:14:02 headnode kernel: [    0.386434] pnp 00:0b: [dma 0 disabled]
Oct 23 16:14:02 headnode kernel: [    0.386597] pnp 00:0b: Plug and Play ACPI device, IDs PNP0400 (active)
Oct 23 16:14:02 headnode kernel: [    0.386623] pnp 00:0c: [io  0x0010-0x001f]
Oct 23 16:14:02 headnode kernel: [    0.386625] pnp 00:0c: [io  0x0022-0x003f]
Oct 23 16:14:02 headnode kernel: [    0.386627] pnp 00:0c: [io  0x0044-0x005f]
Oct 23 16:14:02 headnode kernel: [    0.386629] pnp 00:0c: [io  0x0062-0x0063]
Oct 23 16:14:02 headnode kernel: [    0.386631] pnp 00:0c: [io  0x0065-0x006f]
Oct 23 16:14:02 headnode kernel: [    0.386633] pnp 00:0c: [io  0x0072-0x007f]
Oct 23 16:14:02 headnode kernel: [    0.386634] pnp 00:0c: [io  0x0080]
Oct 23 16:14:02 headnode kernel: [    0.386636] pnp 00:0c: [io  0x0084-0x0086]
Oct 23 16:14:02 headnode kernel: [    0.386638] pnp 00:0c: [io  0x0088]
Oct 23 16:14:02 headnode kernel: [    0.386640] pnp 00:0c: [io  0x008c-0x008e]
Oct 23 16:14:02 headnode kernel: [    0.386642] pnp 00:0c: [io  0x0090-0x009f]
Oct 23 16:14:02 headnode kernel: [    0.386643] pnp 00:0c: [io  0x00a2-0x00bf]
Oct 23 16:14:02 headnode kernel: [    0.386645] pnp 00:0c: [io  0x00e0-0x00ef]
Oct 23 16:14:02 headnode kernel: [    0.386647] pnp 00:0c: [io  0x04d0-0x04d1]
Oct 23 16:14:02 headnode kernel: [    0.386695] system 00:0c: [io  0x04d0-0x04d1] has been reserved
Oct 23 16:14:02 headnode kernel: [    0.386698] system 00:0c: Plug and Play ACPI device, IDs PNP0c02 (active)
Oct 23 16:14:02 headnode kernel: [    0.386707] pnp 00:0d: [io  0x00f0-0x00ff]
Oct 23 16:14:02 headnode kernel: [    0.386712] pnp 00:0d: [irq 13]
Oct 23 16:14:02 headnode kernel: [    0.386740] pnp 00:0d: Plug and Play ACPI device, IDs PNP0c04 (active)
Oct 23 16:14:02 headnode kernel: [    0.387020] pnp 00:0e: [mem 0xfed1c000-0xfed1ffff]
Oct 23 16:14:02 headnode kernel: [    0.387022] pnp 00:0e: [mem 0xfed10000-0xfed17fff]
Oct 23 16:14:02 headnode kernel: [    0.387024] pnp 00:0e: [mem 0xfed18000-0xfed18fff]
Oct 23 16:14:02 headnode kernel: [    0.387026] pnp 00:0e: [mem 0xfed19000-0xfed19fff]
Oct 23 16:14:02 headnode kernel: [    0.387028] pnp 00:0e: [mem 0xf8000000-0xfbffffff]
Oct 23 16:14:02 headnode kernel: [    0.387030] pnp 00:0e: [mem 0xfed20000-0xfed3ffff]
Oct 23 16:14:02 headnode kernel: [    0.387032] pnp 00:0e: [mem 0xfed90000-0xfed93fff]
Oct 23 16:14:02 headnode kernel: [    0.387034] pnp 00:0e: [mem 0xfed45000-0xfed8ffff]
Oct 23 16:14:02 headnode kernel: [    0.387036] pnp 00:0e: [mem 0xff000000-0xffffffff]
Oct 23 16:14:02 headnode kernel: [    0.387038] pnp 00:0e: [mem 0xfee00000-0xfeefffff]
Oct 23 16:14:02 headnode kernel: [    0.387040] pnp 00:0e: [mem 0xdfa00000-0xdfa00fff]
Oct 23 16:14:02 headnode kernel: [    0.387112] system 00:0e: [mem 0xfed1c000-0xfed1ffff] has been reserved
Oct 23 16:14:02 headnode kernel: [    0.387115] system 00:0e: [mem 0xfed10000-0xfed17fff] has been reserved
Oct 23 16:14:02 headnode kernel: [    0.387117] system 00:0e: [mem 0xfed18000-0xfed18fff] has been reserved
Oct 23 16:14:02 headnode kernel: [    0.387120] system 00:0e: [mem 0xfed19000-0xfed19fff] has been reserved
Oct 23 16:14:02 headnode kernel: [    0.387123] system 00:0e: [mem 0xf8000000-0xfbffffff] has been reserved
Oct 23 16:14:02 headnode kernel: [    0.387126] system 00:0e: [mem 0xfed20000-0xfed3ffff] has been reserved
Oct 23 16:14:02 headnode kernel: [    0.387129] system 00:0e: [mem 0xfed90000-0xfed93fff] has been reserved
Oct 23 16:14:02 headnode kernel: [    0.387131] system 00:0e: [mem 0xfed45000-0xfed8ffff] has been reserved
Oct 23 16:14:02 headnode kernel: [    0.387135] system 00:0e: [mem 0xff000000-0xffffffff] has been reserved
Oct 23 16:14:02 headnode kernel: [    0.387138] system 00:0e: [mem 0xfee00000-0xfeefffff] could not be reserved
Oct 23 16:14:02 headnode kernel: [    0.387141] system 00:0e: [mem 0xdfa00000-0xdfa00fff] has been reserved
Oct 23 16:14:02 headnode kernel: [    0.387144] system 00:0e: Plug and Play ACPI device, IDs PNP0c02 (active)
Oct 23 16:14:02 headnode kernel: [    0.387304] pnp 00:0f: [mem 0x20000000-0x201fffff]
Oct 23 16:14:02 headnode kernel: [    0.387306] pnp 00:0f: [mem 0x40004000-0x40004fff]
Oct 23 16:14:02 headnode kernel: [    0.387375] system 00:0f: [mem 0x20000000-0x201fffff] has been reserved
Oct 23 16:14:02 headnode kernel: [    0.387378] system 00:0f: [mem 0x40004000-0x40004fff] has been reserved
Oct 23 16:14:02 headnode kernel: [    0.387381] system 00:0f: Plug and Play ACPI device, IDs PNP0c01 (active)
Oct 23 16:14:02 headnode kernel: [    0.387407] pnp: PnP ACPI: found 16 devices
Oct 23 16:14:02 headnode kernel: [    0.387409] ACPI: ACPI bus type pnp unregistered
Oct 23 16:14:02 headnode kernel: [    0.393996] PCI: max bus depth: 2 pci_try_num: 3
Oct 23 16:14:02 headnode kernel: [    0.394048] pci 0000:00:1c.0: PCI bridge to [bus 01-01]
Oct 23 16:14:02 headnode kernel: [    0.394052] pci 0000:00:1c.0:   bridge window [io  0xe000-0xefff]
Oct 23 16:14:02 headnode kernel: [    0.394058] pci 0000:00:1c.0:   bridge window [mem 0xf7d00000-0xf7dfffff]
Oct 23 16:14:02 headnode kernel: [    0.394062] pci 0000:00:1c.0:   bridge window [mem 0xf0100000-0xf01fffff 64bit pref]
Oct 23 16:14:02 headnode kernel: [    0.394069] pci 0000:00:1c.1: PCI bridge to [bus 02-02]
Oct 23 16:14:02 headnode kernel: [    0.394073] pci 0000:00:1c.1:   bridge window [io  0xd000-0xdfff]
Oct 23 16:14:02 headnode kernel: [    0.394081] pci 0000:00:1c.1:   bridge window [mem 0xf0000000-0xf00fffff 64bit pref]
Oct 23 16:14:02 headnode kernel: [    0.394088] pci 0000:03:00.0: PCI bridge to [bus 04-04]
Oct 23 16:14:02 headnode kernel: [    0.394112] pci 0000:00:1c.2: PCI bridge to [bus 03-04]
Oct 23 16:14:02 headnode kernel: [    0.394124] pci 0000:00:1c.3: PCI bridge to [bus 05-05]
Oct 23 16:14:02 headnode kernel: [    0.394127] pci 0000:00:1c.3:   bridge window [io  0xc000-0xcfff]
Oct 23 16:14:02 headnode kernel: [    0.394133] pci 0000:00:1c.3:   bridge window [mem 0xf7c00000-0xf7cfffff]
Oct 23 16:14:02 headnode kernel: [    0.394158] pci 0000:00:1c.0: setting latency timer to 64
Oct 23 16:14:02 headnode kernel: [    0.394172] pci 0000:00:1c.1: setting latency timer to 64
Oct 23 16:14:02 headnode kernel: [    0.394186] pci 0000:00:1c.2: setting latency timer to 64
Oct 23 16:14:02 headnode kernel: [    0.394205] pci 0000:03:00.0: setting latency timer to 64
Oct 23 16:14:02 headnode kernel: [    0.394219] pci 0000:00:1c.3: setting latency timer to 64
Oct 23 16:14:02 headnode kernel: [    0.394224] pci_bus 0000:00: resource 4 [io  0x0000-0x0cf7]
Oct 23 16:14:02 headnode kernel: [    0.394226] pci_bus 0000:00: resource 5 [io  0x0d00-0xffff]
Oct 23 16:14:02 headnode kernel: [    0.394228] pci_bus 0000:00: resource 6 [mem 0x000a0000-0x000bffff]
Oct 23 16:14:02 headnode kernel: [    0.394231] pci_bus 0000:00: resource 7 [mem 0x000d0000-0x000d3fff]
Oct 23 16:14:02 headnode kernel: [    0.394233] pci_bus 0000:00: resource 8 [mem 0x000d4000-0x000d7fff]
Oct 23 16:14:02 headnode kernel: [    0.394235] pci_bus 0000:00: resource 9 [mem 0x000d8000-0x000dbfff]
Oct 23 16:14:02 headnode kernel: [    0.394237] pci_bus 0000:00: resource 10 [mem 0x000dc000-0x000dffff]
Oct 23 16:14:02 headnode kernel: [    0.394240] pci_bus 0000:00: resource 11 [mem 0x000e0000-0x000e3fff]
Oct 23 16:14:02 headnode kernel: [    0.394242] pci_bus 0000:00: resource 12 [mem 0x000e4000-0x000e7fff]
Oct 23 16:14:02 headnode kernel: [    0.394244] pci_bus 0000:00: resource 13 [mem 0xdfa00000-0xfeafffff]
Oct 23 16:14:02 headnode kernel: [    0.394247] pci_bus 0000:01: resource 0 [io  0xe000-0xefff]
Oct 23 16:14:02 headnode kernel: [    0.394249] pci_bus 0000:01: resource 1 [mem 0xf7d00000-0xf7dfffff]
Oct 23 16:14:02 headnode kernel: [    0.394251] pci_bus 0000:01: resource 2 [mem 0xf0100000-0xf01fffff 64bit pref]
Oct 23 16:14:02 headnode kernel: [    0.394254] pci_bus 0000:02: resource 0 [io  0xd000-0xdfff]
Oct 23 16:14:02 headnode kernel: [    0.394256] pci_bus 0000:02: resource 2 [mem 0xf0000000-0xf00fffff 64bit pref]
Oct 23 16:14:02 headnode kernel: [    0.394258] pci_bus 0000:03: resource 4 [io  0x0000-0x0cf7]
Oct 23 16:14:02 headnode kernel: [    0.394261] pci_bus 0000:03: resource 5 [io  0x0d00-0xffff]
Oct 23 16:14:02 headnode kernel: [    0.394263] pci_bus 0000:03: resource 6 [mem 0x000a0000-0x000bffff]
Oct 23 16:14:02 headnode kernel: [    0.394265] pci_bus 0000:03: resource 7 [mem 0x000d0000-0x000d3fff]
Oct 23 16:14:02 headnode kernel: [    0.394267] pci_bus 0000:03: resource 8 [mem 0x000d4000-0x000d7fff]
Oct 23 16:14:02 headnode kernel: [    0.394269] pci_bus 0000:03: resource 9 [mem 0x000d8000-0x000dbfff]
Oct 23 16:14:02 headnode kernel: [    0.394272] pci_bus 0000:03: resource 10 [mem 0x000dc000-0x000dffff]
Oct 23 16:14:02 headnode kernel: [    0.394274] pci_bus 0000:03: resource 11 [mem 0x000e0000-0x000e3fff]
Oct 23 16:14:02 headnode kernel: [    0.394276] pci_bus 0000:03: resource 12 [mem 0x000e4000-0x000e7fff]
Oct 23 16:14:02 headnode kernel: [    0.394278] pci_bus 0000:03: resource 13 [mem 0xdfa00000-0xfeafffff]
Oct 23 16:14:02 headnode kernel: [    0.394281] pci_bus 0000:04: resource 8 [io  0x0000-0x0cf7]
Oct 23 16:14:02 headnode kernel: [    0.394283] pci_bus 0000:04: resource 9 [io  0x0d00-0xffff]
Oct 23 16:14:02 headnode kernel: [    0.394285] pci_bus 0000:04: resource 10 [mem 0x000a0000-0x000bffff]
Oct 23 16:14:02 headnode kernel: [    0.394287] pci_bus 0000:04: resource 11 [mem 0x000d0000-0x000d3fff]
Oct 23 16:14:02 headnode kernel: [    0.394290] pci_bus 0000:04: resource 12 [mem 0x000d4000-0x000d7fff]
Oct 23 16:14:02 headnode kernel: [    0.394292] pci_bus 0000:04: resource 13 [mem 0x000d8000-0x000dbfff]
Oct 23 16:14:02 headnode kernel: [    0.394294] pci_bus 0000:04: resource 14 [mem 0x000dc000-0x000dffff]
Oct 23 16:14:02 headnode kernel: [    0.394296] pci_bus 0000:04: resource 15 [mem 0x000e0000-0x000e3fff]
Oct 23 16:14:02 headnode kernel: [    0.394299] pci_bus 0000:04: resource 16 [mem 0x000e4000-0x000e7fff]
Oct 23 16:14:02 headnode kernel: [    0.394301] pci_bus 0000:04: resource 17 [mem 0xdfa00000-0xfeafffff]
Oct 23 16:14:02 headnode kernel: [    0.394303] pci_bus 0000:05: resource 0 [io  0xc000-0xcfff]
Oct 23 16:14:02 headnode kernel: [    0.394305] pci_bus 0000:05: resource 1 [mem 0xf7c00000-0xf7cfffff]
Oct 23 16:14:02 headnode kernel: [    0.394371] NET: Registered protocol family 2
Oct 23 16:14:02 headnode kernel: [    0.396406] IP route cache hash table entries: 262144 (order: 9, 2097152 bytes)
Oct 23 16:14:02 headnode kernel: [    0.397359] TCP established hash table entries: 524288 (order: 11, 8388608 bytes)
Oct 23 16:14:02 headnode kernel: [    0.398693] TCP bind hash table entries: 65536 (order: 8, 1048576 bytes)
Oct 23 16:14:02 headnode kernel: [    0.398829] TCP: Hash tables configured (established 524288 bind 65536)
Oct 23 16:14:02 headnode kernel: [    0.398831] TCP reno registered
Oct 23 16:14:02 headnode kernel: [    0.398846] UDP hash table entries: 4096 (order: 5, 131072 bytes)
Oct 23 16:14:02 headnode kernel: [    0.398882] UDP-Lite hash table entries: 4096 (order: 5, 131072 bytes)
Oct 23 16:14:02 headnode kernel: [    0.398992] NET: Registered protocol family 1
Oct 23 16:14:02 headnode kernel: [    0.399006] pci 0000:00:02.0: Boot video device
Oct 23 16:14:02 headnode kernel: [    0.438391] PCI: CLS 64 bytes, default 64
Oct 23 16:14:02 headnode kernel: [    0.438437] Unpacking initramfs...
Oct 23 16:14:02 headnode kernel: [    0.687788] Freeing initrd memory: 9996k freed
Oct 23 16:14:02 headnode kernel: [    0.689172] PCI-DMA: Using software bounce buffering for IO (SWIOTLB)
Oct 23 16:14:02 headnode kernel: [    0.689177] Placing 64MB software IO TLB between ffff8800d77e1000 - ffff8800db7e1000
Oct 23 16:14:02 headnode kernel: [    0.689179] software IO TLB at phys 0xd77e1000 - 0xdb7e1000
Oct 23 16:14:02 headnode kernel: [    0.689567] audit: initializing netlink socket (disabled)
Oct 23 16:14:02 headnode kernel: [    0.689578] type=2000 audit(1414073637.560:1): initialized
Oct 23 16:14:02 headnode kernel: [    0.708691] HugeTLB registered 2 MB page size, pre-allocated 0 pages
Oct 23 16:14:02 headnode kernel: [    0.709416] VFS: Disk quotas dquot_6.5.2
Oct 23 16:14:02 headnode kernel: [    0.709444] Dquot-cache hash table entries: 512 (order 0, 4096 bytes)
Oct 23 16:14:02 headnode kernel: [    0.709516] msgmni has been set to 15856
Oct 23 16:14:02 headnode kernel: [    0.709653] alg: No test for stdrng (krng)
Oct 23 16:14:02 headnode kernel: [    0.709680] Block layer SCSI generic (bsg) driver version 0.4 loaded (major 253)
Oct 23 16:14:02 headnode kernel: [    0.709683] io scheduler noop registered
Oct 23 16:14:02 headnode kernel: [    0.709685] io scheduler deadline registered
Oct 23 16:14:02 headnode kernel: [    0.709704] io scheduler cfq registered (default)
Oct 23 16:14:02 headnode kernel: [    0.709937] pci_hotplug: PCI Hot Plug PCI Core version: 0.5
Oct 23 16:14:02 headnode kernel: [    0.709958] pciehp: PCI Express Hot Plug Controller Driver version: 0.4
Oct 23 16:14:02 headnode kernel: [    0.709960] acpiphp: ACPI Hot Plug PCI Controller Driver version: 0.5
Oct 23 16:14:02 headnode kernel: [    0.710405] intel_idle: MWAIT substates: 0x21120
Oct 23 16:14:02 headnode kernel: [    0.710407] intel_idle: v0.4 model 0x3A
Oct 23 16:14:02 headnode kernel: [    0.710408] intel_idle: lapic_timer_reliable_states 0xffffffff
Oct 23 16:14:02 headnode kernel: [    0.710444] ERST: Table is not found!
Oct 23 16:14:02 headnode kernel: [    0.710446] GHES: HEST is not enabled!
Oct 23 16:14:02 headnode kernel: [    0.710496] Serial: 8250/16550 driver, 4 ports, IRQ sharing enabled
Oct 23 16:14:02 headnode kernel: [    0.730925] serial8250: ttyS0 at I/O 0x3f8 (irq = 4) is a 16550A
Oct 23 16:14:02 headnode kernel: [    0.770656] serial8250: ttyS1 at I/O 0x2f8 (irq = 3) is a 16550A
Oct 23 16:14:02 headnode kernel: [    0.810955] 00:09: ttyS0 at I/O 0x3f8 (irq = 4) is a 16550A
Oct 23 16:14:02 headnode kernel: [    0.831466] 00:0a: ttyS1 at I/O 0x2f8 (irq = 3) is a 16550A
Oct 23 16:14:02 headnode kernel: [    0.842507] Linux agpgart interface v0.103
Oct 23 16:14:02 headnode kernel: [    0.842595] agpgart-intel 0000:00:00.0: Intel Ivybridge Chipset
Oct 23 16:14:02 headnode kernel: [    0.842665] agpgart-intel 0000:00:00.0: detected gtt size: 2097152K total, 262144K mappable
Oct 23 16:14:02 headnode kernel: [    0.843285] agpgart-intel 0000:00:00.0: detected 32768K stolen memory
Oct 23 16:14:02 headnode kernel: [    0.843389] agpgart-intel 0000:00:00.0: AGP aperture is 256M @ 0xe0000000
Oct 23 16:14:02 headnode kernel: [    0.843513] i8042: PNP: No PS/2 controller found. Probing ports directly.
Oct 23 16:14:02 headnode kernel: [    0.843912] serio: i8042 KBD port at 0x60,0x64 irq 1
Oct 23 16:14:02 headnode kernel: [    0.843919] serio: i8042 AUX port at 0x60,0x64 irq 12
Oct 23 16:14:02 headnode kernel: [    0.844038] mousedev: PS/2 mouse device common for all mice
Oct 23 16:14:02 headnode kernel: [    0.844081] rtc_cmos 00:06: RTC can wake from S4
Oct 23 16:14:02 headnode kernel: [    0.844191] rtc_cmos 00:06: rtc core: registered rtc_cmos as rtc0
Oct 23 16:14:02 headnode kernel: [    0.844219] rtc0: alarms up to one month, y3k, 242 bytes nvram, hpet irqs
Oct 23 16:14:02 headnode kernel: [    0.844279] cpuidle: using governor ladder
Oct 23 16:14:02 headnode kernel: [    0.844339] cpuidle: using governor menu
Oct 23 16:14:02 headnode kernel: [    0.844517] TCP cubic registered
Oct 23 16:14:02 headnode kernel: [    0.844607] NET: Registered protocol family 10
Oct 23 16:14:02 headnode kernel: [    0.845145] Mobile IPv6
Oct 23 16:14:02 headnode kernel: [    0.845148] NET: Registered protocol family 17
Oct 23 16:14:02 headnode kernel: [    0.845152] Registering the dns_resolver key type
Oct 23 16:14:02 headnode kernel: [    0.845455] PM: Hibernation image not present or could not be loaded.
Oct 23 16:14:02 headnode kernel: [    0.845472] registered taskstats version 1
Oct 23 16:14:02 headnode kernel: [    0.846081] rtc_cmos 00:06: setting system clock to 2014-10-23 14:13:58 UTC (1414073638)
Oct 23 16:14:02 headnode kernel: [    0.846164] Initializing network drop monitor service
Oct 23 16:14:02 headnode kernel: [    0.847363] Freeing unused kernel memory: 580k freed
Oct 23 16:14:02 headnode kernel: [    0.847450] Write protecting the kernel read-only data: 6144k
Oct 23 16:14:02 headnode kernel: [    0.850240] Freeing unused kernel memory: 648k freed
Oct 23 16:14:02 headnode kernel: [    0.853163] Freeing unused kernel memory: 688k freed
Oct 23 16:14:02 headnode kernel: [    0.892332] r8169 Gigabit Ethernet driver 2.3LK-NAPI loaded
Oct 23 16:14:02 headnode kernel: [    0.892395] r8169 0000:01:00.0: setting latency timer to 64
Oct 23 16:14:02 headnode kernel: [    0.892480] r8169 0000:01:00.0: irq 40 for MSI/MSI-X
Oct 23 16:14:02 headnode kernel: [    0.892913] r8169 0000:01:00.0: eth0: RTL8168evl/8111evl at 0xffffc90000c24000, 74:d4:35:84:02:0f, XID 0c900880 IRQ 40
Oct 23 16:14:02 headnode kernel: [    0.892918] r8169 0000:01:00.0: eth0: jumbo features [frames: 9200 bytes, tx checksumming: ko]
Oct 23 16:14:02 headnode kernel: [    0.892957] r8169 Gigabit Ethernet driver 2.3LK-NAPI loaded
Oct 23 16:14:02 headnode kernel: [    0.893009] r8169 0000:02:00.0: setting latency timer to 64
Oct 23 16:14:02 headnode kernel: [    0.893088] r8169 0000:02:00.0: irq 41 for MSI/MSI-X
Oct 23 16:14:02 headnode kernel: [    0.893525] r8169 0000:02:00.0: eth1: RTL8168evl/8111evl at 0xffffc90000c74000, 74:d4:35:84:02:0d, XID 0c900880 IRQ 41
Oct 23 16:14:02 headnode kernel: [    0.893528] r8169 0000:02:00.0: eth1: jumbo features [frames: 9200 bytes, tx checksumming: ko]
Oct 23 16:14:02 headnode kernel: [    0.895733] usbcore: registered new interface driver usbfs
Oct 23 16:14:02 headnode kernel: [    0.895755] usbcore: registered new interface driver hub
Oct 23 16:14:02 headnode kernel: [    0.900928] SCSI subsystem initialized
Oct 23 16:14:02 headnode kernel: [    0.911441] usbcore: registered new device driver usb
Oct 23 16:14:02 headnode kernel: [    0.911845] ehci_hcd: USB 2.0 'Enhanced' Host Controller (EHCI) Driver
Oct 23 16:14:02 headnode kernel: [    0.911892] ehci_hcd 0000:00:1a.0: setting latency timer to 64
Oct 23 16:14:02 headnode kernel: [    0.911896] ehci_hcd 0000:00:1a.0: EHCI Host Controller
Oct 23 16:14:02 headnode kernel: [    0.911918] ehci_hcd 0000:00:1a.0: new USB bus registered, assigned bus number 1
Oct 23 16:14:02 headnode kernel: [    0.911946] ehci_hcd 0000:00:1a.0: debug port 2
Oct 23 16:14:02 headnode kernel: [    0.915836] ehci_hcd 0000:00:1a.0: cache line size of 64 is not supported
Oct 23 16:14:02 headnode kernel: [    0.923849] libata version 3.00 loaded.
Oct 23 16:14:02 headnode kernel: [    0.924102] pata_jmicron 0000:05:00.0: setting latency timer to 64
Oct 23 16:14:02 headnode kernel: [    0.925947] scsi0 : pata_jmicron
Oct 23 16:14:02 headnode kernel: [    0.926049] scsi1 : pata_jmicron
Oct 23 16:14:02 headnode kernel: [    0.926099] ata1: PATA max UDMA/100 cmd 0xc040 ctl 0xc030 bmdma 0xc000 irq 19
Oct 23 16:14:02 headnode kernel: [    0.926101] ata2: PATA max UDMA/100 cmd 0xc020 ctl 0xc010 bmdma 0xc008 irq 19
Oct 23 16:14:02 headnode kernel: [    0.927733] ehci_hcd 0000:00:1a.0: irq 16, io mem 0xf7e08000
Oct 23 16:14:02 headnode kernel: [    0.929590] ACPI: Fan [FAN0] (off)
Oct 23 16:14:02 headnode kernel: [    0.929630] ACPI: Fan [FAN1] (off)
Oct 23 16:14:02 headnode kernel: [    0.929664] ACPI: Fan [FAN2] (off)
Oct 23 16:14:02 headnode kernel: [    0.929697] ACPI: Fan [FAN3] (off)
Oct 23 16:14:02 headnode kernel: [    0.929729] ACPI: Fan [FAN4] (off)
Oct 23 16:14:02 headnode kernel: [    0.946579] thermal LNXTHERM:00: registered as thermal_zone0
Oct 23 16:14:02 headnode kernel: [    0.946583] ACPI: Thermal Zone [TZ00] (28 C)
Oct 23 16:14:02 headnode kernel: [    0.946775] thermal LNXTHERM:01: registered as thermal_zone1
Oct 23 16:14:02 headnode kernel: [    0.946778] ACPI: Thermal Zone [TZ01] (30 C)
Oct 23 16:14:02 headnode kernel: [    0.954257] ehci_hcd 0000:00:1a.0: USB 2.0 started, EHCI 1.00
Oct 23 16:14:02 headnode kernel: [    0.954283] usb usb1: New USB device found, idVendor=1d6b, idProduct=0002
Oct 23 16:14:02 headnode kernel: [    0.954286] usb usb1: New USB device strings: Mfr=3, Product=2, SerialNumber=1
Oct 23 16:14:02 headnode kernel: [    0.954289] usb usb1: Product: EHCI Host Controller
Oct 23 16:14:02 headnode kernel: [    0.954291] usb usb1: Manufacturer: Linux 3.2.0-4-amd64 ehci_hcd
Oct 23 16:14:02 headnode kernel: [    0.954293] usb usb1: SerialNumber: 0000:00:1a.0
Oct 23 16:14:02 headnode kernel: [    0.954410] hub 1-0:1.0: USB hub found
Oct 23 16:14:02 headnode kernel: [    0.954415] hub 1-0:1.0: 2 ports detected
Oct 23 16:14:02 headnode kernel: [    0.954519] ehci_hcd 0000:00:1d.0: setting latency timer to 64
Oct 23 16:14:02 headnode kernel: [    0.954523] ehci_hcd 0000:00:1d.0: EHCI Host Controller
Oct 23 16:14:02 headnode kernel: [    0.954532] ehci_hcd 0000:00:1d.0: new USB bus registered, assigned bus number 2
Oct 23 16:14:02 headnode kernel: [    0.954556] ehci_hcd 0000:00:1d.0: debug port 2
Oct 23 16:14:02 headnode kernel: [    0.958455] ehci_hcd 0000:00:1d.0: cache line size of 64 is not supported
Oct 23 16:14:02 headnode kernel: [    0.958581] ehci_hcd 0000:00:1d.0: irq 23, io mem 0xf7e07000
Oct 23 16:14:02 headnode kernel: [    0.974296] ehci_hcd 0000:00:1d.0: USB 2.0 started, EHCI 1.00
Oct 23 16:14:02 headnode kernel: [    0.974339] usb usb2: New USB device found, idVendor=1d6b, idProduct=0002
Oct 23 16:14:02 headnode kernel: [    0.974342] usb usb2: New USB device strings: Mfr=3, Product=2, SerialNumber=1
Oct 23 16:14:02 headnode kernel: [    0.974345] usb usb2: Product: EHCI Host Controller
Oct 23 16:14:02 headnode kernel: [    0.974347] usb usb2: Manufacturer: Linux 3.2.0-4-amd64 ehci_hcd
Oct 23 16:14:02 headnode kernel: [    0.974349] usb usb2: SerialNumber: 0000:00:1d.0
Oct 23 16:14:02 headnode kernel: [    0.974575] hub 2-0:1.0: USB hub found
Oct 23 16:14:02 headnode kernel: [    0.974583] hub 2-0:1.0: 2 ports detected
Oct 23 16:14:02 headnode kernel: [    1.243342] ahci 0000:00:1f.2: version 3.0
Oct 23 16:14:02 headnode kernel: [    1.243406] ahci 0000:00:1f.2: irq 42 for MSI/MSI-X
Oct 23 16:14:02 headnode kernel: [    1.243459] ahci 0000:00:1f.2: AHCI 0001.0300 32 slots 4 ports 6 Gbps 0x1 impl SATA mode
Oct 23 16:14:02 headnode kernel: [    1.243463] ahci 0000:00:1f.2: flags: 64bit ncq led clo pio slum part ems apst 
Oct 23 16:14:02 headnode kernel: [    1.243467] ahci 0000:00:1f.2: setting latency timer to 64
Oct 23 16:14:02 headnode kernel: [    1.244644] scsi2 : ahci
Oct 23 16:14:02 headnode kernel: [    1.244765] scsi3 : ahci
Oct 23 16:14:02 headnode kernel: [    1.244945] scsi4 : ahci
Oct 23 16:14:02 headnode kernel: [    1.245150] scsi5 : ahci
Oct 23 16:14:02 headnode kernel: [    1.245437] ata3: SATA max UDMA/133 abar m2048@0xf7e06000 port 0xf7e06100 irq 42
Oct 23 16:14:02 headnode kernel: [    1.245440] ata4: DUMMY
Oct 23 16:14:02 headnode kernel: [    1.245441] ata5: DUMMY
Oct 23 16:14:02 headnode kernel: [    1.245443] ata6: DUMMY
Oct 23 16:14:02 headnode kernel: [    1.266167] usb 1-1: new high-speed USB device number 2 using ehci_hcd
Oct 23 16:14:02 headnode kernel: [    1.398562] usb 1-1: New USB device found, idVendor=8087, idProduct=0024
Oct 23 16:14:02 headnode kernel: [    1.398567] usb 1-1: New USB device strings: Mfr=0, Product=0, SerialNumber=0
Oct 23 16:14:02 headnode kernel: [    1.398959] hub 1-1:1.0: USB hub found
Oct 23 16:14:02 headnode kernel: [    1.399201] hub 1-1:1.0: 4 ports detected
Oct 23 16:14:02 headnode kernel: [    1.510091] usb 2-1: new high-speed USB device number 2 using ehci_hcd
Oct 23 16:14:02 headnode kernel: [    1.562075] ata3: SATA link up 6.0 Gbps (SStatus 133 SControl 300)
Oct 23 16:14:02 headnode kernel: [    1.562269] ACPI Error: [DSSP] Namespace lookup failure, AE_NOT_FOUND (20110623/psargs-359)
Oct 23 16:14:02 headnode kernel: [    1.562280] ACPI Error: Method parse/execution failed [\_SB_.PCI0.SAT0.SPT0._GTF] (Node ffff88021648e1a0), AE_NOT_FOUND (20110623/psparse-536)
Oct 23 16:14:02 headnode kernel: [    1.562354] ata3.00: ATA-9: ADATA SP600, 2.9, max UDMA/100
Oct 23 16:14:02 headnode kernel: [    1.562357] ata3.00: 125045424 sectors, multi 16: LBA48 NCQ (depth 31/32), AA
Oct 23 16:14:02 headnode kernel: [    1.562574] ACPI Error: [DSSP] Namespace lookup failure, AE_NOT_FOUND (20110623/psargs-359)
Oct 23 16:14:02 headnode kernel: [    1.562584] ACPI Error: Method parse/execution failed [\_SB_.PCI0.SAT0.SPT0._GTF] (Node ffff88021648e1a0), AE_NOT_FOUND (20110623/psparse-536)
Oct 23 16:14:02 headnode kernel: [    1.562659] ata3.00: configured for UDMA/100
Oct 23 16:14:02 headnode kernel: [    1.562886] scsi 2:0:0:0: Direct-Access     ATA      ADATA SP600      2.9  PQ: 0 ANSI: 5
Oct 23 16:14:02 headnode kernel: [    1.566885] sd 2:0:0:0: [sda] 125045424 512-byte logical blocks: (64.0 GB/59.6 GiB)
Oct 23 16:14:02 headnode kernel: [    1.566942] sd 2:0:0:0: [sda] Write Protect is off
Oct 23 16:14:02 headnode kernel: [    1.566945] sd 2:0:0:0: [sda] Mode Sense: 00 3a 00 00
Oct 23 16:14:02 headnode kernel: [    1.566963] sd 2:0:0:0: [sda] Write cache: enabled, read cache: enabled, doesn't support DPO or FUA
Oct 23 16:14:02 headnode kernel: [    1.567578]  sda: sda1 sda2
Oct 23 16:14:02 headnode kernel: [    1.568031] sd 2:0:0:0: [sda] Attached SCSI disk
Oct 23 16:14:02 headnode kernel: [    1.569735] sd 2:0:0:0: Attached scsi generic sg0 type 0
Oct 23 16:14:02 headnode kernel: [    1.642450] usb 2-1: New USB device found, idVendor=8087, idProduct=0024
Oct 23 16:14:02 headnode kernel: [    1.642454] usb 2-1: New USB device strings: Mfr=0, Product=0, SerialNumber=0
Oct 23 16:14:02 headnode kernel: [    1.642734] hub 2-1:1.0: USB hub found
Oct 23 16:14:02 headnode kernel: [    1.643063] hub 2-1:1.0: 4 ports detected
Oct 23 16:14:02 headnode kernel: [    1.686034] Refined TSC clocksource calibration: 1795.920 MHz.
Oct 23 16:14:02 headnode kernel: [    1.686040] Switching to clocksource tsc
Oct 23 16:14:02 headnode kernel: [    1.714210] usb 1-1.4: new low-speed USB device number 3 using ehci_hcd
Oct 23 16:14:02 headnode kernel: [    1.812764] usb 1-1.4: New USB device found, idVendor=046d, idProduct=c312
Oct 23 16:14:02 headnode kernel: [    1.812768] usb 1-1.4: New USB device strings: Mfr=1, Product=2, SerialNumber=0
Oct 23 16:14:02 headnode kernel: [    1.812770] usb 1-1.4: Product: USB Multimedia Keyboard
Oct 23 16:14:02 headnode kernel: [    1.812772] usb 1-1.4: Manufacturer: LITEON Technology
Oct 23 16:14:02 headnode kernel: [    1.815595] PM: Starting manual resume from disk
Oct 23 16:14:02 headnode kernel: [    1.815599] PM: Hibernation image partition 8:2 present
Oct 23 16:14:02 headnode kernel: [    1.815601] PM: Looking for hibernation image.
Oct 23 16:14:02 headnode kernel: [    1.815781] PM: Image not found (code -22)
Oct 23 16:14:02 headnode kernel: [    1.815783] PM: Hibernation image not present or could not be loaded.
Oct 23 16:14:02 headnode kernel: [    1.818773] input: LITEON Technology USB Multimedia Keyboard as /devices/pci0000:00/0000:00:1a.0/usb1/1-1/1-1.4/1-1.4:1.0/input/input0
Oct 23 16:14:02 headnode kernel: [    1.818956] generic-usb 0003:046D:C312.0001: input,hidraw0: USB HID v1.10 Keyboard [LITEON Technology USB Multimedia Keyboard] on usb-0000:00:1a.0-1.4/input0
Oct 23 16:14:02 headnode kernel: [    1.819139] usbcore: registered new interface driver usbhid
Oct 23 16:14:02 headnode kernel: [    1.819142] usbhid: USB HID core driver
Oct 23 16:14:02 headnode kernel: [    1.827458] EXT4-fs (sda1): mounted filesystem with ordered data mode. Opts: (null)
Oct 23 16:14:02 headnode kernel: [    2.099277] iTCO_vendor_support: vendor-support=0
Oct 23 16:14:02 headnode kernel: [    2.100896] iTCO_wdt: Intel TCO WatchDog Timer Driver v1.07
Oct 23 16:14:02 headnode kernel: [    2.100990] iTCO_wdt: unable to reset NO_REBOOT flag, device disabled by hardware/BIOS
Oct 23 16:14:02 headnode kernel: [    2.111184] input: PC Speaker as /devices/platform/pcspkr/input/input1
Oct 23 16:14:02 headnode kernel: [    2.115147] ACPI: resource 0000:00:1f.3 [io  0xf040-0xf05f] conflicts with ACPI region SMBI [io 0xf040-0xf04f]
Oct 23 16:14:02 headnode kernel: [    2.115150] ACPI: If an ACPI driver is available for this device, you should use it instead of the native driver
Oct 23 16:14:02 headnode kernel: [    2.121072] [drm] Initialized drm 1.1.0 20060810
Oct 23 16:14:02 headnode kernel: [    2.126745] Error: Driver 'pcspkr' is already registered, aborting...
Oct 23 16:14:02 headnode kernel: [    2.132139] snd_hda_intel 0000:00:1b.0: irq 43 for MSI/MSI-X
Oct 23 16:14:02 headnode kernel: [    2.132170] snd_hda_intel 0000:00:1b.0: setting latency timer to 64
Oct 23 16:14:02 headnode kernel: [    2.133198] input: Power Button as /devices/LNXSYSTM:00/LNXSYBUS:00/PNP0C0C:00/input/input2
Oct 23 16:14:02 headnode kernel: [    2.133238] ACPI: Power Button [PWRB]
Oct 23 16:14:02 headnode kernel: [    2.133290] input: Power Button as /devices/LNXSYSTM:00/LNXPWRBN:00/input/input3
Oct 23 16:14:02 headnode kernel: [    2.133320] ACPI: Power Button [PWRF]
Oct 23 16:14:02 headnode kernel: [    2.138531] ACPI: Requesting acpi_cpufreq
Oct 23 16:14:02 headnode kernel: [    2.194234] parport_pc 00:0b: reported by Plug and Play ACPI
Oct 23 16:14:02 headnode kernel: [    2.194286] parport0: PC-style at 0x378, irq 5 [PCSPP,TRISTATE]
Oct 23 16:14:02 headnode kernel: [    2.704358] HDMI status: Codec=3 Pin=6 Presence_Detect=0 ELD_Valid=0
Oct 23 16:14:02 headnode kernel: [    2.704617] input: HDA Intel PCH HDMI/DP,pcm=3 as /devices/pci0000:00/0000:00:1b.0/sound/card0/input4
Oct 23 16:14:02 headnode kernel: [    2.706058] i915 0000:00:02.0: setting latency timer to 64
Oct 23 16:14:02 headnode kernel: [    2.764135] mtrr: type mismatch for e0000000,10000000 old: write-back new: write-combining
Oct 23 16:14:02 headnode kernel: [    2.764138] [drm] MTRR allocation failed.  Graphics performance may suffer.
Oct 23 16:14:02 headnode kernel: [    2.764336] i915 0000:00:02.0: irq 44 for MSI/MSI-X
Oct 23 16:14:02 headnode kernel: [    2.764344] [drm] Supports vblank timestamp caching Rev 1 (10.10.2010).
Oct 23 16:14:02 headnode kernel: [    2.764346] [drm] Driver supports precise vblank timestamp query.
Oct 23 16:14:02 headnode kernel: [    2.764712] vgaarb: device changed decodes: PCI:0000:00:02.0,olddecodes=io+mem,decodes=io+mem:owns=io+mem
Oct 23 16:14:02 headnode kernel: [    2.796303] [drm] Enabling RC6 states: RC6 on, RC6p on, RC6pp off
Oct 23 16:14:02 headnode kernel: [    3.089883] fbcon: inteldrmfb (fb0) is primary device
Oct 23 16:14:02 headnode kernel: [    3.284974] Console: switching to colour frame buffer device 240x75
Oct 23 16:14:02 headnode kernel: [    3.308956] fb0: inteldrmfb frame buffer device
Oct 23 16:14:02 headnode kernel: [    3.308960] drm: registered panic notifier
Oct 23 16:14:02 headnode kernel: [    3.310692] fixme: max PWM is zero.
Oct 23 16:14:02 headnode kernel: [    3.310869] acpi device:58: registered as cooling_device7
Oct 23 16:14:02 headnode kernel: [    3.311093] input: Video Bus as /devices/LNXSYSTM:00/LNXSYBUS:00/PNP0A08:00/LNXVIDEO:00/input/input5
Oct 23 16:14:02 headnode kernel: [    3.311140] ACPI: Video Device [GFX0] (multi-head: yes  rom: no  post: no)
Oct 23 16:14:02 headnode kernel: [    3.311157] [drm] Initialized i915 1.6.0 20080730 for 0000:00:02.0 on minor 0
Oct 23 16:14:02 headnode kernel: [    3.704978] Adding 3906556k swap on /dev/sda2.  Priority:-1 extents:1 across:3906556k SS
Oct 23 16:14:02 headnode kernel: [    3.734122] EXT4-fs (sda1): re-mounted. Opts: (null)
Oct 23 16:14:02 headnode kernel: [    3.802708] EXT4-fs (sda1): re-mounted. Opts: errors=remount-ro
Oct 23 16:14:02 headnode kernel: [    3.883749] loop: module loaded
Oct 23 16:14:02 headnode kernel: [    5.236532] r8169 0000:01:00.0: firmware: agent aborted loading rtl_nic/rtl8168e-3.fw (not found?)
Oct 23 16:14:02 headnode kernel: [    5.236648] r8169 0000:01:00.0: eth0: unable to load firmware patch rtl_nic/rtl8168e-3.fw (-2)
Oct 23 16:14:02 headnode kernel: [    5.245788] r8169 0000:01:00.0: eth0: link down
Oct 23 16:14:02 headnode kernel: [    5.245796] r8169 0000:01:00.0: eth0: link down
Oct 23 16:14:02 headnode kernel: [    5.246523] ADDRCONF(NETDEV_UP): eth0: link is not ready
Oct 23 16:14:06 headnode kernel: [    8.407828] r8169 0000:01:00.0: eth0: link up
Oct 23 16:14:06 headnode kernel: [    8.409311] ADDRCONF(NETDEV_CHANGE): eth0: link becomes ready
Oct 23 16:14:16 headnode kernel: [   18.996489] eth0: no IPv6 routers present
Oct 23 16:14:54 headnode kernel: imklog 5.8.11, log source = /proc/kmsg started.
Oct 23 16:14:54 headnode kernel: [    0.000000] Initializing cgroup subsys cpuset
Oct 23 16:14:54 headnode kernel: [    0.000000] Initializing cgroup subsys cpu
Oct 23 16:14:54 headnode kernel: [    0.000000] Linux version 3.2.0-4-amd64 (debian-kernel@lists.debian.org) (gcc version 4.6.3 (Debian 4.6.3-14) ) #1 SMP Debian 3.2.63-2
Oct 23 16:14:54 headnode kernel: [    0.000000] Command line: BOOT_IMAGE=/boot/vmlinuz-3.2.0-4-amd64 root=UUID=5433e205-494c-4e86-8984-fc8af8f1d419 ro quiet
Oct 23 16:14:54 headnode kernel: [    0.000000] BIOS-provided physical RAM map:
Oct 23 16:14:54 headnode kernel: [    0.000000]  BIOS-e820: 0000000000000000 - 000000000009d800 (usable)
Oct 23 16:14:54 headnode kernel: [    0.000000]  BIOS-e820: 000000000009d800 - 00000000000a0000 (reserved)
Oct 23 16:14:54 headnode kernel: [    0.000000]  BIOS-e820: 00000000000e0000 - 0000000000100000 (reserved)
Oct 23 16:14:54 headnode kernel: [    0.000000]  BIOS-e820: 0000000000100000 - 0000000020000000 (usable)
Oct 23 16:14:54 headnode kernel: [    0.000000]  BIOS-e820: 0000000020000000 - 0000000020200000 (reserved)
Oct 23 16:14:54 headnode kernel: [    0.000000]  BIOS-e820: 0000000020200000 - 0000000040004000 (usable)
Oct 23 16:14:54 headnode kernel: [    0.000000]  BIOS-e820: 0000000040004000 - 0000000040005000 (reserved)
Oct 23 16:14:54 headnode kernel: [    0.000000]  BIOS-e820: 0000000040005000 - 00000000db7e4000 (usable)
Oct 23 16:14:54 headnode kernel: [    0.000000]  BIOS-e820: 00000000db7e4000 - 00000000dba8d000 (reserved)
Oct 23 16:14:54 headnode kernel: [    0.000000]  BIOS-e820: 00000000dba8d000 - 00000000dba99000 (ACPI data)
Oct 23 16:14:54 headnode kernel: [    0.000000]  BIOS-e820: 00000000dba99000 - 00000000dbb05000 (reserved)
Oct 23 16:14:54 headnode kernel: [    0.000000]  BIOS-e820: 00000000dbb05000 - 00000000dbb0a000 (ACPI data)
Oct 23 16:14:54 headnode kernel: [    0.000000]  BIOS-e820: 00000000dbb0a000 - 00000000dbb8f000 (usable)
Oct 23 16:14:54 headnode kernel: [    0.000000]  BIOS-e820: 00000000dbb8f000 - 00000000dbc28000 (ACPI NVS)
Oct 23 16:14:54 headnode kernel: [    0.000000]  BIOS-e820: 00000000dbc28000 - 00000000dc601000 (reserved)
Oct 23 16:14:54 headnode kernel: [    0.000000]  BIOS-e820: 00000000dc601000 - 00000000dc602000 (usable)
Oct 23 16:14:54 headnode kernel: [    0.000000]  BIOS-e820: 00000000dc602000 - 00000000dc645000 (ACPI NVS)
Oct 23 16:14:54 headnode kernel: [    0.000000]  BIOS-e820: 00000000dc645000 - 00000000dcdb1000 (usable)
Oct 23 16:14:54 headnode kernel: [    0.000000]  BIOS-e820: 00000000dcdb1000 - 00000000dcfe0000 (reserved)
Oct 23 16:14:54 headnode kernel: [    0.000000]  BIOS-e820: 00000000dcfe0000 - 00000000dd000000 (usable)
Oct 23 16:14:54 headnode kernel: [    0.000000]  BIOS-e820: 00000000dd800000 - 00000000dfa00000 (reserved)
Oct 23 16:14:54 headnode kernel: [    0.000000]  BIOS-e820: 00000000f8000000 - 00000000fc000000 (reserved)
Oct 23 16:14:54 headnode kernel: [    0.000000]  BIOS-e820: 00000000fec00000 - 00000000fec01000 (reserved)
Oct 23 16:14:54 headnode kernel: [    0.000000]  BIOS-e820: 00000000fed00000 - 00000000fed04000 (reserved)
Oct 23 16:14:54 headnode kernel: [    0.000000]  BIOS-e820: 00000000fed1c000 - 00000000fed20000 (reserved)
Oct 23 16:14:54 headnode kernel: [    0.000000]  BIOS-e820: 00000000fee00000 - 00000000fee01000 (reserved)
Oct 23 16:14:54 headnode kernel: [    0.000000]  BIOS-e820: 00000000ff000000 - 0000000100000000 (reserved)
Oct 23 16:14:54 headnode kernel: [    0.000000]  BIOS-e820: 0000000100000000 - 000000021f600000 (usable)
Oct 23 16:14:54 headnode kernel: [    0.000000] NX (Execute Disable) protection: active
Oct 23 16:14:54 headnode kernel: [    0.000000] SMBIOS 2.7 present.
Oct 23 16:14:54 headnode kernel: [    0.000000] DMI: Gigabyte Technology Co., Ltd. To be filled by O.E.M./C1037UN, BIOS F2 12/03/2013
Oct 23 16:14:54 headnode kernel: [    0.000000] e820 update range: 0000000000000000 - 0000000000010000 (usable) ==> (reserved)
Oct 23 16:14:54 headnode kernel: [    0.000000] e820 remove range: 00000000000a0000 - 0000000000100000 (usable)
Oct 23 16:14:54 headnode kernel: [    0.000000] No AGP bridge found
Oct 23 16:14:54 headnode kernel: [    0.000000] last_pfn = 0x21f600 max_arch_pfn = 0x400000000
Oct 23 16:14:54 headnode kernel: [    0.000000] MTRR default type: uncachable
Oct 23 16:14:54 headnode kernel: [    0.000000] MTRR fixed ranges enabled:
Oct 23 16:14:54 headnode kernel: [    0.000000]   00000-9FFFF write-back
Oct 23 16:14:54 headnode kernel: [    0.000000]   A0000-BFFFF uncachable
Oct 23 16:14:54 headnode kernel: [    0.000000]   C0000-CFFFF write-protect
Oct 23 16:14:54 headnode kernel: [    0.000000]   D0000-E7FFF uncachable
Oct 23 16:14:54 headnode kernel: [    0.000000]   E8000-FFFFF write-protect
Oct 23 16:14:54 headnode kernel: [    0.000000] MTRR variable ranges enabled:
Oct 23 16:14:54 headnode kernel: [    0.000000]   0 base 000000000 mask E00000000 write-back
Oct 23 16:14:54 headnode kernel: [    0.000000]   1 base 200000000 mask FE0000000 write-back
Oct 23 16:14:54 headnode kernel: [    0.000000]   2 base 0E0000000 mask FE0000000 uncachable
Oct 23 16:14:54 headnode kernel: [    0.000000]   3 base 0DE000000 mask FFE000000 uncachable
Oct 23 16:14:54 headnode kernel: [    0.000000]   4 base 0DD800000 mask FFF800000 uncachable
Oct 23 16:14:54 headnode kernel: [    0.000000]   5 base 21F800000 mask FFF800000 uncachable
Oct 23 16:14:54 headnode kernel: [    0.000000]   6 base 21F600000 mask FFFE00000 uncachable
Oct 23 16:14:54 headnode kernel: [    0.000000]   7 disabled
Oct 23 16:14:54 headnode kernel: [    0.000000]   8 disabled
Oct 23 16:14:54 headnode kernel: [    0.000000]   9 disabled
Oct 23 16:14:54 headnode kernel: [    0.000000] x86 PAT enabled: cpu 0, old 0x7040600070406, new 0x7010600070106
Oct 23 16:14:54 headnode kernel: [    0.000000] e820 update range: 00000000dd800000 - 0000000100000000 (usable) ==> (reserved)
Oct 23 16:14:54 headnode kernel: [    0.000000] last_pfn = 0xdd000 max_arch_pfn = 0x400000000
Oct 23 16:14:54 headnode kernel: [    0.000000] found SMP MP-table at [ffff8800000fd790] fd790
Oct 23 16:14:54 headnode kernel: [    0.000000] initial memory mapped : 0 - 20000000
Oct 23 16:14:54 headnode kernel: [    0.000000] Base memory trampoline at [ffff880000098000] 98000 size 20480
Oct 23 16:14:54 headnode kernel: [    0.000000] init_memory_mapping: 0000000000000000-00000000dd000000
Oct 23 16:14:54 headnode kernel: [    0.000000]  0000000000 - 00dd000000 page 2M
Oct 23 16:14:54 headnode kernel: [    0.000000] kernel direct mapping tables up to dd000000 @ 1fffb000-20000000
Oct 23 16:14:54 headnode kernel: [    0.000000] init_memory_mapping: 0000000100000000-000000021f600000
Oct 23 16:14:54 headnode kernel: [    0.000000]  0100000000 - 021f600000 page 2M
Oct 23 16:14:54 headnode kernel: [    0.000000] kernel direct mapping tables up to 21f600000 @ dcffa000-dd000000
Oct 23 16:14:54 headnode kernel: [    0.000000] RAMDISK: 36c6a000 - 3762d000
Oct 23 16:14:54 headnode kernel: [    0.000000] ACPI: RSDP 00000000000f0490 00024 (v02 ALASKA)
Oct 23 16:14:54 headnode kernel: [    0.000000] ACPI: XSDT 00000000dba8d070 0005C (v01 ALASKA    A M I 01072009 AMI  00010013)
Oct 23 16:14:54 headnode kernel: [    0.000000] ACPI: FACP 00000000dba976f0 000F4 (v04 ALASKA    A M I 01072009 AMI  00010013)
Oct 23 16:14:54 headnode kernel: [    0.000000] ACPI: DSDT 00000000dba8d158 0A598 (v02 ALASKA    A M I 00000088 INTL 20051117)
Oct 23 16:14:54 headnode kernel: [    0.000000] ACPI: FACS 00000000dbc26f80 00040
Oct 23 16:14:54 headnode kernel: [    0.000000] ACPI: APIC 00000000dba977e8 00062 (v03 ALASKA    A M I 01072009 AMI  00010013)
Oct 23 16:14:54 headnode kernel: [    0.000000] ACPI: MCFG 00000000dba97850 0003C (v01 ALASKA    A M I 01072009 MSFT 00000097)
Oct 23 16:14:54 headnode kernel: [    0.000000] ACPI: HPET 00000000dba97890 00038 (v01 ALASKA    A M I 01072009 AMI. 00000005)
Oct 23 16:14:54 headnode kernel: [    0.000000] ACPI: SSDT 00000000dba978c8 0036D (v01 SataRe SataTabl 00001000 INTL 20091112)
Oct 23 16:14:54 headnode kernel: [    0.000000] ACPI: SSDT 00000000dba97c38 00860 (v01  PmRef  Cpu0Ist 00003000 INTL 20051117)
Oct 23 16:14:54 headnode kernel: [    0.000000] ACPI: SSDT 00000000dba98498 00A92 (v01  PmRef    CpuPm 00003000 INTL 20051117)
Oct 23 16:14:54 headnode kernel: [    0.000000] ACPI: Local APIC address 0xfee00000
Oct 23 16:14:54 headnode kernel: [    0.000000] No NUMA configuration found
Oct 23 16:14:54 headnode kernel: [    0.000000] Faking a node at 0000000000000000-000000021f600000
Oct 23 16:14:54 headnode kernel: [    0.000000] Initmem setup node 0 0000000000000000-000000021f600000
Oct 23 16:14:54 headnode kernel: [    0.000000]   NODE_DATA [000000021f5fb000 - 000000021f5fffff]
Oct 23 16:14:54 headnode kernel: [    0.000000]  [ffffea0000000000-ffffea00077fffff] PMD -> [ffff880216c00000-ffff88021ddfffff] on node 0
Oct 23 16:14:54 headnode kernel: [    0.000000] Zone PFN ranges:
Oct 23 16:14:54 headnode kernel: [    0.000000]   DMA      0x00000010 -> 0x00001000
Oct 23 16:14:54 headnode kernel: [    0.000000]   DMA32    0x00001000 -> 0x00100000
Oct 23 16:14:54 headnode kernel: [    0.000000]   Normal   0x00100000 -> 0x0021f600
Oct 23 16:14:54 headnode kernel: [    0.000000] Movable zone start PFN for each node
Oct 23 16:14:54 headnode kernel: [    0.000000] early_node_map[9] active PFN ranges
Oct 23 16:14:54 headnode kernel: [    0.000000]     0: 0x00000010 -> 0x0000009d
Oct 23 16:14:54 headnode kernel: [    0.000000]     0: 0x00000100 -> 0x00020000
Oct 23 16:14:54 headnode kernel: [    0.000000]     0: 0x00020200 -> 0x00040004
Oct 23 16:14:54 headnode kernel: [    0.000000]     0: 0x00040005 -> 0x000db7e4
Oct 23 16:14:54 headnode kernel: [    0.000000]     0: 0x000dbb0a -> 0x000dbb8f
Oct 23 16:14:54 headnode kernel: [    0.000000]     0: 0x000dc601 -> 0x000dc602
Oct 23 16:14:54 headnode kernel: [    0.000000]     0: 0x000dc645 -> 0x000dcdb1
Oct 23 16:14:54 headnode kernel: [    0.000000]     0: 0x000dcfe0 -> 0x000dd000
Oct 23 16:14:54 headnode kernel: [    0.000000]     0: 0x00100000 -> 0x0021f600
Oct 23 16:14:54 headnode kernel: [    0.000000] On node 0 totalpages: 2077570
Oct 23 16:14:54 headnode kernel: [    0.000000]   DMA zone: 56 pages used for memmap
Oct 23 16:14:54 headnode kernel: [    0.000000]   DMA zone: 5 pages reserved
Oct 23 16:14:54 headnode kernel: [    0.000000]   DMA zone: 3920 pages, LIFO batch:0
Oct 23 16:14:54 headnode kernel: [    0.000000]   DMA32 zone: 14280 pages used for memmap
Oct 23 16:14:54 headnode kernel: [    0.000000]   DMA32 zone: 882221 pages, LIFO batch:31
Oct 23 16:14:54 headnode kernel: [    0.000000]   Normal zone: 16093 pages used for memmap
Oct 23 16:14:54 headnode kernel: [    0.000000]   Normal zone: 1160995 pages, LIFO batch:31
Oct 23 16:14:54 headnode kernel: [    0.000000] ACPI: PM-Timer IO Port: 0x408
Oct 23 16:14:54 headnode kernel: [    0.000000] ACPI: Local APIC address 0xfee00000
Oct 23 16:14:54 headnode kernel: [    0.000000] ACPI: LAPIC (acpi_id[0x01] lapic_id[0x00] enabled)
Oct 23 16:14:54 headnode kernel: [    0.000000] ACPI: LAPIC (acpi_id[0x02] lapic_id[0x02] enabled)
Oct 23 16:14:54 headnode kernel: [    0.000000] ACPI: LAPIC_NMI (acpi_id[0xff] high edge lint[0x1])
Oct 23 16:14:54 headnode kernel: [    0.000000] ACPI: IOAPIC (id[0x02] address[0xfec00000] gsi_base[0])
Oct 23 16:14:54 headnode kernel: [    0.000000] IOAPIC[0]: apic_id 2, version 32, address 0xfec00000, GSI 0-23
Oct 23 16:14:54 headnode kernel: [    0.000000] ACPI: INT_SRC_OVR (bus 0 bus_irq 0 global_irq 2 dfl dfl)
Oct 23 16:14:54 headnode kernel: [    0.000000] ACPI: INT_SRC_OVR (bus 0 bus_irq 9 global_irq 9 high level)
Oct 23 16:14:54 headnode kernel: [    0.000000] ACPI: IRQ0 used by override.
Oct 23 16:14:54 headnode kernel: [    0.000000] ACPI: IRQ2 used by override.
Oct 23 16:14:54 headnode kernel: [    0.000000] ACPI: IRQ9 used by override.
Oct 23 16:14:54 headnode kernel: [    0.000000] Using ACPI (MADT) for SMP configuration information
Oct 23 16:14:54 headnode kernel: [    0.000000] ACPI: HPET id: 0x8086a701 base: 0xfed00000
Oct 23 16:14:54 headnode kernel: [    0.000000] SMP: Allowing 2 CPUs, 0 hotplug CPUs
Oct 23 16:14:54 headnode kernel: [    0.000000] nr_irqs_gsi: 40
Oct 23 16:14:54 headnode kernel: [    0.000000] PM: Registered nosave memory: 000000000009d000 - 000000000009e000
Oct 23 16:14:54 headnode kernel: [    0.000000] PM: Registered nosave memory: 000000000009e000 - 00000000000a0000
Oct 23 16:14:54 headnode kernel: [    0.000000] PM: Registered nosave memory: 00000000000a0000 - 00000000000e0000
Oct 23 16:14:54 headnode kernel: [    0.000000] PM: Registered nosave memory: 00000000000e0000 - 0000000000100000
Oct 23 16:14:54 headnode kernel: [    0.000000] PM: Registered nosave memory: 0000000020000000 - 0000000020200000
Oct 23 16:14:54 headnode kernel: [    0.000000] PM: Registered nosave memory: 0000000040004000 - 0000000040005000
Oct 23 16:14:54 headnode kernel: [    0.000000] PM: Registered nosave memory: 00000000db7e4000 - 00000000dba8d000
Oct 23 16:14:54 headnode kernel: [    0.000000] PM: Registered nosave memory: 00000000dba8d000 - 00000000dba99000
Oct 23 16:14:54 headnode kernel: [    0.000000] PM: Registered nosave memory: 00000000dba99000 - 00000000dbb05000
Oct 23 16:14:54 headnode kernel: [    0.000000] PM: Registered nosave memory: 00000000dbb05000 - 00000000dbb0a000
Oct 23 16:14:54 headnode kernel: [    0.000000] PM: Registered nosave memory: 00000000dbb8f000 - 00000000dbc28000
Oct 23 16:14:54 headnode kernel: [    0.000000] PM: Registered nosave memory: 00000000dbc28000 - 00000000dc601000
Oct 23 16:14:54 headnode kernel: [    0.000000] PM: Registered nosave memory: 00000000dc602000 - 00000000dc645000
Oct 23 16:14:54 headnode kernel: [    0.000000] PM: Registered nosave memory: 00000000dcdb1000 - 00000000dcfe0000
Oct 23 16:14:54 headnode kernel: [    0.000000] PM: Registered nosave memory: 00000000dd000000 - 00000000dd800000
Oct 23 16:14:54 headnode kernel: [    0.000000] PM: Registered nosave memory: 00000000dd800000 - 00000000dfa00000
Oct 23 16:14:54 headnode kernel: [    0.000000] PM: Registered nosave memory: 00000000dfa00000 - 00000000f8000000
Oct 23 16:14:54 headnode kernel: [    0.000000] PM: Registered nosave memory: 00000000f8000000 - 00000000fc000000
Oct 23 16:14:54 headnode kernel: [    0.000000] PM: Registered nosave memory: 00000000fc000000 - 00000000fec00000
Oct 23 16:14:54 headnode kernel: [    0.000000] PM: Registered nosave memory: 00000000fec00000 - 00000000fec01000
Oct 23 16:14:54 headnode kernel: [    0.000000] PM: Registered nosave memory: 00000000fec01000 - 00000000fed00000
Oct 23 16:14:54 headnode kernel: [    0.000000] PM: Registered nosave memory: 00000000fed00000 - 00000000fed04000
Oct 23 16:14:54 headnode kernel: [    0.000000] PM: Registered nosave memory: 00000000fed04000 - 00000000fed1c000
Oct 23 16:14:54 headnode kernel: [    0.000000] PM: Registered nosave memory: 00000000fed1c000 - 00000000fed20000
Oct 23 16:14:54 headnode kernel: [    0.000000] PM: Registered nosave memory: 00000000fed20000 - 00000000fee00000
Oct 23 16:14:54 headnode kernel: [    0.000000] PM: Registered nosave memory: 00000000fee00000 - 00000000fee01000
Oct 23 16:14:54 headnode kernel: [    0.000000] PM: Registered nosave memory: 00000000fee01000 - 00000000ff000000
Oct 23 16:14:54 headnode kernel: [    0.000000] PM: Registered nosave memory: 00000000ff000000 - 0000000100000000
Oct 23 16:14:54 headnode kernel: [    0.000000] Allocating PCI resources starting at dfa00000 (gap: dfa00000:18600000)
Oct 23 16:14:54 headnode kernel: [    0.000000] Booting paravirtualized kernel on bare hardware
Oct 23 16:14:54 headnode kernel: [    0.000000] setup_percpu: NR_CPUS:512 nr_cpumask_bits:512 nr_cpu_ids:2 nr_node_ids:1
Oct 23 16:14:54 headnode kernel: [    0.000000] PERCPU: Embedded 28 pages/cpu @ffff88021f200000 s82944 r8192 d23552 u1048576
Oct 23 16:14:54 headnode kernel: [    0.000000] pcpu-alloc: s82944 r8192 d23552 u1048576 alloc=1*2097152
Oct 23 16:14:54 headnode kernel: [    0.000000] pcpu-alloc: [0] 0 1 
Oct 23 16:14:54 headnode kernel: [    0.000000] Built 1 zonelists in Zone order, mobility grouping on.  Total pages: 2047136
Oct 23 16:14:54 headnode kernel: [    0.000000] Policy zone: Normal
Oct 23 16:14:54 headnode kernel: [    0.000000] Kernel command line: BOOT_IMAGE=/boot/vmlinuz-3.2.0-4-amd64 root=UUID=5433e205-494c-4e86-8984-fc8af8f1d419 ro quiet
Oct 23 16:14:54 headnode kernel: [    0.000000] PID hash table entries: 4096 (order: 3, 32768 bytes)
Oct 23 16:14:54 headnode kernel: [    0.000000] xsave/xrstor: enabled xstate_bv 0x3, cntxt size 0x240
Oct 23 16:14:54 headnode kernel: [    0.000000] Checking aperture...
Oct 23 16:14:54 headnode kernel: [    0.000000] No AGP bridge found
Oct 23 16:14:54 headnode kernel: [    0.000000] Calgary: detecting Calgary via BIOS EBDA area
Oct 23 16:14:54 headnode kernel: [    0.000000] Calgary: Unable to locate Rio Grande table in EBDA - bailing!
Oct 23 16:14:54 headnode kernel: [    0.000000] Memory: 8108716k/8902656k available (3432k kernel code, 592376k absent, 201564k reserved, 3307k data, 580k init)
Oct 23 16:14:54 headnode kernel: [    0.000000] Hierarchical RCU implementation.
Oct 23 16:14:54 headnode kernel: [    0.000000] 	RCU dyntick-idle grace-period acceleration is enabled.
Oct 23 16:14:54 headnode kernel: [    0.000000] NR_IRQS:33024 nr_irqs:512 16
Oct 23 16:14:54 headnode kernel: [    0.000000] Extended CMOS year: 2000
Oct 23 16:14:54 headnode kernel: [    0.000000] Console: colour VGA+ 80x25
Oct 23 16:14:54 headnode kernel: [    0.000000] console [tty0] enabled
Oct 23 16:14:54 headnode kernel: [    0.000000] hpet clockevent registered
Oct 23 16:14:54 headnode kernel: [    0.000000] Fast TSC calibration using PIT
Oct 23 16:14:54 headnode kernel: [    0.004000] Detected 1795.947 MHz processor.
Oct 23 16:14:54 headnode kernel: [    0.000002] Calibrating delay loop (skipped), value calculated using timer frequency.. 3591.89 BogoMIPS (lpj=7183788)
Oct 23 16:14:54 headnode kernel: [    0.000006] pid_max: default: 32768 minimum: 301
Oct 23 16:14:54 headnode kernel: [    0.000050] Security Framework initialized
Oct 23 16:14:54 headnode kernel: [    0.000055] AppArmor: AppArmor disabled by boot time parameter
Oct 23 16:14:54 headnode kernel: [    0.000654] Dentry cache hash table entries: 1048576 (order: 11, 8388608 bytes)
Oct 23 16:14:54 headnode kernel: [    0.003336] Inode-cache hash table entries: 524288 (order: 10, 4194304 bytes)
Oct 23 16:14:54 headnode kernel: [    0.004556] Mount-cache hash table entries: 256
Oct 23 16:14:54 headnode kernel: [    0.004659] Initializing cgroup subsys cpuacct
Oct 23 16:14:54 headnode kernel: [    0.004663] Initializing cgroup subsys memory
Oct 23 16:14:54 headnode kernel: [    0.004673] Initializing cgroup subsys devices
Oct 23 16:14:54 headnode kernel: [    0.004676] Initializing cgroup subsys freezer
Oct 23 16:14:54 headnode kernel: [    0.004678] Initializing cgroup subsys net_cls
Oct 23 16:14:54 headnode kernel: [    0.004680] Initializing cgroup subsys blkio
Oct 23 16:14:54 headnode kernel: [    0.004686] Initializing cgroup subsys perf_event
Oct 23 16:14:54 headnode kernel: [    0.004716] CPU: Physical Processor ID: 0
Oct 23 16:14:54 headnode kernel: [    0.004718] CPU: Processor Core ID: 0
Oct 23 16:14:54 headnode kernel: [    0.004724] ENERGY_PERF_BIAS: Set to 'normal', was 'performance'
Oct 23 16:14:54 headnode kernel: [    0.004725] ENERGY_PERF_BIAS: View and update with x86_energy_perf_policy(8)
Oct 23 16:14:54 headnode kernel: [    0.004728] mce: CPU supports 7 MCE banks
Oct 23 16:14:54 headnode kernel: [    0.004742] CPU0: Thermal monitoring enabled (TM1)
Oct 23 16:14:54 headnode kernel: [    0.004749] using mwait in idle threads.
Oct 23 16:14:54 headnode kernel: [    0.005271] ACPI: Core revision 20110623
Oct 23 16:14:54 headnode kernel: [    0.012350] x2apic not enabled, IRQ remapping init failed
Oct 23 16:14:54 headnode kernel: [    0.012755] ..TIMER: vector=0x30 apic1=0 pin1=2 apic2=-1 pin2=-1
Oct 23 16:14:54 headnode kernel: [    0.052428] CPU0: Intel(R) Celeron(R) CPU 1037U @ 1.80GHz stepping 09
