Oct 23 16:14:02 headnode kernel: imklog 5.8.11, log source = /proc/kmsg started.
Oct 23 16:14:02 headnode rsyslogd: [origin software="rsyslogd" swVersion="5.8.11" x-pid="1892" x-info="http://www.rsyslog.com"] start
Oct 23 16:14:02 headnode kernel: [    0.000000] Initializing cgroup subsys cpuset
Oct 23 16:14:02 headnode kernel: [    0.000000] Initializing cgroup subsys cpu
Oct 23 16:14:02 headnode kernel: [    0.000000] Linux version 3.2.0-4-amd64 (debian-kernel@lists.debian.org) (gcc version 4.6.3 (Debian 4.6.3-14) ) #1 SMP Debian 3.2.63-2
Oct 23 16:14:02 headnode kernel: [    0.000000] Command line: BOOT_IMAGE=/boot/vmlinuz-3.2.0-4-amd64 root=UUID=5433e205-494c-4e86-8984-fc8af8f1d419 ro quiet
Oct 23 16:14:02 headnode kernel: [    0.000000] BIOS-provided physical RAM map:
Oct 23 16:14:02 headnode kernel: [    0.000000]  BIOS-e820: 0000000000000000 - 000000000009d800 (usable)
Oct 23 16:14:02 headnode kernel: [    0.000000]  BIOS-e820: 000000000009d800 - 00000000000a0000 (reserved)
Oct 23 16:14:02 headnode kernel: [    0.000000]  BIOS-e820: 00000000000e0000 - 0000000000100000 (reserved)
Oct 23 16:14:02 headnode kernel: [    0.000000]  BIOS-e820: 0000000000100000 - 0000000020000000 (usable)
Oct 23 16:14:02 headnode kernel: [    0.000000]  BIOS-e820: 0000000020000000 - 0000000020200000 (reserved)
Oct 23 16:14:02 headnode kernel: [    0.000000]  BIOS-e820: 0000000020200000 - 0000000040004000 (usable)
Oct 23 16:14:02 headnode kernel: [    0.000000]  BIOS-e820: 0000000040004000 - 0000000040005000 (reserved)
Oct 23 16:14:02 headnode kernel: [    0.000000]  BIOS-e820: 0000000040005000 - 00000000db7e1000 (usable)
Oct 23 16:14:02 headnode kernel: [    0.000000]  BIOS-e820: 00000000db7e1000 - 00000000dba8a000 (reserved)
Oct 23 16:14:02 headnode kernel: [    0.000000]  BIOS-e820: 00000000dba8a000 - 00000000dba96000 (ACPI data)
Oct 23 16:14:02 headnode kernel: [    0.000000]  BIOS-e820: 00000000dba96000 - 00000000dbb02000 (reserved)
Oct 23 16:14:02 headnode kernel: [    0.000000]  BIOS-e820: 00000000dbb02000 - 00000000dbb07000 (ACPI data)
Oct 23 16:14:02 headnode kernel: [    0.000000]  BIOS-e820: 00000000dbb07000 - 00000000dbb8c000 (usable)
Oct 23 16:14:02 headnode kernel: [    0.000000]  BIOS-e820: 00000000dbb8c000 - 00000000dbc25000 (ACPI NVS)
Oct 23 16:14:02 headnode kernel: [    0.000000]  BIOS-e820: 00000000dbc25000 - 00000000dc601000 (reserved)
Oct 23 16:14:02 headnode kernel: [    0.000000]  BIOS-e820: 00000000dc601000 - 00000000dc602000 (usable)
Oct 23 16:14:02 headnode kernel: [    0.000000]  BIOS-e820: 00000000dc602000 - 00000000dc645000 (ACPI NVS)
Oct 23 16:14:02 headnode kernel: [    0.000000]  BIOS-e820: 00000000dc645000 - 00000000dcdb1000 (usable)
Oct 23 16:14:02 headnode kernel: [    0.000000]  BIOS-e820: 00000000dcdb1000 - 00000000dcfe0000 (reserved)
Oct 23 16:14:02 headnode kernel: [    0.000000]  BIOS-e820: 00000000dcfe0000 - 00000000dd000000 (usable)
Oct 23 16:14:02 headnode kernel: [    0.000000]  BIOS-e820: 00000000dd800000 - 00000000dfa00000 (reserved)
Oct 23 16:14:02 headnode kernel: [    0.000000]  BIOS-e820: 00000000f8000000 - 00000000fc000000 (reserved)
Oct 23 16:14:02 headnode kernel: [    0.000000]  BIOS-e820: 00000000fec00000 - 00000000fec01000 (reserved)
Oct 23 16:14:02 headnode kernel: [    0.000000]  BIOS-e820: 00000000fed00000 - 00000000fed04000 (reserved)
Oct 23 16:14:02 headnode kernel: [    0.000000]  BIOS-e820: 00000000fed1c000 - 00000000fed20000 (reserved)
Oct 23 16:14:02 headnode kernel: [    0.000000]  BIOS-e820: 00000000fee00000 - 00000000fee01000 (reserved)
Oct 23 16:14:02 headnode kernel: [    0.000000]  BIOS-e820: 00000000ff000000 - 0000000100000000 (reserved)
Oct 23 16:14:02 headnode kernel: [    0.000000]  BIOS-e820: 0000000100000000 - 000000021f600000 (usable)
Oct 23 16:14:02 headnode kernel: [    0.000000] NX (Execute Disable) protection: active
Oct 23 16:14:02 headnode kernel: [    0.000000] SMBIOS 2.7 present.
Oct 23 16:14:02 headnode kernel: [    0.000000] No AGP bridge found
Oct 23 16:14:02 headnode kernel: [    0.000000] last_pfn = 0x21f600 max_arch_pfn = 0x400000000
Oct 23 16:14:02 headnode kernel: [    0.000000] x86 PAT enabled: cpu 0, old 0x7040600070406, new 0x7010600070106
Oct 23 16:14:02 headnode kernel: [    0.000000] last_pfn = 0xdd000 max_arch_pfn = 0x400000000
Oct 23 16:14:02 headnode kernel: [    0.000000] found SMP MP-table at [ffff8800000fd790] fd790
Oct 23 16:14:02 headnode kernel: [    0.000000] init_memory_mapping: 0000000000000000-00000000dd000000
Oct 23 16:14:02 headnode kernel: [    0.000000] init_memory_mapping: 0000000100000000-000000021f600000
Oct 23 16:14:02 headnode kernel: [    0.000000] RAMDISK: 36c6a000 - 3762d000
Oct 23 16:14:02 headnode kernel: [    0.000000] ACPI: RSDP 00000000000f0490 00024 (v02 ALASKA)
Oct 23 16:14:02 headnode kernel: [    0.000000] ACPI: XSDT 00000000dba8a070 0005C (v01 ALASKA    A M I 01072009 AMI  00010013)
Oct 23 16:14:02 headnode kernel: [    0.000000] ACPI: FACP 00000000dba946f0 000F4 (v04 ALASKA    A M I 01072009 AMI  00010013)
Oct 23 16:14:02 headnode kernel: [    0.000000] ACPI: DSDT 00000000dba8a158 0A598 (v02 ALASKA    A M I 00000088 INTL 20051117)
Oct 23 16:14:02 headnode kernel: [    0.000000] ACPI: FACS 00000000dbc23f80 00040
Oct 23 16:14:02 headnode kernel: [    0.000000] ACPI: APIC 00000000dba947e8 00062 (v03 ALASKA    A M I 01072009 AMI  00010013)
Oct 23 16:14:02 headnode kernel: [    0.000000] ACPI: MCFG 00000000dba94850 0003C (v01 ALASKA    A M I 01072009 MSFT 00000097)
Oct 23 16:14:02 headnode kernel: [    0.000000] ACPI: HPET 00000000dba94890 00038 (v01 ALASKA    A M I 01072009 AMI. 00000005)
Oct 23 16:14:02 headnode kernel: [    0.000000] ACPI: SSDT 00000000dba948c8 0036D (v01 SataRe SataTabl 00001000 INTL 20091112)
Oct 23 16:14:02 headnode kernel: [    0.000000] ACPI: SSDT 00000000dba94c38 00860 (v01  PmRef  Cpu0Ist 00003000 INTL 20051117)
Oct 23 16:14:02 headnode kernel: [    0.000000] ACPI: SSDT 00000000dba95498 00A92 (v01  PmRef    CpuPm 00003000 INTL 20051117)
Oct 23 16:14:02 headnode kernel: [    0.000000] No NUMA configuration found
Oct 23 16:14:02 headnode kernel: [    0.000000] Faking a node at 0000000000000000-000000021f600000
Oct 23 16:14:02 headnode kernel: [    0.000000] Initmem setup node 0 0000000000000000-000000021f600000
Oct 23 16:14:02 headnode kernel: [    0.000000]   NODE_DATA [000000021f5fb000 - 000000021f5fffff]
Oct 23 16:14:02 headnode kernel: [    0.000000] Zone PFN ranges:
Oct 23 16:14:02 headnode kernel: [    0.000000]   DMA      0x00000010 -> 0x00001000
Oct 23 16:14:02 headnode kernel: [    0.000000]   DMA32    0x00001000 -> 0x00100000
Oct 23 16:14:02 headnode kernel: [    0.000000]   Normal   0x00100000 -> 0x0021f600
Oct 23 16:14:02 headnode kernel: [    0.000000] Movable zone start PFN for each node
Oct 23 16:14:02 headnode kernel: [    0.000000] early_node_map[9] active PFN ranges
Oct 23 16:14:02 headnode kernel: [    0.000000]     0: 0x00000010 -> 0x0000009d
Oct 23 16:14:02 headnode kernel: [    0.000000]     0: 0x00000100 -> 0x00020000
Oct 23 16:14:02 headnode kernel: [    0.000000]     0: 0x00020200 -> 0x00040004
Oct 23 16:14:02 headnode kernel: [    0.000000]     0: 0x00040005 -> 0x000db7e1
Oct 23 16:14:02 headnode kernel: [    0.000000]     0: 0x000dbb07 -> 0x000dbb8c
Oct 23 16:14:02 headnode kernel: [    0.000000]     0: 0x000dc601 -> 0x000dc602
Oct 23 16:14:02 headnode kernel: [    0.000000]     0: 0x000dc645 -> 0x000dcdb1
Oct 23 16:14:02 headnode kernel: [    0.000000]     0: 0x000dcfe0 -> 0x000dd000
Oct 23 16:14:02 headnode kernel: [    0.000000]     0: 0x00100000 -> 0x0021f600
Oct 23 16:14:02 headnode kernel: [    0.000000] ACPI: PM-Timer IO Port: 0x408
Oct 23 16:14:02 headnode kernel: [    0.000000] ACPI: LAPIC (acpi_id[0x01] lapic_id[0x00] enabled)
Oct 23 16:14:02 headnode kernel: [    0.000000] ACPI: LAPIC (acpi_id[0x02] lapic_id[0x02] enabled)
Oct 23 16:14:02 headnode kernel: [    0.000000] ACPI: LAPIC_NMI (acpi_id[0xff] high edge lint[0x1])
Oct 23 16:14:02 headnode kernel: [    0.000000] ACPI: IOAPIC (id[0x02] address[0xfec00000] gsi_base[0])
Oct 23 16:14:02 headnode kernel: [    0.000000] IOAPIC[0]: apic_id 2, version 32, address 0xfec00000, GSI 0-23
Oct 23 16:14:02 headnode kernel: [    0.000000] ACPI: INT_SRC_OVR (bus 0 bus_irq 0 global_irq 2 dfl dfl)
Oct 23 16:14:02 headnode kernel: [    0.000000] ACPI: INT_SRC_OVR (bus 0 bus_irq 9 global_irq 9 high level)
Oct 23 16:14:02 headnode kernel: [    0.000000] Using ACPI (MADT) for SMP configuration information
Oct 23 16:14:02 headnode kernel: [    0.000000] ACPI: HPET id: 0x8086a701 base: 0xfed00000
Oct 23 16:14:02 headnode kernel: [    0.000000] SMP: Allowing 2 CPUs, 0 hotplug CPUs
Oct 23 16:14:02 headnode kernel: [    0.000000] PM: Registered nosave memory: 000000000009d000 - 000000000009e000
Oct 23 16:14:02 headnode kernel: [    0.000000] PM: Registered nosave memory: 000000000009e000 - 00000000000a0000
Oct 23 16:14:02 headnode kernel: [    0.000000] PM: Registered nosave memory: 00000000000a0000 - 00000000000e0000
Oct 23 16:14:02 headnode kernel: [    0.000000] PM: Registered nosave memory: 00000000000e0000 - 0000000000100000
Oct 23 16:14:02 headnode kernel: [    0.000000] PM: Registered nosave memory: 0000000020000000 - 0000000020200000
Oct 23 16:14:02 headnode kernel: [    0.000000] PM: Registered nosave memory: 0000000040004000 - 0000000040005000
Oct 23 16:14:02 headnode kernel: [    0.000000] PM: Registered nosave memory: 00000000db7e1000 - 00000000dba8a000
Oct 23 16:14:02 headnode kernel: [    0.000000] PM: Registered nosave memory: 00000000dba8a000 - 00000000dba96000
Oct 23 16:14:02 headnode kernel: [    0.000000] PM: Registered nosave memory: 00000000dba96000 - 00000000dbb02000
Oct 23 16:14:02 headnode kernel: [    0.000000] PM: Registered nosave memory: 00000000dbb02000 - 00000000dbb07000
Oct 23 16:14:02 headnode kernel: [    0.000000] PM: Registered nosave memory: 00000000dbb8c000 - 00000000dbc25000
Oct 23 16:14:02 headnode kernel: [    0.000000] PM: Registered nosave memory: 00000000dbc25000 - 00000000dc601000
Oct 23 16:14:02 headnode kernel: [    0.000000] PM: Registered nosave memory: 00000000dc602000 - 00000000dc645000
Oct 23 16:14:02 headnode kernel: [    0.000000] PM: Registered nosave memory: 00000000dcdb1000 - 00000000dcfe0000
Oct 23 16:14:02 headnode kernel: [    0.000000] PM: Registered nosave memory: 00000000dd000000 - 00000000dd800000
Oct 23 16:14:02 headnode kernel: [    0.000000] PM: Registered nosave memory: 00000000dd800000 - 00000000dfa00000
Oct 23 16:14:02 headnode kernel: [    0.000000] PM: Registered nosave memory: 00000000dfa00000 - 00000000f8000000
Oct 23 16:14:02 headnode kernel: [    0.000000] PM: Registered nosave memory: 00000000f8000000 - 00000000fc000000
Oct 23 16:14:02 headnode kernel: [    0.000000] PM: Registered nosave memory: 00000000fc000000 - 00000000fec00000
Oct 23 16:14:02 headnode kernel: [    0.000000] PM: Registered nosave memory: 00000000fec00000 - 00000000fec01000
Oct 23 16:14:02 headnode kernel: [    0.000000] PM: Registered nosave memory: 00000000fec01000 - 00000000fed00000
Oct 23 16:14:02 headnode kernel: [    0.000000] PM: Registered nosave memory: 00000000fed00000 - 00000000fed04000
Oct 23 16:14:02 headnode kernel: [    0.000000] PM: Registered nosave memory: 00000000fed04000 - 00000000fed1c000
Oct 23 16:14:02 headnode kernel: [    0.000000] PM: Registered nosave memory: 00000000fed1c000 - 00000000fed20000
Oct 23 16:14:02 headnode kernel: [    0.000000] PM: Registered nosave memory: 00000000fed20000 - 00000000fee00000
Oct 23 16:14:02 headnode kernel: [    0.000000] PM: Registered nosave memory: 00000000fee00000 - 00000000fee01000
Oct 23 16:14:02 headnode kernel: [    0.000000] PM: Registered nosave memory: 00000000fee01000 - 00000000ff000000
Oct 23 16:14:02 headnode kernel: [    0.000000] PM: Registered nosave memory: 00000000ff000000 - 0000000100000000
Oct 23 16:14:02 headnode kernel: [    0.000000] Allocating PCI resources starting at dfa00000 (gap: dfa00000:18600000)
Oct 23 16:14:02 headnode kernel: [    0.000000] Booting paravirtualized kernel on bare hardware
Oct 23 16:14:02 headnode kernel: [    0.000000] setup_percpu: NR_CPUS:512 nr_cpumask_bits:512 nr_cpu_ids:2 nr_node_ids:1
Oct 23 16:14:02 headnode kernel: [    0.000000] PERCPU: Embedded 28 pages/cpu @ffff88021f200000 s82944 r8192 d23552 u1048576
Oct 23 16:14:02 headnode kernel: [    0.000000] Built 1 zonelists in Zone order, mobility grouping on.  Total pages: 2047133
Oct 23 16:14:02 headnode kernel: [    0.000000] Policy zone: Normal
Oct 23 16:14:02 headnode kernel: [    0.000000] Kernel command line: BOOT_IMAGE=/boot/vmlinuz-3.2.0-4-amd64 root=UUID=5433e205-494c-4e86-8984-fc8af8f1d419 ro quiet
Oct 23 16:14:02 headnode kernel: [    0.000000] PID hash table entries: 4096 (order: 3, 32768 bytes)
Oct 23 16:14:02 headnode kernel: [    0.000000] xsave/xrstor: enabled xstate_bv 0x3, cntxt size 0x240
Oct 23 16:14:02 headnode kernel: [    0.000000] Checking aperture...
Oct 23 16:14:02 headnode kernel: [    0.000000] No AGP bridge found
Oct 23 16:14:02 headnode kernel: [    0.000000] Memory: 8108704k/8902656k available (3432k kernel code, 592388k absent, 201564k reserved, 3307k data, 580k init)
Oct 23 16:14:02 headnode kernel: [    0.000000] Hierarchical RCU implementation.
Oct 23 16:14:02 headnode kernel: [    0.000000] 	RCU dyntick-idle grace-period acceleration is enabled.
Oct 23 16:14:02 headnode kernel: [    0.000000] NR_IRQS:33024 nr_irqs:512 16
Oct 23 16:14:02 headnode kernel: [    0.000000] Extended CMOS year: 2000
Oct 23 16:14:02 headnode kernel: [    0.000000] Console: colour VGA+ 80x25
Oct 23 16:14:02 headnode kernel: [    0.000000] console [tty0] enabled
Oct 23 16:14:02 headnode kernel: [    0.000000] Fast TSC calibration using PIT
Oct 23 16:14:02 headnode kernel: [    0.004000] Detected 1795.933 MHz processor.
Oct 23 16:14:02 headnode kernel: [    0.000002] Calibrating delay loop (skipped), value calculated using timer frequency.. 3591.86 BogoMIPS (lpj=7183732)
Oct 23 16:14:02 headnode kernel: [    0.000006] pid_max: default: 32768 minimum: 301
Oct 23 16:14:02 headnode kernel: [    0.000050] Security Framework initialized
Oct 23 16:14:02 headnode kernel: [    0.000055] AppArmor: AppArmor disabled by boot time parameter
Oct 23 16:14:02 headnode kernel: [    0.000653] Dentry cache hash table entries: 1048576 (order: 11, 8388608 bytes)
Oct 23 16:14:02 headnode kernel: [    0.003333] Inode-cache hash table entries: 524288 (order: 10, 4194304 bytes)
Oct 23 16:14:02 headnode kernel: [    0.004553] Mount-cache hash table entries: 256
Oct 23 16:14:02 headnode kernel: [    0.004657] Initializing cgroup subsys cpuacct
Oct 23 16:14:02 headnode kernel: [    0.004661] Initializing cgroup subsys memory
Oct 23 16:14:02 headnode kernel: [    0.004671] Initializing cgroup subsys devices
Oct 23 16:14:02 headnode kernel: [    0.004674] Initializing cgroup subsys freezer
Oct 23 16:14:02 headnode kernel: [    0.004676] Initializing cgroup subsys net_cls
Oct 23 16:14:02 headnode kernel: [    0.004678] Initializing cgroup subsys blkio
Oct 23 16:14:02 headnode kernel: [    0.004684] Initializing cgroup subsys perf_event
Oct 23 16:14:02 headnode kernel: [    0.004715] CPU: Physical Processor ID: 0
Oct 23 16:14:02 headnode kernel: [    0.004716] CPU: Processor Core ID: 0
Oct 23 16:14:02 headnode kernel: [    0.004722] ENERGY_PERF_BIAS: Set to 'normal', was 'performance'
Oct 23 16:14:02 headnode kernel: [    0.004723] ENERGY_PERF_BIAS: View and update with x86_energy_perf_policy(8)
Oct 23 16:14:02 headnode kernel: [    0.004727] mce: CPU supports 7 MCE banks
Oct 23 16:14:02 headnode kernel: [    0.004740] CPU0: Thermal monitoring enabled (TM1)
Oct 23 16:14:02 headnode kernel: [    0.004749] using mwait in idle threads.
Oct 23 16:14:02 headnode kernel: [    0.005270] ACPI: Core revision 20110623
Oct 23 16:14:02 headnode kernel: [    0.012350] x2apic not enabled, IRQ remapping init failed
Oct 23 16:14:02 headnode kernel: [    0.012751] ..TIMER: vector=0x30 apic1=0 pin1=2 apic2=-1 pin2=-1
Oct 23 16:14:02 headnode kernel: [    0.052424] CPU0: Intel(R) Celeron(R) CPU 1037U @ 1.80GHz stepping 09
Oct 23 16:14:02 headnode kernel: [    0.159688] Performance Events: PEBS fmt1+, generic architected perfmon, Intel PMU driver.
Oct 23 16:14:02 headnode kernel: [    0.159696] ... version:                3
Oct 23 16:14:02 headnode kernel: [    0.159698] ... bit width:              48
Oct 23 16:14:02 headnode kernel: [    0.159699] ... generic registers:      8
Oct 23 16:14:02 headnode kernel: [    0.159701] ... value mask:             0000ffffffffffff
Oct 23 16:14:02 headnode kernel: [    0.159703] ... max period:             000000007fffffff
Oct 23 16:14:02 headnode kernel: [    0.159704] ... fixed-purpose events:   3
Oct 23 16:14:02 headnode kernel: [    0.159706] ... event mask:             00000007000000ff
Oct 23 16:14:02 headnode kernel: [    0.159815] NMI watchdog enabled, takes one hw-pmu counter.
Oct 23 16:14:02 headnode kernel: [    0.159927] Booting Node   0, Processors  #1 Ok.
Oct 23 16:14:02 headnode kernel: [    0.267807] NMI watchdog enabled, takes one hw-pmu counter.
Oct 23 16:14:02 headnode kernel: [    0.267835] Brought up 2 CPUs
Oct 23 16:14:02 headnode kernel: [    0.267838] Total of 2 processors activated (7183.55 BogoMIPS).
Oct 23 16:14:02 headnode kernel: [    0.269318] devtmpfs: initialized
Oct 23 16:14:02 headnode kernel: [    0.272804] PM: Registering ACPI NVS region at dbb8c000 (626688 bytes)
Oct 23 16:14:02 headnode kernel: [    0.272828] PM: Registering ACPI NVS region at dc602000 (274432 bytes)
Oct 23 16:14:02 headnode kernel: [    0.272992] print_constraints: dummy: 
Oct 23 16:14:02 headnode kernel: [    0.273048] NET: Registered protocol family 16
Oct 23 16:14:02 headnode kernel: [    0.273141] ACPI FADT declares the system doesn't support PCIe ASPM, so disable it
Oct 23 16:14:02 headnode kernel: [    0.273143] ACPI: bus type pci registered
Oct 23 16:14:02 headnode kernel: [    0.273214] PCI: MMCONFIG for domain 0000 [bus 00-3f] at [mem 0xf8000000-0xfbffffff] (base 0xf8000000)
Oct 23 16:14:02 headnode kernel: [    0.273217] PCI: MMCONFIG at [mem 0xf8000000-0xfbffffff] reserved in E820
Oct 23 16:14:02 headnode kernel: [    0.279292] PCI: Using configuration type 1 for base access
Oct 23 16:14:02 headnode kernel: [    0.280111] bio: create slab <bio-0> at 0
Oct 23 16:14:02 headnode kernel: [    0.280209] ACPI: Added _OSI(Module Device)
Oct 23 16:14:02 headnode kernel: [    0.280212] ACPI: Added _OSI(Processor Device)
Oct 23 16:14:02 headnode kernel: [    0.280214] ACPI: Added _OSI(3.0 _SCP Extensions)
Oct 23 16:14:02 headnode kernel: [    0.280216] ACPI: Added _OSI(Processor Aggregator Device)
Oct 23 16:14:02 headnode kernel: [    0.284238] ACPI: Executed 1 blocks of module-level executable AML code
Oct 23 16:14:02 headnode kernel: [    0.300194] ACPI: SSDT 00000000dba97018 0083B (v01  PmRef  Cpu0Cst 00003001 INTL 20051117)
Oct 23 16:14:02 headnode kernel: [    0.300654] ACPI: Dynamic OEM Table Load:
Oct 23 16:14:02 headnode kernel: [    0.300657] ACPI: SSDT           (null) 0083B (v01  PmRef  Cpu0Cst 00003001 INTL 20051117)
Oct 23 16:14:02 headnode kernel: [    0.311977] ACPI: SSDT 00000000dba98a98 00303 (v01  PmRef    ApIst 00003000 INTL 20051117)
Oct 23 16:14:02 headnode kernel: [    0.312477] ACPI: Dynamic OEM Table Load:
Oct 23 16:14:02 headnode kernel: [    0.312480] ACPI: SSDT           (null) 00303 (v01  PmRef    ApIst 00003000 INTL 20051117)
Oct 23 16:14:02 headnode kernel: [    0.323784] ACPI: SSDT 00000000dbab1c18 00119 (v01  PmRef    ApCst 00003000 INTL 20051117)
Oct 23 16:14:02 headnode kernel: [    0.324228] ACPI: Dynamic OEM Table Load:
Oct 23 16:14:02 headnode kernel: [    0.324231] ACPI: SSDT           (null) 00119 (v01  PmRef    ApCst 00003000 INTL 20051117)
Oct 23 16:14:02 headnode kernel: [    0.336256] ACPI: Interpreter enabled
Oct 23 16:14:02 headnode kernel: [    0.336262] ACPI: (supports S0 S3 S4 S5)
Oct 23 16:14:02 headnode kernel: [    0.336289] ACPI: Using IOAPIC for interrupt routing
Oct 23 16:14:02 headnode kernel: [    0.345433] ACPI: Power Resource [FN00] (off)
Oct 23 16:14:02 headnode kernel: [    0.345531] ACPI: Power Resource [FN01] (off)
Oct 23 16:14:02 headnode kernel: [    0.345626] ACPI: Power Resource [FN02] (off)
Oct 23 16:14:02 headnode kernel: [    0.345720] ACPI: Power Resource [FN03] (off)
Oct 23 16:14:02 headnode kernel: [    0.345815] ACPI: Power Resource [FN04] (off)
Oct 23 16:14:02 headnode kernel: [    0.346361] ACPI: No dock devices found.
Oct 23 16:14:02 headnode kernel: [    0.346363] HEST: Table not found.
Oct 23 16:14:02 headnode kernel: [    0.346367] PCI: Using host bridge windows from ACPI; if necessary, use "pci=nocrs" and report a bug
Oct 23 16:14:02 headnode kernel: [    0.346787] ACPI: PCI Root Bridge [PCI0] (domain 0000 [bus 00-3e])
Oct 23 16:14:02 headnode kernel: [    0.347402] pci_root PNP0A08:00: host bridge window [io  0x0000-0x0cf7]
Oct 23 16:14:02 headnode kernel: [    0.347405] pci_root PNP0A08:00: host bridge window [io  0x0d00-0xffff]
Oct 23 16:14:02 headnode kernel: [    0.347407] pci_root PNP0A08:00: host bridge window [mem 0x000a0000-0x000bffff]
Oct 23 16:14:02 headnode kernel: [    0.347410] pci_root PNP0A08:00: host bridge window [mem 0x000d0000-0x000d3fff]
Oct 23 16:14:02 headnode kernel: [    0.347412] pci_root PNP0A08:00: host bridge window [mem 0x000d4000-0x000d7fff]
Oct 23 16:14:02 headnode kernel: [    0.347415] pci_root PNP0A08:00: host bridge window [mem 0x000d8000-0x000dbfff]
Oct 23 16:14:02 headnode kernel: [    0.347417] pci_root PNP0A08:00: host bridge window [mem 0x000dc000-0x000dffff]
Oct 23 16:14:02 headnode kernel: [    0.347419] pci_root PNP0A08:00: host bridge window [mem 0x000e0000-0x000e3fff]
Oct 23 16:14:02 headnode kernel: [    0.347422] pci_root PNP0A08:00: host bridge window [mem 0x000e4000-0x000e7fff]
Oct 23 16:14:02 headnode kernel: [    0.347424] pci_root PNP0A08:00: host bridge window [mem 0xdfa00000-0xfeafffff]
Oct 23 16:14:02 headnode kernel: [    0.355649] pci 0000:00:1c.0: PCI bridge to [bus 01-01]
Oct 23 16:14:02 headnode kernel: [    0.363639] pci 0000:00:1c.1: PCI bridge to [bus 02-02]
Oct 23 16:14:02 headnode kernel: [    0.363935] pci 0000:00:1c.2: PCI bridge to [bus 03-04] (subtractive decode)
Oct 23 16:14:02 headnode kernel: [    0.364128] pci 0000:03:00.0: PCI bridge to [bus 04-04] (subtractive decode)
Oct 23 16:14:02 headnode kernel: [    0.371634] pci 0000:00:1c.3: PCI bridge to [bus 05-05]
Oct 23 16:14:02 headnode kernel: [    0.372239]  pci0000:00: Requesting ACPI _OSC control (0x1d)
Oct 23 16:14:02 headnode kernel: [    0.372505]  pci0000:00: ACPI _OSC control (0x18) granted
Oct 23 16:14:02 headnode kernel: [    0.377899] ACPI: PCI Interrupt Link [LNKA] (IRQs 3 4 5 6 10 *11 12 14 15)
Oct 23 16:14:02 headnode kernel: [    0.377957] ACPI: PCI Interrupt Link [LNKB] (IRQs 3 4 5 6 *10 11 12 14 15)
Oct 23 16:14:02 headnode kernel: [    0.378011] ACPI: PCI Interrupt Link [LNKC] (IRQs 3 4 5 6 10 *11 12 14 15)
Oct 23 16:14:02 headnode kernel: [    0.378066] ACPI: PCI Interrupt Link [LNKD] (IRQs 3 4 5 6 *10 11 12 14 15)
Oct 23 16:14:02 headnode kernel: [    0.378119] ACPI: PCI Interrupt Link [LNKE] (IRQs 3 4 5 6 10 11 12 14 15) *0, disabled.
Oct 23 16:14:02 headnode kernel: [    0.378175] ACPI: PCI Interrupt Link [LNKF] (IRQs 3 4 5 6 10 11 12 14 15) *0, disabled.
Oct 23 16:14:02 headnode kernel: [    0.378229] ACPI: PCI Interrupt Link [LNKG] (IRQs 3 4 5 6 10 *11 12 14 15)
Oct 23 16:14:02 headnode kernel: [    0.378283] ACPI: PCI Interrupt Link [LNKH] (IRQs 3 4 5 6 *10 11 12 14 15)
Oct 23 16:14:02 headnode kernel: [    0.378390] vgaarb: device added: PCI:0000:00:02.0,decodes=io+mem,owns=io+mem,locks=none
Oct 23 16:14:02 headnode kernel: [    0.378398] vgaarb: loaded
Oct 23 16:14:02 headnode kernel: [    0.378400] vgaarb: bridge control possible 0000:00:02.0
Oct 23 16:14:02 headnode kernel: [    0.378440] PCI: Using ACPI for IRQ routing
Oct 23 16:14:02 headnode kernel: [    0.380331] hpet0: at MMIO 0xfed00000, IRQs 2, 8, 0, 0, 0, 0, 0, 0
Oct 23 16:14:02 headnode kernel: [    0.380338] hpet0: 8 comparators, 64-bit 14.318180 MHz counter
Oct 23 16:14:02 headnode kernel: [    0.382353] Switching to clocksource hpet
Oct 23 16:14:02 headnode kernel: [    0.384129] pnp: PnP ACPI init
Oct 23 16:14:02 headnode kernel: [    0.384142] ACPI: bus type pnp registered
Oct 23 16:14:02 headnode kernel: [    0.384657] system 00:01: [mem 0xfed40000-0xfed44fff] has been reserved
Oct 23 16:14:02 headnode kernel: [    0.384940] system 00:05: [io  0x0680-0x069f] has been reserved
Oct 23 16:14:02 headnode kernel: [    0.384943] system 00:05: [io  0x0200-0x020f] has been reserved
Oct 23 16:14:02 headnode kernel: [    0.384945] system 00:05: [io  0xffff] has been reserved
Oct 23 16:14:02 headnode kernel: [    0.384948] system 00:05: [io  0xffff] has been reserved
Oct 23 16:14:02 headnode kernel: [    0.384950] system 00:05: [io  0x0400-0x0453] has been reserved
Oct 23 16:14:02 headnode kernel: [    0.384953] system 00:05: [io  0x0458-0x047f] has been reserved
Oct 23 16:14:02 headnode kernel: [    0.384956] system 00:05: [io  0x0500-0x057f] has been reserved
Oct 23 16:14:02 headnode kernel: [    0.385074] system 00:07: [io  0x0454-0x0457] has been reserved
Oct 23 16:14:02 headnode kernel: [    0.385253] system 00:08: [io  0x0a00-0x0a0f] has been reserved
Oct 23 16:14:02 headnode kernel: [    0.385255] system 00:08: [io  0x0a30-0x0a3f] has been reserved
Oct 23 16:14:02 headnode kernel: [    0.385258] system 00:08: [io  0x0a20-0x0a2f] has been reserved
Oct 23 16:14:02 headnode kernel: [    0.386695] system 00:0c: [io  0x04d0-0x04d1] has been reserved
Oct 23 16:14:02 headnode kernel: [    0.387112] system 00:0e: [mem 0xfed1c000-0xfed1ffff] has been reserved
Oct 23 16:14:02 headnode kernel: [    0.387115] system 00:0e: [mem 0xfed10000-0xfed17fff] has been reserved
Oct 23 16:14:02 headnode kernel: [    0.387117] system 00:0e: [mem 0xfed18000-0xfed18fff] has been reserved
Oct 23 16:14:02 headnode kernel: [    0.387120] system 00:0e: [mem 0xfed19000-0xfed19fff] has been reserved
Oct 23 16:14:02 headnode kernel: [    0.387123] system 00:0e: [mem 0xf8000000-0xfbffffff] has been reserved
Oct 23 16:14:02 headnode kernel: [    0.387126] system 00:0e: [mem 0xfed20000-0xfed3ffff] has been reserved
Oct 23 16:14:02 headnode kernel: [    0.387129] system 00:0e: [mem 0xfed90000-0xfed93fff] has been reserved
Oct 23 16:14:02 headnode kernel: [    0.387131] system 00:0e: [mem 0xfed45000-0xfed8ffff] has been reserved
Oct 23 16:14:02 headnode kernel: [    0.387135] system 00:0e: [mem 0xff000000-0xffffffff] has been reserved
Oct 23 16:14:02 headnode kernel: [    0.387138] system 00:0e: [mem 0xfee00000-0xfeefffff] could not be reserved
Oct 23 16:14:02 headnode kernel: [    0.387141] system 00:0e: [mem 0xdfa00000-0xdfa00fff] has been reserved
Oct 23 16:14:02 headnode kernel: [    0.387375] system 00:0f: [mem 0x20000000-0x201fffff] has been reserved
Oct 23 16:14:02 headnode kernel: [    0.387378] system 00:0f: [mem 0x40004000-0x40004fff] has been reserved
Oct 23 16:14:02 headnode kernel: [    0.387407] pnp: PnP ACPI: found 16 devices
Oct 23 16:14:02 headnode kernel: [    0.387409] ACPI: ACPI bus type pnp unregistered
Oct 23 16:14:02 headnode kernel: [    0.394048] pci 0000:00:1c.0: PCI bridge to [bus 01-01]
Oct 23 16:14:02 headnode kernel: [    0.394052] pci 0000:00:1c.0:   bridge window [io  0xe000-0xefff]
Oct 23 16:14:02 headnode kernel: [    0.394058] pci 0000:00:1c.0:   bridge window [mem 0xf7d00000-0xf7dfffff]
Oct 23 16:14:02 headnode kernel: [    0.394062] pci 0000:00:1c.0:   bridge window [mem 0xf0100000-0xf01fffff 64bit pref]
Oct 23 16:14:02 headnode kernel: [    0.394069] pci 0000:00:1c.1: PCI bridge to [bus 02-02]
Oct 23 16:14:02 headnode kernel: [    0.394073] pci 0000:00:1c.1:   bridge window [io  0xd000-0xdfff]
Oct 23 16:14:02 headnode kernel: [    0.394081] pci 0000:00:1c.1:   bridge window [mem 0xf0000000-0xf00fffff 64bit pref]
Oct 23 16:14:02 headnode kernel: [    0.394088] pci 0000:03:00.0: PCI bridge to [bus 04-04]
Oct 23 16:14:02 headnode kernel: [    0.394112] pci 0000:00:1c.2: PCI bridge to [bus 03-04]
Oct 23 16:14:02 headnode kernel: [    0.394124] pci 0000:00:1c.3: PCI bridge to [bus 05-05]
Oct 23 16:14:02 headnode kernel: [    0.394127] pci 0000:00:1c.3:   bridge window [io  0xc000-0xcfff]
Oct 23 16:14:02 headnode kernel: [    0.394133] pci 0000:00:1c.3:   bridge window [mem 0xf7c00000-0xf7cfffff]
Oct 23 16:14:02 headnode kernel: [    0.394371] NET: Registered protocol family 2
Oct 23 16:14:02 headnode kernel: [    0.396406] IP route cache hash table entries: 262144 (order: 9, 2097152 bytes)
Oct 23 16:14:02 headnode kernel: [    0.397359] TCP established hash table entries: 524288 (order: 11, 8388608 bytes)
Oct 23 16:14:02 headnode kernel: [    0.398693] TCP bind hash table entries: 65536 (order: 8, 1048576 bytes)
Oct 23 16:14:02 headnode kernel: [    0.398829] TCP: Hash tables configured (established 524288 bind 65536)
Oct 23 16:14:02 headnode kernel: [    0.398831] TCP reno registered
Oct 23 16:14:02 headnode kernel: [    0.398846] UDP hash table entries: 4096 (order: 5, 131072 bytes)
Oct 23 16:14:02 headnode kernel: [    0.398882] UDP-Lite hash table entries: 4096 (order: 5, 131072 bytes)
Oct 23 16:14:02 headnode kernel: [    0.398992] NET: Registered protocol family 1
Oct 23 16:14:02 headnode kernel: [    0.438437] Unpacking initramfs...
Oct 23 16:14:02 headnode kernel: [    0.687788] Freeing initrd memory: 9996k freed
Oct 23 16:14:02 headnode kernel: [    0.689172] PCI-DMA: Using software bounce buffering for IO (SWIOTLB)
Oct 23 16:14:02 headnode kernel: [    0.689177] Placing 64MB software IO TLB between ffff8800d77e1000 - ffff8800db7e1000
Oct 23 16:14:02 headnode kernel: [    0.689179] software IO TLB at phys 0xd77e1000 - 0xdb7e1000
Oct 23 16:14:02 headnode kernel: [    0.689567] audit: initializing netlink socket (disabled)
Oct 23 16:14:02 headnode kernel: [    0.689578] type=2000 audit(1414073637.560:1): initialized
Oct 23 16:14:02 headnode kernel: [    0.708691] HugeTLB registered 2 MB page size, pre-allocated 0 pages
Oct 23 16:14:02 headnode kernel: [    0.709416] VFS: Disk quotas dquot_6.5.2
Oct 23 16:14:02 headnode kernel: [    0.709444] Dquot-cache hash table entries: 512 (order 0, 4096 bytes)
Oct 23 16:14:02 headnode kernel: [    0.709516] msgmni has been set to 15856
Oct 23 16:14:02 headnode kernel: [    0.709653] alg: No test for stdrng (krng)
Oct 23 16:14:02 headnode kernel: [    0.709680] Block layer SCSI generic (bsg) driver version 0.4 loaded (major 253)
Oct 23 16:14:02 headnode kernel: [    0.709683] io scheduler noop registered
Oct 23 16:14:02 headnode kernel: [    0.709685] io scheduler deadline registered
Oct 23 16:14:02 headnode kernel: [    0.709704] io scheduler cfq registered (default)
Oct 23 16:14:02 headnode kernel: [    0.709937] pci_hotplug: PCI Hot Plug PCI Core version: 0.5
Oct 23 16:14:02 headnode kernel: [    0.709958] pciehp: PCI Express Hot Plug Controller Driver version: 0.4
Oct 23 16:14:02 headnode kernel: [    0.709960] acpiphp: ACPI Hot Plug PCI Controller Driver version: 0.5
Oct 23 16:14:02 headnode kernel: [    0.710444] ERST: Table is not found!
Oct 23 16:14:02 headnode kernel: [    0.710446] GHES: HEST is not enabled!
Oct 23 16:14:02 headnode kernel: [    0.710496] Serial: 8250/16550 driver, 4 ports, IRQ sharing enabled
Oct 23 16:14:02 headnode kernel: [    0.730925] serial8250: ttyS0 at I/O 0x3f8 (irq = 4) is a 16550A
Oct 23 16:14:02 headnode kernel: [    0.770656] serial8250: ttyS1 at I/O 0x2f8 (irq = 3) is a 16550A
Oct 23 16:14:02 headnode kernel: [    0.810955] 00:09: ttyS0 at I/O 0x3f8 (irq = 4) is a 16550A
Oct 23 16:14:02 headnode kernel: [    0.831466] 00:0a: ttyS1 at I/O 0x2f8 (irq = 3) is a 16550A
Oct 23 16:14:02 headnode kernel: [    0.842507] Linux agpgart interface v0.103
Oct 23 16:14:02 headnode kernel: [    0.842595] agpgart-intel 0000:00:00.0: Intel Ivybridge Chipset
Oct 23 16:14:02 headnode kernel: [    0.842665] agpgart-intel 0000:00:00.0: detected gtt size: 2097152K total, 262144K mappable
Oct 23 16:14:02 headnode kernel: [    0.843285] agpgart-intel 0000:00:00.0: detected 32768K stolen memory
Oct 23 16:14:02 headnode kernel: [    0.843389] agpgart-intel 0000:00:00.0: AGP aperture is 256M @ 0xe0000000
Oct 23 16:14:02 headnode kernel: [    0.843513] i8042: PNP: No PS/2 controller found. Probing ports directly.
Oct 23 16:14:02 headnode kernel: [    0.843912] serio: i8042 KBD port at 0x60,0x64 irq 1
Oct 23 16:14:02 headnode kernel: [    0.843919] serio: i8042 AUX port at 0x60,0x64 irq 12
Oct 23 16:14:02 headnode kernel: [    0.844038] mousedev: PS/2 mouse device common for all mice
Oct 23 16:14:02 headnode kernel: [    0.844081] rtc_cmos 00:06: RTC can wake from S4
Oct 23 16:14:02 headnode kernel: [    0.844191] rtc_cmos 00:06: rtc core: registered rtc_cmos as rtc0
Oct 23 16:14:02 headnode kernel: [    0.844219] rtc0: alarms up to one month, y3k, 242 bytes nvram, hpet irqs
Oct 23 16:14:02 headnode kernel: [    0.844279] cpuidle: using governor ladder
Oct 23 16:14:02 headnode kernel: [    0.844339] cpuidle: using governor menu
Oct 23 16:14:02 headnode kernel: [    0.844517] TCP cubic registered
Oct 23 16:14:02 headnode kernel: [    0.844607] NET: Registered protocol family 10
Oct 23 16:14:02 headnode kernel: [    0.845145] Mobile IPv6
Oct 23 16:14:02 headnode kernel: [    0.845148] NET: Registered protocol family 17
Oct 23 16:14:02 headnode kernel: [    0.845152] Registering the dns_resolver key type
Oct 23 16:14:02 headnode kernel: [    0.845472] registered taskstats version 1
Oct 23 16:14:02 headnode kernel: [    0.846081] rtc_cmos 00:06: setting system clock to 2014-10-23 14:13:58 UTC (1414073638)
Oct 23 16:14:02 headnode kernel: [    0.846164] Initializing network drop monitor service
Oct 23 16:14:02 headnode kernel: [    0.847363] Freeing unused kernel memory: 580k freed
Oct 23 16:14:02 headnode kernel: [    0.847450] Write protecting the kernel read-only data: 6144k
Oct 23 16:14:02 headnode kernel: [    0.850240] Freeing unused kernel memory: 648k freed
Oct 23 16:14:02 headnode kernel: [    0.853163] Freeing unused kernel memory: 688k freed
Oct 23 16:14:02 headnode kernel: [    0.892332] r8169 Gigabit Ethernet driver 2.3LK-NAPI loaded
Oct 23 16:14:02 headnode kernel: [    0.892913] r8169 0000:01:00.0: eth0: RTL8168evl/8111evl at 0xffffc90000c24000, 74:d4:35:84:02:0f, XID 0c900880 IRQ 40
Oct 23 16:14:02 headnode kernel: [    0.892918] r8169 0000:01:00.0: eth0: jumbo features [frames: 9200 bytes, tx checksumming: ko]
Oct 23 16:14:02 headnode kernel: [    0.892957] r8169 Gigabit Ethernet driver 2.3LK-NAPI loaded
Oct 23 16:14:02 headnode kernel: [    0.893525] r8169 0000:02:00.0: eth1: RTL8168evl/8111evl at 0xffffc90000c74000, 74:d4:35:84:02:0d, XID 0c900880 IRQ 41
Oct 23 16:14:02 headnode kernel: [    0.893528] r8169 0000:02:00.0: eth1: jumbo features [frames: 9200 bytes, tx checksumming: ko]
Oct 23 16:14:02 headnode kernel: [    0.895733] usbcore: registered new interface driver usbfs
Oct 23 16:14:02 headnode kernel: [    0.895755] usbcore: registered new interface driver hub
Oct 23 16:14:02 headnode kernel: [    0.900928] SCSI subsystem initialized
Oct 23 16:14:02 headnode kernel: [    0.911441] usbcore: registered new device driver usb
Oct 23 16:14:02 headnode kernel: [    0.911845] ehci_hcd: USB 2.0 'Enhanced' Host Controller (EHCI) Driver
Oct 23 16:14:02 headnode kernel: [    0.911896] ehci_hcd 0000:00:1a.0: EHCI Host Controller
Oct 23 16:14:02 headnode kernel: [    0.911918] ehci_hcd 0000:00:1a.0: new USB bus registered, assigned bus number 1
Oct 23 16:14:02 headnode kernel: [    0.911946] ehci_hcd 0000:00:1a.0: debug port 2
Oct 23 16:14:02 headnode kernel: [    0.925947] scsi0 : pata_jmicron
Oct 23 16:14:02 headnode kernel: [    0.926049] scsi1 : pata_jmicron
Oct 23 16:14:02 headnode kernel: [    0.926099] ata1: PATA max UDMA/100 cmd 0xc040 ctl 0xc030 bmdma 0xc000 irq 19
Oct 23 16:14:02 headnode kernel: [    0.926101] ata2: PATA max UDMA/100 cmd 0xc020 ctl 0xc010 bmdma 0xc008 irq 19
Oct 23 16:14:02 headnode kernel: [    0.927733] ehci_hcd 0000:00:1a.0: irq 16, io mem 0xf7e08000
Oct 23 16:14:02 headnode kernel: [    0.929590] ACPI: Fan [FAN0] (off)
Oct 23 16:14:02 headnode kernel: [    0.929630] ACPI: Fan [FAN1] (off)
Oct 23 16:14:02 headnode kernel: [    0.929664] ACPI: Fan [FAN2] (off)
Oct 23 16:14:02 headnode kernel: [    0.929697] ACPI: Fan [FAN3] (off)
Oct 23 16:14:02 headnode kernel: [    0.929729] ACPI: Fan [FAN4] (off)
Oct 23 16:14:02 headnode kernel: [    0.946579] thermal LNXTHERM:00: registered as thermal_zone0
Oct 23 16:14:02 headnode kernel: [    0.946583] ACPI: Thermal Zone [TZ00] (28 C)
Oct 23 16:14:02 headnode kernel: [    0.946775] thermal LNXTHERM:01: registered as thermal_zone1
Oct 23 16:14:02 headnode kernel: [    0.946778] ACPI: Thermal Zone [TZ01] (30 C)
Oct 23 16:14:02 headnode kernel: [    0.954257] ehci_hcd 0000:00:1a.0: USB 2.0 started, EHCI 1.00
Oct 23 16:14:02 headnode kernel: [    0.954283] usb usb1: New USB device found, idVendor=1d6b, idProduct=0002
Oct 23 16:14:02 headnode kernel: [    0.954286] usb usb1: New USB device strings: Mfr=3, Product=2, SerialNumber=1
Oct 23 16:14:02 headnode kernel: [    0.954289] usb usb1: Product: EHCI Host Controller
Oct 23 16:14:02 headnode kernel: [    0.954291] usb usb1: Manufacturer: Linux 3.2.0-4-amd64 ehci_hcd
Oct 23 16:14:02 headnode kernel: [    0.954293] usb usb1: SerialNumber: 0000:00:1a.0
Oct 23 16:14:02 headnode kernel: [    0.954410] hub 1-0:1.0: USB hub found
Oct 23 16:14:02 headnode kernel: [    0.954415] hub 1-0:1.0: 2 ports detected
Oct 23 16:14:02 headnode kernel: [    0.954523] ehci_hcd 0000:00:1d.0: EHCI Host Controller
Oct 23 16:14:02 headnode kernel: [    0.954532] ehci_hcd 0000:00:1d.0: new USB bus registered, assigned bus number 2
Oct 23 16:14:02 headnode kernel: [    0.954556] ehci_hcd 0000:00:1d.0: debug port 2
Oct 23 16:14:02 headnode kernel: [    0.958581] ehci_hcd 0000:00:1d.0: irq 23, io mem 0xf7e07000
Oct 23 16:14:02 headnode kernel: [    0.974296] ehci_hcd 0000:00:1d.0: USB 2.0 started, EHCI 1.00
Oct 23 16:14:02 headnode kernel: [    0.974339] usb usb2: New USB device found, idVendor=1d6b, idProduct=0002
Oct 23 16:14:02 headnode kernel: [    0.974342] usb usb2: New USB device strings: Mfr=3, Product=2, SerialNumber=1
Oct 23 16:14:02 headnode kernel: [    0.974345] usb usb2: Product: EHCI Host Controller
Oct 23 16:14:02 headnode kernel: [    0.974347] usb usb2: Manufacturer: Linux 3.2.0-4-amd64 ehci_hcd
Oct 23 16:14:02 headnode kernel: [    0.974349] usb usb2: SerialNumber: 0000:00:1d.0
Oct 23 16:14:02 headnode kernel: [    0.974575] hub 2-0:1.0: USB hub found
Oct 23 16:14:02 headnode kernel: [    0.974583] hub 2-0:1.0: 2 ports detected
Oct 23 16:14:02 headnode kernel: [    1.243459] ahci 0000:00:1f.2: AHCI 0001.0300 32 slots 4 ports 6 Gbps 0x1 impl SATA mode
Oct 23 16:14:02 headnode kernel: [    1.243463] ahci 0000:00:1f.2: flags: 64bit ncq led clo pio slum part ems apst 
Oct 23 16:14:02 headnode kernel: [    1.244644] scsi2 : ahci
Oct 23 16:14:02 headnode kernel: [    1.244765] scsi3 : ahci
Oct 23 16:14:02 headnode kernel: [    1.244945] scsi4 : ahci
Oct 23 16:14:02 headnode kernel: [    1.245150] scsi5 : ahci
Oct 23 16:14:02 headnode kernel: [    1.245437] ata3: SATA max UDMA/133 abar m2048@0xf7e06000 port 0xf7e06100 irq 42
Oct 23 16:14:02 headnode kernel: [    1.245440] ata4: DUMMY
Oct 23 16:14:02 headnode kernel: [    1.245441] ata5: DUMMY
Oct 23 16:14:02 headnode kernel: [    1.245443] ata6: DUMMY
Oct 23 16:14:02 headnode kernel: [    1.266167] usb 1-1: new high-speed USB device number 2 using ehci_hcd
Oct 23 16:14:02 headnode kernel: [    1.398562] usb 1-1: New USB device found, idVendor=8087, idProduct=0024
Oct 23 16:14:02 headnode kernel: [    1.398567] usb 1-1: New USB device strings: Mfr=0, Product=0, SerialNumber=0
Oct 23 16:14:02 headnode kernel: [    1.398959] hub 1-1:1.0: USB hub found
Oct 23 16:14:02 headnode kernel: [    1.399201] hub 1-1:1.0: 4 ports detected
Oct 23 16:14:02 headnode kernel: [    1.510091] usb 2-1: new high-speed USB device number 2 using ehci_hcd
Oct 23 16:14:02 headnode kernel: [    1.562075] ata3: SATA link up 6.0 Gbps (SStatus 133 SControl 300)
Oct 23 16:14:02 headnode kernel: [    1.562269] ACPI Error: [DSSP] Namespace lookup failure, AE_NOT_FOUND (20110623/psargs-359)
Oct 23 16:14:02 headnode kernel: [    1.562280] ACPI Error: Method parse/execution failed [\_SB_.PCI0.SAT0.SPT0._GTF] (Node ffff88021648e1a0), AE_NOT_FOUND (20110623/psparse-536)
Oct 23 16:14:02 headnode kernel: [    1.562354] ata3.00: ATA-9: ADATA SP600, 2.9, max UDMA/100
Oct 23 16:14:02 headnode kernel: [    1.562357] ata3.00: 125045424 sectors, multi 16: LBA48 NCQ (depth 31/32), AA
Oct 23 16:14:02 headnode kernel: [    1.562574] ACPI Error: [DSSP] Namespace lookup failure, AE_NOT_FOUND (20110623/psargs-359)
Oct 23 16:14:02 headnode kernel: [    1.562584] ACPI Error: Method parse/execution failed [\_SB_.PCI0.SAT0.SPT0._GTF] (Node ffff88021648e1a0), AE_NOT_FOUND (20110623/psparse-536)
Oct 23 16:14:02 headnode kernel: [    1.562659] ata3.00: configured for UDMA/100
Oct 23 16:14:02 headnode kernel: [    1.562886] scsi 2:0:0:0: Direct-Access     ATA      ADATA SP600      2.9  PQ: 0 ANSI: 5
Oct 23 16:14:02 headnode kernel: [    1.566885] sd 2:0:0:0: [sda] 125045424 512-byte logical blocks: (64.0 GB/59.6 GiB)
Oct 23 16:14:02 headnode kernel: [    1.566942] sd 2:0:0:0: [sda] Write Protect is off
Oct 23 16:14:02 headnode kernel: [    1.566963] sd 2:0:0:0: [sda] Write cache: enabled, read cache: enabled, doesn't support DPO or FUA
Oct 23 16:14:02 headnode kernel: [    1.567578]  sda: sda1 sda2
Oct 23 16:14:02 headnode kernel: [    1.568031] sd 2:0:0:0: [sda] Attached SCSI disk
Oct 23 16:14:02 headnode kernel: [    1.569735] sd 2:0:0:0: Attached scsi generic sg0 type 0
Oct 23 16:14:02 headnode kernel: [    1.642450] usb 2-1: New USB device found, idVendor=8087, idProduct=0024
Oct 23 16:14:02 headnode kernel: [    1.642454] usb 2-1: New USB device strings: Mfr=0, Product=0, SerialNumber=0
Oct 23 16:14:02 headnode kernel: [    1.642734] hub 2-1:1.0: USB hub found
Oct 23 16:14:02 headnode kernel: [    1.643063] hub 2-1:1.0: 4 ports detected
Oct 23 16:14:02 headnode kernel: [    1.686034] Refined TSC clocksource calibration: 1795.920 MHz.
Oct 23 16:14:02 headnode kernel: [    1.686040] Switching to clocksource tsc
Oct 23 16:14:02 headnode kernel: [    1.714210] usb 1-1.4: new low-speed USB device number 3 using ehci_hcd
Oct 23 16:14:02 headnode kernel: [    1.812764] usb 1-1.4: New USB device found, idVendor=046d, idProduct=c312
Oct 23 16:14:02 headnode kernel: [    1.812768] usb 1-1.4: New USB device strings: Mfr=1, Product=2, SerialNumber=0
Oct 23 16:14:02 headnode kernel: [    1.812770] usb 1-1.4: Product: USB Multimedia Keyboard
Oct 23 16:14:02 headnode kernel: [    1.812772] usb 1-1.4: Manufacturer: LITEON Technology
Oct 23 16:14:02 headnode kernel: [    1.815595] PM: Starting manual resume from disk
Oct 23 16:14:02 headnode kernel: [    1.818773] input: LITEON Technology USB Multimedia Keyboard as /devices/pci0000:00/0000:00:1a.0/usb1/1-1/1-1.4/1-1.4:1.0/input/input0
Oct 23 16:14:02 headnode kernel: [    1.818956] generic-usb 0003:046D:C312.0001: input,hidraw0: USB HID v1.10 Keyboard [LITEON Technology USB Multimedia Keyboard] on usb-0000:00:1a.0-1.4/input0
Oct 23 16:14:02 headnode kernel: [    1.819139] usbcore: registered new interface driver usbhid
Oct 23 16:14:02 headnode kernel: [    1.819142] usbhid: USB HID core driver
Oct 23 16:14:02 headnode kernel: [    1.827458] EXT4-fs (sda1): mounted filesystem with ordered data mode. Opts: (null)
Oct 23 16:14:02 headnode kernel: [    2.099277] iTCO_vendor_support: vendor-support=0
Oct 23 16:14:02 headnode kernel: [    2.100896] iTCO_wdt: Intel TCO WatchDog Timer Driver v1.07
Oct 23 16:14:02 headnode kernel: [    2.100990] iTCO_wdt: unable to reset NO_REBOOT flag, device disabled by hardware/BIOS
Oct 23 16:14:02 headnode kernel: [    2.111184] input: PC Speaker as /devices/platform/pcspkr/input/input1
Oct 23 16:14:02 headnode kernel: [    2.115147] ACPI: resource 0000:00:1f.3 [io  0xf040-0xf05f] conflicts with ACPI region SMBI [io 0xf040-0xf04f]
Oct 23 16:14:02 headnode kernel: [    2.115150] ACPI: If an ACPI driver is available for this device, you should use it instead of the native driver
Oct 23 16:14:02 headnode kernel: [    2.121072] [drm] Initialized drm 1.1.0 20060810
Oct 23 16:14:02 headnode kernel: [    2.133198] input: Power Button as /devices/LNXSYSTM:00/LNXSYBUS:00/PNP0C0C:00/input/input2
Oct 23 16:14:02 headnode kernel: [    2.133238] ACPI: Power Button [PWRB]
Oct 23 16:14:02 headnode kernel: [    2.133290] input: Power Button as /devices/LNXSYSTM:00/LNXPWRBN:00/input/input3
Oct 23 16:14:02 headnode kernel: [    2.133320] ACPI: Power Button [PWRF]
Oct 23 16:14:02 headnode kernel: [    2.138531] ACPI: Requesting acpi_cpufreq
Oct 23 16:14:02 headnode kernel: [    2.194234] parport_pc 00:0b: reported by Plug and Play ACPI
Oct 23 16:14:02 headnode kernel: [    2.194286] parport0: PC-style at 0x378, irq 5 [PCSPP,TRISTATE]
Oct 23 16:14:02 headnode kernel: [    2.704358] HDMI status: Codec=3 Pin=6 Presence_Detect=0 ELD_Valid=0
Oct 23 16:14:02 headnode kernel: [    2.704617] input: HDA Intel PCH HDMI/DP,pcm=3 as /devices/pci0000:00/0000:00:1b.0/sound/card0/input4
Oct 23 16:14:02 headnode kernel: [    2.764135] mtrr: type mismatch for e0000000,10000000 old: write-back new: write-combining
Oct 23 16:14:02 headnode kernel: [    2.764138] [drm] MTRR allocation failed.  Graphics performance may suffer.
Oct 23 16:14:02 headnode kernel: [    2.764344] [drm] Supports vblank timestamp caching Rev 1 (10.10.2010).
Oct 23 16:14:02 headnode kernel: [    2.764346] [drm] Driver supports precise vblank timestamp query.
Oct 23 16:14:02 headnode kernel: [    2.764712] vgaarb: device changed decodes: PCI:0000:00:02.0,olddecodes=io+mem,decodes=io+mem:owns=io+mem
Oct 23 16:14:02 headnode kernel: [    2.796303] [drm] Enabling RC6 states: RC6 on, RC6p on, RC6pp off
Oct 23 16:14:02 headnode kernel: [    3.089883] fbcon: inteldrmfb (fb0) is primary device
Oct 23 16:14:02 headnode kernel: [    3.284974] Console: switching to colour frame buffer device 240x75
Oct 23 16:14:02 headnode kernel: [    3.308956] fb0: inteldrmfb frame buffer device
Oct 23 16:14:02 headnode kernel: [    3.308960] drm: registered panic notifier
Oct 23 16:14:02 headnode kernel: [    3.310692] fixme: max PWM is zero.
Oct 23 16:14:02 headnode kernel: [    3.310869] acpi device:58: registered as cooling_device7
Oct 23 16:14:02 headnode kernel: [    3.311093] input: Video Bus as /devices/LNXSYSTM:00/LNXSYBUS:00/PNP0A08:00/LNXVIDEO:00/input/input5
Oct 23 16:14:02 headnode kernel: [    3.311140] ACPI: Video Device [GFX0] (multi-head: yes  rom: no  post: no)
Oct 23 16:14:02 headnode kernel: [    3.311157] [drm] Initialized i915 1.6.0 20080730 for 0000:00:02.0 on minor 0
Oct 23 16:14:02 headnode kernel: [    3.704978] Adding 3906556k swap on /dev/sda2.  Priority:-1 extents:1 across:3906556k SS
Oct 23 16:14:02 headnode kernel: [    3.734122] EXT4-fs (sda1): re-mounted. Opts: (null)
Oct 23 16:14:02 headnode kernel: [    3.802708] EXT4-fs (sda1): re-mounted. Opts: errors=remount-ro
Oct 23 16:14:02 headnode kernel: [    3.883749] loop: module loaded
Oct 23 16:14:02 headnode kernel: [    5.236648] r8169 0000:01:00.0: eth0: unable to load firmware patch rtl_nic/rtl8168e-3.fw (-2)
Oct 23 16:14:02 headnode kernel: [    5.245788] r8169 0000:01:00.0: eth0: link down
Oct 23 16:14:02 headnode kernel: [    5.245796] r8169 0000:01:00.0: eth0: link down
Oct 23 16:14:02 headnode kernel: [    5.246523] ADDRCONF(NETDEV_UP): eth0: link is not ready
Oct 23 16:14:06 headnode kernel: [    8.407828] r8169 0000:01:00.0: eth0: link up
Oct 23 16:14:06 headnode kernel: [    8.409311] ADDRCONF(NETDEV_CHANGE): eth0: link becomes ready
Oct 23 16:14:32 headnode shutdown[2016]: shutting down for system reboot
Oct 23 16:14:54 headnode kernel: imklog 5.8.11, log source = /proc/kmsg started.
Oct 23 16:14:54 headnode rsyslogd: [origin software="rsyslogd" swVersion="5.8.11" x-pid="1851" x-info="http://www.rsyslog.com"] start
Oct 23 16:14:54 headnode kernel: [    0.000000] Initializing cgroup subsys cpuset
Oct 23 16:14:54 headnode kernel: [    0.000000] Initializing cgroup subsys cpu
Oct 23 16:14:54 headnode kernel: [    0.000000] Linux version 3.2.0-4-amd64 (debian-kernel@lists.debian.org) (gcc version 4.6.3 (Debian 4.6.3-14) ) #1 SMP Debian 3.2.63-2
Oct 23 16:14:54 headnode kernel: [    0.000000] Command line: BOOT_IMAGE=/boot/vmlinuz-3.2.0-4-amd64 root=UUID=5433e205-494c-4e86-8984-fc8af8f1d419 ro quiet
Oct 23 16:14:54 headnode kernel: [    0.000000] BIOS-provided physical RAM map:
Oct 23 16:14:54 headnode kernel: [    0.000000]  BIOS-e820: 0000000000000000 - 000000000009d800 (usable)
Oct 23 16:14:54 headnode kernel: [    0.000000]  BIOS-e820: 000000000009d800 - 00000000000a0000 (reserved)
Oct 23 16:14:54 headnode kernel: [    0.000000]  BIOS-e820: 00000000000e0000 - 0000000000100000 (reserved)
Oct 23 16:14:54 headnode kernel: [    0.000000]  BIOS-e820: 0000000000100000 - 0000000020000000 (usable)
Oct 23 16:14:54 headnode kernel: [    0.000000]  BIOS-e820: 0000000020000000 - 0000000020200000 (reserved)
Oct 23 16:14:54 headnode kernel: [    0.000000]  BIOS-e820: 0000000020200000 - 0000000040004000 (usable)
Oct 23 16:14:54 headnode kernel: [    0.000000]  BIOS-e820: 0000000040004000 - 0000000040005000 (reserved)
Oct 23 16:14:54 headnode kernel: [    0.000000]  BIOS-e820: 0000000040005000 - 00000000db7e4000 (usable)
Oct 23 16:14:54 headnode kernel: [    0.000000]  BIOS-e820: 00000000db7e4000 - 00000000dba8d000 (reserved)
Oct 23 16:14:54 headnode kernel: [    0.000000]  BIOS-e820: 00000000dba8d000 - 00000000dba99000 (ACPI data)
Oct 23 16:14:54 headnode kernel: [    0.000000]  BIOS-e820: 00000000dba99000 - 00000000dbb05000 (reserved)
Oct 23 16:14:54 headnode kernel: [    0.000000]  BIOS-e820: 00000000dbb05000 - 00000000dbb0a000 (ACPI data)
Oct 23 16:14:54 headnode kernel: [    0.000000]  BIOS-e820: 00000000dbb0a000 - 00000000dbb8f000 (usable)
Oct 23 16:14:54 headnode kernel: [    0.000000]  BIOS-e820: 00000000dbb8f000 - 00000000dbc28000 (ACPI NVS)
Oct 23 16:14:54 headnode kernel: [    0.000000]  BIOS-e820: 00000000dbc28000 - 00000000dc601000 (reserved)
Oct 23 16:14:54 headnode kernel: [    0.000000]  BIOS-e820: 00000000dc601000 - 00000000dc602000 (usable)
Oct 23 16:14:54 headnode kernel: [    0.000000]  BIOS-e820: 00000000dc602000 - 00000000dc645000 (ACPI NVS)
Oct 23 16:14:54 headnode kernel: [    0.000000]  BIOS-e820: 00000000dc645000 - 00000000dcdb1000 (usable)
Oct 23 16:14:54 headnode kernel: [    0.000000]  BIOS-e820: 00000000dcdb1000 - 00000000dcfe0000 (reserved)
Oct 23 16:14:54 headnode kernel: [    0.000000]  BIOS-e820: 00000000dcfe0000 - 00000000dd000000 (usable)
Oct 23 16:14:54 headnode kernel: [    0.000000]  BIOS-e820: 00000000dd800000 - 00000000dfa00000 (reserved)
Oct 23 16:14:54 headnode kernel: [    0.000000]  BIOS-e820: 00000000f8000000 - 00000000fc000000 (reserved)
Oct 23 16:14:54 headnode kernel: [    0.000000]  BIOS-e820: 00000000fec00000 - 00000000fec01000 (reserved)
Oct 23 16:14:54 headnode kernel: [    0.000000]  BIOS-e820: 00000000fed00000 - 00000000fed04000 (reserved)
Oct 23 16:14:54 headnode kernel: [    0.000000]  BIOS-e820: 00000000fed1c000 - 00000000fed20000 (reserved)
Oct 23 16:14:54 headnode kernel: [    0.000000]  BIOS-e820: 00000000fee00000 - 00000000fee01000 (reserved)
Oct 23 16:14:54 headnode kernel: [    0.000000]  BIOS-e820: 00000000ff000000 - 0000000100000000 (reserved)
Oct 23 16:14:54 headnode kernel: [    0.000000]  BIOS-e820: 0000000100000000 - 000000021f600000 (usable)
Oct 23 16:14:54 headnode kernel: [    0.000000] NX (Execute Disable) protection: active
Oct 23 16:14:54 headnode kernel: [    0.000000] SMBIOS 2.7 present.
Oct 23 16:14:54 headnode kernel: [    0.000000] No AGP bridge found
Oct 23 16:14:54 headnode kernel: [    0.000000] last_pfn = 0x21f600 max_arch_pfn = 0x400000000
Oct 23 16:14:54 headnode kernel: [    0.000000] x86 PAT enabled: cpu 0, old 0x7040600070406, new 0x7010600070106
Oct 23 16:14:54 headnode kernel: [    0.000000] last_pfn = 0xdd000 max_arch_pfn = 0x400000000
Oct 23 16:14:54 headnode kernel: [    0.000000] found SMP MP-table at [ffff8800000fd790] fd790
Oct 23 16:14:54 headnode kernel: [    0.000000] init_memory_mapping: 0000000000000000-00000000dd000000
Oct 23 16:14:54 headnode kernel: [    0.000000] init_memory_mapping: 0000000100000000-000000021f600000
Oct 23 16:14:54 headnode kernel: [    0.000000] RAMDISK: 36c6a000 - 3762d000
Oct 23 16:14:54 headnode kernel: [    0.000000] ACPI: RSDP 00000000000f0490 00024 (v02 ALASKA)
Oct 23 16:14:54 headnode kernel: [    0.000000] ACPI: XSDT 00000000dba8d070 0005C (v01 ALASKA    A M I 01072009 AMI  00010013)
Oct 23 16:14:54 headnode kernel: [    0.000000] ACPI: FACP 00000000dba976f0 000F4 (v04 ALASKA    A M I 01072009 AMI  00010013)
Oct 23 16:14:54 headnode kernel: [    0.000000] ACPI: DSDT 00000000dba8d158 0A598 (v02 ALASKA    A M I 00000088 INTL 20051117)
Oct 23 16:14:54 headnode kernel: [    0.000000] ACPI: FACS 00000000dbc26f80 00040
Oct 23 16:14:54 headnode kernel: [    0.000000] ACPI: APIC 00000000dba977e8 00062 (v03 ALASKA    A M I 01072009 AMI  00010013)
Oct 23 16:14:54 headnode kernel: [    0.000000] ACPI: MCFG 00000000dba97850 0003C (v01 ALASKA    A M I 01072009 MSFT 00000097)
Oct 23 16:14:54 headnode kernel: [    0.000000] ACPI: HPET 00000000dba97890 00038 (v01 ALASKA    A M I 01072009 AMI. 00000005)
Oct 23 16:14:54 headnode kernel: [    0.000000] ACPI: SSDT 00000000dba978c8 0036D (v01 SataRe SataTabl 00001000 INTL 20091112)
Oct 23 16:14:54 headnode kernel: [    0.000000] ACPI: SSDT 00000000dba97c38 00860 (v01  PmRef  Cpu0Ist 00003000 INTL 20051117)
Oct 23 16:14:54 headnode kernel: [    0.000000] ACPI: SSDT 00000000dba98498 00A92 (v01  PmRef    CpuPm 00003000 INTL 20051117)
Oct 23 16:14:54 headnode kernel: [    0.000000] No NUMA configuration found
Oct 23 16:14:54 headnode kernel: [    0.000000] Faking a node at 0000000000000000-000000021f600000
Oct 23 16:14:54 headnode kernel: [    0.000000] Initmem setup node 0 0000000000000000-000000021f600000
Oct 23 16:14:54 headnode kernel: [    0.000000]   NODE_DATA [000000021f5fb000 - 000000021f5fffff]
Oct 23 16:14:54 headnode kernel: [    0.000000] Zone PFN ranges:
Oct 23 16:14:54 headnode kernel: [    0.000000]   DMA      0x00000010 -> 0x00001000
Oct 23 16:14:54 headnode kernel: [    0.000000]   DMA32    0x00001000 -> 0x00100000
Oct 23 16:14:54 headnode kernel: [    0.000000]   Normal   0x00100000 -> 0x0021f600
Oct 23 16:14:54 headnode kernel: [    0.000000] Movable zone start PFN for each node
Oct 23 16:14:54 headnode kernel: [    0.000000] early_node_map[9] active PFN ranges
Oct 23 16:14:54 headnode kernel: [    0.000000]     0: 0x00000010 -> 0x0000009d
Oct 23 16:14:54 headnode kernel: [    0.000000]     0: 0x00000100 -> 0x00020000
Oct 23 16:14:54 headnode kernel: [    0.000000]     0: 0x00020200 -> 0x00040004
Oct 23 16:14:54 headnode kernel: [    0.000000]     0: 0x00040005 -> 0x000db7e4
Oct 23 16:14:54 headnode kernel: [    0.000000]     0: 0x000dbb0a -> 0x000dbb8f
Oct 23 16:14:54 headnode kernel: [    0.000000]     0: 0x000dc601 -> 0x000dc602
Oct 23 16:14:54 headnode kernel: [    0.000000]     0: 0x000dc645 -> 0x000dcdb1
Oct 23 16:14:54 headnode kernel: [    0.000000]     0: 0x000dcfe0 -> 0x000dd000
Oct 23 16:14:54 headnode kernel: [    0.000000]     0: 0x00100000 -> 0x0021f600
Oct 23 16:14:54 headnode kernel: [    0.000000] ACPI: PM-Timer IO Port: 0x408
Oct 23 16:14:54 headnode kernel: [    0.000000] ACPI: LAPIC (acpi_id[0x01] lapic_id[0x00] enabled)
Oct 23 16:14:54 headnode kernel: [    0.000000] ACPI: LAPIC (acpi_id[0x02] lapic_id[0x02] enabled)
Oct 23 16:14:54 headnode kernel: [    0.000000] ACPI: LAPIC_NMI (acpi_id[0xff] high edge lint[0x1])
Oct 23 16:14:54 headnode kernel: [    0.000000] ACPI: IOAPIC (id[0x02] address[0xfec00000] gsi_base[0])
Oct 23 16:14:54 headnode kernel: [    0.000000] IOAPIC[0]: apic_id 2, version 32, address 0xfec00000, GSI 0-23
Oct 23 16:14:54 headnode kernel: [    0.000000] ACPI: INT_SRC_OVR (bus 0 bus_irq 0 global_irq 2 dfl dfl)
Oct 23 16:14:54 headnode kernel: [    0.000000] ACPI: INT_SRC_OVR (bus 0 bus_irq 9 global_irq 9 high level)
Oct 23 16:14:54 headnode kernel: [    0.000000] Using ACPI (MADT) for SMP configuration information
Oct 23 16:14:54 headnode kernel: [    0.000000] ACPI: HPET id: 0x8086a701 base: 0xfed00000
Oct 23 16:14:54 headnode kernel: [    0.000000] SMP: Allowing 2 CPUs, 0 hotplug CPUs
Oct 23 16:14:54 headnode kernel: [    0.000000] PM: Registered nosave memory: 000000000009d000 - 000000000009e000
Oct 23 16:14:54 headnode kernel: [    0.000000] PM: Registered nosave memory: 000000000009e000 - 00000000000a0000
Oct 23 16:14:54 headnode kernel: [    0.000000] PM: Registered nosave memory: 00000000000a0000 - 00000000000e0000
Oct 23 16:14:54 headnode kernel: [    0.000000] PM: Registered nosave memory: 00000000000e0000 - 0000000000100000
Oct 23 16:14:54 headnode kernel: [    0.000000] PM: Registered nosave memory: 0000000020000000 - 0000000020200000
Oct 23 16:14:54 headnode kernel: [    0.000000] PM: Registered nosave memory: 0000000040004000 - 0000000040005000
Oct 23 16:14:54 headnode kernel: [    0.000000] PM: Registered nosave memory: 00000000db7e4000 - 00000000dba8d000
Oct 23 16:14:54 headnode kernel: [    0.000000] PM: Registered nosave memory: 00000000dba8d000 - 00000000dba99000
Oct 23 16:14:54 headnode kernel: [    0.000000] PM: Registered nosave memory: 00000000dba99000 - 00000000dbb05000
Oct 23 16:14:54 headnode kernel: [    0.000000] PM: Registered nosave memory: 00000000dbb05000 - 00000000dbb0a000
Oct 23 16:14:54 headnode kernel: [    0.000000] PM: Registered nosave memory: 00000000dbb8f000 - 00000000dbc28000
Oct 23 16:14:54 headnode kernel: [    0.000000] PM: Registered nosave memory: 00000000dbc28000 - 00000000dc601000
Oct 23 16:14:54 headnode kernel: [    0.000000] PM: Registered nosave memory: 00000000dc602000 - 00000000dc645000
Oct 23 16:14:54 headnode kernel: [    0.000000] PM: Registered nosave memory: 00000000dcdb1000 - 00000000dcfe0000
Oct 23 16:14:54 headnode kernel: [    0.000000] PM: Registered nosave memory: 00000000dd000000 - 00000000dd800000
Oct 23 16:14:54 headnode kernel: [    0.000000] PM: Registered nosave memory: 00000000dd800000 - 00000000dfa00000
Oct 23 16:14:54 headnode kernel: [    0.000000] PM: Registered nosave memory: 00000000dfa00000 - 00000000f8000000
Oct 23 16:14:54 headnode kernel: [    0.000000] PM: Registered nosave memory: 00000000f8000000 - 00000000fc000000
Oct 23 16:14:54 headnode kernel: [    0.000000] PM: Registered nosave memory: 00000000fc000000 - 00000000fec00000
Oct 23 16:14:54 headnode kernel: [    0.000000] PM: Registered nosave memory: 00000000fec00000 - 00000000fec01000
Oct 23 16:14:54 headnode kernel: [    0.000000] PM: Registered nosave memory: 00000000fec01000 - 00000000fed00000
Oct 23 16:14:54 headnode kernel: [    0.000000] PM: Registered nosave memory: 00000000fed00000 - 00000000fed04000
Oct 23 16:14:54 headnode kernel: [    0.000000] PM: Registered nosave memory: 00000000fed04000 - 00000000fed1c000
Oct 23 16:14:54 headnode kernel: [    0.000000] PM: Registered nosave memory: 00000000fed1c000 - 00000000fed20000
Oct 23 16:14:54 headnode kernel: [    0.000000] PM: Registered nosave memory: 00000000fed20000 - 00000000fee00000
Oct 23 16:14:54 headnode kernel: [    0.000000] PM: Registered nosave memory: 00000000fee00000 - 00000000fee01000
Oct 23 16:14:54 headnode kernel: [    0.000000] PM: Registered nosave memory: 00000000fee01000 - 00000000ff000000
Oct 23 16:14:54 headnode kernel: [    0.000000] PM: Registered nosave memory: 00000000ff000000 - 0000000100000000
Oct 23 16:14:54 headnode kernel: [    0.000000] Allocating PCI resources starting at dfa00000 (gap: dfa00000:18600000)
Oct 23 16:14:54 headnode kernel: [    0.000000] Booting paravirtualized kernel on bare hardware
Oct 23 16:14:54 headnode kernel: [    0.000000] setup_percpu: NR_CPUS:512 nr_cpumask_bits:512 nr_cpu_ids:2 nr_node_ids:1
Oct 23 16:14:54 headnode kernel: [    0.000000] PERCPU: Embedded 28 pages/cpu @ffff88021f200000 s82944 r8192 d23552 u1048576
Oct 23 16:14:54 headnode kernel: [    0.000000] Built 1 zonelists in Zone order, mobility grouping on.  Total pages: 2047136
Oct 23 16:14:54 headnode kernel: [    0.000000] Policy zone: Normal
Oct 23 16:14:54 headnode kernel: [    0.000000] Kernel command line: BOOT_IMAGE=/boot/vmlinuz-3.2.0-4-amd64 root=UUID=5433e205-494c-4e86-8984-fc8af8f1d419 ro quiet
Oct 23 16:14:54 headnode kernel: [    0.000000] PID hash table entries: 4096 (order: 3, 32768 bytes)
Oct 23 16:14:54 headnode kernel: [    0.000000] xsave/xrstor: enabled xstate_bv 0x3, cntxt size 0x240
Oct 23 16:14:54 headnode kernel: [    0.000000] Checking aperture...
Oct 23 16:14:54 headnode kernel: [    0.000000] No AGP bridge found
Oct 23 16:14:54 headnode kernel: [    0.000000] Memory: 8108716k/8902656k available (3432k kernel code, 592376k absent, 201564k reserved, 3307k data, 580k init)
Oct 23 16:14:54 headnode kernel: [    0.000000] Hierarchical RCU implementation.
Oct 23 16:14:54 headnode kernel: [    0.000000] 	RCU dyntick-idle grace-period acceleration is enabled.
Oct 23 16:14:54 headnode kernel: [    0.000000] NR_IRQS:33024 nr_irqs:512 16
Oct 23 16:14:54 headnode kernel: [    0.000000] Extended CMOS year: 2000
Oct 23 16:14:54 headnode kernel: [    0.000000] Console: colour VGA+ 80x25
Oct 23 16:14:54 headnode kernel: [    0.000000] console [tty0] enabled
Oct 23 16:14:54 headnode kernel: [    0.000000] Fast TSC calibration using PIT
Oct 23 16:14:54 headnode kernel: [    0.004000] Detected 1795.947 MHz processor.
Oct 23 16:14:54 headnode kernel: [    0.000002] Calibrating delay loop (skipped), value calculated using timer frequency.. 3591.89 BogoMIPS (lpj=7183788)
Oct 23 16:14:54 headnode kernel: [    0.000006] pid_max: default: 32768 minimum: 301
Oct 23 16:14:54 headnode kernel: [    0.000050] Security Framework initialized
Oct 23 16:14:54 headnode kernel: [    0.000055] AppArmor: AppArmor disabled by boot time parameter
Oct 23 16:14:54 headnode kernel: [    0.000654] Dentry cache hash table entries: 1048576 (order: 11, 8388608 bytes)
Oct 23 16:14:54 headnode kernel: [    0.003336] Inode-cache hash table entries: 524288 (order: 10, 4194304 bytes)
Oct 23 16:14:54 headnode kernel: [    0.004556] Mount-cache hash table entries: 256
Oct 23 16:14:54 headnode kernel: [    0.004659] Initializing cgroup subsys cpuacct
Oct 23 16:14:54 headnode kernel: [    0.004663] Initializing cgroup subsys memory
Oct 23 16:14:54 headnode kernel: [    0.004673] Initializing cgroup subsys devices
Oct 23 16:14:54 headnode kernel: [    0.004676] Initializing cgroup subsys freezer
Oct 23 16:14:54 headnode kernel: [    0.004678] Initializing cgroup subsys net_cls
Oct 23 16:14:54 headnode kernel: [    0.004680] Initializing cgroup subsys blkio
Oct 23 16:14:54 headnode kernel: [    0.004686] Initializing cgroup subsys perf_event
Oct 23 16:14:54 headnode kernel: [    0.004716] CPU: Physical Processor ID: 0
Oct 23 16:14:54 headnode kernel: [    0.004718] CPU: Processor Core ID: 0
Oct 23 16:14:54 headnode kernel: [    0.004724] ENERGY_PERF_BIAS: Set to 'normal', was 'performance'
Oct 23 16:14:54 headnode kernel: [    0.004725] ENERGY_PERF_BIAS: View and update with x86_energy_perf_policy(8)
Oct 23 16:14:54 headnode kernel: [    0.004728] mce: CPU supports 7 MCE banks
Oct 23 16:14:54 headnode kernel: [    0.004742] CPU0: Thermal monitoring enabled (TM1)
Oct 23 16:14:54 headnode kernel: [    0.004749] using mwait in idle threads.
Oct 23 16:14:54 headnode kernel: [    0.005271] ACPI: Core revision 20110623
Oct 23 16:14:54 headnode kernel: [    0.012350] x2apic not enabled, IRQ remapping init failed
Oct 23 16:14:54 headnode kernel: [    0.012755] ..TIMER: vector=0x30 apic1=0 pin1=2 apic2=-1 pin2=-1
Oct 23 16:14:54 headnode kernel: [    0.052428] CPU0: Intel(R) Celeron(R) CPU 1037U @ 1.80GHz stepping 09
Oct 23 16:14:54 headnode kernel: [    0.159686] Performance Events: PEBS fmt1+, generic architected perfmon, Intel PMU driver.
Oct 23 16:14:54 headnode kernel: [    0.159694] ... version:                3
Oct 23 16:14:54 headnode kernel: [    0.159695] ... bit width:              48
Oct 23 16:14:54 headnode kernel: [    0.159697] ... generic registers:      8
Oct 23 16:14:54 headnode kernel: [    0.159699] ... value mask:             0000ffffffffffff
Oct 23 16:14:54 headnode kernel: [    0.159700] ... max period:             000000007fffffff
Oct 23 16:14:54 headnode kernel: [    0.159702] ... fixed-purpose events:   3
Oct 23 16:14:54 headnode kernel: [    0.159703] ... event mask:             00000007000000ff
Oct 23 16:14:54 headnode kernel: [    0.159814] NMI watchdog enabled, takes one hw-pmu counter.
Oct 23 16:14:54 headnode kernel: [    0.159926] Booting Node   0, Processors  #1 Ok.
Oct 23 16:14:54 headnode kernel: [    0.267804] NMI watchdog enabled, takes one hw-pmu counter.
Oct 23 16:14:54 headnode kernel: [    0.267831] Brought up 2 CPUs
Oct 23 16:14:54 headnode kernel: [    0.267834] Total of 2 processors activated (7183.72 BogoMIPS).
Oct 23 16:14:54 headnode kernel: [    0.269311] devtmpfs: initialized
Oct 23 16:14:54 headnode kernel: [    0.272798] PM: Registering ACPI NVS region at dbb8f000 (626688 bytes)
Oct 23 16:14:54 headnode kernel: [    0.272822] PM: Registering ACPI NVS region at dc602000 (274432 bytes)
Oct 23 16:14:54 headnode kernel: [    0.272986] print_constraints: dummy: 
Oct 23 16:14:54 headnode kernel: [    0.273043] NET: Registered protocol family 16
Oct 23 16:14:54 headnode kernel: [    0.273135] ACPI FADT declares the system doesn't support PCIe ASPM, so disable it
Oct 23 16:14:54 headnode kernel: [    0.273138] ACPI: bus type pci registered
Oct 23 16:14:54 headnode kernel: [    0.273207] PCI: MMCONFIG for domain 0000 [bus 00-3f] at [mem 0xf8000000-0xfbffffff] (base 0xf8000000)
Oct 23 16:14:54 headnode kernel: [    0.273210] PCI: MMCONFIG at [mem 0xf8000000-0xfbffffff] reserved in E820
Oct 23 16:14:54 headnode kernel: [    0.279277] PCI: Using configuration type 1 for base access
Oct 23 16:14:54 headnode kernel: [    0.280094] bio: create slab <bio-0> at 0
Oct 23 16:14:54 headnode kernel: [    0.280191] ACPI: Added _OSI(Module Device)
Oct 23 16:14:54 headnode kernel: [    0.280194] ACPI: Added _OSI(Processor Device)
Oct 23 16:14:54 headnode kernel: [    0.280196] ACPI: Added _OSI(3.0 _SCP Extensions)
Oct 23 16:14:54 headnode kernel: [    0.280198] ACPI: Added _OSI(Processor Aggregator Device)
Oct 23 16:14:54 headnode kernel: [    0.284220] ACPI: Executed 1 blocks of module-level executable AML code
Oct 23 16:14:54 headnode kernel: [    0.300196] ACPI: SSDT 00000000dba9a018 0083B (v01  PmRef  Cpu0Cst 00003001 INTL 20051117)
Oct 23 16:14:54 headnode kernel: [    0.300657] ACPI: Dynamic OEM Table Load:
Oct 23 16:14:54 headnode kernel: [    0.300660] ACPI: SSDT           (null) 0083B (v01  PmRef  Cpu0Cst 00003001 INTL 20051117)
Oct 23 16:14:54 headnode kernel: [    0.311980] ACPI: SSDT 00000000dba9ba98 00303 (v01  PmRef    ApIst 00003000 INTL 20051117)
Oct 23 16:14:54 headnode kernel: [    0.312480] ACPI: Dynamic OEM Table Load:
Oct 23 16:14:54 headnode kernel: [    0.312483] ACPI: SSDT           (null) 00303 (v01  PmRef    ApIst 00003000 INTL 20051117)
Oct 23 16:14:54 headnode kernel: [    0.323789] ACPI: SSDT 00000000dbab4c18 00119 (v01  PmRef    ApCst 00003000 INTL 20051117)
Oct 23 16:14:54 headnode kernel: [    0.324235] ACPI: Dynamic OEM Table Load:
Oct 23 16:14:54 headnode kernel: [    0.324238] ACPI: SSDT           (null) 00119 (v01  PmRef    ApCst 00003000 INTL 20051117)
Oct 23 16:14:54 headnode kernel: [    0.336262] ACPI: Interpreter enabled
Oct 23 16:14:54 headnode kernel: [    0.336268] ACPI: (supports S0 S3 S4 S5)
Oct 23 16:14:54 headnode kernel: [    0.336296] ACPI: Using IOAPIC for interrupt routing
Oct 23 16:14:54 headnode kernel: [    0.345447] ACPI: Power Resource [FN00] (off)
Oct 23 16:14:54 headnode kernel: [    0.345545] ACPI: Power Resource [FN01] (off)
Oct 23 16:14:54 headnode kernel: [    0.345640] ACPI: Power Resource [FN02] (off)
Oct 23 16:14:54 headnode kernel: [    0.345734] ACPI: Power Resource [FN03] (off)
Oct 23 16:14:54 headnode kernel: [    0.345828] ACPI: Power Resource [FN04] (off)
Oct 23 16:14:54 headnode kernel: [    0.346375] ACPI: No dock devices found.
Oct 23 16:14:54 headnode kernel: [    0.346377] HEST: Table not found.
Oct 23 16:14:54 headnode kernel: [    0.346381] PCI: Using host bridge windows from ACPI; if necessary, use "pci=nocrs" and report a bug
Oct 23 16:14:54 headnode kernel: [    0.346802] ACPI: PCI Root Bridge [PCI0] (domain 0000 [bus 00-3e])
Oct 23 16:14:54 headnode kernel: [    0.347419] pci_root PNP0A08:00: host bridge window [io  0x0000-0x0cf7]
Oct 23 16:14:54 headnode kernel: [    0.347422] pci_root PNP0A08:00: host bridge window [io  0x0d00-0xffff]
Oct 23 16:14:54 headnode kernel: [    0.347425] pci_root PNP0A08:00: host bridge window [mem 0x000a0000-0x000bffff]
Oct 23 16:14:54 headnode kernel: [    0.347428] pci_root PNP0A08:00: host bridge window [mem 0x000d0000-0x000d3fff]
Oct 23 16:14:54 headnode kernel: [    0.347430] pci_root PNP0A08:00: host bridge window [mem 0x000d4000-0x000d7fff]
Oct 23 16:14:54 headnode kernel: [    0.347432] pci_root PNP0A08:00: host bridge window [mem 0x000d8000-0x000dbfff]
Oct 23 16:14:54 headnode kernel: [    0.347435] pci_root PNP0A08:00: host bridge window [mem 0x000dc000-0x000dffff]
Oct 23 16:14:54 headnode kernel: [    0.347437] pci_root PNP0A08:00: host bridge window [mem 0x000e0000-0x000e3fff]
Oct 23 16:14:54 headnode kernel: [    0.347439] pci_root PNP0A08:00: host bridge window [mem 0x000e4000-0x000e7fff]
Oct 23 16:14:54 headnode kernel: [    0.347442] pci_root PNP0A08:00: host bridge window [mem 0xdfa00000-0xfeafffff]
Oct 23 16:14:54 headnode kernel: [    0.355654] pci 0000:00:1c.0: PCI bridge to [bus 01-01]
Oct 23 16:14:54 headnode kernel: [    0.363644] pci 0000:00:1c.1: PCI bridge to [bus 02-02]
Oct 23 16:14:54 headnode kernel: [    0.363942] pci 0000:00:1c.2: PCI bridge to [bus 03-04] (subtractive decode)
Oct 23 16:14:54 headnode kernel: [    0.364136] pci 0000:03:00.0: PCI bridge to [bus 04-04] (subtractive decode)
Oct 23 16:14:54 headnode kernel: [    0.371640] pci 0000:00:1c.3: PCI bridge to [bus 05-05]
Oct 23 16:14:54 headnode kernel: [    0.372243]  pci0000:00: Requesting ACPI _OSC control (0x1d)
Oct 23 16:14:54 headnode kernel: [    0.372509]  pci0000:00: ACPI _OSC control (0x18) granted
Oct 23 16:14:54 headnode kernel: [    0.377899] ACPI: PCI Interrupt Link [LNKA] (IRQs 3 4 5 6 10 *11 12 14 15)
Oct 23 16:14:54 headnode kernel: [    0.377956] ACPI: PCI Interrupt Link [LNKB] (IRQs 3 4 5 6 *10 11 12 14 15)
Oct 23 16:14:54 headnode kernel: [    0.378010] ACPI: PCI Interrupt Link [LNKC] (IRQs 3 4 5 6 10 *11 12 14 15)
Oct 23 16:14:54 headnode kernel: [    0.378065] ACPI: PCI Interrupt Link [LNKD] (IRQs 3 4 5 6 *10 11 12 14 15)
Oct 23 16:14:54 headnode kernel: [    0.378118] ACPI: PCI Interrupt Link [LNKE] (IRQs 3 4 5 6 10 11 12 14 15) *0, disabled.
Oct 23 16:14:54 headnode kernel: [    0.378174] ACPI: PCI Interrupt Link [LNKF] (IRQs 3 4 5 6 10 11 12 14 15) *0, disabled.
Oct 23 16:14:54 headnode kernel: [    0.378228] ACPI: PCI Interrupt Link [LNKG] (IRQs 3 4 5 6 10 *11 12 14 15)
Oct 23 16:14:54 headnode kernel: [    0.378283] ACPI: PCI Interrupt Link [LNKH] (IRQs 3 4 5 6 *10 11 12 14 15)
Oct 23 16:14:54 headnode kernel: [    0.378389] vgaarb: device added: PCI:0000:00:02.0,decodes=io+mem,owns=io+mem,locks=none
Oct 23 16:14:54 headnode kernel: [    0.378398] vgaarb: loaded
Oct 23 16:14:54 headnode kernel: [    0.378400] vgaarb: bridge control possible 0000:00:02.0
Oct 23 16:14:54 headnode kernel: [    0.378439] PCI: Using ACPI for IRQ routing
Oct 23 16:14:54 headnode kernel: [    0.380333] hpet0: at MMIO 0xfed00000, IRQs 2, 8, 0, 0, 0, 0, 0, 0
Oct 23 16:14:54 headnode kernel: [    0.380340] hpet0: 8 comparators, 64-bit 14.318180 MHz counter
Oct 23 16:14:54 headnode kernel: [    0.382356] Switching to clocksource hpet
Oct 23 16:14:54 headnode kernel: [    0.384126] pnp: PnP ACPI init
Oct 23 16:14:54 headnode kernel: [    0.384139] ACPI: bus type pnp registered
Oct 23 16:14:54 headnode kernel: [    0.384653] system 00:01: [mem 0xfed40000-0xfed44fff] has been reserved
Oct 23 16:14:54 headnode kernel: [    0.384937] system 00:05: [io  0x0680-0x069f] has been reserved
Oct 23 16:14:54 headnode kernel: [    0.384940] system 00:05: [io  0x0200-0x020f] has been reserved
Oct 23 16:14:54 headnode kernel: [    0.384942] system 00:05: [io  0xffff] has been reserved
Oct 23 16:14:54 headnode kernel: [    0.384945] system 00:05: [io  0xffff] has been reserved
Oct 23 16:14:54 headnode kernel: [    0.384947] system 00:05: [io  0x0400-0x0453] has been reserved
Oct 23 16:14:54 headnode kernel: [    0.384950] system 00:05: [io  0x0458-0x047f] has been reserved
Oct 23 16:14:54 headnode kernel: [    0.384953] system 00:05: [io  0x0500-0x057f] has been reserved
Oct 23 16:14:54 headnode kernel: [    0.385071] system 00:07: [io  0x0454-0x0457] has been reserved
Oct 23 16:14:54 headnode kernel: [    0.385248] system 00:08: [io  0x0a00-0x0a0f] has been reserved
Oct 23 16:14:54 headnode kernel: [    0.385251] system 00:08: [io  0x0a30-0x0a3f] has been reserved
Oct 23 16:14:54 headnode kernel: [    0.385253] system 00:08: [io  0x0a20-0x0a2f] has been reserved
Oct 23 16:14:54 headnode kernel: [    0.386687] system 00:0c: [io  0x04d0-0x04d1] has been reserved
Oct 23 16:14:54 headnode kernel: [    0.387104] system 00:0e: [mem 0xfed1c000-0xfed1ffff] has been reserved
Oct 23 16:14:54 headnode kernel: [    0.387107] system 00:0e: [mem 0xfed10000-0xfed17fff] has been reserved
Oct 23 16:14:54 headnode kernel: [    0.387110] system 00:0e: [mem 0xfed18000-0xfed18fff] has been reserved
Oct 23 16:14:54 headnode kernel: [    0.387113] system 00:0e: [mem 0xfed19000-0xfed19fff] has been reserved
Oct 23 16:14:54 headnode kernel: [    0.387116] system 00:0e: [mem 0xf8000000-0xfbffffff] has been reserved
Oct 23 16:14:54 headnode kernel: [    0.387119] system 00:0e: [mem 0xfed20000-0xfed3ffff] has been reserved
Oct 23 16:14:54 headnode kernel: [    0.387121] system 00:0e: [mem 0xfed90000-0xfed93fff] has been reserved
Oct 23 16:14:54 headnode kernel: [    0.387124] system 00:0e: [mem 0xfed45000-0xfed8ffff] has been reserved
Oct 23 16:14:54 headnode kernel: [    0.387128] system 00:0e: [mem 0xff000000-0xffffffff] has been reserved
Oct 23 16:14:54 headnode kernel: [    0.387131] system 00:0e: [mem 0xfee00000-0xfeefffff] could not be reserved
Oct 23 16:14:54 headnode kernel: [    0.387134] system 00:0e: [mem 0xdfa00000-0xdfa00fff] has been reserved
Oct 23 16:14:54 headnode kernel: [    0.387368] system 00:0f: [mem 0x20000000-0x201fffff] has been reserved
Oct 23 16:14:54 headnode kernel: [    0.387371] system 00:0f: [mem 0x40004000-0x40004fff] has been reserved
Oct 23 16:14:54 headnode kernel: [    0.387400] pnp: PnP ACPI: found 16 devices
Oct 23 16:14:54 headnode kernel: [    0.387402] ACPI: ACPI bus type pnp unregistered
Oct 23 16:14:54 headnode kernel: [    0.394047] pci 0000:00:1c.0: PCI bridge to [bus 01-01]
Oct 23 16:14:54 headnode kernel: [    0.394051] pci 0000:00:1c.0:   bridge window [io  0xe000-0xefff]
Oct 23 16:14:54 headnode kernel: [    0.394057] pci 0000:00:1c.0:   bridge window [mem 0xf7d00000-0xf7dfffff]
Oct 23 16:14:54 headnode kernel: [    0.394062] pci 0000:00:1c.0:   bridge window [mem 0xf0100000-0xf01fffff 64bit pref]
Oct 23 16:14:54 headnode kernel: [    0.394069] pci 0000:00:1c.1: PCI bridge to [bus 02-02]
Oct 23 16:14:54 headnode kernel: [    0.394072] pci 0000:00:1c.1:   bridge window [io  0xd000-0xdfff]
Oct 23 16:14:54 headnode kernel: [    0.394080] pci 0000:00:1c.1:   bridge window [mem 0xf0000000-0xf00fffff 64bit pref]
Oct 23 16:14:54 headnode kernel: [    0.394087] pci 0000:03:00.0: PCI bridge to [bus 04-04]
Oct 23 16:14:54 headnode kernel: [    0.394111] pci 0000:00:1c.2: PCI bridge to [bus 03-04]
Oct 23 16:14:54 headnode kernel: [    0.394124] pci 0000:00:1c.3: PCI bridge to [bus 05-05]
Oct 23 16:14:54 headnode kernel: [    0.394127] pci 0000:00:1c.3:   bridge window [io  0xc000-0xcfff]
Oct 23 16:14:54 headnode kernel: [    0.394132] pci 0000:00:1c.3:   bridge window [mem 0xf7c00000-0xf7cfffff]
Oct 23 16:14:54 headnode kernel: [    0.394370] NET: Registered protocol family 2
Oct 23 16:14:54 headnode kernel: [    0.396406] IP route cache hash table entries: 262144 (order: 9, 2097152 bytes)
Oct 23 16:14:54 headnode kernel: [    0.397310] TCP established hash table entries: 524288 (order: 11, 8388608 bytes)
Oct 23 16:14:54 headnode kernel: [    0.398633] TCP bind hash table entries: 65536 (order: 8, 1048576 bytes)
Oct 23 16:14:54 headnode kernel: [    0.398761] TCP: Hash tables configured (established 524288 bind 65536)
Oct 23 16:14:54 headnode kernel: [    0.398764] TCP reno registered
Oct 23 16:14:54 headnode kernel: [    0.398780] UDP hash table entries: 4096 (order: 5, 131072 bytes)
Oct 23 16:14:54 headnode kernel: [    0.398817] UDP-Lite hash table entries: 4096 (order: 5, 131072 bytes)
Oct 23 16:14:54 headnode kernel: [    0.398926] NET: Registered protocol family 1
Oct 23 16:14:54 headnode kernel: [    0.438441] Unpacking initramfs...
Oct 23 16:14:54 headnode kernel: [    0.687835] Freeing initrd memory: 9996k freed
Oct 23 16:14:54 headnode kernel: [    0.689126] PCI-DMA: Using software bounce buffering for IO (SWIOTLB)
Oct 23 16:14:54 headnode kernel: [    0.689129] Placing 64MB software IO TLB between ffff8800d77e4000 - ffff8800db7e4000
Oct 23 16:14:54 headnode kernel: [    0.689132] software IO TLB at phys 0xd77e4000 - 0xdb7e4000
Oct 23 16:14:54 headnode kernel: [    0.689514] audit: initializing netlink socket (disabled)
Oct 23 16:14:54 headnode kernel: [    0.689524] type=2000 audit(1414073689.560:1): initialized
Oct 23 16:14:54 headnode kernel: [    0.708620] HugeTLB registered 2 MB page size, pre-allocated 0 pages
Oct 23 16:14:54 headnode kernel: [    0.709342] VFS: Disk quotas dquot_6.5.2
Oct 23 16:14:54 headnode kernel: [    0.709372] Dquot-cache hash table entries: 512 (order 0, 4096 bytes)
Oct 23 16:14:54 headnode kernel: [    0.709445] msgmni has been set to 15856
Oct 23 16:14:54 headnode kernel: [    0.709594] alg: No test for stdrng (krng)
Oct 23 16:14:54 headnode kernel: [    0.709621] Block layer SCSI generic (bsg) driver version 0.4 loaded (major 253)
Oct 23 16:14:54 headnode kernel: [    0.709625] io scheduler noop registered
Oct 23 16:14:54 headnode kernel: [    0.709626] io scheduler deadline registered
Oct 23 16:14:54 headnode kernel: [    0.709643] io scheduler cfq registered (default)
Oct 23 16:14:54 headnode kernel: [    0.709879] pci_hotplug: PCI Hot Plug PCI Core version: 0.5
Oct 23 16:14:54 headnode kernel: [    0.709900] pciehp: PCI Express Hot Plug Controller Driver version: 0.4
Oct 23 16:14:54 headnode kernel: [    0.709902] acpiphp: ACPI Hot Plug PCI Controller Driver version: 0.5
Oct 23 16:14:54 headnode kernel: [    0.710391] ERST: Table is not found!
Oct 23 16:14:54 headnode kernel: [    0.710393] GHES: HEST is not enabled!
Oct 23 16:14:54 headnode kernel: [    0.710444] Serial: 8250/16550 driver, 4 ports, IRQ sharing enabled
Oct 23 16:14:54 headnode kernel: [    0.730874] serial8250: ttyS0 at I/O 0x3f8 (irq = 4) is a 16550A
Oct 23 16:14:54 headnode kernel: [    0.770659] serial8250: ttyS1 at I/O 0x2f8 (irq = 3) is a 16550A
Oct 23 16:14:54 headnode kernel: [    0.810959] 00:09: ttyS0 at I/O 0x3f8 (irq = 4) is a 16550A
Oct 23 16:14:54 headnode kernel: [    0.831473] 00:0a: ttyS1 at I/O 0x2f8 (irq = 3) is a 16550A
Oct 23 16:14:54 headnode kernel: [    0.831803] Linux agpgart interface v0.103
Oct 23 16:14:54 headnode kernel: [    0.831890] agpgart-intel 0000:00:00.0: Intel Ivybridge Chipset
Oct 23 16:14:54 headnode kernel: [    0.831961] agpgart-intel 0000:00:00.0: detected gtt size: 2097152K total, 262144K mappable
Oct 23 16:14:54 headnode kernel: [    0.832581] agpgart-intel 0000:00:00.0: detected 32768K stolen memory
Oct 23 16:14:54 headnode kernel: [    0.832683] agpgart-intel 0000:00:00.0: AGP aperture is 256M @ 0xe0000000
Oct 23 16:14:54 headnode kernel: [    0.832804] i8042: PNP: No PS/2 controller found. Probing ports directly.
Oct 23 16:14:54 headnode kernel: [    0.833207] serio: i8042 KBD port at 0x60,0x64 irq 1
Oct 23 16:14:54 headnode kernel: [    0.833214] serio: i8042 AUX port at 0x60,0x64 irq 12
Oct 23 16:14:54 headnode kernel: [    0.833339] mousedev: PS/2 mouse device common for all mice
Oct 23 16:14:54 headnode kernel: [    0.833385] rtc_cmos 00:06: RTC can wake from S4
Oct 23 16:14:54 headnode kernel: [    0.833494] rtc_cmos 00:06: rtc core: registered rtc_cmos as rtc0
Oct 23 16:14:54 headnode kernel: [    0.833521] rtc0: alarms up to one month, y3k, 242 bytes nvram, hpet irqs
Oct 23 16:14:54 headnode kernel: [    0.833580] cpuidle: using governor ladder
Oct 23 16:14:54 headnode kernel: [    0.833642] cpuidle: using governor menu
Oct 23 16:14:54 headnode kernel: [    0.833821] TCP cubic registered
Oct 23 16:14:54 headnode kernel: [    0.833963] NET: Registered protocol family 10
Oct 23 16:14:54 headnode kernel: [    0.834419] Mobile IPv6
Oct 23 16:14:54 headnode kernel: [    0.834422] NET: Registered protocol family 17
Oct 23 16:14:54 headnode kernel: [    0.834426] Registering the dns_resolver key type
Oct 23 16:14:54 headnode kernel: [    0.834772] registered taskstats version 1
Oct 23 16:14:54 headnode kernel: [    0.835386] rtc_cmos 00:06: setting system clock to 2014-10-23 14:14:50 UTC (1414073690)
Oct 23 16:14:54 headnode kernel: [    0.835472] Initializing network drop monitor service
Oct 23 16:14:54 headnode kernel: [    0.836663] Freeing unused kernel memory: 580k freed
Oct 23 16:14:54 headnode kernel: [    0.836743] Write protecting the kernel read-only data: 6144k
Oct 23 16:14:54 headnode kernel: [    0.839556] Freeing unused kernel memory: 648k freed
Oct 23 16:14:54 headnode kernel: [    0.842478] Freeing unused kernel memory: 688k freed
Oct 23 16:14:54 headnode kernel: [    0.881188] r8169 Gigabit Ethernet driver 2.3LK-NAPI loaded
Oct 23 16:14:54 headnode kernel: [    0.881774] r8169 0000:01:00.0: eth0: RTL8168evl/8111evl at 0xffffc90000c24000, 74:d4:35:84:02:0f, XID 0c900880 IRQ 40
Oct 23 16:14:54 headnode kernel: [    0.881778] r8169 0000:01:00.0: eth0: jumbo features [frames: 9200 bytes, tx checksumming: ko]
Oct 23 16:14:54 headnode kernel: [    0.881800] r8169 Gigabit Ethernet driver 2.3LK-NAPI loaded
Oct 23 16:14:54 headnode kernel: [    0.882371] r8169 0000:02:00.0: eth1: RTL8168evl/8111evl at 0xffffc90000c74000, 74:d4:35:84:02:0d, XID 0c900880 IRQ 41
Oct 23 16:14:54 headnode kernel: [    0.882375] r8169 0000:02:00.0: eth1: jumbo features [frames: 9200 bytes, tx checksumming: ko]
Oct 23 16:14:54 headnode kernel: [    0.885305] usbcore: registered new interface driver usbfs
Oct 23 16:14:54 headnode kernel: [    0.885325] usbcore: registered new interface driver hub
Oct 23 16:14:54 headnode kernel: [    0.891213] SCSI subsystem initialized
Oct 23 16:14:54 headnode kernel: [    0.905394] usbcore: registered new device driver usb
Oct 23 16:14:54 headnode kernel: [    0.905783] ehci_hcd: USB 2.0 'Enhanced' Host Controller (EHCI) Driver
Oct 23 16:14:54 headnode kernel: [    0.905831] ehci_hcd 0000:00:1a.0: EHCI Host Controller
Oct 23 16:14:54 headnode kernel: [    0.905854] ehci_hcd 0000:00:1a.0: new USB bus registered, assigned bus number 1
Oct 23 16:14:54 headnode kernel: [    0.905879] ehci_hcd 0000:00:1a.0: debug port 2
Oct 23 16:14:54 headnode kernel: [    0.910679] ehci_hcd 0000:00:1a.0: irq 16, io mem 0xf7e08000
Oct 23 16:14:54 headnode kernel: [    0.916240] ACPI: Fan [FAN0] (off)
Oct 23 16:14:54 headnode kernel: [    0.916279] ACPI: Fan [FAN1] (off)
Oct 23 16:14:54 headnode kernel: [    0.916316] ACPI: Fan [FAN2] (off)
Oct 23 16:14:54 headnode kernel: [    0.916349] ACPI: Fan [FAN3] (off)
Oct 23 16:14:54 headnode kernel: [    0.916387] ACPI: Fan [FAN4] (off)
Oct 23 16:14:54 headnode kernel: [    0.928442] scsi0 : pata_jmicron
Oct 23 16:14:54 headnode kernel: [    0.934720] thermal LNXTHERM:00: registered as thermal_zone0
Oct 23 16:14:54 headnode kernel: [    0.934724] ACPI: Thermal Zone [TZ00] (28 C)
Oct 23 16:14:54 headnode kernel: [    0.934914] thermal LNXTHERM:01: registered as thermal_zone1
Oct 23 16:14:54 headnode kernel: [    0.934917] ACPI: Thermal Zone [TZ01] (30 C)
Oct 23 16:14:54 headnode kernel: [    0.935310] scsi1 : pata_jmicron
Oct 23 16:14:54 headnode kernel: [    0.935372] ata1: PATA max UDMA/100 cmd 0xc040 ctl 0xc030 bmdma 0xc000 irq 19
Oct 23 16:14:54 headnode kernel: [    0.935375] ata2: PATA max UDMA/100 cmd 0xc020 ctl 0xc010 bmdma 0xc008 irq 19
Oct 23 16:14:54 headnode kernel: [    0.938220] ehci_hcd 0000:00:1a.0: USB 2.0 started, EHCI 1.00
Oct 23 16:14:54 headnode kernel: [    0.938246] usb usb1: New USB device found, idVendor=1d6b, idProduct=0002
Oct 23 16:14:54 headnode kernel: [    0.938250] usb usb1: New USB device strings: Mfr=3, Product=2, SerialNumber=1
Oct 23 16:14:54 headnode kernel: [    0.938252] usb usb1: Product: EHCI Host Controller
Oct 23 16:14:54 headnode kernel: [    0.938254] usb usb1: Manufacturer: Linux 3.2.0-4-amd64 ehci_hcd
Oct 23 16:14:54 headnode kernel: [    0.938256] usb usb1: SerialNumber: 0000:00:1a.0
Oct 23 16:14:54 headnode kernel: [    0.938385] hub 1-0:1.0: USB hub found
Oct 23 16:14:54 headnode kernel: [    0.938390] hub 1-0:1.0: 2 ports detected
Oct 23 16:14:54 headnode kernel: [    0.938578] ahci 0000:00:1f.2: AHCI 0001.0300 32 slots 4 ports 6 Gbps 0x1 impl SATA mode
Oct 23 16:14:54 headnode kernel: [    0.938581] ahci 0000:00:1f.2: flags: 64bit ncq led clo pio slum part ems apst 
Oct 23 16:14:54 headnode kernel: [    0.940967] scsi2 : ahci
Oct 23 16:14:54 headnode kernel: [    0.941058] scsi3 : ahci
Oct 23 16:14:54 headnode kernel: [    0.941117] scsi4 : ahci
Oct 23 16:14:54 headnode kernel: [    0.941178] scsi5 : ahci
Oct 23 16:14:54 headnode kernel: [    0.941444] ata3: SATA max UDMA/133 abar m2048@0xf7e06000 port 0xf7e06100 irq 42
Oct 23 16:14:54 headnode kernel: [    0.941447] ata4: DUMMY
Oct 23 16:14:54 headnode kernel: [    0.941448] ata5: DUMMY
Oct 23 16:14:54 headnode kernel: [    0.941449] ata6: DUMMY
Oct 23 16:14:54 headnode kernel: [    0.941530] ehci_hcd 0000:00:1d.0: EHCI Host Controller
Oct 23 16:14:54 headnode kernel: [    0.941545] ehci_hcd 0000:00:1d.0: new USB bus registered, assigned bus number 2
Oct 23 16:14:54 headnode kernel: [    0.941569] ehci_hcd 0000:00:1d.0: debug port 2
Oct 23 16:14:54 headnode kernel: [    0.945473] ehci_hcd 0000:00:1d.0: irq 23, io mem 0xf7e07000
Oct 23 16:14:54 headnode kernel: [    0.958263] ehci_hcd 0000:00:1d.0: USB 2.0 started, EHCI 1.00
Oct 23 16:14:54 headnode kernel: [    0.958306] usb usb2: New USB device found, idVendor=1d6b, idProduct=0002
Oct 23 16:14:54 headnode kernel: [    0.958309] usb usb2: New USB device strings: Mfr=3, Product=2, SerialNumber=1
Oct 23 16:14:54 headnode kernel: [    0.958312] usb usb2: Product: EHCI Host Controller
Oct 23 16:14:54 headnode kernel: [    0.958314] usb usb2: Manufacturer: Linux 3.2.0-4-amd64 ehci_hcd
Oct 23 16:14:54 headnode kernel: [    0.958316] usb usb2: SerialNumber: 0000:00:1d.0
Oct 23 16:14:54 headnode kernel: [    0.958561] hub 2-0:1.0: USB hub found
Oct 23 16:14:54 headnode kernel: [    0.958568] hub 2-0:1.0: 2 ports detected
Oct 23 16:14:54 headnode kernel: [    1.250206] usb 1-1: new high-speed USB device number 2 using ehci_hcd
Oct 23 16:14:54 headnode kernel: [    1.266171] ata3: SATA link up 6.0 Gbps (SStatus 133 SControl 300)
Oct 23 16:14:54 headnode kernel: [    1.266367] ACPI Error: [DSSP] Namespace lookup failure, AE_NOT_FOUND (20110623/psargs-359)
Oct 23 16:14:54 headnode kernel: [    1.266376] ACPI Error: Method parse/execution failed [\_SB_.PCI0.SAT0.SPT0._GTF] (Node ffff88021648e1a0), AE_NOT_FOUND (20110623/psparse-536)
Oct 23 16:14:54 headnode kernel: [    1.266435] ata3.00: ATA-9: ADATA SP600, 2.9, max UDMA/100
Oct 23 16:14:54 headnode kernel: [    1.266439] ata3.00: 125045424 sectors, multi 16: LBA48 NCQ (depth 31/32), AA
Oct 23 16:14:54 headnode kernel: [    1.266643] ACPI Error: [DSSP] Namespace lookup failure, AE_NOT_FOUND (20110623/psargs-359)
Oct 23 16:14:54 headnode kernel: [    1.266653] ACPI Error: Method parse/execution failed [\_SB_.PCI0.SAT0.SPT0._GTF] (Node ffff88021648e1a0), AE_NOT_FOUND (20110623/psparse-536)
Oct 23 16:14:54 headnode kernel: [    1.266713] ata3.00: configured for UDMA/100
Oct 23 16:14:54 headnode kernel: [    1.266944] scsi 2:0:0:0: Direct-Access     ATA      ADATA SP600      2.9  PQ: 0 ANSI: 5
Oct 23 16:14:54 headnode kernel: [    1.271570] sd 2:0:0:0: [sda] 125045424 512-byte logical blocks: (64.0 GB/59.6 GiB)
Oct 23 16:14:54 headnode kernel: [    1.271627] sd 2:0:0:0: [sda] Write Protect is off
Oct 23 16:14:54 headnode kernel: [    1.271648] sd 2:0:0:0: [sda] Write cache: enabled, read cache: enabled, doesn't support DPO or FUA
Oct 23 16:14:54 headnode kernel: [    1.272230]  sda: sda1 sda2
Oct 23 16:14:54 headnode kernel: [    1.272626] sd 2:0:0:0: [sda] Attached SCSI disk
Oct 23 16:14:54 headnode kernel: [    1.274225] sd 2:0:0:0: Attached scsi generic sg0 type 0
Oct 23 16:14:54 headnode kernel: [    1.382524] usb 1-1: New USB device found, idVendor=8087, idProduct=0024
Oct 23 16:14:54 headnode kernel: [    1.382529] usb 1-1: New USB device strings: Mfr=0, Product=0, SerialNumber=0
Oct 23 16:14:54 headnode kernel: [    1.382966] hub 1-1:1.0: USB hub found
Oct 23 16:14:54 headnode kernel: [    1.383156] hub 1-1:1.0: 4 ports detected
Oct 23 16:14:54 headnode kernel: [    1.494099] usb 2-1: new high-speed USB device number 2 using ehci_hcd
Oct 23 16:14:54 headnode kernel: [    1.599533] PM: Starting manual resume from disk
Oct 23 16:14:54 headnode kernel: [    1.611564] EXT4-fs (sda1): mounted filesystem with ordered data mode. Opts: (null)
Oct 23 16:14:54 headnode kernel: [    1.626457] usb 2-1: New USB device found, idVendor=8087, idProduct=0024
Oct 23 16:14:54 headnode kernel: [    1.626462] usb 2-1: New USB device strings: Mfr=0, Product=0, SerialNumber=0
Oct 23 16:14:54 headnode kernel: [    1.626877] hub 2-1:1.0: USB hub found
Oct 23 16:14:54 headnode kernel: [    1.627086] hub 2-1:1.0: 4 ports detected
Oct 23 16:14:54 headnode kernel: [    1.693696] Refined TSC clocksource calibration: 1795.920 MHz.
Oct 23 16:14:54 headnode kernel: [    1.693702] Switching to clocksource tsc
Oct 23 16:14:54 headnode kernel: [    1.698149] usb 1-1.4: new low-speed USB device number 3 using ehci_hcd
Oct 23 16:14:54 headnode kernel: [    1.796209] usb 1-1.4: New USB device found, idVendor=046d, idProduct=c312
Oct 23 16:14:54 headnode kernel: [    1.796213] usb 1-1.4: New USB device strings: Mfr=1, Product=2, SerialNumber=0
Oct 23 16:14:54 headnode kernel: [    1.796216] usb 1-1.4: Product: USB Multimedia Keyboard
Oct 23 16:14:54 headnode kernel: [    1.796218] usb 1-1.4: Manufacturer: LITEON Technology
Oct 23 16:14:54 headnode kernel: [    1.886903] iTCO_vendor_support: vendor-support=0
Oct 23 16:14:54 headnode kernel: [    1.889006] iTCO_wdt: Intel TCO WatchDog Timer Driver v1.07
Oct 23 16:14:54 headnode kernel: [    1.889085] iTCO_wdt: unable to reset NO_REBOOT flag, device disabled by hardware/BIOS
Oct 23 16:14:54 headnode kernel: [    1.903543] input: PC Speaker as /devices/platform/pcspkr/input/input0
Oct 23 16:14:54 headnode kernel: [    1.904396] ACPI: resource 0000:00:1f.3 [io  0xf040-0xf05f] conflicts with ACPI region SMBI [io 0xf040-0xf04f]
Oct 23 16:14:54 headnode kernel: [    1.904399] ACPI: If an ACPI driver is available for this device, you should use it instead of the native driver
Oct 23 16:14:54 headnode kernel: [    1.914600] [drm] Initialized drm 1.1.0 20060810
Oct 23 16:14:54 headnode kernel: [    1.921626] input: Power Button as /devices/LNXSYSTM:00/LNXSYBUS:00/PNP0C0C:00/input/input1
Oct 23 16:14:54 headnode kernel: [    1.921635] ACPI: Power Button [PWRB]
Oct 23 16:14:54 headnode kernel: [    1.921840] input: Power Button as /devices/LNXSYSTM:00/LNXPWRBN:00/input/input2
Oct 23 16:14:54 headnode kernel: [    1.921844] ACPI: Power Button [PWRF]
Oct 23 16:14:54 headnode kernel: [    1.923363] input: LITEON Technology USB Multimedia Keyboard as /devices/pci0000:00/0000:00:1a.0/usb1/1-1/1-1.4/1-1.4:1.0/input/input3
Oct 23 16:14:54 headnode kernel: [    1.923422] generic-usb 0003:046D:C312.0001: input,hidraw0: USB HID v1.10 Keyboard [LITEON Technology USB Multimedia Keyboard] on usb-0000:00:1a.0-1.4/input0
Oct 23 16:14:54 headnode kernel: [    1.923439] usbcore: registered new interface driver usbhid
Oct 23 16:14:54 headnode kernel: [    1.923441] usbhid: USB HID core driver
Oct 23 16:14:54 headnode kernel: [    1.927534] ACPI: Requesting acpi_cpufreq
Oct 23 16:14:54 headnode kernel: [    1.981572] parport_pc 00:0b: reported by Plug and Play ACPI
Oct 23 16:14:54 headnode kernel: [    1.981642] parport0: PC-style at 0x378, irq 5 [PCSPP,TRISTATE]
Oct 23 16:14:54 headnode kernel: [    2.486329] HDMI status: Codec=3 Pin=6 Presence_Detect=0 ELD_Valid=0
Oct 23 16:14:54 headnode kernel: [    2.486481] input: HDA Intel PCH HDMI/DP,pcm=3 as /devices/pci0000:00/0000:00:1b.0/sound/card0/input4
Oct 23 16:14:54 headnode kernel: [    2.540212] mtrr: type mismatch for e0000000,10000000 old: write-back new: write-combining
Oct 23 16:14:54 headnode kernel: [    2.540215] [drm] MTRR allocation failed.  Graphics performance may suffer.
Oct 23 16:14:54 headnode kernel: [    2.540422] [drm] Supports vblank timestamp caching Rev 1 (10.10.2010).
Oct 23 16:14:54 headnode kernel: [    2.540424] [drm] Driver supports precise vblank timestamp query.
Oct 23 16:14:54 headnode kernel: [    2.540792] vgaarb: device changed decodes: PCI:0000:00:02.0,olddecodes=io+mem,decodes=io+mem:owns=io+mem
Oct 23 16:14:54 headnode kernel: [    2.572379] [drm] Enabling RC6 states: RC6 on, RC6p on, RC6pp off
Oct 23 16:14:54 headnode kernel: [    2.867095] fbcon: inteldrmfb (fb0) is primary device
Oct 23 16:14:54 headnode kernel: [    3.061031] Console: switching to colour frame buffer device 240x75
Oct 23 16:14:54 headnode kernel: [    3.085111] fb0: inteldrmfb frame buffer device
Oct 23 16:14:54 headnode kernel: [    3.085116] drm: registered panic notifier
Oct 23 16:14:54 headnode kernel: [    3.108165] fixme: max PWM is zero.
Oct 23 16:14:54 headnode kernel: [    3.108673] acpi device:58: registered as cooling_device7
Oct 23 16:14:54 headnode kernel: [    3.109893] input: Video Bus as /devices/LNXSYSTM:00/LNXSYBUS:00/PNP0A08:00/LNXVIDEO:00/input/input5
Oct 23 16:14:54 headnode kernel: [    3.110050] ACPI: Video Device [GFX0] (multi-head: yes  rom: no  post: no)
Oct 23 16:14:54 headnode kernel: [    3.110099] [drm] Initialized i915 1.6.0 20080730 for 0000:00:02.0 on minor 0
Oct 23 16:14:54 headnode kernel: [    3.511073] Adding 3906556k swap on /dev/sda2.  Priority:-1 extents:1 across:3906556k SS
Oct 23 16:14:54 headnode kernel: [    3.540178] EXT4-fs (sda1): re-mounted. Opts: (null)
Oct 23 16:14:54 headnode kernel: [    3.596574] EXT4-fs (sda1): re-mounted. Opts: errors=remount-ro
Oct 23 16:14:54 headnode kernel: [    3.632146] loop: module loaded
Oct 23 16:14:54 headnode kernel: [    5.024709] r8169 0000:01:00.0: eth0: unable to load firmware patch rtl_nic/rtl8168e-3.fw (-2)
Oct 23 16:14:54 headnode kernel: [    5.033858] r8169 0000:01:00.0: eth0: link down
Oct 23 16:14:54 headnode kernel: [    5.033865] r8169 0000:01:00.0: eth0: link down
Oct 23 16:14:54 headnode kernel: [    5.034603] ADDRCONF(NETDEV_UP): eth0: link is not ready
Oct 23 16:14:57 headnode kernel: [    8.056221] r8169 0000:01:00.0: eth0: link up
Oct 23 16:14:57 headnode kernel: [    8.057739] ADDRCONF(NETDEV_CHANGE): eth0: link becomes ready
Oct 23 16:29:42 headnode shutdown[3686]: shutting down for system reboot
Oct 23 16:30:01 headnode kernel: imklog 5.8.11, log source = /proc/kmsg started.
Oct 23 16:30:01 headnode rsyslogd: [origin software="rsyslogd" swVersion="5.8.11" x-pid="3808" x-info="http://www.rsyslog.com"] start
Oct 27 10:55:24 headnode kernel: imklog 5.8.11, log source = /proc/kmsg started.
Oct 27 10:55:24 headnode rsyslogd: [origin software="rsyslogd" swVersion="5.8.11" x-pid="1848" x-info="http://www.rsyslog.com"] start
Oct 27 10:55:24 headnode kernel: [    0.000000] Initializing cgroup subsys cpuset
Oct 27 10:55:24 headnode kernel: [    0.000000] Initializing cgroup subsys cpu
Oct 27 10:55:24 headnode kernel: [    0.000000] Linux version 3.2.0-4-amd64 (debian-kernel@lists.debian.org) (gcc version 4.6.3 (Debian 4.6.3-14) ) #1 SMP Debian 3.2.63-2
Oct 27 10:55:24 headnode kernel: [    0.000000] Command line: BOOT_IMAGE=/boot/vmlinuz-3.2.0-4-amd64 root=UUID=5433e205-494c-4e86-8984-fc8af8f1d419 ro quiet
Oct 27 10:55:24 headnode kernel: [    0.000000] BIOS-provided physical RAM map:
Oct 27 10:55:24 headnode kernel: [    0.000000]  BIOS-e820: 0000000000000000 - 000000000009d800 (usable)
Oct 27 10:55:24 headnode kernel: [    0.000000]  BIOS-e820: 000000000009d800 - 00000000000a0000 (reserved)
Oct 27 10:55:24 headnode kernel: [    0.000000]  BIOS-e820: 00000000000e0000 - 0000000000100000 (reserved)
Oct 27 10:55:24 headnode kernel: [    0.000000]  BIOS-e820: 0000000000100000 - 0000000020000000 (usable)
Oct 27 10:55:24 headnode kernel: [    0.000000]  BIOS-e820: 0000000020000000 - 0000000020200000 (reserved)
Oct 27 10:55:24 headnode kernel: [    0.000000]  BIOS-e820: 0000000020200000 - 0000000040004000 (usable)
Oct 27 10:55:24 headnode kernel: [    0.000000]  BIOS-e820: 0000000040004000 - 0000000040005000 (reserved)
Oct 27 10:55:24 headnode kernel: [    0.000000]  BIOS-e820: 0000000040005000 - 00000000db7e4000 (usable)
Oct 27 10:55:24 headnode kernel: [    0.000000]  BIOS-e820: 00000000db7e4000 - 00000000dba8d000 (reserved)
Oct 27 10:55:24 headnode kernel: [    0.000000]  BIOS-e820: 00000000dba8d000 - 00000000dba99000 (ACPI data)
Oct 27 10:55:24 headnode kernel: [    0.000000]  BIOS-e820: 00000000dba99000 - 00000000dbb05000 (reserved)
Oct 27 10:55:24 headnode kernel: [    0.000000]  BIOS-e820: 00000000dbb05000 - 00000000dbb0a000 (ACPI data)
Oct 27 10:55:24 headnode kernel: [    0.000000]  BIOS-e820: 00000000dbb0a000 - 00000000dbb8f000 (usable)
Oct 27 10:55:24 headnode kernel: [    0.000000]  BIOS-e820: 00000000dbb8f000 - 00000000dbc28000 (ACPI NVS)
Oct 27 10:55:24 headnode kernel: [    0.000000]  BIOS-e820: 00000000dbc28000 - 00000000dc601000 (reserved)
Oct 27 10:55:24 headnode kernel: [    0.000000]  BIOS-e820: 00000000dc601000 - 00000000dc602000 (usable)
Oct 27 10:55:24 headnode kernel: [    0.000000]  BIOS-e820: 00000000dc602000 - 00000000dc645000 (ACPI NVS)
Oct 27 10:55:24 headnode kernel: [    0.000000]  BIOS-e820: 00000000dc645000 - 00000000dcdb1000 (usable)
Oct 27 10:55:24 headnode kernel: [    0.000000]  BIOS-e820: 00000000dcdb1000 - 00000000dcfe0000 (reserved)
Oct 27 10:55:24 headnode kernel: [    0.000000]  BIOS-e820: 00000000dcfe0000 - 00000000dd000000 (usable)
Oct 27 10:55:24 headnode kernel: [    0.000000]  BIOS-e820: 00000000dd800000 - 00000000dfa00000 (reserved)
Oct 27 10:55:24 headnode kernel: [    0.000000]  BIOS-e820: 00000000f8000000 - 00000000fc000000 (reserved)
Oct 27 10:55:24 headnode kernel: [    0.000000]  BIOS-e820: 00000000fec00000 - 00000000fec01000 (reserved)
Oct 27 10:55:24 headnode kernel: [    0.000000]  BIOS-e820: 00000000fed00000 - 00000000fed04000 (reserved)
Oct 27 10:55:24 headnode kernel: [    0.000000]  BIOS-e820: 00000000fed1c000 - 00000000fed20000 (reserved)
Oct 27 10:55:24 headnode kernel: [    0.000000]  BIOS-e820: 00000000fee00000 - 00000000fee01000 (reserved)
Oct 27 10:55:24 headnode kernel: [    0.000000]  BIOS-e820: 00000000ff000000 - 0000000100000000 (reserved)
Oct 27 10:55:24 headnode kernel: [    0.000000]  BIOS-e820: 0000000100000000 - 000000021f600000 (usable)
Oct 27 10:55:24 headnode kernel: [    0.000000] NX (Execute Disable) protection: active
